Java HotSpot(TM) 64-Bit Server VM (25.151-b12) for linux-amd64 JRE (1.8.0_151-b12), built on Sep  5 2017 19:20:58 by "java_re" with gcc 4.3.0 20080428 (Red Hat 4.3.0-8)
Memory: 4k page, physical 7944680k(2036008k free), swap 2097148k(1066464k free)
CommandLine flags: -XX:CMSInitiatingOccupancyFraction=50 -XX:CMSMaxAbortablePrecleanTime=6000 -XX:+CMSParallelRemarkEnabled -XX:+CMSScavengeBeforeRemark -XX:ConcGCThreads=4 -XX:GCLogFileSize=20971520 -XX:InitialHeapSize=536870912 -XX:MaxHeapSize=2147483648 -XX:MaxTenuringThreshold=8 -XX:NewRatio=3 -XX:NumberOfGCLogFiles=9 -XX:OldPLABSize=16 -XX:-OmitStackTraceInFastThrow -XX:ParallelGCThreads=4 -XX:+ParallelRefProcEnabled -XX:PretenureSizeThreshold=67108864 -XX:+PrintGC -XX:+PrintGCApplicationStoppedTime -XX:+PrintGCDateStamps -XX:+PrintGCDetails -XX:+PrintGCTimeStamps -XX:+PrintHeapAtGC -XX:+PrintTenuringDistribution -XX:SurvivorRatio=4 -XX:TargetSurvivorRatio=90 -XX:ThreadStackSize=256 -XX:+UseCMSInitiatingOccupancyOnly -XX:+UseCompressedClassPointers -XX:+UseCompressedOops -XX:+UseConcMarkSweepGC -XX:+UseGCLogFileRotation -XX:+UseParNewGC 
2018-06-17T23:28:52.627+0545: 0.252: Total time for which application threads were stopped: 0.0001647 seconds, Stopping threads took: 0.0000383 seconds
2018-06-17T23:28:52.768+0545: 0.393: Total time for which application threads were stopped: 0.0002225 seconds, Stopping threads took: 0.0000197 seconds
2018-06-17T23:28:53.076+0545: 0.701: Total time for which application threads were stopped: 0.0002368 seconds, Stopping threads took: 0.0000178 seconds
2018-06-17T23:28:53.165+0545: 0.790: Total time for which application threads were stopped: 0.0002128 seconds, Stopping threads took: 0.0000197 seconds
2018-06-17T23:28:53.183+0545: 0.808: Total time for which application threads were stopped: 0.0001863 seconds, Stopping threads took: 0.0000166 seconds
2018-06-17T23:28:53.451+0545: 1.076: Total time for which application threads were stopped: 0.0002314 seconds, Stopping threads took: 0.0000192 seconds
2018-06-17T23:28:53.497+0545: 1.122: Total time for which application threads were stopped: 0.0002251 seconds, Stopping threads took: 0.0000248 seconds
2018-06-17T23:28:53.715+0545: 1.340: Total time for which application threads were stopped: 0.0002539 seconds, Stopping threads took: 0.0000152 seconds
2018-06-17T23:28:53.716+0545: 1.341: Total time for which application threads were stopped: 0.0001671 seconds, Stopping threads took: 0.0000083 seconds
{Heap before GC invocations=0 (full 0):
 par new generation   total 109248K, used 87424K [0x0000000080000000, 0x0000000088000000, 0x00000000a0000000)
  eden space 87424K, 100% used [0x0000000080000000, 0x0000000085560000, 0x0000000085560000)
  from space 21824K,   0% used [0x0000000085560000, 0x0000000085560000, 0x0000000086ab0000)
  to   space 21824K,   0% used [0x0000000086ab0000, 0x0000000086ab0000, 0x0000000088000000)
 concurrent mark-sweep generation total 393216K, used 0K [0x00000000a0000000, 0x00000000b8000000, 0x0000000100000000)
 Metaspace       used 17429K, capacity 17704K, committed 18048K, reserved 1064960K
  class space    used 2020K, capacity 2144K, committed 2176K, reserved 1048576K
2018-06-17T23:28:53.717+0545: 1.342: [GC (Allocation Failure) 2018-06-17T23:28:53.717+0545: 1.342: [ParNew
Desired survivor size 20112992 bytes, new threshold 8 (max 8)
- age   1:    9701912 bytes,    9701912 total
: 87424K->9564K(109248K), 0.0096890 secs] 87424K->9564K(502464K), 0.0098880 secs] [Times: user=0.03 sys=0.00, real=0.01 secs] 
Heap after GC invocations=1 (full 0):
 par new generation   total 109248K, used 9564K [0x0000000080000000, 0x0000000088000000, 0x00000000a0000000)
  eden space 87424K,   0% used [0x0000000080000000, 0x0000000080000000, 0x0000000085560000)
  from space 21824K,  43% used [0x0000000086ab0000, 0x0000000087407188, 0x0000000088000000)
  to   space 21824K,   0% used [0x0000000085560000, 0x0000000085560000, 0x0000000086ab0000)
 concurrent mark-sweep generation total 393216K, used 0K [0x00000000a0000000, 0x00000000b8000000, 0x0000000100000000)
 Metaspace       used 17429K, capacity 17704K, committed 18048K, reserved 1064960K
  class space    used 2020K, capacity 2144K, committed 2176K, reserved 1048576K
}
2018-06-17T23:28:53.727+0545: 1.352: Total time for which application threads were stopped: 0.0101576 seconds, Stopping threads took: 0.0000069 seconds
2018-06-17T23:28:53.733+0545: 1.358: Total time for which application threads were stopped: 0.0001949 seconds, Stopping threads took: 0.0000121 seconds
2018-06-17T23:28:53.740+0545: 1.365: Total time for which application threads were stopped: 0.0002124 seconds, Stopping threads took: 0.0000188 seconds
2018-06-17T23:28:53.799+0545: 1.424: Total time for which application threads were stopped: 0.0002140 seconds, Stopping threads took: 0.0000122 seconds
2018-06-17T23:28:54.042+0545: 1.667: Total time for which application threads were stopped: 0.0002621 seconds, Stopping threads took: 0.0000148 seconds
2018-06-17T23:28:54.054+0545: 1.679: Total time for which application threads were stopped: 0.0001145 seconds, Stopping threads took: 0.0000275 seconds
2018-06-17T23:28:54.136+0545: 1.761: Total time for which application threads were stopped: 0.0001241 seconds, Stopping threads took: 0.0000197 seconds
2018-06-17T23:28:54.157+0545: 1.782: Total time for which application threads were stopped: 0.0001112 seconds, Stopping threads took: 0.0000254 seconds
2018-06-17T23:28:54.185+0545: 1.810: Total time for which application threads were stopped: 0.0022329 seconds, Stopping threads took: 0.0019025 seconds
2018-06-17T23:28:54.208+0545: 1.833: Total time for which application threads were stopped: 0.0018252 seconds, Stopping threads took: 0.0017284 seconds
2018-06-17T23:28:54.251+0545: 1.876: Total time for which application threads were stopped: 0.0001258 seconds, Stopping threads took: 0.0000239 seconds
2018-06-17T23:28:54.266+0545: 1.891: Total time for which application threads were stopped: 0.0001283 seconds, Stopping threads took: 0.0000409 seconds
2018-06-17T23:28:54.269+0545: 1.894: Total time for which application threads were stopped: 0.0002944 seconds, Stopping threads took: 0.0000327 seconds
2018-06-17T23:28:54.278+0545: 1.903: Total time for which application threads were stopped: 0.0001142 seconds, Stopping threads took: 0.0000223 seconds
2018-06-17T23:28:54.368+0545: 1.993: Total time for which application threads were stopped: 0.0000838 seconds, Stopping threads took: 0.0000140 seconds
2018-06-17T23:28:54.389+0545: 2.014: Total time for which application threads were stopped: 0.0001386 seconds, Stopping threads took: 0.0000271 seconds
2018-06-17T23:28:54.411+0545: 2.036: Total time for which application threads were stopped: 0.0000741 seconds, Stopping threads took: 0.0000140 seconds
{Heap before GC invocations=1 (full 0):
 par new generation   total 109248K, used 96988K [0x0000000080000000, 0x0000000088000000, 0x00000000a0000000)
  eden space 87424K, 100% used [0x0000000080000000, 0x0000000085560000, 0x0000000085560000)
  from space 21824K,  43% used [0x0000000086ab0000, 0x0000000087407188, 0x0000000088000000)
  to   space 21824K,   0% used [0x0000000085560000, 0x0000000085560000, 0x0000000086ab0000)
 concurrent mark-sweep generation total 393216K, used 0K [0x00000000a0000000, 0x00000000b8000000, 0x0000000100000000)
 Metaspace       used 23901K, capacity 24506K, committed 24616K, reserved 1071104K
  class space    used 2871K, capacity 3061K, committed 3096K, reserved 1048576K
2018-06-17T23:28:54.460+0545: 2.085: [GC (Allocation Failure) 2018-06-17T23:28:54.460+0545: 2.085: [ParNew
Desired survivor size 20112992 bytes, new threshold 8 (max 8)
- age   1:    8839896 bytes,    8839896 total
- age   2:    4259096 bytes,   13098992 total
: 96988K->17130K(109248K), 0.0116039 secs] 96988K->17130K(502464K), 0.0116813 secs] [Times: user=0.04 sys=0.00, real=0.02 secs] 
Heap after GC invocations=2 (full 0):
 par new generation   total 109248K, used 17130K [0x0000000080000000, 0x0000000088000000, 0x00000000a0000000)
  eden space 87424K,   0% used [0x0000000080000000, 0x0000000080000000, 0x0000000085560000)
  from space 21824K,  78% used [0x0000000085560000, 0x000000008661a8c0, 0x0000000086ab0000)
  to   space 21824K,   0% used [0x0000000086ab0000, 0x0000000086ab0000, 0x0000000088000000)
 concurrent mark-sweep generation total 393216K, used 0K [0x00000000a0000000, 0x00000000b8000000, 0x0000000100000000)
 Metaspace       used 23901K, capacity 24506K, committed 24616K, reserved 1071104K
  class space    used 2871K, capacity 3061K, committed 3096K, reserved 1048576K
}
2018-06-17T23:28:54.472+0545: 2.097: Total time for which application threads were stopped: 0.0118451 seconds, Stopping threads took: 0.0000260 seconds
2018-06-17T23:28:54.472+0545: 2.097: [GC (CMS Initial Mark) [1 CMS-initial-mark: 0K(393216K)] 17162K(502464K), 0.0032733 secs] [Times: user=0.01 sys=0.00, real=0.00 secs] 
2018-06-17T23:28:54.475+0545: 2.100: Total time for which application threads were stopped: 0.0033950 seconds, Stopping threads took: 0.0000393 seconds
2018-06-17T23:28:54.475+0545: 2.100: [CMS-concurrent-mark-start]
2018-06-17T23:28:54.477+0545: 2.102: [CMS-concurrent-mark: 0.001/0.001 secs] [Times: user=0.01 sys=0.00, real=0.00 secs] 
2018-06-17T23:28:54.477+0545: 2.102: [CMS-concurrent-preclean-start]
2018-06-17T23:28:54.478+0545: 2.103: [CMS-concurrent-preclean: 0.001/0.001 secs] [Times: user=0.00 sys=0.00, real=0.00 secs] 
2018-06-17T23:28:54.478+0545: 2.103: [GC (CMS Final Remark) [YG occupancy: 17813 K (109248 K)]{Heap before GC invocations=2 (full 1):
 par new generation   total 109248K, used 17813K [0x0000000080000000, 0x0000000088000000, 0x00000000a0000000)
  eden space 87424K,   0% used [0x0000000080000000, 0x00000000800aacb8, 0x0000000085560000)
  from space 21824K,  78% used [0x0000000085560000, 0x000000008661a8c0, 0x0000000086ab0000)
  to   space 21824K,   0% used [0x0000000086ab0000, 0x0000000086ab0000, 0x0000000088000000)
 concurrent mark-sweep generation total 393216K, used 0K [0x00000000a0000000, 0x00000000b8000000, 0x0000000100000000)
 Metaspace       used 23902K, capacity 24506K, committed 24616K, reserved 1071104K
  class space    used 2871K, capacity 3061K, committed 3096K, reserved 1048576K
2018-06-17T23:28:54.478+0545: 2.103: [GC (CMS Final Remark) 2018-06-17T23:28:54.478+0545: 2.103: [ParNew
Desired survivor size 20112992 bytes, new threshold 8 (max 8)
- age   1:     139200 bytes,     139200 total
- age   2:    4161880 bytes,    4301080 total
- age   3:    4257896 bytes,    8558976 total
: 17813K->10892K(109248K), 0.0092227 secs] 17813K->10892K(502464K), 0.0092682 secs] [Times: user=0.03 sys=0.00, real=0.01 secs] 
Heap after GC invocations=3 (full 1):
 par new generation   total 109248K, used 10892K [0x0000000080000000, 0x0000000088000000, 0x00000000a0000000)
  eden space 87424K,   0% used [0x0000000080000000, 0x0000000080000000, 0x0000000085560000)
  from space 21824K,  49% used [0x0000000086ab0000, 0x00000000875532d8, 0x0000000088000000)
  to   space 21824K,   0% used [0x0000000085560000, 0x0000000085560000, 0x0000000086ab0000)
 concurrent mark-sweep generation total 393216K, used 0K [0x00000000a0000000, 0x00000000b8000000, 0x0000000100000000)
 Metaspace       used 23902K, capacity 24506K, committed 24616K, reserved 1071104K
  class space    used 2871K, capacity 3061K, committed 3096K, reserved 1048576K
}
2018-06-17T23:28:54.487+0545: 2.113: [Rescan (parallel) , 0.0028769 secs]2018-06-17T23:28:54.490+0545: 2.115: [weak refs processing, 0.0011142 secs]2018-06-17T23:28:54.492+0545: 2.117: [class unloading, 0.0027250 secs]2018-06-17T23:28:54.494+0545: 2.119: [scrub symbol table, 0.0022385 secs]2018-06-17T23:28:54.497+0545: 2.122: [scrub string table, 0.0003326 secs][1 CMS-remark: 0K(393216K)] 10892K(502464K), 0.0192397 secs] [Times: user=0.05 sys=0.00, real=0.02 secs] 
2018-06-17T23:28:54.497+0545: 2.122: Total time for which application threads were stopped: 0.0193968 seconds, Stopping threads took: 0.0000775 seconds
2018-06-17T23:28:54.498+0545: 2.123: [CMS-concurrent-sweep-start]
2018-06-17T23:28:54.498+0545: 2.123: [CMS-concurrent-sweep: 0.000/0.000 secs] [Times: user=0.00 sys=0.00, real=0.00 secs] 
2018-06-17T23:28:54.498+0545: 2.123: [CMS-concurrent-reset-start]
2018-06-17T23:28:54.509+0545: 2.134: [CMS-concurrent-reset: 0.011/0.011 secs] [Times: user=0.03 sys=0.01, real=0.02 secs] 
2018-06-17T23:28:54.597+0545: 2.222: Total time for which application threads were stopped: 0.0004114 seconds, Stopping threads took: 0.0000264 seconds
2018-06-17T23:28:54.631+0545: 2.256: Total time for which application threads were stopped: 0.0003905 seconds, Stopping threads took: 0.0000262 seconds
{Heap before GC invocations=3 (full 1):
 par new generation   total 109248K, used 98316K [0x0000000080000000, 0x0000000088000000, 0x00000000a0000000)
  eden space 87424K, 100% used [0x0000000080000000, 0x0000000085560000, 0x0000000085560000)
  from space 21824K,  49% used [0x0000000086ab0000, 0x00000000875532d8, 0x0000000088000000)
  to   space 21824K,   0% used [0x0000000085560000, 0x0000000085560000, 0x0000000086ab0000)
 concurrent mark-sweep generation total 393216K, used 0K [0x00000000a0000000, 0x00000000b8000000, 0x0000000100000000)
 Metaspace       used 25470K, capacity 26094K, committed 26392K, reserved 1073152K
  class space    used 3064K, capacity 3275K, committed 3352K, reserved 1048576K
2018-06-17T23:28:54.896+0545: 2.521: [GC (Allocation Failure) 2018-06-17T23:28:54.896+0545: 2.521: [ParNew
Desired survivor size 20112992 bytes, new threshold 8 (max 8)
- age   1:    2753280 bytes,    2753280 total
- age   2:       4128 bytes,    2757408 total
- age   3:    4123056 bytes,    6880464 total
- age   4:    4254080 bytes,   11134544 total
: 98316K->12898K(109248K), 0.0106297 secs] 98316K->12898K(502464K), 0.0106909 secs] [Times: user=0.04 sys=0.00, real=0.01 secs] 
Heap after GC invocations=4 (full 1):
 par new generation   total 109248K, used 12898K [0x0000000080000000, 0x0000000088000000, 0x00000000a0000000)
  eden space 87424K,   0% used [0x0000000080000000, 0x0000000080000000, 0x0000000085560000)
  from space 21824K,  59% used [0x0000000085560000, 0x00000000861f8918, 0x0000000086ab0000)
  to   space 21824K,   0% used [0x0000000086ab0000, 0x0000000086ab0000, 0x0000000088000000)
 concurrent mark-sweep generation total 393216K, used 0K [0x00000000a0000000, 0x00000000b8000000, 0x0000000100000000)
 Metaspace       used 25470K, capacity 26094K, committed 26392K, reserved 1073152K
  class space    used 3064K, capacity 3275K, committed 3352K, reserved 1048576K
}
2018-06-17T23:28:54.907+0545: 2.532: Total time for which application threads were stopped: 0.0109035 seconds, Stopping threads took: 0.0000162 seconds
2018-06-17T23:28:55.084+0545: 2.710: Total time for which application threads were stopped: 0.0004391 seconds, Stopping threads took: 0.0000168 seconds
{Heap before GC invocations=4 (full 1):
 par new generation   total 109248K, used 100322K [0x0000000080000000, 0x0000000088000000, 0x00000000a0000000)
  eden space 87424K, 100% used [0x0000000080000000, 0x0000000085560000, 0x0000000085560000)
  from space 21824K,  59% used [0x0000000085560000, 0x00000000861f8918, 0x0000000086ab0000)
  to   space 21824K,   0% used [0x0000000086ab0000, 0x0000000086ab0000, 0x0000000088000000)
 concurrent mark-sweep generation total 393216K, used 0K [0x00000000a0000000, 0x00000000b8000000, 0x0000000100000000)
 Metaspace       used 27565K, capacity 28296K, committed 28440K, reserved 1075200K
  class space    used 3305K, capacity 3562K, committed 3608K, reserved 1048576K
2018-06-17T23:28:55.310+0545: 2.935: [GC (Allocation Failure) 2018-06-17T23:28:55.310+0545: 2.935: [ParNew
Desired survivor size 20112992 bytes, new threshold 5 (max 8)
- age   1:   14080880 bytes,   14080880 total
- age   2:     482312 bytes,   14563192 total
- age   3:       4128 bytes,   14567320 total
- age   4:    3541696 bytes,   18109016 total
- age   5:    4239088 bytes,   22348104 total
: 100322K->21824K(109248K), 0.1686533 secs] 100322K->48415K(502464K), 0.1687209 secs] [Times: user=0.58 sys=0.02, real=0.16 secs] 
Heap after GC invocations=5 (full 1):
 par new generation   total 109248K, used 21824K [0x0000000080000000, 0x0000000088000000, 0x00000000a0000000)
  eden space 87424K,   0% used [0x0000000080000000, 0x0000000080000000, 0x0000000085560000)
  from space 21824K, 100% used [0x0000000086ab0000, 0x0000000088000000, 0x0000000088000000)
  to   space 21824K,   0% used [0x0000000085560000, 0x0000000085560000, 0x0000000086ab0000)
 concurrent mark-sweep generation total 393216K, used 26591K [0x00000000a0000000, 0x00000000b8000000, 0x0000000100000000)
 Metaspace       used 27565K, capacity 28296K, committed 28440K, reserved 1075200K
  class space    used 3305K, capacity 3562K, committed 3608K, reserved 1048576K
}
2018-06-17T23:28:55.479+0545: 3.104: Total time for which application threads were stopped: 0.1689305 seconds, Stopping threads took: 0.0000252 seconds
{Heap before GC invocations=5 (full 1):
 par new generation   total 109248K, used 109248K [0x0000000080000000, 0x0000000088000000, 0x00000000a0000000)
  eden space 87424K, 100% used [0x0000000080000000, 0x0000000085560000, 0x0000000085560000)
  from space 21824K, 100% used [0x0000000086ab0000, 0x0000000088000000, 0x0000000088000000)
  to   space 21824K,   0% used [0x0000000085560000, 0x0000000085560000, 0x0000000086ab0000)
 concurrent mark-sweep generation total 393216K, used 26591K [0x00000000a0000000, 0x00000000b8000000, 0x0000000100000000)
 Metaspace       used 27565K, capacity 28296K, committed 28440K, reserved 1075200K
  class space    used 3305K, capacity 3562K, committed 3608K, reserved 1048576K
2018-06-17T23:28:55.637+0545: 3.263: [GC (Allocation Failure) 2018-06-17T23:28:55.637+0545: 3.263: [ParNew
Desired survivor size 20112992 bytes, new threshold 5 (max 8)
- age   1:    7233664 bytes,    7233664 total
- age   2:   11086344 bytes,   18320008 total
- age   3:     482088 bytes,   18802096 total
- age   4:       4128 bytes,   18806224 total
- age   5:    3541408 bytes,   22347632 total
: 109248K->21824K(109248K), 0.1103985 secs] 135839K->91338K(502464K), 0.1104627 secs] [Times: user=0.40 sys=0.01, real=0.11 secs] 
Heap after GC invocations=6 (full 1):
 par new generation   total 109248K, used 21824K [0x0000000080000000, 0x0000000088000000, 0x00000000a0000000)
  eden space 87424K,   0% used [0x0000000080000000, 0x0000000080000000, 0x0000000085560000)
  from space 21824K, 100% used [0x0000000085560000, 0x0000000086ab0000, 0x0000000086ab0000)
  to   space 21824K,   0% used [0x0000000086ab0000, 0x0000000086ab0000, 0x0000000088000000)
 concurrent mark-sweep generation total 393216K, used 69514K [0x00000000a0000000, 0x00000000b8000000, 0x0000000100000000)
 Metaspace       used 27565K, capacity 28296K, committed 28440K, reserved 1075200K
  class space    used 3305K, capacity 3562K, committed 3608K, reserved 1048576K
}
2018-06-17T23:28:55.748+0545: 3.373: Total time for which application threads were stopped: 0.1106231 seconds, Stopping threads took: 0.0000193 seconds
{Heap before GC invocations=6 (full 1):
 par new generation   total 109248K, used 109248K [0x0000000080000000, 0x0000000088000000, 0x00000000a0000000)
  eden space 87424K, 100% used [0x0000000080000000, 0x0000000085560000, 0x0000000085560000)
  from space 21824K, 100% used [0x0000000085560000, 0x0000000086ab0000, 0x0000000086ab0000)
  to   space 21824K,   0% used [0x0000000086ab0000, 0x0000000086ab0000, 0x0000000088000000)
 concurrent mark-sweep generation total 393216K, used 69514K [0x00000000a0000000, 0x00000000b8000000, 0x0000000100000000)
 Metaspace       used 27619K, capacity 28366K, committed 28440K, reserved 1075200K
  class space    used 3307K, capacity 3563K, committed 3608K, reserved 1048576K
2018-06-17T23:28:55.933+0545: 3.558: [GC (Allocation Failure) 2018-06-17T23:28:55.933+0545: 3.558: [ParNew
Desired survivor size 20112992 bytes, new threshold 3 (max 8)
- age   1:    6497680 bytes,    6497680 total
- age   2:    5355960 bytes,   11853640 total
- age   3:   10008656 bytes,   21862296 total
- age   4:     481200 bytes,   22343496 total
- age   5:       4128 bytes,   22347624 total
: 109248K->21824K(109248K), 0.1213651 secs] 178762K->121764K(502464K), 0.1214240 secs] [Times: user=0.45 sys=0.00, real=0.12 secs] 
Heap after GC invocations=7 (full 1):
 par new generation   total 109248K, used 21824K [0x0000000080000000, 0x0000000088000000, 0x00000000a0000000)
  eden space 87424K,   0% used [0x0000000080000000, 0x0000000080000000, 0x0000000085560000)
  from space 21824K, 100% used [0x0000000086ab0000, 0x0000000088000000, 0x0000000088000000)
  to   space 21824K,   0% used [0x0000000085560000, 0x0000000085560000, 0x0000000086ab0000)
 concurrent mark-sweep generation total 393216K, used 99940K [0x00000000a0000000, 0x00000000b8000000, 0x0000000100000000)
 Metaspace       used 27619K, capacity 28366K, committed 28440K, reserved 1075200K
  class space    used 3307K, capacity 3563K, committed 3608K, reserved 1048576K
}
2018-06-17T23:28:56.055+0545: 3.680: Total time for which application threads were stopped: 0.1216113 seconds, Stopping threads took: 0.0000291 seconds
{Heap before GC invocations=7 (full 1):
 par new generation   total 109248K, used 109248K [0x0000000080000000, 0x0000000088000000, 0x00000000a0000000)
  eden space 87424K, 100% used [0x0000000080000000, 0x0000000085560000, 0x0000000085560000)
  from space 21824K, 100% used [0x0000000086ab0000, 0x0000000088000000, 0x0000000088000000)
  to   space 21824K,   0% used [0x0000000085560000, 0x0000000085560000, 0x0000000086ab0000)
 concurrent mark-sweep generation total 393216K, used 99940K [0x00000000a0000000, 0x00000000b8000000, 0x0000000100000000)
 Metaspace       used 28442K, capacity 29206K, committed 29336K, reserved 1075200K
  class space    used 3370K, capacity 3641K, committed 3736K, reserved 1048576K
2018-06-17T23:28:56.391+0545: 4.016: [GC (Allocation Failure) 2018-06-17T23:28:56.391+0545: 4.016: [ParNew
Desired survivor size 20112992 bytes, new threshold 3 (max 8)
- age   1:   10494608 bytes,   10494608 total
- age   2:    6497160 bytes,   16991768 total
- age   3:    5355960 bytes,   22347728 total
: 109248K->21824K(109248K), 0.0942025 secs] 209188K->161323K(502464K), 0.0942927 secs] [Times: user=0.33 sys=0.02, real=0.09 secs] 
Heap after GC invocations=8 (full 1):
 par new generation   total 109248K, used 21824K [0x0000000080000000, 0x0000000088000000, 0x00000000a0000000)
  eden space 87424K,   0% used [0x0000000080000000, 0x0000000080000000, 0x0000000085560000)
  from space 21824K, 100% used [0x0000000085560000, 0x0000000086ab0000, 0x0000000086ab0000)
  to   space 21824K,   0% used [0x0000000086ab0000, 0x0000000086ab0000, 0x0000000088000000)
 concurrent mark-sweep generation total 393216K, used 139499K [0x00000000a0000000, 0x00000000b8000000, 0x0000000100000000)
 Metaspace       used 28442K, capacity 29206K, committed 29336K, reserved 1075200K
  class space    used 3370K, capacity 3641K, committed 3736K, reserved 1048576K
}
2018-06-17T23:28:56.485+0545: 4.110: Total time for which application threads were stopped: 0.0947058 seconds, Stopping threads took: 0.0000279 seconds
2018-06-17T23:28:56.685+0545: 4.310: Total time for which application threads were stopped: 0.0001273 seconds, Stopping threads took: 0.0000234 seconds
2018-06-17T23:28:56.685+0545: 4.310: Total time for which application threads were stopped: 0.0000791 seconds, Stopping threads took: 0.0000111 seconds
2018-06-17T23:28:56.685+0545: 4.310: Total time for which application threads were stopped: 0.0000637 seconds, Stopping threads took: 0.0000101 seconds
2018-06-17T23:28:56.685+0545: 4.310: Total time for which application threads were stopped: 0.0000696 seconds, Stopping threads took: 0.0000103 seconds
2018-06-17T23:28:56.685+0545: 4.310: Total time for which application threads were stopped: 0.0000603 seconds, Stopping threads took: 0.0000096 seconds
2018-06-17T23:28:56.685+0545: 4.310: Total time for which application threads were stopped: 0.0000613 seconds, Stopping threads took: 0.0000098 seconds
{Heap before GC invocations=8 (full 1):
 par new generation   total 109248K, used 109248K [0x0000000080000000, 0x0000000088000000, 0x00000000a0000000)
  eden space 87424K, 100% used [0x0000000080000000, 0x0000000085560000, 0x0000000085560000)
  from space 21824K, 100% used [0x0000000085560000, 0x0000000086ab0000, 0x0000000086ab0000)
  to   space 21824K,   0% used [0x0000000086ab0000, 0x0000000086ab0000, 0x0000000088000000)
 concurrent mark-sweep generation total 393216K, used 139499K [0x00000000a0000000, 0x00000000b8000000, 0x0000000100000000)
 Metaspace       used 28479K, capacity 29242K, committed 29336K, reserved 1075200K
  class space    used 3375K, capacity 3647K, committed 3736K, reserved 1048576K
2018-06-17T23:28:56.739+0545: 4.364: [GC (Allocation Failure) 2018-06-17T23:28:56.739+0545: 4.364: [ParNew
Desired survivor size 20112992 bytes, new threshold 3 (max 8)
- age   1:   11291136 bytes,   11291136 total
- age   2:    4559368 bytes,   15850504 total
- age   3:    6497160 bytes,   22347664 total
: 109248K->21824K(109248K), 0.1000104 secs] 248747K->213550K(502464K), 0.1000805 secs] [Times: user=0.34 sys=0.02, real=0.10 secs] 
Heap after GC invocations=9 (full 1):
 par new generation   total 109248K, used 21824K [0x0000000080000000, 0x0000000088000000, 0x00000000a0000000)
  eden space 87424K,   0% used [0x0000000080000000, 0x0000000080000000, 0x0000000085560000)
  from space 21824K, 100% used [0x0000000086ab0000, 0x0000000088000000, 0x0000000088000000)
  to   space 21824K,   0% used [0x0000000085560000, 0x0000000085560000, 0x0000000086ab0000)
 concurrent mark-sweep generation total 393216K, used 191726K [0x00000000a0000000, 0x00000000b8000000, 0x0000000100000000)
 Metaspace       used 28479K, capacity 29242K, committed 29336K, reserved 1075200K
  class space    used 3375K, capacity 3647K, committed 3736K, reserved 1048576K
}
2018-06-17T23:28:56.839+0545: 4.464: Total time for which application threads were stopped: 0.1002874 seconds, Stopping threads took: 0.0000201 seconds
{Heap before GC invocations=9 (full 1):
 par new generation   total 109248K, used 106094K [0x0000000080000000, 0x0000000088000000, 0x00000000a0000000)
  eden space 87424K,  96% used [0x0000000080000000, 0x000000008524b9a0, 0x0000000085560000)
  from space 21824K, 100% used [0x0000000086ab0000, 0x0000000088000000, 0x0000000088000000)
  to   space 21824K,   0% used [0x0000000085560000, 0x0000000085560000, 0x0000000086ab0000)
 concurrent mark-sweep generation total 393216K, used 191726K [0x00000000a0000000, 0x00000000b8000000, 0x0000000100000000)
 Metaspace       used 28479K, capacity 29242K, committed 29336K, reserved 1075200K
  class space    used 3375K, capacity 3647K, committed 3736K, reserved 1048576K
2018-06-17T23:28:56.969+0545: 4.594: [GC (Allocation Failure) 2018-06-17T23:28:56.969+0545: 4.594: [ParNew
Desired survivor size 20112992 bytes, new threshold 2 (max 8)
- age   1:   15728032 bytes,   15728032 total
- age   2:    4707912 bytes,   20435944 total
- age   3:    1911688 bytes,   22347632 total
: 106094K->21824K(109248K), 0.1078368 secs] 297821K->256397K(502464K), 0.1078947 secs] [Times: user=0.34 sys=0.04, real=0.10 secs] 
Heap after GC invocations=10 (full 1):
 par new generation   total 109248K, used 21824K [0x0000000080000000, 0x0000000088000000, 0x00000000a0000000)
  eden space 87424K,   0% used [0x0000000080000000, 0x0000000080000000, 0x0000000085560000)
  from space 21824K, 100% used [0x0000000085560000, 0x0000000086ab0000, 0x0000000086ab0000)
  to   space 21824K,   0% used [0x0000000086ab0000, 0x0000000086ab0000, 0x0000000088000000)
 concurrent mark-sweep generation total 393216K, used 234573K [0x00000000a0000000, 0x00000000b8000000, 0x0000000100000000)
 Metaspace       used 28479K, capacity 29242K, committed 29336K, reserved 1075200K
  class space    used 3375K, capacity 3647K, committed 3736K, reserved 1048576K
}
2018-06-17T23:28:57.077+0545: 4.702: Total time for which application threads were stopped: 0.1080809 seconds, Stopping threads took: 0.0000214 seconds
2018-06-17T23:28:57.079+0545: 4.704: [GC (CMS Initial Mark) [1 CMS-initial-mark: 234573K(393216K)] 267661K(502464K), 0.0111625 secs] [Times: user=0.02 sys=0.00, real=0.02 secs] 
2018-06-17T23:28:57.090+0545: 4.715: Total time for which application threads were stopped: 0.0132553 seconds, Stopping threads took: 0.0019632 seconds
2018-06-17T23:28:57.090+0545: 4.715: [CMS-concurrent-mark-start]
2018-06-17T23:28:57.294+0545: 4.919: [CMS-concurrent-mark: 0.204/0.204 secs] [Times: user=0.80 sys=0.00, real=0.20 secs] 
2018-06-17T23:28:57.294+0545: 4.919: [CMS-concurrent-preclean-start]
2018-06-17T23:28:57.297+0545: 4.922: [CMS-concurrent-preclean: 0.003/0.003 secs] [Times: user=0.01 sys=0.00, real=0.00 secs] 
2018-06-17T23:28:57.297+0545: 4.922: [CMS-concurrent-abortable-preclean-start]
{Heap before GC invocations=10 (full 2):
 par new generation   total 109248K, used 109248K [0x0000000080000000, 0x0000000088000000, 0x00000000a0000000)
  eden space 87424K, 100% used [0x0000000080000000, 0x0000000085560000, 0x0000000085560000)
  from space 21824K, 100% used [0x0000000085560000, 0x0000000086ab0000, 0x0000000086ab0000)
  to   space 21824K,   0% used [0x0000000086ab0000, 0x0000000086ab0000, 0x0000000088000000)
 concurrent mark-sweep generation total 393216K, used 234573K [0x00000000a0000000, 0x00000000b8000000, 0x0000000100000000)
 Metaspace       used 28489K, capacity 29248K, committed 29336K, reserved 1075200K
  class space    used 3376K, capacity 3648K, committed 3736K, reserved 1048576K
2018-06-17T23:28:57.527+0545: 5.152: [GC (Allocation Failure) 2018-06-17T23:28:57.527+0545: 5.152: [ParNew2018-06-17T23:28:57.598+0545: 5.223: [CMS-concurrent-abortable-preclean: 0.201/0.301 secs] [Times: user=0.79 sys=0.01, real=0.30 secs] 

Desired survivor size 20112992 bytes, new threshold 2 (max 8)
- age   1:    9600656 bytes,    9600656 total
- age   2:   12746992 bytes,   22347648 total
: 109248K->21824K(109248K), 0.1074241 secs] 343821K->321175K(502464K), 0.1074784 secs] [Times: user=0.38 sys=0.01, real=0.11 secs] 
Heap after GC invocations=11 (full 2):
 par new generation   total 109248K, used 21824K [0x0000000080000000, 0x0000000088000000, 0x00000000a0000000)
  eden space 87424K,   0% used [0x0000000080000000, 0x0000000080000000, 0x0000000085560000)
  from space 21824K, 100% used [0x0000000086ab0000, 0x0000000088000000, 0x0000000088000000)
  to   space 21824K,   0% used [0x0000000085560000, 0x0000000085560000, 0x0000000086ab0000)
 concurrent mark-sweep generation total 393216K, used 299351K [0x00000000a0000000, 0x00000000b8000000, 0x0000000100000000)
 Metaspace       used 28489K, capacity 29248K, committed 29336K, reserved 1075200K
  class space    used 3376K, capacity 3648K, committed 3736K, reserved 1048576K
}
2018-06-17T23:28:57.634+0545: 5.259: Total time for which application threads were stopped: 0.1076652 seconds, Stopping threads took: 0.0000198 seconds
2018-06-17T23:28:57.634+0545: 5.260: [GC (CMS Final Remark) [YG occupancy: 23528 K (109248 K)]2018-06-17T23:28:57.634+0545: 5.260: [Rescan (parallel) , 0.0306415 secs]2018-06-17T23:28:57.665+0545: 5.290: [weak refs processing, 0.0017100 secs]2018-06-17T23:28:57.667+0545: 5.292: [class unloading, 0.0035179 secs]2018-06-17T23:28:57.670+0545: 5.295: [scrub symbol table, 0.0030760 secs]2018-06-17T23:28:57.673+0545: 5.299: [scrub string table, 0.0004250 secs][1 CMS-remark: 299351K(393216K)] 322879K(502464K), 0.0401559 secs] [Times: user=0.12 sys=0.00, real=0.04 secs] 
2018-06-17T23:28:57.675+0545: 5.300: Total time for which application threads were stopped: 0.0402647 seconds, Stopping threads took: 0.0000135 seconds
2018-06-17T23:28:57.675+0545: 5.300: [CMS-concurrent-sweep-start]
{Heap before GC invocations=11 (full 2):
 par new generation   total 109248K, used 23528K [0x0000000080000000, 0x0000000088000000, 0x00000000a0000000)
  eden space 87424K,   1% used [0x0000000080000000, 0x00000000801aa1f8, 0x0000000085560000)
  from space 21824K, 100% used [0x0000000086ab0000, 0x0000000088000000, 0x0000000088000000)
  to   space 21824K,   0% used [0x0000000085560000, 0x0000000085560000, 0x0000000086ab0000)
 concurrent mark-sweep generation total 393216K, used 299351K [0x00000000a0000000, 0x00000000b8000000, 0x0000000100000000)
 Metaspace       used 28489K, capacity 29248K, committed 29336K, reserved 1075200K
  class space    used 3376K, capacity 3648K, committed 3736K, reserved 1048576K
2018-06-17T23:28:57.675+0545: 5.300: [GC (GCLocker Initiated GC) 2018-06-17T23:28:57.675+0545: 5.300: [ParNew
Desired survivor size 20112992 bytes, new threshold 8 (max 8)
- age   1:        576 bytes,        576 total
- age   2:    9616136 bytes,    9616712 total
: 23528K->21774K(109248K), 0.0362994 secs] 322879K->333573K(502464K), 0.0363523 secs] [Times: user=0.14 sys=0.00, real=0.04 secs] 
Heap after GC invocations=12 (full 2):
 par new generation   total 109248K, used 21774K [0x0000000080000000, 0x0000000088000000, 0x00000000a0000000)
  eden space 87424K,   0% used [0x0000000080000000, 0x0000000080000000, 0x0000000085560000)
  from space 21824K,  99% used [0x0000000085560000, 0x0000000086aa38e0, 0x0000000086ab0000)
  to   space 21824K,   0% used [0x0000000086ab0000, 0x0000000086ab0000, 0x0000000088000000)
 concurrent mark-sweep generation total 393216K, used 311799K [0x00000000a0000000, 0x00000000b8000000, 0x0000000100000000)
 Metaspace       used 28489K, capacity 29248K, committed 29336K, reserved 1075200K
  class space    used 3376K, capacity 3648K, committed 3736K, reserved 1048576K
}
2018-06-17T23:28:57.711+0545: 5.336: Total time for which application threads were stopped: 0.0364874 seconds, Stopping threads took: 0.0000156 seconds
2018-06-17T23:28:57.808+0545: 5.433: Total time for which application threads were stopped: 0.0001739 seconds, Stopping threads took: 0.0000193 seconds
2018-06-17T23:28:57.809+0545: 5.434: [CMS-concurrent-sweep: 0.134/0.134 secs] [Times: user=0.33 sys=0.01, real=0.14 secs] 
2018-06-17T23:28:57.809+0545: 5.434: [CMS-concurrent-reset-start]
2018-06-17T23:28:57.813+0545: 5.438: [CMS-concurrent-reset: 0.003/0.003 secs] [Times: user=0.01 sys=0.00, real=0.00 secs] 
{Heap before GC invocations=12 (full 2):
 par new generation   total 109248K, used 109198K [0x0000000080000000, 0x0000000088000000, 0x00000000a0000000)
  eden space 87424K, 100% used [0x0000000080000000, 0x0000000085560000, 0x0000000085560000)
  from space 21824K,  99% used [0x0000000085560000, 0x0000000086aa38e0, 0x0000000086ab0000)
  to   space 21824K,   0% used [0x0000000086ab0000, 0x0000000086ab0000, 0x0000000088000000)
 concurrent mark-sweep generation total 502284K, used 301369K [0x00000000a0000000, 0x00000000bea83000, 0x0000000100000000)
 Metaspace       used 28532K, capacity 29296K, committed 29592K, reserved 1075200K
  class space    used 3382K, capacity 3656K, committed 3736K, reserved 1048576K
2018-06-17T23:28:57.995+0545: 5.621: [GC (Allocation Failure) 2018-06-17T23:28:57.995+0545: 5.621: [ParNew
Desired survivor size 20112992 bytes, new threshold 3 (max 8)
- age   1:   14320840 bytes,   14320840 total
- age   2:        576 bytes,   14321416 total
- age   3:    8217672 bytes,   22539088 total
: 109198K->21824K(109248K), 0.1080468 secs] 410567K->360384K(611532K), 0.1081131 secs] [Times: user=0.39 sys=0.01, real=0.11 secs] 
Heap after GC invocations=13 (full 2):
 par new generation   total 109248K, used 21824K [0x0000000080000000, 0x0000000088000000, 0x00000000a0000000)
  eden space 87424K,   0% used [0x0000000080000000, 0x0000000080000000, 0x0000000085560000)
  from space 21824K, 100% used [0x0000000086ab0000, 0x0000000088000000, 0x0000000088000000)
  to   space 21824K,   0% used [0x0000000085560000, 0x0000000085560000, 0x0000000086ab0000)
 concurrent mark-sweep generation total 502284K, used 338560K [0x00000000a0000000, 0x00000000bea83000, 0x0000000100000000)
 Metaspace       used 28532K, capacity 29296K, committed 29592K, reserved 1075200K
  class space    used 3382K, capacity 3656K, committed 3736K, reserved 1048576K
}
2018-06-17T23:28:58.104+0545: 5.729: Total time for which application threads were stopped: 0.1083305 seconds, Stopping threads took: 0.0000301 seconds
2018-06-17T23:28:58.104+0545: 5.729: [GC (CMS Initial Mark) [1 CMS-initial-mark: 338560K(502284K)] 362103K(611532K), 0.0069990 secs] [Times: user=0.02 sys=0.00, real=0.01 secs] 
2018-06-17T23:28:58.111+0545: 5.736: Total time for which application threads were stopped: 0.0071498 seconds, Stopping threads took: 0.0000232 seconds
2018-06-17T23:28:58.111+0545: 5.736: [CMS-concurrent-mark-start]
{Heap before GC invocations=13 (full 3):
 par new generation   total 109248K, used 109248K [0x0000000080000000, 0x0000000088000000, 0x00000000a0000000)
  eden space 87424K, 100% used [0x0000000080000000, 0x0000000085560000, 0x0000000085560000)
  from space 21824K, 100% used [0x0000000086ab0000, 0x0000000088000000, 0x0000000088000000)
  to   space 21824K,   0% used [0x0000000085560000, 0x0000000085560000, 0x0000000086ab0000)
 concurrent mark-sweep generation total 502284K, used 338560K [0x00000000a0000000, 0x00000000bea83000, 0x0000000100000000)
 Metaspace       used 28532K, capacity 29296K, committed 29592K, reserved 1075200K
  class space    used 3382K, capacity 3656K, committed 3736K, reserved 1048576K
2018-06-17T23:28:58.287+0545: 5.912: [GC (Allocation Failure) 2018-06-17T23:28:58.287+0545: 5.912: [ParNew
Desired survivor size 20112992 bytes, new threshold 2 (max 8)
- age   1:   13373760 bytes,   13373760 total
- age   2:    8973784 bytes,   22347544 total
: 109248K->21824K(109248K), 0.1073591 secs] 447808K->408963K(611532K), 0.1074313 secs] [Times: user=0.37 sys=0.01, real=0.11 secs] 
Heap after GC invocations=14 (full 3):
 par new generation   total 109248K, used 21824K [0x0000000080000000, 0x0000000088000000, 0x00000000a0000000)
  eden space 87424K,   0% used [0x0000000080000000, 0x0000000080000000, 0x0000000085560000)
  from space 21824K, 100% used [0x0000000085560000, 0x0000000086ab0000, 0x0000000086ab0000)
  to   space 21824K,   0% used [0x0000000086ab0000, 0x0000000086ab0000, 0x0000000088000000)
 concurrent mark-sweep generation total 502284K, used 387139K [0x00000000a0000000, 0x00000000bea83000, 0x0000000100000000)
 Metaspace       used 28532K, capacity 29296K, committed 29592K, reserved 1075200K
  class space    used 3382K, capacity 3656K, committed 3736K, reserved 1048576K
}
2018-06-17T23:28:58.395+0545: 6.020: Total time for which application threads were stopped: 0.1076012 seconds, Stopping threads took: 0.0000224 seconds
2018-06-17T23:28:58.519+0545: 6.144: [CMS-concurrent-mark: 0.301/0.408 secs] [Times: user=1.51 sys=0.02, real=0.40 secs] 
2018-06-17T23:28:58.519+0545: 6.144: [CMS-concurrent-preclean-start]
2018-06-17T23:28:58.587+0545: 6.212: [CMS-concurrent-preclean: 0.068/0.068 secs] [Times: user=0.13 sys=0.00, real=0.07 secs] 
2018-06-17T23:28:58.587+0545: 6.212: [CMS-concurrent-abortable-preclean-start]
{Heap before GC invocations=14 (full 3):
 par new generation   total 109248K, used 109169K [0x0000000080000000, 0x0000000088000000, 0x00000000a0000000)
  eden space 87424K,  99% used [0x0000000080000000, 0x000000008554c650, 0x0000000085560000)
  from space 21824K, 100% used [0x0000000085560000, 0x0000000086ab0000, 0x0000000086ab0000)
  to   space 21824K,   0% used [0x0000000086ab0000, 0x0000000086ab0000, 0x0000000088000000)
 concurrent mark-sweep generation total 502284K, used 387139K [0x00000000a0000000, 0x00000000bea83000, 0x0000000100000000)
 Metaspace       used 28558K, capacity 29372K, committed 29592K, reserved 1075200K
  class space    used 3383K, capacity 3658K, committed 3736K, reserved 1048576K
2018-06-17T23:28:58.703+0545: 6.328: [GC (Allocation Failure) 2018-06-17T23:28:58.703+0545: 6.328: [ParNew
Desired survivor size 20112992 bytes, new threshold 2 (max 8)
- age   1:   12921456 bytes,   12921456 total
- age   2:    9452848 bytes,   22374304 total
: 109169K->21824K(109248K), 0.1118243 secs] 496309K->459665K(611532K), 0.1118814 secs] [Times: user=0.38 sys=0.02, real=0.11 secs] 
Heap after GC invocations=15 (full 3):
 par new generation   total 109248K, used 21824K [0x0000000080000000, 0x0000000088000000, 0x00000000a0000000)
  eden space 87424K,   0% used [0x0000000080000000, 0x0000000080000000, 0x0000000085560000)
  from space 21824K, 100% used [0x0000000086ab0000, 0x0000000088000000, 0x0000000088000000)
  to   space 21824K,   0% used [0x0000000085560000, 0x0000000085560000, 0x0000000086ab0000)
 concurrent mark-sweep generation total 502284K, used 437841K [0x00000000a0000000, 0x00000000bea83000, 0x0000000100000000)
 Metaspace       used 28558K, capacity 29372K, committed 29592K, reserved 1075200K
  class space    used 3383K, capacity 3658K, committed 3736K, reserved 1048576K
}
2018-06-17T23:28:58.814+0545: 6.440: Total time for which application threads were stopped: 0.1120578 seconds, Stopping threads took: 0.0000227 seconds
{Heap before GC invocations=15 (full 3):
 par new generation   total 109248K, used 109248K [0x0000000080000000, 0x0000000088000000, 0x00000000a0000000)
  eden space 87424K, 100% used [0x0000000080000000, 0x0000000085560000, 0x0000000085560000)
  from space 21824K, 100% used [0x0000000086ab0000, 0x0000000088000000, 0x0000000088000000)
  to   space 21824K,   0% used [0x0000000085560000, 0x0000000085560000, 0x0000000086ab0000)
 concurrent mark-sweep generation total 502284K, used 437841K [0x00000000a0000000, 0x00000000bea83000, 0x0000000100000000)
 Metaspace       used 28559K, capacity 29372K, committed 29592K, reserved 1075200K
  class space    used 3383K, capacity 3658K, committed 3736K, reserved 1048576K
2018-06-17T23:28:58.960+0545: 6.585: [GC (Allocation Failure) 2018-06-17T23:28:58.960+0545: 6.585: [ParNew
Desired survivor size 20112992 bytes, new threshold 2 (max 8)
- age   1:   15996600 bytes,   15996600 total
- age   2:    6351760 bytes,   22348360 total
: 109248K->21824K(109248K), 0.1179119 secs] 547089K->505391K(611532K), 0.1179763 secs] [Times: user=0.39 sys=0.02, real=0.11 secs] 
Heap after GC invocations=16 (full 3):
 par new generation   total 109248K, used 21824K [0x0000000080000000, 0x0000000088000000, 0x00000000a0000000)
  eden space 87424K,   0% used [0x0000000080000000, 0x0000000080000000, 0x0000000085560000)
  from space 21824K, 100% used [0x0000000085560000, 0x0000000086ab0000, 0x0000000086ab0000)
  to   space 21824K,   0% used [0x0000000086ab0000, 0x0000000086ab0000, 0x0000000088000000)
 concurrent mark-sweep generation total 502284K, used 483567K [0x00000000a0000000, 0x00000000bea83000, 0x0000000100000000)
 Metaspace       used 28559K, capacity 29372K, committed 29592K, reserved 1075200K
  class space    used 3383K, capacity 3658K, committed 3736K, reserved 1048576K
}
2018-06-17T23:28:59.078+0545: 6.703: Total time for which application threads were stopped: 0.1181382 seconds, Stopping threads took: 0.0000188 seconds
2018-06-17T23:28:59.122+0545: 6.747: [CMS-concurrent-abortable-preclean: 0.304/0.535 secs] [Times: user=1.41 sys=0.04, real=0.54 secs] 
2018-06-17T23:28:59.122+0545: 6.747: [GC (CMS Final Remark) [YG occupancy: 63944 K (109248 K)]{Heap before GC invocations=16 (full 3):
 par new generation   total 109248K, used 63944K [0x0000000080000000, 0x0000000088000000, 0x00000000a0000000)
  eden space 87424K,  48% used [0x0000000080000000, 0x0000000082922380, 0x0000000085560000)
  from space 21824K, 100% used [0x0000000085560000, 0x0000000086ab0000, 0x0000000086ab0000)
  to   space 21824K,   0% used [0x0000000086ab0000, 0x0000000086ab0000, 0x0000000088000000)
 concurrent mark-sweep generation total 502284K, used 483567K [0x00000000a0000000, 0x00000000bea83000, 0x0000000100000000)
 Metaspace       used 28559K, capacity 29372K, committed 29592K, reserved 1075200K
  class space    used 3383K, capacity 3658K, committed 3736K, reserved 1048576K
2018-06-17T23:28:59.122+0545: 6.748: [GC (CMS Final Remark) 2018-06-17T23:28:59.122+0545: 6.748: [ParNew
Desired survivor size 20112992 bytes, new threshold 2 (max 8)
- age   1:   10756112 bytes,   10756112 total
- age   2:   11600520 bytes,   22356632 total
: 63944K->21824K(109248K), 0.0580102 secs] 547512K->528350K(617360K), 0.0580567 secs] [Times: user=0.21 sys=0.00, real=0.06 secs] 
Heap after GC invocations=17 (full 3):
 par new generation   total 109248K, used 21824K [0x0000000080000000, 0x0000000088000000, 0x00000000a0000000)
  eden space 87424K,   0% used [0x0000000080000000, 0x0000000080000000, 0x0000000085560000)
  from space 21824K, 100% used [0x0000000086ab0000, 0x0000000088000000, 0x0000000088000000)
  to   space 21824K,   0% used [0x0000000085560000, 0x0000000085560000, 0x0000000086ab0000)
 concurrent mark-sweep generation total 508112K, used 506526K [0x00000000a0000000, 0x00000000bf034000, 0x0000000100000000)
 Metaspace       used 28559K, capacity 29372K, committed 29592K, reserved 1075200K
  class space    used 3383K, capacity 3658K, committed 3736K, reserved 1048576K
}
2018-06-17T23:28:59.181+0545: 6.806: [Rescan (parallel) , 0.0186220 secs]2018-06-17T23:28:59.199+0545: 6.824: [weak refs processing, 0.0017822 secs]2018-06-17T23:28:59.201+0545: 6.826: [class unloading, 0.0036117 secs]2018-06-17T23:28:59.205+0545: 6.830: [scrub symbol table, 0.0030707 secs]2018-06-17T23:28:59.208+0545: 6.833: [scrub string table, 0.0004416 secs][1 CMS-remark: 506526K(508112K)] 528350K(617360K), 0.0858502 secs] [Times: user=0.29 sys=0.00, real=0.09 secs] 
2018-06-17T23:28:59.208+0545: 6.833: Total time for which application threads were stopped: 0.0859975 seconds, Stopping threads took: 0.0000287 seconds
2018-06-17T23:28:59.208+0545: 6.833: [CMS-concurrent-sweep-start]
{Heap before GC invocations=17 (full 3):
 par new generation   total 109248K, used 105195K [0x0000000080000000, 0x0000000088000000, 0x00000000a0000000)
  eden space 87424K,  95% used [0x0000000080000000, 0x000000008516add8, 0x0000000085560000)
  from space 21824K, 100% used [0x0000000086ab0000, 0x0000000088000000, 0x0000000088000000)
  to   space 21824K,   0% used [0x0000000085560000, 0x0000000085560000, 0x0000000086ab0000)
 concurrent mark-sweep generation total 508112K, used 468478K [0x00000000a0000000, 0x00000000bf034000, 0x0000000100000000)
 Metaspace       used 28559K, capacity 29372K, committed 29592K, reserved 1075200K
  class space    used 3383K, capacity 3658K, committed 3736K, reserved 1048576K
2018-06-17T23:28:59.347+0545: 6.972: [GC (Allocation Failure) 2018-06-17T23:28:59.347+0545: 6.972: [ParNew
Desired survivor size 20112992 bytes, new threshold 1 (max 8)
- age   1:   20708872 bytes,   20708872 total
- age   2:    1638840 bytes,   22347712 total
: 105195K->21824K(109248K), 0.1157183 secs] 573673K->541651K(630224K), 0.1157776 secs] [Times: user=0.40 sys=0.00, real=0.12 secs] 
Heap after GC invocations=18 (full 3):
 par new generation   total 109248K, used 21824K [0x0000000080000000, 0x0000000088000000, 0x00000000a0000000)
  eden space 87424K,   0% used [0x0000000080000000, 0x0000000080000000, 0x0000000085560000)
  from space 21824K, 100% used [0x0000000085560000, 0x0000000086ab0000, 0x0000000086ab0000)
  to   space 21824K,   0% used [0x0000000086ab0000, 0x0000000086ab0000, 0x0000000088000000)
 concurrent mark-sweep generation total 520976K, used 519827K [0x00000000a0000000, 0x00000000bfcc4000, 0x0000000100000000)
 Metaspace       used 28559K, capacity 29372K, committed 29592K, reserved 1075200K
  class space    used 3383K, capacity 3658K, committed 3736K, reserved 1048576K
}
2018-06-17T23:28:59.463+0545: 7.088: Total time for which application threads were stopped: 0.1159471 seconds, Stopping threads took: 0.0000220 seconds
2018-06-17T23:28:59.485+0545: 7.110: [CMS-concurrent-sweep: 0.161/0.277 secs] [Times: user=0.73 sys=0.00, real=0.27 secs] 
2018-06-17T23:28:59.486+0545: 7.111: [CMS-concurrent-reset-start]
2018-06-17T23:28:59.488+0545: 7.113: [CMS-concurrent-reset: 0.002/0.002 secs] [Times: user=0.00 sys=0.00, real=0.00 secs] 
2018-06-17T23:28:59.557+0545: 7.182: Total time for which application threads were stopped: 0.0001006 seconds, Stopping threads took: 0.0000155 seconds
2018-06-17T23:28:59.557+0545: 7.182: Total time for which application threads were stopped: 0.0000607 seconds, Stopping threads took: 0.0000070 seconds
2018-06-17T23:28:59.557+0545: 7.182: Total time for which application threads were stopped: 0.0000443 seconds, Stopping threads took: 0.0000060 seconds
2018-06-17T23:28:59.557+0545: 7.182: Total time for which application threads were stopped: 0.0000445 seconds, Stopping threads took: 0.0000062 seconds
2018-06-17T23:28:59.557+0545: 7.183: Total time for which application threads were stopped: 0.0000369 seconds, Stopping threads took: 0.0000050 seconds
2018-06-17T23:28:59.558+0545: 7.183: Total time for which application threads were stopped: 0.0000352 seconds, Stopping threads took: 0.0000047 seconds
2018-06-17T23:28:59.560+0545: 7.185: Total time for which application threads were stopped: 0.0000919 seconds, Stopping threads took: 0.0000136 seconds
2018-06-17T23:28:59.560+0545: 7.185: Total time for which application threads were stopped: 0.0000616 seconds, Stopping threads took: 0.0000064 seconds
2018-06-17T23:28:59.560+0545: 7.185: Total time for which application threads were stopped: 0.0000444 seconds, Stopping threads took: 0.0000059 seconds
2018-06-17T23:28:59.560+0545: 7.186: Total time for which application threads were stopped: 0.0000441 seconds, Stopping threads took: 0.0000062 seconds
2018-06-17T23:28:59.561+0545: 7.186: Total time for which application threads were stopped: 0.0000380 seconds, Stopping threads took: 0.0000052 seconds
2018-06-17T23:28:59.561+0545: 7.186: Total time for which application threads were stopped: 0.0000371 seconds, Stopping threads took: 0.0000052 seconds
2018-06-17T23:28:59.562+0545: 7.187: Total time for which application threads were stopped: 0.0000668 seconds, Stopping threads took: 0.0000090 seconds
2018-06-17T23:28:59.562+0545: 7.187: Total time for which application threads were stopped: 0.0001120 seconds, Stopping threads took: 0.0000107 seconds
2018-06-17T23:28:59.562+0545: 7.187: Total time for which application threads were stopped: 0.0000486 seconds, Stopping threads took: 0.0000057 seconds
2018-06-17T23:28:59.562+0545: 7.187: Total time for which application threads were stopped: 0.0000465 seconds, Stopping threads took: 0.0000053 seconds
2018-06-17T23:28:59.562+0545: 7.187: Total time for which application threads were stopped: 0.0000508 seconds, Stopping threads took: 0.0000054 seconds
2018-06-17T23:28:59.562+0545: 7.188: Total time for which application threads were stopped: 0.0000613 seconds, Stopping threads took: 0.0000066 seconds
2018-06-17T23:28:59.563+0545: 7.188: Total time for which application threads were stopped: 0.0001052 seconds, Stopping threads took: 0.0000132 seconds
2018-06-17T23:28:59.563+0545: 7.188: Total time for which application threads were stopped: 0.0000855 seconds, Stopping threads took: 0.0000085 seconds
2018-06-17T23:28:59.563+0545: 7.188: Total time for which application threads were stopped: 0.0000693 seconds, Stopping threads took: 0.0000075 seconds
2018-06-17T23:28:59.564+0545: 7.189: Total time for which application threads were stopped: 0.0000730 seconds, Stopping threads took: 0.0000086 seconds
2018-06-17T23:28:59.564+0545: 7.189: Total time for which application threads were stopped: 0.0000663 seconds, Stopping threads took: 0.0000078 seconds
2018-06-17T23:28:59.564+0545: 7.189: Total time for which application threads were stopped: 0.0000622 seconds, Stopping threads took: 0.0000076 seconds
2018-06-17T23:28:59.564+0545: 7.189: Total time for which application threads were stopped: 0.0001099 seconds, Stopping threads took: 0.0000131 seconds
2018-06-17T23:28:59.565+0545: 7.190: Total time for which application threads were stopped: 0.0000804 seconds, Stopping threads took: 0.0000085 seconds
2018-06-17T23:28:59.565+0545: 7.190: Total time for which application threads were stopped: 0.0000699 seconds, Stopping threads took: 0.0000071 seconds
2018-06-17T23:28:59.565+0545: 7.190: Total time for which application threads were stopped: 0.0000593 seconds, Stopping threads took: 0.0000072 seconds
2018-06-17T23:28:59.565+0545: 7.190: Total time for which application threads were stopped: 0.0000421 seconds, Stopping threads took: 0.0000049 seconds
2018-06-17T23:28:59.565+0545: 7.190: Total time for which application threads were stopped: 0.0000366 seconds, Stopping threads took: 0.0000045 seconds
2018-06-17T23:28:59.565+0545: 7.191: Total time for which application threads were stopped: 0.0000570 seconds, Stopping threads took: 0.0000049 seconds
2018-06-17T23:28:59.566+0545: 7.191: Total time for which application threads were stopped: 0.0000515 seconds, Stopping threads took: 0.0000057 seconds
2018-06-17T23:28:59.566+0545: 7.191: Total time for which application threads were stopped: 0.0000418 seconds, Stopping threads took: 0.0000042 seconds
2018-06-17T23:28:59.566+0545: 7.191: Total time for which application threads were stopped: 0.0000819 seconds, Stopping threads took: 0.0000042 seconds
{Heap before GC invocations=18 (full 3):
 par new generation   total 109248K, used 109248K [0x0000000080000000, 0x0000000088000000, 0x00000000a0000000)
  eden space 87424K, 100% used [0x0000000080000000, 0x0000000085560000, 0x0000000085560000)
  from space 21824K, 100% used [0x0000000085560000, 0x0000000086ab0000, 0x0000000086ab0000)
  to   space 21824K,   0% used [0x0000000086ab0000, 0x0000000086ab0000, 0x0000000088000000)
 concurrent mark-sweep generation total 866380K, used 519827K [0x00000000a0000000, 0x00000000d4e13000, 0x0000000100000000)
 Metaspace       used 28697K, capacity 29500K, committed 29592K, reserved 1075200K
  class space    used 3391K, capacity 3658K, committed 3736K, reserved 1048576K
2018-06-17T23:28:59.783+0545: 7.409: [GC (Allocation Failure) 2018-06-17T23:28:59.784+0545: 7.409: [ParNew
Desired survivor size 20112992 bytes, new threshold 8 (max 8)
- age   1:   19910360 bytes,   19910360 total
: 109248K->21824K(109248K), 0.0925348 secs] 629075K->581097K(975628K), 0.0926721 secs] [Times: user=0.32 sys=0.02, real=0.09 secs] 
Heap after GC invocations=19 (full 3):
 par new generation   total 109248K, used 21824K [0x0000000080000000, 0x0000000088000000, 0x00000000a0000000)
  eden space 87424K,   0% used [0x0000000080000000, 0x0000000080000000, 0x0000000085560000)
  from space 21824K, 100% used [0x0000000086ab0000, 0x0000000088000000, 0x0000000088000000)
  to   space 21824K,   0% used [0x0000000085560000, 0x0000000085560000, 0x0000000086ab0000)
 concurrent mark-sweep generation total 866380K, used 559273K [0x00000000a0000000, 0x00000000d4e13000, 0x0000000100000000)
 Metaspace       used 28697K, capacity 29500K, committed 29592K, reserved 1075200K
  class space    used 3391K, capacity 3658K, committed 3736K, reserved 1048576K
}
2018-06-17T23:28:59.876+0545: 7.501: Total time for which application threads were stopped: 0.0929234 seconds, Stopping threads took: 0.0000294 seconds
2018-06-17T23:28:59.879+0545: 7.504: [GC (CMS Initial Mark) [1 CMS-initial-mark: 559273K(866380K)] 582833K(975628K), 0.0061321 secs] [Times: user=0.03 sys=0.00, real=0.01 secs] 
2018-06-17T23:28:59.885+0545: 7.510: Total time for which application threads were stopped: 0.0066859 seconds, Stopping threads took: 0.0004241 seconds
2018-06-17T23:28:59.885+0545: 7.510: [CMS-concurrent-mark-start]
2018-06-17T23:28:59.911+0545: 7.536: Total time for which application threads were stopped: 0.0004901 seconds, Stopping threads took: 0.0000288 seconds
{Heap before GC invocations=19 (full 4):
 par new generation   total 109248K, used 109248K [0x0000000080000000, 0x0000000088000000, 0x00000000a0000000)
  eden space 87424K, 100% used [0x0000000080000000, 0x0000000085560000, 0x0000000085560000)
  from space 21824K, 100% used [0x0000000086ab0000, 0x0000000088000000, 0x0000000088000000)
  to   space 21824K,   0% used [0x0000000085560000, 0x0000000085560000, 0x0000000086ab0000)
 concurrent mark-sweep generation total 866380K, used 559273K [0x00000000a0000000, 0x00000000d4e13000, 0x0000000100000000)
 Metaspace       used 28729K, capacity 29564K, committed 29848K, reserved 1075200K
  class space    used 3393K, capacity 3658K, committed 3736K, reserved 1048576K
2018-06-17T23:29:00.362+0545: 7.987: [GC (Allocation Failure) 2018-06-17T23:29:00.362+0545: 7.987: [ParNew
Desired survivor size 20112992 bytes, new threshold 2 (max 8)
- age   1:    6139432 bytes,    6139432 total
- age   2:   16207976 bytes,   22347408 total
: 109248K->21824K(109248K), 0.0772367 secs] 668521K->597942K(975628K), 0.0772988 secs] [Times: user=0.26 sys=0.01, real=0.07 secs] 
Heap after GC invocations=20 (full 4):
 par new generation   total 109248K, used 21824K [0x0000000080000000, 0x0000000088000000, 0x00000000a0000000)
  eden space 87424K,   0% used [0x0000000080000000, 0x0000000080000000, 0x0000000085560000)
  from space 21824K, 100% used [0x0000000085560000, 0x0000000086ab0000, 0x0000000086ab0000)
  to   space 21824K,   0% used [0x0000000086ab0000, 0x0000000086ab0000, 0x0000000088000000)
 concurrent mark-sweep generation total 866380K, used 576118K [0x00000000a0000000, 0x00000000d4e13000, 0x0000000100000000)
 Metaspace       used 28729K, capacity 29564K, committed 29848K, reserved 1075200K
  class space    used 3393K, capacity 3658K, committed 3736K, reserved 1048576K
}
2018-06-17T23:29:00.439+0545: 8.064: Total time for which application threads were stopped: 0.0775018 seconds, Stopping threads took: 0.0000269 seconds
2018-06-17T23:29:00.576+0545: 8.201: [CMS-concurrent-mark: 0.612/0.691 secs] [Times: user=2.47 sys=0.04, real=0.69 secs] 
2018-06-17T23:29:00.576+0545: 8.201: [CMS-concurrent-preclean-start]
{Heap before GC invocations=20 (full 4):
 par new generation   total 109248K, used 109248K [0x0000000080000000, 0x0000000088000000, 0x00000000a0000000)
  eden space 87424K, 100% used [0x0000000080000000, 0x0000000085560000, 0x0000000085560000)
  from space 21824K, 100% used [0x0000000085560000, 0x0000000086ab0000, 0x0000000086ab0000)
  to   space 21824K,   0% used [0x0000000086ab0000, 0x0000000086ab0000, 0x0000000088000000)
 concurrent mark-sweep generation total 866380K, used 576118K [0x00000000a0000000, 0x00000000d4e13000, 0x0000000100000000)
 Metaspace       used 28730K, capacity 29564K, committed 29848K, reserved 1075200K
  class space    used 3393K, capacity 3658K, committed 3736K, reserved 1048576K
2018-06-17T23:29:00.587+0545: 8.212: [GC (Allocation Failure) 2018-06-17T23:29:00.587+0545: 8.212: [ParNew
Desired survivor size 20112992 bytes, new threshold 2 (max 8)
- age   1:   16891488 bytes,   16891488 total
- age   2:    5456112 bytes,   22347600 total
: 109248K->21824K(109248K), 0.0583205 secs] 685366K->615887K(975628K), 0.0583787 secs] [Times: user=0.20 sys=0.02, real=0.06 secs] 
Heap after GC invocations=21 (full 4):
 par new generation   total 109248K, used 21824K [0x0000000080000000, 0x0000000088000000, 0x00000000a0000000)
  eden space 87424K,   0% used [0x0000000080000000, 0x0000000080000000, 0x0000000085560000)
  from space 21824K, 100% used [0x0000000086ab0000, 0x0000000088000000, 0x0000000088000000)
  to   space 21824K,   0% used [0x0000000085560000, 0x0000000085560000, 0x0000000086ab0000)
 concurrent mark-sweep generation total 866380K, used 594063K [0x00000000a0000000, 0x00000000d4e13000, 0x0000000100000000)
 Metaspace       used 28730K, capacity 29564K, committed 29848K, reserved 1075200K
  class space    used 3393K, capacity 3658K, committed 3736K, reserved 1048576K
}
2018-06-17T23:29:00.645+0545: 8.270: Total time for which application threads were stopped: 0.0585532 seconds, Stopping threads took: 0.0000219 seconds
2018-06-17T23:29:00.707+0545: 8.332: [CMS-concurrent-preclean: 0.071/0.131 secs] [Times: user=0.43 sys=0.02, real=0.13 secs] 
2018-06-17T23:29:00.707+0545: 8.332: [CMS-concurrent-abortable-preclean-start]
{Heap before GC invocations=21 (full 4):
 par new generation   total 109248K, used 109248K [0x0000000080000000, 0x0000000088000000, 0x00000000a0000000)
  eden space 87424K, 100% used [0x0000000080000000, 0x0000000085560000, 0x0000000085560000)
  from space 21824K, 100% used [0x0000000086ab0000, 0x0000000088000000, 0x0000000088000000)
  to   space 21824K,   0% used [0x0000000085560000, 0x0000000085560000, 0x0000000086ab0000)
 concurrent mark-sweep generation total 866380K, used 594063K [0x00000000a0000000, 0x00000000d4e13000, 0x0000000100000000)
 Metaspace       used 28730K, capacity 29564K, committed 29848K, reserved 1075200K
  class space    used 3393K, capacity 3658K, committed 3736K, reserved 1048576K
2018-06-17T23:29:00.814+0545: 8.439: [GC (Allocation Failure) 2018-06-17T23:29:00.814+0545: 8.439: [ParNew
Desired survivor size 20112992 bytes, new threshold 2 (max 8)
- age   1:   10401336 bytes,   10401336 total
- age   2:   11946280 bytes,   22347616 total
: 109248K->21824K(109248K), 0.0990082 secs] 703311K->635030K(975628K), 0.0990746 secs] [Times: user=0.37 sys=0.00, real=0.10 secs] 
Heap after GC invocations=22 (full 4):
 par new generation   total 109248K, used 21824K [0x0000000080000000, 0x0000000088000000, 0x00000000a0000000)
  eden space 87424K,   0% used [0x0000000080000000, 0x0000000080000000, 0x0000000085560000)
  from space 21824K, 100% used [0x0000000085560000, 0x0000000086ab0000, 0x0000000086ab0000)
  to   space 21824K,   0% used [0x0000000086ab0000, 0x0000000086ab0000, 0x0000000088000000)
 concurrent mark-sweep generation total 866380K, used 613206K [0x00000000a0000000, 0x00000000d4e13000, 0x0000000100000000)
 Metaspace       used 28730K, capacity 29564K, committed 29848K, reserved 1075200K
  class space    used 3393K, capacity 3658K, committed 3736K, reserved 1048576K
}
2018-06-17T23:29:00.913+0545: 8.539: Total time for which application threads were stopped: 0.0992717 seconds, Stopping threads took: 0.0000280 seconds
2018-06-17T23:29:00.982+0545: 8.607: [CMS-concurrent-abortable-preclean: 0.175/0.275 secs] [Times: user=0.97 sys=0.00, real=0.28 secs] 
2018-06-17T23:29:00.983+0545: 8.608: [GC (CMS Final Remark) [YG occupancy: 70683 K (109248 K)]{Heap before GC invocations=22 (full 4):
 par new generation   total 109248K, used 70683K [0x0000000080000000, 0x0000000088000000, 0x00000000a0000000)
  eden space 87424K,  55% used [0x0000000080000000, 0x0000000082fb6cf0, 0x0000000085560000)
  from space 21824K, 100% used [0x0000000085560000, 0x0000000086ab0000, 0x0000000086ab0000)
  to   space 21824K,   0% used [0x0000000086ab0000, 0x0000000086ab0000, 0x0000000088000000)
 concurrent mark-sweep generation total 866380K, used 613206K [0x00000000a0000000, 0x00000000d4e13000, 0x0000000100000000)
 Metaspace       used 28730K, capacity 29564K, committed 29848K, reserved 1075200K
  class space    used 3393K, capacity 3658K, committed 3736K, reserved 1048576K
2018-06-17T23:29:00.983+0545: 8.608: [GC (CMS Final Remark) 2018-06-17T23:29:00.983+0545: 8.608: [ParNew
Desired survivor size 20112992 bytes, new threshold 8 (max 8)
- age   1:    8311736 bytes,    8311736 total
- age   2:   10282240 bytes,   18593976 total
: 70683K->21824K(109248K), 0.0685423 secs] 683889K->648607K(975628K), 0.0685878 secs] [Times: user=0.21 sys=0.02, real=0.07 secs] 
Heap after GC invocations=23 (full 4):
 par new generation   total 109248K, used 21824K [0x0000000080000000, 0x0000000088000000, 0x00000000a0000000)
  eden space 87424K,   0% used [0x0000000080000000, 0x0000000080000000, 0x0000000085560000)
  from space 21824K, 100% used [0x0000000086ab0000, 0x0000000088000000, 0x0000000088000000)
  to   space 21824K,   0% used [0x0000000085560000, 0x0000000085560000, 0x0000000086ab0000)
 concurrent mark-sweep generation total 866380K, used 626783K [0x00000000a0000000, 0x00000000d4e13000, 0x0000000100000000)
 Metaspace       used 28730K, capacity 29564K, committed 29848K, reserved 1075200K
  class space    used 3393K, capacity 3658K, committed 3736K, reserved 1048576K
}
2018-06-17T23:29:01.051+0545: 8.677: [Rescan (parallel) , 0.0230188 secs]2018-06-17T23:29:01.075+0545: 8.700: [weak refs processing, 0.0005194 secs]2018-06-17T23:29:01.075+0545: 8.700: [class unloading, 0.0036387 secs]2018-06-17T23:29:01.079+0545: 8.704: [scrub symbol table, 0.0040944 secs]2018-06-17T23:29:01.083+0545: 8.708: [scrub string table, 0.0004679 secs][1 CMS-remark: 626783K(866380K)] 648607K(975628K), 0.1006493 secs] [Times: user=0.31 sys=0.02, real=0.10 secs] 
2018-06-17T23:29:01.083+0545: 8.709: Total time for which application threads were stopped: 0.1009775 seconds, Stopping threads took: 0.0000289 seconds
2018-06-17T23:29:01.084+0545: 8.709: [CMS-concurrent-sweep-start]
2018-06-17T23:29:01.084+0545: 8.709: Total time for which application threads were stopped: 0.0001466 seconds, Stopping threads took: 0.0000344 seconds
2018-06-17T23:29:01.084+0545: 8.710: Total time for which application threads were stopped: 0.0000807 seconds, Stopping threads took: 0.0000130 seconds
{Heap before GC invocations=23 (full 4):
 par new generation   total 109248K, used 109248K [0x0000000080000000, 0x0000000088000000, 0x00000000a0000000)
  eden space 87424K, 100% used [0x0000000080000000, 0x0000000085560000, 0x0000000085560000)
  from space 21824K, 100% used [0x0000000086ab0000, 0x0000000088000000, 0x0000000088000000)
  to   space 21824K,   0% used [0x0000000085560000, 0x0000000085560000, 0x0000000086ab0000)
 concurrent mark-sweep generation total 866380K, used 619714K [0x00000000a0000000, 0x00000000d4e13000, 0x0000000100000000)
 Metaspace       used 28730K, capacity 29564K, committed 29848K, reserved 1075200K
  class space    used 3393K, capacity 3658K, committed 3736K, reserved 1048576K
2018-06-17T23:29:01.161+0545: 8.787: [GC (Allocation Failure) 2018-06-17T23:29:01.161+0545: 8.787: [ParNew
Desired survivor size 20112992 bytes, new threshold 3 (max 8)
- age   1:    9412752 bytes,    9412752 total
- age   2:    4854312 bytes,   14267064 total
- age   3:    8080480 bytes,   22347544 total
: 109248K->21824K(109248K), 0.0596472 secs] 728962K->655380K(975628K), 0.0597124 secs] [Times: user=0.22 sys=0.00, real=0.06 secs] 
Heap after GC invocations=24 (full 4):
 par new generation   total 109248K, used 21824K [0x0000000080000000, 0x0000000088000000, 0x00000000a0000000)
  eden space 87424K,   0% used [0x0000000080000000, 0x0000000080000000, 0x0000000085560000)
  from space 21824K, 100% used [0x0000000085560000, 0x0000000086ab0000, 0x0000000086ab0000)
  to   space 21824K,   0% used [0x0000000086ab0000, 0x0000000086ab0000, 0x0000000088000000)
 concurrent mark-sweep generation total 866380K, used 633556K [0x00000000a0000000, 0x00000000d4e13000, 0x0000000100000000)
 Metaspace       used 28730K, capacity 29564K, committed 29848K, reserved 1075200K
  class space    used 3393K, capacity 3658K, committed 3736K, reserved 1048576K
}
2018-06-17T23:29:01.221+0545: 8.846: Total time for which application threads were stopped: 0.0598739 seconds, Stopping threads took: 0.0000183 seconds
{Heap before GC invocations=24 (full 4):
 par new generation   total 109248K, used 109248K [0x0000000080000000, 0x0000000088000000, 0x00000000a0000000)
  eden space 87424K, 100% used [0x0000000080000000, 0x0000000085560000, 0x0000000085560000)
  from space 21824K, 100% used [0x0000000085560000, 0x0000000086ab0000, 0x0000000086ab0000)
  to   space 21824K,   0% used [0x0000000086ab0000, 0x0000000086ab0000, 0x0000000088000000)
 concurrent mark-sweep generation total 866380K, used 618346K [0x00000000a0000000, 0x00000000d4e13000, 0x0000000100000000)
 Metaspace       used 28730K, capacity 29564K, committed 29848K, reserved 1075200K
  class space    used 3393K, capacity 3658K, committed 3736K, reserved 1048576K
2018-06-17T23:29:01.304+0545: 8.929: [GC (Allocation Failure) 2018-06-17T23:29:01.304+0545: 8.929: [ParNew
Desired survivor size 20112992 bytes, new threshold 3 (max 8)
- age   1:    9582440 bytes,    9582440 total
- age   2:    8293208 bytes,   17875648 total
- age   3:    4471944 bytes,   22347592 total
: 109248K->21824K(109248K), 0.0632837 secs] 727594K->658333K(975628K), 0.0633420 secs] [Times: user=0.23 sys=0.00, real=0.06 secs] 
Heap after GC invocations=25 (full 4):
 par new generation   total 109248K, used 21824K [0x0000000080000000, 0x0000000088000000, 0x00000000a0000000)
  eden space 87424K,   0% used [0x0000000080000000, 0x0000000080000000, 0x0000000085560000)
  from space 21824K, 100% used [0x0000000086ab0000, 0x0000000088000000, 0x0000000088000000)
  to   space 21824K,   0% used [0x0000000085560000, 0x0000000085560000, 0x0000000086ab0000)
 concurrent mark-sweep generation total 866380K, used 636509K [0x00000000a0000000, 0x00000000d4e13000, 0x0000000100000000)
 Metaspace       used 28730K, capacity 29564K, committed 29848K, reserved 1075200K
  class space    used 3393K, capacity 3658K, committed 3736K, reserved 1048576K
}
2018-06-17T23:29:01.368+0545: 8.993: Total time for which application threads were stopped: 0.0634972 seconds, Stopping threads took: 0.0000161 seconds
2018-06-17T23:29:01.422+0545: 9.047: [CMS-concurrent-sweep: 0.214/0.338 secs] [Times: user=0.89 sys=0.00, real=0.34 secs] 
2018-06-17T23:29:01.422+0545: 9.047: [CMS-concurrent-reset-start]
2018-06-17T23:29:01.425+0545: 9.050: [CMS-concurrent-reset: 0.003/0.003 secs] [Times: user=0.00 sys=0.00, real=0.00 secs] 
{Heap before GC invocations=25 (full 4):
 par new generation   total 109248K, used 109248K [0x0000000080000000, 0x0000000088000000, 0x00000000a0000000)
  eden space 87424K, 100% used [0x0000000080000000, 0x0000000085560000, 0x0000000085560000)
  from space 21824K, 100% used [0x0000000086ab0000, 0x0000000088000000, 0x0000000088000000)
  to   space 21824K,   0% used [0x0000000085560000, 0x0000000085560000, 0x0000000086ab0000)
 concurrent mark-sweep generation total 995136K, used 597081K [0x00000000a0000000, 0x00000000dcbd0000, 0x0000000100000000)
 Metaspace       used 28730K, capacity 29564K, committed 29848K, reserved 1075200K
  class space    used 3393K, capacity 3658K, committed 3736K, reserved 1048576K
2018-06-17T23:29:01.460+0545: 9.085: [GC (Allocation Failure) 2018-06-17T23:29:01.460+0545: 9.085: [ParNew
Desired survivor size 20112992 bytes, new threshold 3 (max 8)
- age   1:    8950664 bytes,    8950664 total
- age   2:    6990512 bytes,   15941176 total
- age   3:    6406360 bytes,   22347536 total
: 109248K->21824K(109248K), 0.0678998 secs] 706329K->639180K(1104384K), 0.0679678 secs] [Times: user=0.24 sys=0.01, real=0.06 secs] 
Heap after GC invocations=26 (full 4):
 par new generation   total 109248K, used 21824K [0x0000000080000000, 0x0000000088000000, 0x00000000a0000000)
  eden space 87424K,   0% used [0x0000000080000000, 0x0000000080000000, 0x0000000085560000)
  from space 21824K, 100% used [0x0000000085560000, 0x0000000086ab0000, 0x0000000086ab0000)
  to   space 21824K,   0% used [0x0000000086ab0000, 0x0000000086ab0000, 0x0000000088000000)
 concurrent mark-sweep generation total 995136K, used 617356K [0x00000000a0000000, 0x00000000dcbd0000, 0x0000000100000000)
 Metaspace       used 28730K, capacity 29564K, committed 29848K, reserved 1075200K
  class space    used 3393K, capacity 3658K, committed 3736K, reserved 1048576K
}
2018-06-17T23:29:01.528+0545: 9.153: Total time for which application threads were stopped: 0.0681499 seconds, Stopping threads took: 0.0000209 seconds
2018-06-17T23:29:01.528+0545: 9.153: [GC (CMS Initial Mark) [1 CMS-initial-mark: 617356K(995136K)] 640922K(1104384K), 0.0113305 secs] [Times: user=0.04 sys=0.00, real=0.00 secs] 
2018-06-17T23:29:01.540+0545: 9.165: Total time for which application threads were stopped: 0.0114688 seconds, Stopping threads took: 0.0000317 seconds
2018-06-17T23:29:01.540+0545: 9.165: [CMS-concurrent-mark-start]
{Heap before GC invocations=26 (full 5):
 par new generation   total 109248K, used 109248K [0x0000000080000000, 0x0000000088000000, 0x00000000a0000000)
  eden space 87424K, 100% used [0x0000000080000000, 0x0000000085560000, 0x0000000085560000)
  from space 21824K, 100% used [0x0000000085560000, 0x0000000086ab0000, 0x0000000086ab0000)
  to   space 21824K,   0% used [0x0000000086ab0000, 0x0000000086ab0000, 0x0000000088000000)
 concurrent mark-sweep generation total 995136K, used 617356K [0x00000000a0000000, 0x00000000dcbd0000, 0x0000000100000000)
 Metaspace       used 28730K, capacity 29564K, committed 29848K, reserved 1075200K
  class space    used 3393K, capacity 3658K, committed 3736K, reserved 1048576K
2018-06-17T23:29:01.673+0545: 9.298: [GC (Allocation Failure) 2018-06-17T23:29:01.673+0545: 9.298: [ParNew
Desired survivor size 20112992 bytes, new threshold 3 (max 8)
- age   1:    8964144 bytes,    8964144 total
- age   2:    6617952 bytes,   15582096 total
- age   3:    6765528 bytes,   22347624 total
: 109248K->21824K(109248K), 0.0668982 secs] 726604K->656712K(1104384K), 0.0669558 secs] [Times: user=0.24 sys=0.00, real=0.06 secs] 
Heap after GC invocations=27 (full 5):
 par new generation   total 109248K, used 21824K [0x0000000080000000, 0x0000000088000000, 0x00000000a0000000)
  eden space 87424K,   0% used [0x0000000080000000, 0x0000000080000000, 0x0000000085560000)
  from space 21824K, 100% used [0x0000000086ab0000, 0x0000000088000000, 0x0000000088000000)
  to   space 21824K,   0% used [0x0000000085560000, 0x0000000085560000, 0x0000000086ab0000)
 concurrent mark-sweep generation total 995136K, used 634888K [0x00000000a0000000, 0x00000000dcbd0000, 0x0000000100000000)
 Metaspace       used 28730K, capacity 29564K, committed 29848K, reserved 1075200K
  class space    used 3393K, capacity 3658K, committed 3736K, reserved 1048576K
}
2018-06-17T23:29:01.740+0545: 9.365: Total time for which application threads were stopped: 0.0671126 seconds, Stopping threads took: 0.0000231 seconds
{Heap before GC invocations=27 (full 5):
 par new generation   total 109248K, used 109248K [0x0000000080000000, 0x0000000088000000, 0x00000000a0000000)
  eden space 87424K, 100% used [0x0000000080000000, 0x0000000085560000, 0x0000000085560000)
  from space 21824K, 100% used [0x0000000086ab0000, 0x0000000088000000, 0x0000000088000000)
  to   space 21824K,   0% used [0x0000000085560000, 0x0000000085560000, 0x0000000086ab0000)
 concurrent mark-sweep generation total 995136K, used 634888K [0x00000000a0000000, 0x00000000dcbd0000, 0x0000000100000000)
 Metaspace       used 28730K, capacity 29564K, committed 29848K, reserved 1075200K
  class space    used 3393K, capacity 3658K, committed 3736K, reserved 1048576K
2018-06-17T23:29:01.858+0545: 9.483: [GC (Allocation Failure) 2018-06-17T23:29:01.858+0545: 9.483: [ParNew
Desired survivor size 20112992 bytes, new threshold 3 (max 8)
- age   1:    8323240 bytes,    8323240 total
- age   2:    7280232 bytes,   15603472 total
- age   3:    4943400 bytes,   20546872 total
: 109248K->21824K(109248K), 0.0857535 secs] 744136K->675872K(1104384K), 0.0858282 secs] [Times: user=0.25 sys=0.01, real=0.09 secs] 
Heap after GC invocations=28 (full 5):
 par new generation   total 109248K, used 21824K [0x0000000080000000, 0x0000000088000000, 0x00000000a0000000)
  eden space 87424K,   0% used [0x0000000080000000, 0x0000000080000000, 0x0000000085560000)
  from space 21824K, 100% used [0x0000000085560000, 0x0000000086ab0000, 0x0000000086ab0000)
  to   space 21824K,   0% used [0x0000000086ab0000, 0x0000000086ab0000, 0x0000000088000000)
 concurrent mark-sweep generation total 995136K, used 654048K [0x00000000a0000000, 0x00000000dcbd0000, 0x0000000100000000)
 Metaspace       used 28730K, capacity 29564K, committed 29848K, reserved 1075200K
  class space    used 3393K, capacity 3658K, committed 3736K, reserved 1048576K
}
2018-06-17T23:29:01.944+0545: 9.569: Total time for which application threads were stopped: 0.0859905 seconds, Stopping threads took: 0.0000234 seconds
{Heap before GC invocations=28 (full 5):
 par new generation   total 109248K, used 109248K [0x0000000080000000, 0x0000000088000000, 0x00000000a0000000)
  eden space 87424K, 100% used [0x0000000080000000, 0x0000000085560000, 0x0000000085560000)
  from space 21824K, 100% used [0x0000000085560000, 0x0000000086ab0000, 0x0000000086ab0000)
  to   space 21824K,   0% used [0x0000000086ab0000, 0x0000000086ab0000, 0x0000000088000000)
 concurrent mark-sweep generation total 995136K, used 654048K [0x00000000a0000000, 0x00000000dcbd0000, 0x0000000100000000)
 Metaspace       used 28730K, capacity 29564K, committed 29848K, reserved 1075200K
  class space    used 3393K, capacity 3658K, committed 3736K, reserved 1048576K
2018-06-17T23:29:02.226+0545: 9.851: [GC (Allocation Failure) 2018-06-17T23:29:02.226+0545: 9.851: [ParNew
Desired survivor size 20112992 bytes, new threshold 3 (max 8)
- age   1:    9458800 bytes,    9458800 total
- age   2:    6298928 bytes,   15757728 total
- age   3:    6589808 bytes,   22347536 total
: 109248K->21824K(109248K), 0.0908991 secs] 763296K->691591K(1104384K), 0.0909643 secs] [Times: user=0.26 sys=0.01, real=0.09 secs] 
Heap after GC invocations=29 (full 5):
 par new generation   total 109248K, used 21824K [0x0000000080000000, 0x0000000088000000, 0x00000000a0000000)
  eden space 87424K,   0% used [0x0000000080000000, 0x0000000080000000, 0x0000000085560000)
  from space 21824K, 100% used [0x0000000086ab0000, 0x0000000088000000, 0x0000000088000000)
  to   space 21824K,   0% used [0x0000000085560000, 0x0000000085560000, 0x0000000086ab0000)
 concurrent mark-sweep generation total 995136K, used 669767K [0x00000000a0000000, 0x00000000dcbd0000, 0x0000000100000000)
 Metaspace       used 28730K, capacity 29564K, committed 29848K, reserved 1075200K
  class space    used 3393K, capacity 3658K, committed 3736K, reserved 1048576K
}
2018-06-17T23:29:02.317+0545: 9.942: Total time for which application threads were stopped: 0.0915862 seconds, Stopping threads took: 0.0001044 seconds
2018-06-17T23:29:02.359+0545: 9.984: [CMS-concurrent-mark: 0.575/0.820 secs] [Times: user=2.74 sys=0.02, real=0.82 secs] 
2018-06-17T23:29:02.359+0545: 9.984: [CMS-concurrent-preclean-start]
{Heap before GC invocations=29 (full 5):
 par new generation   total 109248K, used 109248K [0x0000000080000000, 0x0000000088000000, 0x00000000a0000000)
  eden space 87424K, 100% used [0x0000000080000000, 0x0000000085560000, 0x0000000085560000)
  from space 21824K, 100% used [0x0000000086ab0000, 0x0000000088000000, 0x0000000088000000)
  to   space 21824K,   0% used [0x0000000085560000, 0x0000000085560000, 0x0000000086ab0000)
 concurrent mark-sweep generation total 995136K, used 669767K [0x00000000a0000000, 0x00000000dcbd0000, 0x0000000100000000)
 Metaspace       used 28730K, capacity 29564K, committed 29848K, reserved 1075200K
  class space    used 3393K, capacity 3658K, committed 3736K, reserved 1048576K
2018-06-17T23:29:02.422+0545: 10.047: [GC (Allocation Failure) 2018-06-17T23:29:02.422+0545: 10.047: [ParNew
Desired survivor size 20112992 bytes, new threshold 3 (max 8)
- age   1:    8092512 bytes,    8092512 total
- age   2:    8137776 bytes,   16230288 total
- age   3:    6117264 bytes,   22347552 total
: 109248K->21824K(109248K), 0.0836452 secs] 779015K->710833K(1104384K), 0.0837066 secs] [Times: user=0.29 sys=0.00, real=0.08 secs] 
Heap after GC invocations=30 (full 5):
 par new generation   total 109248K, used 21824K [0x0000000080000000, 0x0000000088000000, 0x00000000a0000000)
  eden space 87424K,   0% used [0x0000000080000000, 0x0000000080000000, 0x0000000085560000)
  from space 21824K, 100% used [0x0000000085560000, 0x0000000086ab0000, 0x0000000086ab0000)
  to   space 21824K,   0% used [0x0000000086ab0000, 0x0000000086ab0000, 0x0000000088000000)
 concurrent mark-sweep generation total 995136K, used 689009K [0x00000000a0000000, 0x00000000dcbd0000, 0x0000000100000000)
 Metaspace       used 28730K, capacity 29564K, committed 29848K, reserved 1075200K
  class space    used 3393K, capacity 3658K, committed 3736K, reserved 1048576K
}
2018-06-17T23:29:02.506+0545: 10.131: Total time for which application threads were stopped: 0.0838677 seconds, Stopping threads took: 0.0000188 seconds
{Heap before GC invocations=30 (full 5):
 par new generation   total 109248K, used 109248K [0x0000000080000000, 0x0000000088000000, 0x00000000a0000000)
  eden space 87424K, 100% used [0x0000000080000000, 0x0000000085560000, 0x0000000085560000)
  from space 21824K, 100% used [0x0000000085560000, 0x0000000086ab0000, 0x0000000086ab0000)
  to   space 21824K,   0% used [0x0000000086ab0000, 0x0000000086ab0000, 0x0000000088000000)
 concurrent mark-sweep generation total 995136K, used 689009K [0x00000000a0000000, 0x00000000dcbd0000, 0x0000000100000000)
 Metaspace       used 28730K, capacity 29564K, committed 29848K, reserved 1075200K
  class space    used 3393K, capacity 3658K, committed 3736K, reserved 1048576K
2018-06-17T23:29:02.600+0545: 10.225: [GC (Allocation Failure) 2018-06-17T23:29:02.600+0545: 10.225: [ParNew
Desired survivor size 20112992 bytes, new threshold 3 (max 8)
- age   1:    8267648 bytes,    8267648 total
- age   2:    7173864 bytes,   15441512 total
- age   3:    6906136 bytes,   22347648 total
: 109248K->21824K(109248K), 0.0942671 secs] 798257K->731550K(1104384K), 0.0943321 secs] [Times: user=0.30 sys=0.01, real=0.10 secs] 
Heap after GC invocations=31 (full 5):
 par new generation   total 109248K, used 21824K [0x0000000080000000, 0x0000000088000000, 0x00000000a0000000)
  eden space 87424K,   0% used [0x0000000080000000, 0x0000000080000000, 0x0000000085560000)
  from space 21824K, 100% used [0x0000000086ab0000, 0x0000000088000000, 0x0000000088000000)
  to   space 21824K,   0% used [0x0000000085560000, 0x0000000085560000, 0x0000000086ab0000)
 concurrent mark-sweep generation total 995136K, used 709726K [0x00000000a0000000, 0x00000000dcbd0000, 0x0000000100000000)
 Metaspace       used 28730K, capacity 29564K, committed 29848K, reserved 1075200K
  class space    used 3393K, capacity 3658K, committed 3736K, reserved 1048576K
}
2018-06-17T23:29:02.694+0545: 10.319: Total time for which application threads were stopped: 0.0944922 seconds, Stopping threads took: 0.0000186 seconds
2018-06-17T23:29:02.695+0545: 10.320: [CMS-concurrent-preclean: 0.154/0.335 secs] [Times: user=0.91 sys=0.01, real=0.34 secs] 
2018-06-17T23:29:02.697+0545: 10.322: [GC (CMS Final Remark) [YG occupancy: 25319 K (109248 K)]2018-06-17T23:29:02.697+0545: 10.322: [Rescan (parallel) , 0.0523795 secs]2018-06-17T23:29:02.749+0545: 10.374: [weak refs processing, 0.0132523 secs]2018-06-17T23:29:02.762+0545: 10.387: [class unloading, 0.0051726 secs]2018-06-17T23:29:02.768+0545: 10.393: [scrub symbol table, 0.0061803 secs]2018-06-17T23:29:02.774+0545: 10.399: [scrub string table, 0.0006055 secs][1 CMS-remark: 709726K(995136K)] 735045K(1104384K), 0.0778341 secs] [Times: user=0.18 sys=0.00, real=0.08 secs] 
2018-06-17T23:29:02.775+0545: 10.400: Total time for which application threads were stopped: 0.0779997 seconds, Stopping threads took: 0.0000378 seconds
2018-06-17T23:29:02.775+0545: 10.400: [CMS-concurrent-sweep-start]
{Heap before GC invocations=31 (full 5):
 par new generation   total 109248K, used 25319K [0x0000000080000000, 0x0000000088000000, 0x00000000a0000000)
  eden space 87424K,   3% used [0x0000000080000000, 0x0000000080369dc8, 0x0000000085560000)
  from space 21824K, 100% used [0x0000000086ab0000, 0x0000000088000000, 0x0000000088000000)
  to   space 21824K,   0% used [0x0000000085560000, 0x0000000085560000, 0x0000000086ab0000)
 concurrent mark-sweep generation total 995136K, used 709726K [0x00000000a0000000, 0x00000000dcbd0000, 0x0000000100000000)
 Metaspace       used 28730K, capacity 29564K, committed 29848K, reserved 1075200K
  class space    used 3393K, capacity 3658K, committed 3736K, reserved 1048576K
2018-06-17T23:29:02.775+0545: 10.400: [GC (GCLocker Initiated GC) 2018-06-17T23:29:02.775+0545: 10.400: [ParNew
Desired survivor size 20112992 bytes, new threshold 8 (max 8)
- age   1:     408784 bytes,     408784 total
- age   2:    8267416 bytes,    8676200 total
- age   3:    7173800 bytes,   15850000 total
: 25319K->21803K(109248K), 0.0745613 secs] 735045K->738390K(1104384K), 0.0746130 secs] [Times: user=0.14 sys=0.01, real=0.08 secs] 
Heap after GC invocations=32 (full 5):
 par new generation   total 109248K, used 21803K [0x0000000080000000, 0x0000000088000000, 0x00000000a0000000)
  eden space 87424K,   0% used [0x0000000080000000, 0x0000000080000000, 0x0000000085560000)
  from space 21824K,  99% used [0x0000000085560000, 0x0000000086aaacc0, 0x0000000086ab0000)
  to   space 21824K,   0% used [0x0000000086ab0000, 0x0000000086ab0000, 0x0000000088000000)
 concurrent mark-sweep generation total 995136K, used 716587K [0x00000000a0000000, 0x00000000dcbd0000, 0x0000000100000000)
 Metaspace       used 28730K, capacity 29564K, committed 29848K, reserved 1075200K
  class space    used 3393K, capacity 3658K, committed 3736K, reserved 1048576K
}
2018-06-17T23:29:02.849+0545: 10.474: Total time for which application threads were stopped: 0.0747827 seconds, Stopping threads took: 0.0000169 seconds
{Heap before GC invocations=32 (full 5):
 par new generation   total 109248K, used 109227K [0x0000000080000000, 0x0000000088000000, 0x00000000a0000000)
  eden space 87424K, 100% used [0x0000000080000000, 0x0000000085560000, 0x0000000085560000)
  from space 21824K,  99% used [0x0000000085560000, 0x0000000086aaacc0, 0x0000000086ab0000)
  to   space 21824K,   0% used [0x0000000086ab0000, 0x0000000086ab0000, 0x0000000088000000)
 concurrent mark-sweep generation total 995136K, used 716527K [0x00000000a0000000, 0x00000000dcbd0000, 0x0000000100000000)
 Metaspace       used 28730K, capacity 29564K, committed 29848K, reserved 1075200K
  class space    used 3393K, capacity 3658K, committed 3736K, reserved 1048576K
2018-06-17T23:29:02.941+0545: 10.566: [GC (Allocation Failure) 2018-06-17T23:29:02.941+0545: 10.566: [ParNew
Desired survivor size 20112992 bytes, new threshold 4 (max 8)
- age   1:    8840008 bytes,    8840008 total
- age   2:     184168 bytes,    9024176 total
- age   3:    6780232 bytes,   15804408 total
- age   4:    6543048 bytes,   22347456 total
: 109227K->21824K(109248K), 0.0712311 secs] 825755K->749459K(1104384K), 0.0712998 secs] [Times: user=0.24 sys=0.00, real=0.07 secs] 
Heap after GC invocations=33 (full 5):
 par new generation   total 109248K, used 21824K [0x0000000080000000, 0x0000000088000000, 0x00000000a0000000)
  eden space 87424K,   0% used [0x0000000080000000, 0x0000000080000000, 0x0000000085560000)
  from space 21824K, 100% used [0x0000000086ab0000, 0x0000000088000000, 0x0000000088000000)
  to   space 21824K,   0% used [0x0000000085560000, 0x0000000085560000, 0x0000000086ab0000)
 concurrent mark-sweep generation total 995136K, used 727635K [0x00000000a0000000, 0x00000000dcbd0000, 0x0000000100000000)
 Metaspace       used 28730K, capacity 29564K, committed 29848K, reserved 1075200K
  class space    used 3393K, capacity 3658K, committed 3736K, reserved 1048576K
}
2018-06-17T23:29:03.013+0545: 10.638: Total time for which application threads were stopped: 0.0714580 seconds, Stopping threads took: 0.0000171 seconds
{Heap before GC invocations=33 (full 5):
 par new generation   total 109248K, used 109248K [0x0000000080000000, 0x0000000088000000, 0x00000000a0000000)
  eden space 87424K, 100% used [0x0000000080000000, 0x0000000085560000, 0x0000000085560000)
  from space 21824K, 100% used [0x0000000086ab0000, 0x0000000088000000, 0x0000000088000000)
  to   space 21824K,   0% used [0x0000000085560000, 0x0000000085560000, 0x0000000086ab0000)
 concurrent mark-sweep generation total 995136K, used 727565K [0x00000000a0000000, 0x00000000dcbd0000, 0x0000000100000000)
 Metaspace       used 28730K, capacity 29564K, committed 29848K, reserved 1075200K
  class space    used 3393K, capacity 3658K, committed 3736K, reserved 1048576K
2018-06-17T23:29:03.126+0545: 10.751: [GC (Allocation Failure) 2018-06-17T23:29:03.126+0545: 10.751: [ParNew
Desired survivor size 20112992 bytes, new threshold 4 (max 8)
- age   1:   10088296 bytes,   10088296 total
- age   2:    6472056 bytes,   16560352 total
- age   3:     126360 bytes,   16686712 total
- age   4:    5660936 bytes,   22347648 total
: 109248K->21824K(109248K), 0.0884236 secs] 836813K->771786K(1104384K), 0.0884866 secs] [Times: user=0.29 sys=0.01, real=0.09 secs] 
Heap after GC invocations=34 (full 5):
 par new generation   total 109248K, used 21824K [0x0000000080000000, 0x0000000088000000, 0x00000000a0000000)
  eden space 87424K,   0% used [0x0000000080000000, 0x0000000080000000, 0x0000000085560000)
  from space 21824K, 100% used [0x0000000085560000, 0x0000000086ab0000, 0x0000000086ab0000)
  to   space 21824K,   0% used [0x0000000086ab0000, 0x0000000086ab0000, 0x0000000088000000)
 concurrent mark-sweep generation total 995136K, used 749962K [0x00000000a0000000, 0x00000000dcbd0000, 0x0000000100000000)
 Metaspace       used 28730K, capacity 29564K, committed 29848K, reserved 1075200K
  class space    used 3393K, capacity 3658K, committed 3736K, reserved 1048576K
}
2018-06-17T23:29:03.215+0545: 10.840: Total time for which application threads were stopped: 0.0886592 seconds, Stopping threads took: 0.0000186 seconds
{Heap before GC invocations=34 (full 5):
 par new generation   total 109248K, used 109248K [0x0000000080000000, 0x0000000088000000, 0x00000000a0000000)
  eden space 87424K, 100% used [0x0000000080000000, 0x0000000085560000, 0x0000000085560000)
  from space 21824K, 100% used [0x0000000085560000, 0x0000000086ab0000, 0x0000000086ab0000)
  to   space 21824K,   0% used [0x0000000086ab0000, 0x0000000086ab0000, 0x0000000088000000)
 concurrent mark-sweep generation total 995136K, used 746153K [0x00000000a0000000, 0x00000000dcbd0000, 0x0000000100000000)
 Metaspace       used 28730K, capacity 29564K, committed 29848K, reserved 1075200K
  class space    used 3393K, capacity 3658K, committed 3736K, reserved 1048576K
2018-06-17T23:29:03.299+0545: 10.924: [GC (Allocation Failure) 2018-06-17T23:29:03.299+0545: 10.924: [ParNew
Desired survivor size 20112992 bytes, new threshold 3 (max 8)
- age   1:    9995712 bytes,    9995712 total
- age   2:    6965264 bytes,   16960976 total
- age   3:    5265536 bytes,   22226512 total
- age   4:     121016 bytes,   22347528 total
: 109248K->21824K(109248K), 0.0887311 secs] 855401K->785453K(1104384K), 0.0887955 secs] [Times: user=0.30 sys=0.01, real=0.09 secs] 
Heap after GC invocations=35 (full 5):
 par new generation   total 109248K, used 21824K [0x0000000080000000, 0x0000000088000000, 0x00000000a0000000)
  eden space 87424K,   0% used [0x0000000080000000, 0x0000000080000000, 0x0000000085560000)
  from space 21824K, 100% used [0x0000000086ab0000, 0x0000000088000000, 0x0000000088000000)
  to   space 21824K,   0% used [0x0000000085560000, 0x0000000085560000, 0x0000000086ab0000)
 concurrent mark-sweep generation total 995136K, used 763629K [0x00000000a0000000, 0x00000000dcbd0000, 0x0000000100000000)
 Metaspace       used 28730K, capacity 29564K, committed 29848K, reserved 1075200K
  class space    used 3393K, capacity 3658K, committed 3736K, reserved 1048576K
}
2018-06-17T23:29:03.388+0545: 11.013: Total time for which application threads were stopped: 0.0889558 seconds, Stopping threads took: 0.0000182 seconds
2018-06-17T23:29:03.408+0545: 11.033: [CMS-concurrent-sweep: 0.384/0.633 secs] [Times: user=1.59 sys=0.03, real=0.63 secs] 
2018-06-17T23:29:03.408+0545: 11.033: [CMS-concurrent-reset-start]
2018-06-17T23:29:03.412+0545: 11.037: [CMS-concurrent-reset: 0.004/0.004 secs] [Times: user=0.01 sys=0.00, real=0.00 secs] 
{Heap before GC invocations=35 (full 5):
 par new generation   total 109248K, used 109248K [0x0000000080000000, 0x0000000088000000, 0x00000000a0000000)
  eden space 87424K, 100% used [0x0000000080000000, 0x0000000085560000, 0x0000000085560000)
  from space 21824K, 100% used [0x0000000086ab0000, 0x0000000088000000, 0x0000000088000000)
  to   space 21824K,   0% used [0x0000000085560000, 0x0000000085560000, 0x0000000086ab0000)
 concurrent mark-sweep generation total 1272716K, used 763629K [0x00000000a0000000, 0x00000000edae3000, 0x0000000100000000)
 Metaspace       used 28730K, capacity 29564K, committed 29848K, reserved 1075200K
  class space    used 3393K, capacity 3658K, committed 3736K, reserved 1048576K
2018-06-17T23:29:03.470+0545: 11.095: [GC (Allocation Failure) 2018-06-17T23:29:03.470+0545: 11.095: [ParNew
Desired survivor size 20112992 bytes, new threshold 3 (max 8)
- age   1:    9909312 bytes,    9909312 total
- age   2:    6906368 bytes,   16815680 total
- age   3:    5531944 bytes,   22347624 total
: 109248K->21824K(109248K), 0.0869751 secs] 872877K->805552K(1381964K), 0.0870331 secs] [Times: user=0.29 sys=0.01, real=0.08 secs] 
Heap after GC invocations=36 (full 5):
 par new generation   total 109248K, used 21824K [0x0000000080000000, 0x0000000088000000, 0x00000000a0000000)
  eden space 87424K,   0% used [0x0000000080000000, 0x0000000080000000, 0x0000000085560000)
  from space 21824K, 100% used [0x0000000085560000, 0x0000000086ab0000, 0x0000000086ab0000)
  to   space 21824K,   0% used [0x0000000086ab0000, 0x0000000086ab0000, 0x0000000088000000)
 concurrent mark-sweep generation total 1272716K, used 783728K [0x00000000a0000000, 0x00000000edae3000, 0x0000000100000000)
 Metaspace       used 28730K, capacity 29564K, committed 29848K, reserved 1075200K
  class space    used 3393K, capacity 3658K, committed 3736K, reserved 1048576K
}
2018-06-17T23:29:03.557+0545: 11.182: Total time for which application threads were stopped: 0.0872274 seconds, Stopping threads took: 0.0000237 seconds
2018-06-17T23:29:03.557+0545: 11.182: [GC (CMS Initial Mark) [1 CMS-initial-mark: 783728K(1272716K)] 807300K(1381964K), 0.0116174 secs] [Times: user=0.04 sys=0.00, real=0.02 secs] 
2018-06-17T23:29:03.569+0545: 11.194: Total time for which application threads were stopped: 0.0117372 seconds, Stopping threads took: 0.0000151 seconds
2018-06-17T23:29:03.569+0545: 11.194: [CMS-concurrent-mark-start]
{Heap before GC invocations=36 (full 6):
 par new generation   total 109248K, used 109248K [0x0000000080000000, 0x0000000088000000, 0x00000000a0000000)
  eden space 87424K, 100% used [0x0000000080000000, 0x0000000085560000, 0x0000000085560000)
  from space 21824K, 100% used [0x0000000085560000, 0x0000000086ab0000, 0x0000000086ab0000)
  to   space 21824K,   0% used [0x0000000086ab0000, 0x0000000086ab0000, 0x0000000088000000)
 concurrent mark-sweep generation total 1272716K, used 783728K [0x00000000a0000000, 0x00000000edae3000, 0x0000000100000000)
 Metaspace       used 29060K, capacity 29852K, committed 30104K, reserved 1075200K
  class space    used 3433K, capacity 3690K, committed 3736K, reserved 1048576K
2018-06-17T23:29:03.892+0545: 11.517: [GC (Allocation Failure) 2018-06-17T23:29:03.892+0545: 11.518: [ParNew
Desired survivor size 20112992 bytes, new threshold 3 (max 8)
- age   1:    6366160 bytes,    6366160 total
- age   2:    9212192 bytes,   15578352 total
- age   3:    6769280 bytes,   22347632 total
: 109248K->21824K(109248K), 0.0814884 secs] 892976K->823746K(1381964K), 0.0815663 secs] [Times: user=0.28 sys=0.01, real=0.08 secs] 
Heap after GC invocations=37 (full 6):
 par new generation   total 109248K, used 21824K [0x0000000080000000, 0x0000000088000000, 0x00000000a0000000)
  eden space 87424K,   0% used [0x0000000080000000, 0x0000000080000000, 0x0000000085560000)
  from space 21824K, 100% used [0x0000000086ab0000, 0x0000000088000000, 0x0000000088000000)
  to   space 21824K,   0% used [0x0000000085560000, 0x0000000085560000, 0x0000000086ab0000)
 concurrent mark-sweep generation total 1272716K, used 801922K [0x00000000a0000000, 0x00000000edae3000, 0x0000000100000000)
 Metaspace       used 29060K, capacity 29852K, committed 30104K, reserved 1075200K
  class space    used 3433K, capacity 3690K, committed 3736K, reserved 1048576K
}
2018-06-17T23:29:03.974+0545: 11.599: Total time for which application threads were stopped: 0.0817801 seconds, Stopping threads took: 0.0000210 seconds
{Heap before GC invocations=37 (full 6):
 par new generation   total 109248K, used 109248K [0x0000000080000000, 0x0000000088000000, 0x00000000a0000000)
  eden space 87424K, 100% used [0x0000000080000000, 0x0000000085560000, 0x0000000085560000)
  from space 21824K, 100% used [0x0000000086ab0000, 0x0000000088000000, 0x0000000088000000)
  to   space 21824K,   0% used [0x0000000085560000, 0x0000000085560000, 0x0000000086ab0000)
 concurrent mark-sweep generation total 1272716K, used 801922K [0x00000000a0000000, 0x00000000edae3000, 0x0000000100000000)
 Metaspace       used 29086K, capacity 29852K, committed 30104K, reserved 1075200K
  class space    used 3433K, capacity 3690K, committed 3736K, reserved 1048576K
2018-06-17T23:29:04.445+0545: 12.070: [GC (Allocation Failure) 2018-06-17T23:29:04.445+0545: 12.070: [ParNew
Desired survivor size 20112992 bytes, new threshold 3 (max 8)
- age   1:    6774760 bytes,    6774760 total
- age   2:    6360648 bytes,   13135408 total
- age   3:    9212192 bytes,   22347600 total
: 109248K->21824K(109248K), 0.0793521 secs] 911170K->846668K(1381964K), 0.0794261 secs] [Times: user=0.25 sys=0.01, real=0.08 secs] 
Heap after GC invocations=38 (full 6):
 par new generation   total 109248K, used 21824K [0x0000000080000000, 0x0000000088000000, 0x00000000a0000000)
  eden space 87424K,   0% used [0x0000000080000000, 0x0000000080000000, 0x0000000085560000)
  from space 21824K, 100% used [0x0000000085560000, 0x0000000086ab0000, 0x0000000086ab0000)
  to   space 21824K,   0% used [0x0000000086ab0000, 0x0000000086ab0000, 0x0000000088000000)
 concurrent mark-sweep generation total 1272716K, used 824844K [0x00000000a0000000, 0x00000000edae3000, 0x0000000100000000)
 Metaspace       used 29086K, capacity 29852K, committed 30104K, reserved 1075200K
  class space    used 3433K, capacity 3690K, committed 3736K, reserved 1048576K
}
2018-06-17T23:29:04.525+0545: 12.150: Total time for which application threads were stopped: 0.0796339 seconds, Stopping threads took: 0.0000250 seconds
2018-06-17T23:29:04.689+0545: 12.314: [CMS-concurrent-mark: 0.959/1.120 secs] [Times: user=3.94 sys=0.03, real=1.12 secs] 
2018-06-17T23:29:04.689+0545: 12.314: [CMS-concurrent-preclean-start]
{Heap before GC invocations=38 (full 6):
 par new generation   total 109248K, used 109248K [0x0000000080000000, 0x0000000088000000, 0x00000000a0000000)
  eden space 87424K, 100% used [0x0000000080000000, 0x0000000085560000, 0x0000000085560000)
  from space 21824K, 100% used [0x0000000085560000, 0x0000000086ab0000, 0x0000000086ab0000)
  to   space 21824K,   0% used [0x0000000086ab0000, 0x0000000086ab0000, 0x0000000088000000)
 concurrent mark-sweep generation total 1272716K, used 824844K [0x00000000a0000000, 0x00000000edae3000, 0x0000000100000000)
 Metaspace       used 29092K, capacity 29916K, committed 30104K, reserved 1075200K
  class space    used 3434K, capacity 3690K, committed 3736K, reserved 1048576K
2018-06-17T23:29:04.765+0545: 12.390: [GC (Allocation Failure) 2018-06-17T23:29:04.765+0545: 12.390: [ParNew
Desired survivor size 20112992 bytes, new threshold 3 (max 8)
- age   1:   10837520 bytes,   10837520 total
- age   2:    5150904 bytes,   15988424 total
- age   3:    6359240 bytes,   22347664 total
: 109248K->21824K(109248K), 0.0782523 secs] 934092K->869380K(1381964K), 0.0783200 secs] [Times: user=0.24 sys=0.01, real=0.08 secs] 
Heap after GC invocations=39 (full 6):
 par new generation   total 109248K, used 21824K [0x0000000080000000, 0x0000000088000000, 0x00000000a0000000)
  eden space 87424K,   0% used [0x0000000080000000, 0x0000000080000000, 0x0000000085560000)
  from space 21824K, 100% used [0x0000000086ab0000, 0x0000000088000000, 0x0000000088000000)
  to   space 21824K,   0% used [0x0000000085560000, 0x0000000085560000, 0x0000000086ab0000)
 concurrent mark-sweep generation total 1272716K, used 847556K [0x00000000a0000000, 0x00000000edae3000, 0x0000000100000000)
 Metaspace       used 29092K, capacity 29916K, committed 30104K, reserved 1075200K
  class space    used 3434K, capacity 3690K, committed 3736K, reserved 1048576K
}
2018-06-17T23:29:04.844+0545: 12.469: Total time for which application threads were stopped: 0.0784808 seconds, Stopping threads took: 0.0000179 seconds
2018-06-17T23:29:04.975+0545: 12.600: [CMS-concurrent-preclean: 0.202/0.286 secs] [Times: user=0.73 sys=0.01, real=0.28 secs] 
2018-06-17T23:29:04.975+0545: 12.600: [CMS-concurrent-abortable-preclean-start]
{Heap before GC invocations=39 (full 6):
 par new generation   total 109248K, used 109248K [0x0000000080000000, 0x0000000088000000, 0x00000000a0000000)
  eden space 87424K, 100% used [0x0000000080000000, 0x0000000085560000, 0x0000000085560000)
  from space 21824K, 100% used [0x0000000086ab0000, 0x0000000088000000, 0x0000000088000000)
  to   space 21824K,   0% used [0x0000000085560000, 0x0000000085560000, 0x0000000086ab0000)
 concurrent mark-sweep generation total 1272716K, used 847556K [0x00000000a0000000, 0x00000000edae3000, 0x0000000100000000)
 Metaspace       used 29098K, capacity 29916K, committed 30104K, reserved 1075200K
  class space    used 3435K, capacity 3690K, committed 3736K, reserved 1048576K
2018-06-17T23:29:05.042+0545: 12.667: [GC (Allocation Failure) 2018-06-17T23:29:05.042+0545: 12.667: [ParNew
Desired survivor size 20112992 bytes, new threshold 3 (max 8)
- age   1:    9190416 bytes,    9190416 total
- age   2:    8526368 bytes,   17716784 total
- age   3:    4630008 bytes,   22346792 total
: 109248K->21823K(109248K), 0.0713763 secs] 956804K->890208K(1381964K), 0.0714444 secs] [Times: user=0.25 sys=0.00, real=0.07 secs] 
Heap after GC invocations=40 (full 6):
 par new generation   total 109248K, used 21823K [0x0000000080000000, 0x0000000088000000, 0x00000000a0000000)
  eden space 87424K,   0% used [0x0000000080000000, 0x0000000080000000, 0x0000000085560000)
  from space 21824K,  99% used [0x0000000085560000, 0x0000000086aafcc0, 0x0000000086ab0000)
  to   space 21824K,   0% used [0x0000000086ab0000, 0x0000000086ab0000, 0x0000000088000000)
 concurrent mark-sweep generation total 1272716K, used 868385K [0x00000000a0000000, 0x00000000edae3000, 0x0000000100000000)
 Metaspace       used 29098K, capacity 29916K, committed 30104K, reserved 1075200K
  class space    used 3435K, capacity 3690K, committed 3736K, reserved 1048576K
}
2018-06-17T23:29:05.113+0545: 12.738: Total time for which application threads were stopped: 0.0716405 seconds, Stopping threads took: 0.0000277 seconds
2018-06-17T23:29:05.156+0545: 12.781: [CMS-concurrent-abortable-preclean: 0.109/0.182 secs] [Times: user=0.47 sys=0.00, real=0.18 secs] 
2018-06-17T23:29:05.156+0545: 12.781: [GC (CMS Final Remark) [YG occupancy: 55044 K (109248 K)]{Heap before GC invocations=40 (full 6):
 par new generation   total 109248K, used 55044K [0x0000000080000000, 0x0000000088000000, 0x00000000a0000000)
  eden space 87424K,  37% used [0x0000000080000000, 0x00000000820713a8, 0x0000000085560000)
  from space 21824K,  99% used [0x0000000085560000, 0x0000000086aafcc0, 0x0000000086ab0000)
  to   space 21824K,   0% used [0x0000000086ab0000, 0x0000000086ab0000, 0x0000000088000000)
 concurrent mark-sweep generation total 1272716K, used 868385K [0x00000000a0000000, 0x00000000edae3000, 0x0000000100000000)
 Metaspace       used 29098K, capacity 29916K, committed 30104K, reserved 1075200K
  class space    used 3435K, capacity 3690K, committed 3736K, reserved 1048576K
2018-06-17T23:29:05.156+0545: 12.781: [GC (CMS Final Remark) 2018-06-17T23:29:05.156+0545: 12.781: [ParNew
Desired survivor size 20112992 bytes, new threshold 8 (max 8)
- age   1:    2278232 bytes,    2278232 total
- age   2:    8447608 bytes,   10725840 total
- age   3:    8355672 bytes,   19081512 total
: 55044K->21823K(109248K), 0.0416420 secs] 923429K->901307K(1381964K), 0.0416878 secs] [Times: user=0.14 sys=0.01, real=0.04 secs] 
Heap after GC invocations=41 (full 6):
 par new generation   total 109248K, used 21823K [0x0000000080000000, 0x0000000088000000, 0x00000000a0000000)
  eden space 87424K,   0% used [0x0000000080000000, 0x0000000080000000, 0x0000000085560000)
  from space 21824K,  99% used [0x0000000086ab0000, 0x0000000087fffc40, 0x0000000088000000)
  to   space 21824K,   0% used [0x0000000085560000, 0x0000000085560000, 0x0000000086ab0000)
 concurrent mark-sweep generation total 1272716K, used 879484K [0x00000000a0000000, 0x00000000edae3000, 0x0000000100000000)
 Metaspace       used 29098K, capacity 29916K, committed 30104K, reserved 1075200K
  class space    used 3435K, capacity 3690K, committed 3736K, reserved 1048576K
}
2018-06-17T23:29:05.198+0545: 12.823: [Rescan (parallel) , 0.0163285 secs]2018-06-17T23:29:05.214+0545: 12.840: [weak refs processing, 0.0017673 secs]2018-06-17T23:29:05.216+0545: 12.841: [class unloading, 0.0040642 secs]2018-06-17T23:29:05.220+0545: 12.845: [scrub symbol table, 0.0043110 secs]2018-06-17T23:29:05.225+0545: 12.850: [scrub string table, 0.0004401 secs][1 CMS-remark: 879484K(1272716K)] 901307K(1381964K), 0.0688350 secs] [Times: user=0.20 sys=0.02, real=0.07 secs] 
2018-06-17T23:29:05.225+0545: 12.850: Total time for which application threads were stopped: 0.0689716 seconds, Stopping threads took: 0.0000283 seconds
2018-06-17T23:29:05.225+0545: 12.850: [CMS-concurrent-sweep-start]
{Heap before GC invocations=41 (full 6):
 par new generation   total 109248K, used 109247K [0x0000000080000000, 0x0000000088000000, 0x00000000a0000000)
  eden space 87424K, 100% used [0x0000000080000000, 0x0000000085560000, 0x0000000085560000)
  from space 21824K,  99% used [0x0000000086ab0000, 0x0000000087fffc40, 0x0000000088000000)
  to   space 21824K,   0% used [0x0000000085560000, 0x0000000085560000, 0x0000000086ab0000)
 concurrent mark-sweep generation total 1272716K, used 879436K [0x00000000a0000000, 0x00000000edae3000, 0x0000000100000000)
 Metaspace       used 29098K, capacity 29916K, committed 30104K, reserved 1075200K
  class space    used 3435K, capacity 3690K, committed 3736K, reserved 1048576K
2018-06-17T23:29:05.327+0545: 12.952: [GC (Allocation Failure) 2018-06-17T23:29:05.327+0545: 12.952: [ParNew
Desired survivor size 20112992 bytes, new threshold 4 (max 8)
- age   1:    5156832 bytes,    5156832 total
- age   2:    1105944 bytes,    6262776 total
- age   3:    7811848 bytes,   14074624 total
- age   4:    8272976 bytes,   22347600 total
: 109247K->21824K(109248K), 0.0564194 secs] 988683K->918484K(1381964K), 0.0564787 secs] [Times: user=0.19 sys=0.01, real=0.06 secs] 
Heap after GC invocations=42 (full 6):
 par new generation   total 109248K, used 21824K [0x0000000080000000, 0x0000000088000000, 0x00000000a0000000)
  eden space 87424K,   0% used [0x0000000080000000, 0x0000000080000000, 0x0000000085560000)
  from space 21824K, 100% used [0x0000000085560000, 0x0000000086ab0000, 0x0000000086ab0000)
  to   space 21824K,   0% used [0x0000000086ab0000, 0x0000000086ab0000, 0x0000000088000000)
 concurrent mark-sweep generation total 1272716K, used 896660K [0x00000000a0000000, 0x00000000edae3000, 0x0000000100000000)
 Metaspace       used 29098K, capacity 29916K, committed 30104K, reserved 1075200K
  class space    used 3435K, capacity 3690K, committed 3736K, reserved 1048576K
}
2018-06-17T23:29:05.383+0545: 13.008: Total time for which application threads were stopped: 0.0566390 seconds, Stopping threads took: 0.0000177 seconds
{Heap before GC invocations=42 (full 6):
 par new generation   total 109248K, used 109248K [0x0000000080000000, 0x0000000088000000, 0x00000000a0000000)
  eden space 87424K, 100% used [0x0000000080000000, 0x0000000085560000, 0x0000000085560000)
  from space 21824K, 100% used [0x0000000085560000, 0x0000000086ab0000, 0x0000000086ab0000)
  to   space 21824K,   0% used [0x0000000086ab0000, 0x0000000086ab0000, 0x0000000088000000)
 concurrent mark-sweep generation total 1272716K, used 893838K [0x00000000a0000000, 0x00000000edae3000, 0x0000000100000000)
 Metaspace       used 29102K, capacity 29916K, committed 30104K, reserved 1075200K
  class space    used 3435K, capacity 3690K, committed 3736K, reserved 1048576K
2018-06-17T23:29:05.497+0545: 13.122: [GC (Allocation Failure) 2018-06-17T23:29:05.497+0545: 13.122: [ParNew
Desired survivor size 20112992 bytes, new threshold 4 (max 8)
- age   1:   11399112 bytes,   11399112 total
- age   2:    3619976 bytes,   15019088 total
- age   3:     847896 bytes,   15866984 total
- age   4:    6480704 bytes,   22347688 total
: 109248K->21824K(109248K), 0.0649897 secs] 1003086K->937878K(1381964K), 0.0650471 secs] [Times: user=0.22 sys=0.01, real=0.07 secs] 
Heap after GC invocations=43 (full 6):
 par new generation   total 109248K, used 21824K [0x0000000080000000, 0x0000000088000000, 0x00000000a0000000)
  eden space 87424K,   0% used [0x0000000080000000, 0x0000000080000000, 0x0000000085560000)
  from space 21824K, 100% used [0x0000000086ab0000, 0x0000000088000000, 0x0000000088000000)
  to   space 21824K,   0% used [0x0000000085560000, 0x0000000085560000, 0x0000000086ab0000)
 concurrent mark-sweep generation total 1272716K, used 916054K [0x00000000a0000000, 0x00000000edae3000, 0x0000000100000000)
 Metaspace       used 29102K, capacity 29916K, committed 30104K, reserved 1075200K
  class space    used 3435K, capacity 3690K, committed 3736K, reserved 1048576K
}
2018-06-17T23:29:05.562+0545: 13.187: Total time for which application threads were stopped: 0.0652005 seconds, Stopping threads took: 0.0000155 seconds
{Heap before GC invocations=43 (full 6):
 par new generation   total 109248K, used 109248K [0x0000000080000000, 0x0000000088000000, 0x00000000a0000000)
  eden space 87424K, 100% used [0x0000000080000000, 0x0000000085560000, 0x0000000085560000)
  from space 21824K, 100% used [0x0000000086ab0000, 0x0000000088000000, 0x0000000088000000)
  to   space 21824K,   0% used [0x0000000085560000, 0x0000000085560000, 0x0000000086ab0000)
 concurrent mark-sweep generation total 1272716K, used 908983K [0x00000000a0000000, 0x00000000edae3000, 0x0000000100000000)
 Metaspace       used 29102K, capacity 29916K, committed 30104K, reserved 1075200K
  class space    used 3435K, capacity 3690K, committed 3736K, reserved 1048576K
2018-06-17T23:29:05.668+0545: 13.293: [GC (Allocation Failure) 2018-06-17T23:29:05.668+0545: 13.293: [ParNew
Desired survivor size 20112992 bytes, new threshold 3 (max 8)
- age   1:   10625904 bytes,   10625904 total
- age   2:    7494592 bytes,   18120496 total
- age   3:    3560560 bytes,   21681056 total
- age   4:     666568 bytes,   22347624 total
: 109248K->21824K(109248K), 0.0595802 secs] 1018231K->951330K(1381964K), 0.0596409 secs] [Times: user=0.21 sys=0.00, real=0.05 secs] 
Heap after GC invocations=44 (full 6):
 par new generation   total 109248K, used 21824K [0x0000000080000000, 0x0000000088000000, 0x00000000a0000000)
  eden space 87424K,   0% used [0x0000000080000000, 0x0000000080000000, 0x0000000085560000)
  from space 21824K, 100% used [0x0000000085560000, 0x0000000086ab0000, 0x0000000086ab0000)
  to   space 21824K,   0% used [0x0000000086ab0000, 0x0000000086ab0000, 0x0000000088000000)
 concurrent mark-sweep generation total 1272716K, used 929506K [0x00000000a0000000, 0x00000000edae3000, 0x0000000100000000)
 Metaspace       used 29102K, capacity 29916K, committed 30104K, reserved 1075200K
  class space    used 3435K, capacity 3690K, committed 3736K, reserved 1048576K
}
2018-06-17T23:29:05.728+0545: 13.353: Total time for which application threads were stopped: 0.0597989 seconds, Stopping threads took: 0.0000159 seconds
2018-06-17T23:29:05.767+0545: 13.392: [CMS-concurrent-sweep: 0.360/0.541 secs] [Times: user=1.34 sys=0.02, real=0.54 secs] 
2018-06-17T23:29:05.767+0545: 13.392: [CMS-concurrent-reset-start]
2018-06-17T23:29:05.770+0545: 13.395: [CMS-concurrent-reset: 0.002/0.002 secs] [Times: user=0.01 sys=0.00, real=0.01 secs] 
{Heap before GC invocations=44 (full 6):
 par new generation   total 109248K, used 109248K [0x0000000080000000, 0x0000000088000000, 0x00000000a0000000)
  eden space 87424K, 100% used [0x0000000080000000, 0x0000000085560000, 0x0000000085560000)
  from space 21824K, 100% used [0x0000000085560000, 0x0000000086ab0000, 0x0000000086ab0000)
  to   space 21824K,   0% used [0x0000000086ab0000, 0x0000000086ab0000, 0x0000000088000000)
 concurrent mark-sweep generation total 1549180K, used 929506K [0x00000000a0000000, 0x00000000fe8df000, 0x0000000100000000)
 Metaspace       used 29102K, capacity 29916K, committed 30104K, reserved 1075200K
  class space    used 3435K, capacity 3690K, committed 3736K, reserved 1048576K
2018-06-17T23:29:05.848+0545: 13.473: [GC (Allocation Failure) 2018-06-17T23:29:05.848+0545: 13.473: [ParNew
Desired survivor size 20112992 bytes, new threshold 3 (max 8)
- age   1:    5464128 bytes,    5464128 total
- age   2:    9725752 bytes,   15189880 total
- age   3:    7157800 bytes,   22347680 total
: 109248K->21824K(109248K), 0.0631394 secs] 1038754K->972232K(1658428K), 0.0632009 secs] [Times: user=0.20 sys=0.02, real=0.07 secs] 
Heap after GC invocations=45 (full 6):
 par new generation   total 109248K, used 21824K [0x0000000080000000, 0x0000000088000000, 0x00000000a0000000)
  eden space 87424K,   0% used [0x0000000080000000, 0x0000000080000000, 0x0000000085560000)
  from space 21824K, 100% used [0x0000000086ab0000, 0x0000000088000000, 0x0000000088000000)
  to   space 21824K,   0% used [0x0000000085560000, 0x0000000085560000, 0x0000000086ab0000)
 concurrent mark-sweep generation total 1549180K, used 950408K [0x00000000a0000000, 0x00000000fe8df000, 0x0000000100000000)
 Metaspace       used 29102K, capacity 29916K, committed 30104K, reserved 1075200K
  class space    used 3435K, capacity 3690K, committed 3736K, reserved 1048576K
}
2018-06-17T23:29:05.911+0545: 13.536: Total time for which application threads were stopped: 0.0633883 seconds, Stopping threads took: 0.0000191 seconds
2018-06-17T23:29:05.911+0545: 13.537: [GC (CMS Initial Mark) [1 CMS-initial-mark: 950408K(1549180K)] 973980K(1658428K), 0.0117140 secs] [Times: user=0.04 sys=0.00, real=0.01 secs] 
2018-06-17T23:29:05.923+0545: 13.548: Total time for which application threads were stopped: 0.0118320 seconds, Stopping threads took: 0.0000142 seconds
2018-06-17T23:29:05.923+0545: 13.548: [CMS-concurrent-mark-start]
{Heap before GC invocations=45 (full 7):
 par new generation   total 109248K, used 109248K [0x0000000080000000, 0x0000000088000000, 0x00000000a0000000)
  eden space 87424K, 100% used [0x0000000080000000, 0x0000000085560000, 0x0000000085560000)
  from space 21824K, 100% used [0x0000000086ab0000, 0x0000000088000000, 0x0000000088000000)
  to   space 21824K,   0% used [0x0000000085560000, 0x0000000085560000, 0x0000000086ab0000)
 concurrent mark-sweep generation total 1549180K, used 950408K [0x00000000a0000000, 0x00000000fe8df000, 0x0000000100000000)
 Metaspace       used 29102K, capacity 29916K, committed 30104K, reserved 1075200K
  class space    used 3435K, capacity 3690K, committed 3736K, reserved 1048576K
2018-06-17T23:29:06.150+0545: 13.775: [GC (Allocation Failure) 2018-06-17T23:29:06.150+0545: 13.775: [ParNew
Desired survivor size 20112992 bytes, new threshold 3 (max 8)
- age   1:   10419248 bytes,   10419248 total
- age   2:    2270176 bytes,   12689424 total
- age   3:    9658592 bytes,   22348016 total
: 109248K->21824K(109248K), 0.0662984 secs] 1059656K->993750K(1658428K), 0.0663687 secs] [Times: user=0.24 sys=0.00, real=0.06 secs] 
Heap after GC invocations=46 (full 7):
 par new generation   total 109248K, used 21824K [0x0000000080000000, 0x0000000088000000, 0x00000000a0000000)
  eden space 87424K,   0% used [0x0000000080000000, 0x0000000080000000, 0x0000000085560000)
  from space 21824K, 100% used [0x0000000085560000, 0x0000000086ab0000, 0x0000000086ab0000)
  to   space 21824K,   0% used [0x0000000086ab0000, 0x0000000086ab0000, 0x0000000088000000)
 concurrent mark-sweep generation total 1549180K, used 971926K [0x00000000a0000000, 0x00000000fe8df000, 0x0000000100000000)
 Metaspace       used 29102K, capacity 29916K, committed 30104K, reserved 1075200K
  class space    used 3435K, capacity 3690K, committed 3736K, reserved 1048576K
}
2018-06-17T23:29:06.216+0545: 13.841: Total time for which application threads were stopped: 0.0665241 seconds, Stopping threads took: 0.0000230 seconds
{Heap before GC invocations=46 (full 7):
 par new generation   total 109248K, used 109248K [0x0000000080000000, 0x0000000088000000, 0x00000000a0000000)
  eden space 87424K, 100% used [0x0000000080000000, 0x0000000085560000, 0x0000000085560000)
  from space 21824K, 100% used [0x0000000085560000, 0x0000000086ab0000, 0x0000000086ab0000)
  to   space 21824K,   0% used [0x0000000086ab0000, 0x0000000086ab0000, 0x0000000088000000)
 concurrent mark-sweep generation total 1549180K, used 971926K [0x00000000a0000000, 0x00000000fe8df000, 0x0000000100000000)
 Metaspace       used 29102K, capacity 29916K, committed 30104K, reserved 1075200K
  class space    used 3435K, capacity 3690K, committed 3736K, reserved 1048576K
2018-06-17T23:29:06.416+0545: 14.041: [GC (Allocation Failure) 2018-06-17T23:29:06.416+0545: 14.041: [ParNew
Desired survivor size 20112992 bytes, new threshold 2 (max 8)
- age   1:   15083168 bytes,   15083168 total
- age   2:    5939640 bytes,   21022808 total
- age   3:    1324832 bytes,   22347640 total
: 109248K->21824K(109248K), 0.0679293 secs] 1081174K->1014133K(1658428K), 0.0679875 secs] [Times: user=0.23 sys=0.01, real=0.07 secs] 
Heap after GC invocations=47 (full 7):
 par new generation   total 109248K, used 21824K [0x0000000080000000, 0x0000000088000000, 0x00000000a0000000)
  eden space 87424K,   0% used [0x0000000080000000, 0x0000000080000000, 0x0000000085560000)
  from space 21824K, 100% used [0x0000000086ab0000, 0x0000000088000000, 0x0000000088000000)
  to   space 21824K,   0% used [0x0000000085560000, 0x0000000085560000, 0x0000000086ab0000)
 concurrent mark-sweep generation total 1549180K, used 992309K [0x00000000a0000000, 0x00000000fe8df000, 0x0000000100000000)
 Metaspace       used 29102K, capacity 29916K, committed 30104K, reserved 1075200K
  class space    used 3435K, capacity 3690K, committed 3736K, reserved 1048576K
}
2018-06-17T23:29:06.484+0545: 14.109: Total time for which application threads were stopped: 0.0681411 seconds, Stopping threads took: 0.0000211 seconds
{Heap before GC invocations=47 (full 7):
 par new generation   total 109248K, used 109248K [0x0000000080000000, 0x0000000088000000, 0x00000000a0000000)
  eden space 87424K, 100% used [0x0000000080000000, 0x0000000085560000, 0x0000000085560000)
  from space 21824K, 100% used [0x0000000086ab0000, 0x0000000088000000, 0x0000000088000000)
  to   space 21824K,   0% used [0x0000000085560000, 0x0000000085560000, 0x0000000086ab0000)
 concurrent mark-sweep generation total 1549180K, used 992309K [0x00000000a0000000, 0x00000000fe8df000, 0x0000000100000000)
 Metaspace       used 29102K, capacity 29916K, committed 30104K, reserved 1075200K
  class space    used 3435K, capacity 3690K, committed 3736K, reserved 1048576K
2018-06-17T23:29:06.688+0545: 14.313: [GC (Allocation Failure) 2018-06-17T23:29:06.688+0545: 14.313: [ParNew
Desired survivor size 20112992 bytes, new threshold 2 (max 8)
- age   1:   13050264 bytes,   13050264 total
- age   2:    9297832 bytes,   22348096 total
: 109248K->21823K(109248K), 0.1294975 secs] 1101557K->1038265K(1658428K), 0.1296352 secs] [Times: user=0.35 sys=0.01, real=0.12 secs] 
Heap after GC invocations=48 (full 7):
 par new generation   total 109248K, used 21823K [0x0000000080000000, 0x0000000088000000, 0x00000000a0000000)
  eden space 87424K,   0% used [0x0000000080000000, 0x0000000080000000, 0x0000000085560000)
  from space 21824K,  99% used [0x0000000085560000, 0x0000000086aafd00, 0x0000000086ab0000)
  to   space 21824K,   0% used [0x0000000086ab0000, 0x0000000086ab0000, 0x0000000088000000)
 concurrent mark-sweep generation total 1549180K, used 1016442K [0x00000000a0000000, 0x00000000fe8df000, 0x0000000100000000)
 Metaspace       used 29102K, capacity 29916K, committed 30104K, reserved 1075200K
  class space    used 3435K, capacity 3690K, committed 3736K, reserved 1048576K
}
2018-06-17T23:29:06.818+0545: 14.443: Total time for which application threads were stopped: 0.1298484 seconds, Stopping threads took: 0.0000227 seconds
{Heap before GC invocations=48 (full 7):
 par new generation   total 109248K, used 109247K [0x0000000080000000, 0x0000000088000000, 0x00000000a0000000)
  eden space 87424K, 100% used [0x0000000080000000, 0x0000000085560000, 0x0000000085560000)
  from space 21824K,  99% used [0x0000000085560000, 0x0000000086aafd00, 0x0000000086ab0000)
  to   space 21824K,   0% used [0x0000000086ab0000, 0x0000000086ab0000, 0x0000000088000000)
 concurrent mark-sweep generation total 1549180K, used 1016442K [0x00000000a0000000, 0x00000000fe8df000, 0x0000000100000000)
 Metaspace       used 29102K, capacity 29916K, committed 30104K, reserved 1075200K
  class space    used 3435K, capacity 3690K, committed 3736K, reserved 1048576K
2018-06-17T23:29:07.152+0545: 14.777: [GC (Allocation Failure) 2018-06-17T23:29:07.152+0545: 14.777: [ParNew
Desired survivor size 20112992 bytes, new threshold 2 (max 8)
- age   1:   12788952 bytes,   12788952 total
- age   2:    9557736 bytes,   22346688 total
: 109247K->21823K(109248K), 0.0670538 secs] 1125689K->1058668K(1658428K), 0.0671152 secs] [Times: user=0.23 sys=0.00, real=0.06 secs] 
Heap after GC invocations=49 (full 7):
 par new generation   total 109248K, used 21823K [0x0000000080000000, 0x0000000088000000, 0x00000000a0000000)
  eden space 87424K,   0% used [0x0000000080000000, 0x0000000080000000, 0x0000000085560000)
  from space 21824K,  99% used [0x0000000086ab0000, 0x0000000087fffc40, 0x0000000088000000)
  to   space 21824K,   0% used [0x0000000085560000, 0x0000000085560000, 0x0000000086ab0000)
 concurrent mark-sweep generation total 1549180K, used 1036845K [0x00000000a0000000, 0x00000000fe8df000, 0x0000000100000000)
 Metaspace       used 29102K, capacity 29916K, committed 30104K, reserved 1075200K
  class space    used 3435K, capacity 3690K, committed 3736K, reserved 1048576K
}
2018-06-17T23:29:07.219+0545: 14.845: Total time for which application threads were stopped: 0.0672674 seconds, Stopping threads took: 0.0000195 seconds
2018-06-17T23:29:07.341+0545: 14.966: [CMS-concurrent-mark: 1.086/1.418 secs] [Times: user=4.61 sys=0.03, real=1.42 secs] 
2018-06-17T23:29:07.341+0545: 14.966: [CMS-concurrent-preclean-start]
{Heap before GC invocations=49 (full 7):
 par new generation   total 109248K, used 109247K [0x0000000080000000, 0x0000000088000000, 0x00000000a0000000)
  eden space 87424K, 100% used [0x0000000080000000, 0x0000000085560000, 0x0000000085560000)
  from space 21824K,  99% used [0x0000000086ab0000, 0x0000000087fffc40, 0x0000000088000000)
  to   space 21824K,   0% used [0x0000000085560000, 0x0000000085560000, 0x0000000086ab0000)
 concurrent mark-sweep generation total 1549180K, used 1036845K [0x00000000a0000000, 0x00000000fe8df000, 0x0000000100000000)
 Metaspace       used 29102K, capacity 29916K, committed 30104K, reserved 1075200K
  class space    used 3435K, capacity 3690K, committed 3736K, reserved 1048576K
2018-06-17T23:29:07.379+0545: 15.004: [GC (Allocation Failure) 2018-06-17T23:29:07.379+0545: 15.004: [ParNew
Desired survivor size 20112992 bytes, new threshold 2 (max 8)
- age   1:   12595088 bytes,   12595088 total
- age   2:    9199824 bytes,   21794912 total
: 109247K->21822K(109248K), 0.0894690 secs] 1146092K->1080110K(1658428K), 0.0895421 secs] [Times: user=0.24 sys=0.01, real=0.10 secs] 
Heap after GC invocations=50 (full 7):
 par new generation   total 109248K, used 21822K [0x0000000080000000, 0x0000000088000000, 0x00000000a0000000)
  eden space 87424K,   0% used [0x0000000080000000, 0x0000000080000000, 0x0000000085560000)
  from space 21824K,  99% used [0x0000000085560000, 0x0000000086aafbe0, 0x0000000086ab0000)
  to   space 21824K,   0% used [0x0000000086ab0000, 0x0000000086ab0000, 0x0000000088000000)
 concurrent mark-sweep generation total 1549180K, used 1058287K [0x00000000a0000000, 0x00000000fe8df000, 0x0000000100000000)
 Metaspace       used 29102K, capacity 29916K, committed 30104K, reserved 1075200K
  class space    used 3435K, capacity 3690K, committed 3736K, reserved 1048576K
}
2018-06-17T23:29:07.469+0545: 15.094: Total time for which application threads were stopped: 0.0896966 seconds, Stopping threads took: 0.0000188 seconds
2018-06-17T23:29:07.562+0545: 15.187: [CMS-concurrent-preclean: 0.130/0.220 secs] [Times: user=0.49 sys=0.01, real=0.22 secs] 
2018-06-17T23:29:07.562+0545: 15.187: [CMS-concurrent-abortable-preclean-start]
{Heap before GC invocations=50 (full 7):
 par new generation   total 109248K, used 109246K [0x0000000080000000, 0x0000000088000000, 0x00000000a0000000)
  eden space 87424K, 100% used [0x0000000080000000, 0x0000000085560000, 0x0000000085560000)
  from space 21824K,  99% used [0x0000000085560000, 0x0000000086aafbe0, 0x0000000086ab0000)
  to   space 21824K,   0% used [0x0000000086ab0000, 0x0000000086ab0000, 0x0000000088000000)
 concurrent mark-sweep generation total 1549180K, used 1058287K [0x00000000a0000000, 0x00000000fe8df000, 0x0000000100000000)
 Metaspace       used 29102K, capacity 29916K, committed 30104K, reserved 1075200K
  class space    used 3435K, capacity 3690K, committed 3736K, reserved 1048576K
2018-06-17T23:29:07.577+0545: 15.202: [GC (Allocation Failure) 2018-06-17T23:29:07.577+0545: 15.202: [ParNew
Desired survivor size 20112992 bytes, new threshold 2 (max 8)
- age   1:   10766520 bytes,   10766520 total
- age   2:   11581088 bytes,   22347608 total
: 109246K->21824K(109248K), 0.0603346 secs] 1167534K->1100643K(1658428K), 0.0603938 secs] [Times: user=0.23 sys=0.00, real=0.06 secs] 
Heap after GC invocations=51 (full 7):
 par new generation   total 109248K, used 21824K [0x0000000080000000, 0x0000000088000000, 0x00000000a0000000)
  eden space 87424K,   0% used [0x0000000080000000, 0x0000000080000000, 0x0000000085560000)
  from space 21824K, 100% used [0x0000000086ab0000, 0x0000000088000000, 0x0000000088000000)
  to   space 21824K,   0% used [0x0000000085560000, 0x0000000085560000, 0x0000000086ab0000)
 concurrent mark-sweep generation total 1549180K, used 1078819K [0x00000000a0000000, 0x00000000fe8df000, 0x0000000100000000)
 Metaspace       used 29102K, capacity 29916K, committed 30104K, reserved 1075200K
  class space    used 3435K, capacity 3690K, committed 3736K, reserved 1048576K
}
2018-06-17T23:29:07.637+0545: 15.262: Total time for which application threads were stopped: 0.0605494 seconds, Stopping threads took: 0.0000185 seconds
2018-06-17T23:29:07.672+0545: 15.297: [CMS-concurrent-abortable-preclean: 0.049/0.110 secs] [Times: user=0.32 sys=0.00, real=0.11 secs] 
2018-06-17T23:29:07.672+0545: 15.297: [GC (CMS Final Remark) [YG occupancy: 51549 K (109248 K)]{Heap before GC invocations=51 (full 7):
 par new generation   total 109248K, used 51549K [0x0000000080000000, 0x0000000088000000, 0x00000000a0000000)
  eden space 87424K,  34% used [0x0000000080000000, 0x0000000081d07418, 0x0000000085560000)
  from space 21824K, 100% used [0x0000000086ab0000, 0x0000000088000000, 0x0000000088000000)
  to   space 21824K,   0% used [0x0000000085560000, 0x0000000085560000, 0x0000000086ab0000)
 concurrent mark-sweep generation total 1549180K, used 1078819K [0x00000000a0000000, 0x00000000fe8df000, 0x0000000100000000)
 Metaspace       used 29102K, capacity 29916K, committed 30104K, reserved 1075200K
  class space    used 3435K, capacity 3690K, committed 3736K, reserved 1048576K
2018-06-17T23:29:07.672+0545: 15.297: [GC (CMS Final Remark) 2018-06-17T23:29:07.672+0545: 15.297: [ParNew
Desired survivor size 20112992 bytes, new threshold 8 (max 8)
- age   1:    6505296 bytes,    6505296 total
- age   2:   10765784 bytes,   17271080 total
: 51549K->21722K(109248K), 0.0401342 secs] 1130368K->1112503K(1658428K), 0.0401815 secs] [Times: user=0.14 sys=0.01, real=0.04 secs] 
Heap after GC invocations=52 (full 7):
 par new generation   total 109248K, used 21722K [0x0000000080000000, 0x0000000088000000, 0x00000000a0000000)
  eden space 87424K,   0% used [0x0000000080000000, 0x0000000080000000, 0x0000000085560000)
  from space 21824K,  99% used [0x0000000085560000, 0x0000000086a96a20, 0x0000000086ab0000)
  to   space 21824K,   0% used [0x0000000086ab0000, 0x0000000086ab0000, 0x0000000088000000)
 concurrent mark-sweep generation total 1549180K, used 1090780K [0x00000000a0000000, 0x00000000fe8df000, 0x0000000100000000)
 Metaspace       used 29102K, capacity 29916K, committed 30104K, reserved 1075200K
  class space    used 3435K, capacity 3690K, committed 3736K, reserved 1048576K
}
2018-06-17T23:29:07.712+0545: 15.338: [Rescan (parallel) , 0.0165557 secs]2018-06-17T23:29:07.729+0545: 15.354: [weak refs processing, 0.0011258 secs]2018-06-17T23:29:07.730+0545: 15.355: [class unloading, 0.0034967 secs]2018-06-17T23:29:07.734+0545: 15.359: [scrub symbol table, 0.0032031 secs]2018-06-17T23:29:07.737+0545: 15.362: [scrub string table, 0.0004289 secs][1 CMS-remark: 1090780K(1549180K)] 1112503K(1658428K), 0.0651936 secs] [Times: user=0.21 sys=0.01, real=0.06 secs] 
2018-06-17T23:29:07.737+0545: 15.362: Total time for which application threads were stopped: 0.0653253 seconds, Stopping threads took: 0.0000294 seconds
2018-06-17T23:29:07.737+0545: 15.363: [CMS-concurrent-sweep-start]
{Heap before GC invocations=52 (full 7):
 par new generation   total 109248K, used 109146K [0x0000000080000000, 0x0000000088000000, 0x00000000a0000000)
  eden space 87424K, 100% used [0x0000000080000000, 0x0000000085560000, 0x0000000085560000)
  from space 21824K,  99% used [0x0000000085560000, 0x0000000086a96a20, 0x0000000086ab0000)
  to   space 21824K,   0% used [0x0000000086ab0000, 0x0000000086ab0000, 0x0000000088000000)
 concurrent mark-sweep generation total 1549180K, used 1090140K [0x00000000a0000000, 0x00000000fe8df000, 0x0000000100000000)
 Metaspace       used 29102K, capacity 29916K, committed 30104K, reserved 1075200K
  class space    used 3435K, capacity 3690K, committed 3736K, reserved 1048576K
2018-06-17T23:29:07.900+0545: 15.525: [GC (Allocation Failure) 2018-06-17T23:29:07.900+0545: 15.525: [ParNew
Desired survivor size 20112992 bytes, new threshold 3 (max 8)
- age   1:   10288432 bytes,   10288432 total
- age   2:    3259816 bytes,   13548248 total
- age   3:    8799264 bytes,   22347512 total
: 109146K->21824K(109248K), 0.0750747 secs] 1199287K->1127922K(1658428K), 0.0751448 secs] [Times: user=0.20 sys=0.00, real=0.07 secs] 
Heap after GC invocations=53 (full 7):
 par new generation   total 109248K, used 21824K [0x0000000080000000, 0x0000000088000000, 0x00000000a0000000)
  eden space 87424K,   0% used [0x0000000080000000, 0x0000000080000000, 0x0000000085560000)
  from space 21824K, 100% used [0x0000000086ab0000, 0x0000000088000000, 0x0000000088000000)
  to   space 21824K,   0% used [0x0000000085560000, 0x0000000085560000, 0x0000000086ab0000)
 concurrent mark-sweep generation total 1549180K, used 1106098K [0x00000000a0000000, 0x00000000fe8df000, 0x0000000100000000)
 Metaspace       used 29102K, capacity 29916K, committed 30104K, reserved 1075200K
  class space    used 3435K, capacity 3690K, committed 3736K, reserved 1048576K
}
2018-06-17T23:29:07.976+0545: 15.601: Total time for which application threads were stopped: 0.0753239 seconds, Stopping threads took: 0.0000183 seconds
{Heap before GC invocations=53 (full 7):
 par new generation   total 109248K, used 109248K [0x0000000080000000, 0x0000000088000000, 0x00000000a0000000)
  eden space 87424K, 100% used [0x0000000080000000, 0x0000000085560000, 0x0000000085560000)
  from space 21824K, 100% used [0x0000000086ab0000, 0x0000000088000000, 0x0000000088000000)
  to   space 21824K,   0% used [0x0000000085560000, 0x0000000085560000, 0x0000000086ab0000)
 concurrent mark-sweep generation total 1549180K, used 1105083K [0x00000000a0000000, 0x00000000fe8df000, 0x0000000100000000)
 Metaspace       used 29102K, capacity 29916K, committed 30104K, reserved 1075200K
  class space    used 3435K, capacity 3690K, committed 3736K, reserved 1048576K
2018-06-17T23:29:08.128+0545: 15.754: [GC (Allocation Failure) 2018-06-17T23:29:08.129+0545: 15.754: [ParNew
Desired survivor size 20112992 bytes, new threshold 2 (max 8)
- age   1:   13137640 bytes,   13137640 total
- age   2:    7171528 bytes,   20309168 total
- age   3:    2038408 bytes,   22347576 total
: 109248K->21824K(109248K), 0.0652616 secs] 1214331K->1146977K(1658428K), 0.0653421 secs] [Times: user=0.21 sys=0.01, real=0.06 secs] 
Heap after GC invocations=54 (full 7):
 par new generation   total 109248K, used 21824K [0x0000000080000000, 0x0000000088000000, 0x00000000a0000000)
  eden space 87424K,   0% used [0x0000000080000000, 0x0000000080000000, 0x0000000085560000)
  from space 21824K, 100% used [0x0000000085560000, 0x0000000086ab0000, 0x0000000086ab0000)
  to   space 21824K,   0% used [0x0000000086ab0000, 0x0000000086ab0000, 0x0000000088000000)
 concurrent mark-sweep generation total 1549180K, used 1125153K [0x00000000a0000000, 0x00000000fe8df000, 0x0000000100000000)
 Metaspace       used 29102K, capacity 29916K, committed 30104K, reserved 1075200K
  class space    used 3435K, capacity 3690K, committed 3736K, reserved 1048576K
}
2018-06-17T23:29:08.194+0545: 15.819: Total time for which application threads were stopped: 0.0655023 seconds, Stopping threads took: 0.0000174 seconds
{Heap before GC invocations=54 (full 7):
 par new generation   total 109248K, used 109248K [0x0000000080000000, 0x0000000088000000, 0x00000000a0000000)
  eden space 87424K, 100% used [0x0000000080000000, 0x0000000085560000, 0x0000000085560000)
  from space 21824K, 100% used [0x0000000085560000, 0x0000000086ab0000, 0x0000000086ab0000)
  to   space 21824K,   0% used [0x0000000086ab0000, 0x0000000086ab0000, 0x0000000088000000)
 concurrent mark-sweep generation total 1549180K, used 1089068K [0x00000000a0000000, 0x00000000fe8df000, 0x0000000100000000)
 Metaspace       used 29102K, capacity 29916K, committed 30104K, reserved 1075200K
  class space    used 3435K, capacity 3690K, committed 3736K, reserved 1048576K
2018-06-17T23:29:08.308+0545: 15.933: [GC (Allocation Failure) 2018-06-17T23:29:08.308+0545: 15.933: [ParNew
Desired survivor size 20112992 bytes, new threshold 2 (max 8)
- age   1:   11807520 bytes,   11807520 total
- age   2:   10540128 bytes,   22347648 total
: 109248K->21824K(109248K), 0.0615553 secs] 1198316K->1130984K(1658428K), 0.0616137 secs] [Times: user=0.20 sys=0.00, real=0.07 secs] 
Heap after GC invocations=55 (full 7):
 par new generation   total 109248K, used 21824K [0x0000000080000000, 0x0000000088000000, 0x00000000a0000000)
  eden space 87424K,   0% used [0x0000000080000000, 0x0000000080000000, 0x0000000085560000)
  from space 21824K, 100% used [0x0000000086ab0000, 0x0000000088000000, 0x0000000088000000)
  to   space 21824K,   0% used [0x0000000085560000, 0x0000000085560000, 0x0000000086ab0000)
 concurrent mark-sweep generation total 1549180K, used 1109160K [0x00000000a0000000, 0x00000000fe8df000, 0x0000000100000000)
 Metaspace       used 29102K, capacity 29916K, committed 30104K, reserved 1075200K
  class space    used 3435K, capacity 3690K, committed 3736K, reserved 1048576K
}
2018-06-17T23:29:08.369+0545: 15.994: Total time for which application threads were stopped: 0.0617593 seconds, Stopping threads took: 0.0000168 seconds
{Heap before GC invocations=55 (full 7):
 par new generation   total 109248K, used 109248K [0x0000000080000000, 0x0000000088000000, 0x00000000a0000000)
  eden space 87424K, 100% used [0x0000000080000000, 0x0000000085560000, 0x0000000085560000)
  from space 21824K, 100% used [0x0000000086ab0000, 0x0000000088000000, 0x0000000088000000)
  to   space 21824K,   0% used [0x0000000085560000, 0x0000000085560000, 0x0000000086ab0000)
 concurrent mark-sweep generation total 1549180K, used 1100821K [0x00000000a0000000, 0x00000000fe8df000, 0x0000000100000000)
 Metaspace       used 29102K, capacity 29916K, committed 30104K, reserved 1075200K
  class space    used 3435K, capacity 3690K, committed 3736K, reserved 1048576K
2018-06-17T23:29:08.477+0545: 16.102: [GC (Allocation Failure) 2018-06-17T23:29:08.477+0545: 16.102: [ParNew
Desired survivor size 20112992 bytes, new threshold 2 (max 8)
- age   1:   10683736 bytes,   10683736 total
- age   2:   10177256 bytes,   20860992 total
: 109248K->21824K(109248K), 0.0643512 secs] 1210069K->1145014K(1658428K), 0.0644191 secs] [Times: user=0.22 sys=0.01, real=0.07 secs] 
Heap after GC invocations=56 (full 7):
 par new generation   total 109248K, used 21824K [0x0000000080000000, 0x0000000088000000, 0x00000000a0000000)
  eden space 87424K,   0% used [0x0000000080000000, 0x0000000080000000, 0x0000000085560000)
  from space 21824K, 100% used [0x0000000085560000, 0x0000000086ab0000, 0x0000000086ab0000)
  to   space 21824K,   0% used [0x0000000086ab0000, 0x0000000086ab0000, 0x0000000088000000)
 concurrent mark-sweep generation total 1549180K, used 1123190K [0x00000000a0000000, 0x00000000fe8df000, 0x0000000100000000)
 Metaspace       used 29102K, capacity 29916K, committed 30104K, reserved 1075200K
  class space    used 3435K, capacity 3690K, committed 3736K, reserved 1048576K
}
2018-06-17T23:29:08.541+0545: 16.166: Total time for which application threads were stopped: 0.0645689 seconds, Stopping threads took: 0.0000174 seconds
2018-06-17T23:29:08.578+0545: 16.204: [CMS-concurrent-sweep: 0.574/0.841 secs] [Times: user=1.95 sys=0.02, real=0.84 secs] 
2018-06-17T23:29:08.579+0545: 16.204: [CMS-concurrent-reset-start]
2018-06-17T23:29:08.582+0545: 16.207: [CMS-concurrent-reset: 0.003/0.003 secs] [Times: user=0.01 sys=0.00, real=0.01 secs] 
{Heap before GC invocations=56 (full 7):
 par new generation   total 109248K, used 109248K [0x0000000080000000, 0x0000000088000000, 0x00000000a0000000)
  eden space 87424K, 100% used [0x0000000080000000, 0x0000000085560000, 0x0000000085560000)
  from space 21824K, 100% used [0x0000000085560000, 0x0000000086ab0000, 0x0000000086ab0000)
  to   space 21824K,   0% used [0x0000000086ab0000, 0x0000000086ab0000, 0x0000000088000000)
 concurrent mark-sweep generation total 1572864K, used 1123190K [0x00000000a0000000, 0x0000000100000000, 0x0000000100000000)
 Metaspace       used 29102K, capacity 29916K, committed 30104K, reserved 1075200K
  class space    used 3435K, capacity 3690K, committed 3736K, reserved 1048576K
2018-06-17T23:29:08.653+0545: 16.278: [GC (Allocation Failure) 2018-06-17T23:29:08.653+0545: 16.278: [ParNew
Desired survivor size 20112992 bytes, new threshold 2 (max 8)
- age   1:   12447864 bytes,   12447864 total
- age   2:    9899744 bytes,   22347608 total
: 109248K->21824K(109248K), 0.0543031 secs] 1232438K->1163650K(1682112K), 0.0543710 secs] [Times: user=0.19 sys=0.00, real=0.05 secs] 
Heap after GC invocations=57 (full 7):
 par new generation   total 109248K, used 21824K [0x0000000080000000, 0x0000000088000000, 0x00000000a0000000)
  eden space 87424K,   0% used [0x0000000080000000, 0x0000000080000000, 0x0000000085560000)
  from space 21824K, 100% used [0x0000000086ab0000, 0x0000000088000000, 0x0000000088000000)
  to   space 21824K,   0% used [0x0000000085560000, 0x0000000085560000, 0x0000000086ab0000)
 concurrent mark-sweep generation total 1572864K, used 1141826K [0x00000000a0000000, 0x0000000100000000, 0x0000000100000000)
 Metaspace       used 29102K, capacity 29916K, committed 30104K, reserved 1075200K
  class space    used 3435K, capacity 3690K, committed 3736K, reserved 1048576K
}
2018-06-17T23:29:08.708+0545: 16.333: Total time for which application threads were stopped: 0.0545404 seconds, Stopping threads took: 0.0000203 seconds
2018-06-17T23:29:08.708+0545: 16.333: [GC (CMS Initial Mark) [1 CMS-initial-mark: 1141826K(1572864K)] 1165398K(1682112K), 0.0096877 secs] [Times: user=0.03 sys=0.00, real=0.01 secs] 
2018-06-17T23:29:08.718+0545: 16.343: Total time for which application threads were stopped: 0.0098401 seconds, Stopping threads took: 0.0000401 seconds
2018-06-17T23:29:08.718+0545: 16.343: [CMS-concurrent-mark-start]
{Heap before GC invocations=57 (full 8):
 par new generation   total 109248K, used 109248K [0x0000000080000000, 0x0000000088000000, 0x00000000a0000000)
  eden space 87424K, 100% used [0x0000000080000000, 0x0000000085560000, 0x0000000085560000)
  from space 21824K, 100% used [0x0000000086ab0000, 0x0000000088000000, 0x0000000088000000)
  to   space 21824K,   0% used [0x0000000085560000, 0x0000000085560000, 0x0000000086ab0000)
 concurrent mark-sweep generation total 1572864K, used 1141826K [0x00000000a0000000, 0x0000000100000000, 0x0000000100000000)
 Metaspace       used 29102K, capacity 29916K, committed 30104K, reserved 1075200K
  class space    used 3435K, capacity 3690K, committed 3736K, reserved 1048576K
2018-06-17T23:29:08.892+0545: 16.517: [GC (Allocation Failure) 2018-06-17T23:29:08.892+0545: 16.517: [ParNew
Desired survivor size 20112992 bytes, new threshold 2 (max 8)
- age   1:    9645120 bytes,    9645120 total
- age   2:   11543152 bytes,   21188272 total
: 109248K->21824K(109248K), 0.0699584 secs] 1251074K->1191780K(1682112K), 0.0700171 secs] [Times: user=0.24 sys=0.02, real=0.07 secs] 
Heap after GC invocations=58 (full 8):
 par new generation   total 109248K, used 21824K [0x0000000080000000, 0x0000000088000000, 0x00000000a0000000)
  eden space 87424K,   0% used [0x0000000080000000, 0x0000000080000000, 0x0000000085560000)
  from space 21824K, 100% used [0x0000000085560000, 0x0000000086ab0000, 0x0000000086ab0000)
  to   space 21824K,   0% used [0x0000000086ab0000, 0x0000000086ab0000, 0x0000000088000000)
 concurrent mark-sweep generation total 1572864K, used 1169956K [0x00000000a0000000, 0x0000000100000000, 0x0000000100000000)
 Metaspace       used 29102K, capacity 29916K, committed 30104K, reserved 1075200K
  class space    used 3435K, capacity 3690K, committed 3736K, reserved 1048576K
}
2018-06-17T23:29:08.962+0545: 16.587: Total time for which application threads were stopped: 0.0701685 seconds, Stopping threads took: 0.0000189 seconds
{Heap before GC invocations=58 (full 8):
 par new generation   total 109248K, used 109248K [0x0000000080000000, 0x0000000088000000, 0x00000000a0000000)
  eden space 87424K, 100% used [0x0000000080000000, 0x0000000085560000, 0x0000000085560000)
  from space 21824K, 100% used [0x0000000085560000, 0x0000000086ab0000, 0x0000000086ab0000)
  to   space 21824K,   0% used [0x0000000086ab0000, 0x0000000086ab0000, 0x0000000088000000)
 concurrent mark-sweep generation total 1572864K, used 1169956K [0x00000000a0000000, 0x0000000100000000, 0x0000000100000000)
 Metaspace       used 29102K, capacity 29916K, committed 30104K, reserved 1075200K
  class space    used 3435K, capacity 3690K, committed 3736K, reserved 1048576K
2018-06-17T23:29:09.181+0545: 16.807: [GC (Allocation Failure) 2018-06-17T23:29:09.182+0545: 16.807: [ParNew
Desired survivor size 20112992 bytes, new threshold 2 (max 8)
- age   1:   16862720 bytes,   16862720 total
- age   2:    5296016 bytes,   22158736 total
: 109248K->21824K(109248K), 0.0630843 secs] 1279204K->1211547K(1682112K), 0.0631458 secs] [Times: user=0.22 sys=0.01, real=0.06 secs] 
Heap after GC invocations=59 (full 8):
 par new generation   total 109248K, used 21824K [0x0000000080000000, 0x0000000088000000, 0x00000000a0000000)
  eden space 87424K,   0% used [0x0000000080000000, 0x0000000080000000, 0x0000000085560000)
  from space 21824K, 100% used [0x0000000086ab0000, 0x0000000088000000, 0x0000000088000000)
  to   space 21824K,   0% used [0x0000000085560000, 0x0000000085560000, 0x0000000086ab0000)
 concurrent mark-sweep generation total 1572864K, used 1189723K [0x00000000a0000000, 0x0000000100000000, 0x0000000100000000)
 Metaspace       used 29102K, capacity 29916K, committed 30104K, reserved 1075200K
  class space    used 3435K, capacity 3690K, committed 3736K, reserved 1048576K
}
2018-06-17T23:29:09.245+0545: 16.870: Total time for which application threads were stopped: 0.0633033 seconds, Stopping threads took: 0.0000238 seconds
{Heap before GC invocations=59 (full 8):
 par new generation   total 109248K, used 109248K [0x0000000080000000, 0x0000000088000000, 0x00000000a0000000)
  eden space 87424K, 100% used [0x0000000080000000, 0x0000000085560000, 0x0000000085560000)
  from space 21824K, 100% used [0x0000000086ab0000, 0x0000000088000000, 0x0000000088000000)
  to   space 21824K,   0% used [0x0000000085560000, 0x0000000085560000, 0x0000000086ab0000)
 concurrent mark-sweep generation total 1572864K, used 1189723K [0x00000000a0000000, 0x0000000100000000, 0x0000000100000000)
 Metaspace       used 29102K, capacity 29916K, committed 30104K, reserved 1075200K
  class space    used 3435K, capacity 3690K, committed 3736K, reserved 1048576K
2018-06-17T23:29:09.411+0545: 17.036: [GC (Allocation Failure) 2018-06-17T23:29:09.411+0545: 17.036: [ParNew
Desired survivor size 20112992 bytes, new threshold 2 (max 8)
- age   1:    8566712 bytes,    8566712 total
- age   2:   13780936 bytes,   22347648 total
: 109248K->21824K(109248K), 0.0638837 secs] 1298971K->1231739K(1682112K), 0.0639584 secs] [Times: user=0.23 sys=0.00, real=0.06 secs] 
Heap after GC invocations=60 (full 8):
 par new generation   total 109248K, used 21824K [0x0000000080000000, 0x0000000088000000, 0x00000000a0000000)
  eden space 87424K,   0% used [0x0000000080000000, 0x0000000080000000, 0x0000000085560000)
  from space 21824K, 100% used [0x0000000085560000, 0x0000000086ab0000, 0x0000000086ab0000)
  to   space 21824K,   0% used [0x0000000086ab0000, 0x0000000086ab0000, 0x0000000088000000)
 concurrent mark-sweep generation total 1572864K, used 1209915K [0x00000000a0000000, 0x0000000100000000, 0x0000000100000000)
 Metaspace       used 29102K, capacity 29916K, committed 30104K, reserved 1075200K
  class space    used 3435K, capacity 3690K, committed 3736K, reserved 1048576K
}
2018-06-17T23:29:09.475+0545: 17.100: Total time for which application threads were stopped: 0.0641103 seconds, Stopping threads took: 0.0000203 seconds
{Heap before GC invocations=60 (full 8):
 par new generation   total 109248K, used 109248K [0x0000000080000000, 0x0000000088000000, 0x00000000a0000000)
  eden space 87424K, 100% used [0x0000000080000000, 0x0000000085560000, 0x0000000085560000)
  from space 21824K, 100% used [0x0000000085560000, 0x0000000086ab0000, 0x0000000086ab0000)
  to   space 21824K,   0% used [0x0000000086ab0000, 0x0000000086ab0000, 0x0000000088000000)
 concurrent mark-sweep generation total 1572864K, used 1209915K [0x00000000a0000000, 0x0000000100000000, 0x0000000100000000)
 Metaspace       used 29102K, capacity 29916K, committed 30104K, reserved 1075200K
  class space    used 3435K, capacity 3690K, committed 3736K, reserved 1048576K
2018-06-17T23:29:09.635+0545: 17.260: [GC (Allocation Failure) 2018-06-17T23:29:09.635+0545: 17.260: [ParNew
Desired survivor size 20112992 bytes, new threshold 2 (max 8)
- age   1:   15368752 bytes,   15368752 total
- age   2:    6978792 bytes,   22347544 total
: 109248K->21824K(109248K), 0.0606987 secs] 1319163K->1252037K(1682112K), 0.0607594 secs] [Times: user=0.22 sys=0.00, real=0.06 secs] 
Heap after GC invocations=61 (full 8):
 par new generation   total 109248K, used 21824K [0x0000000080000000, 0x0000000088000000, 0x00000000a0000000)
  eden space 87424K,   0% used [0x0000000080000000, 0x0000000080000000, 0x0000000085560000)
  from space 21824K, 100% used [0x0000000086ab0000, 0x0000000088000000, 0x0000000088000000)
  to   space 21824K,   0% used [0x0000000085560000, 0x0000000085560000, 0x0000000086ab0000)
 concurrent mark-sweep generation total 1572864K, used 1230213K [0x00000000a0000000, 0x0000000100000000, 0x0000000100000000)
 Metaspace       used 29102K, capacity 29916K, committed 30104K, reserved 1075200K
  class space    used 3435K, capacity 3690K, committed 3736K, reserved 1048576K
}
2018-06-17T23:29:09.696+0545: 17.321: Total time for which application threads were stopped: 0.0609130 seconds, Stopping threads took: 0.0000219 seconds
{Heap before GC invocations=61 (full 8):
 par new generation   total 109248K, used 109248K [0x0000000080000000, 0x0000000088000000, 0x00000000a0000000)
  eden space 87424K, 100% used [0x0000000080000000, 0x0000000085560000, 0x0000000085560000)
  from space 21824K, 100% used [0x0000000086ab0000, 0x0000000088000000, 0x0000000088000000)
  to   space 21824K,   0% used [0x0000000085560000, 0x0000000085560000, 0x0000000086ab0000)
 concurrent mark-sweep generation total 1572864K, used 1230213K [0x00000000a0000000, 0x0000000100000000, 0x0000000100000000)
 Metaspace       used 29102K, capacity 29916K, committed 30104K, reserved 1075200K
  class space    used 3435K, capacity 3690K, committed 3736K, reserved 1048576K
2018-06-17T23:29:09.861+0545: 17.486: [GC (Allocation Failure) 2018-06-17T23:29:09.861+0545: 17.486: [ParNew
Desired survivor size 20112992 bytes, new threshold 2 (max 8)
- age   1:   11946800 bytes,   11946800 total
- age   2:   10400800 bytes,   22347600 total
: 109248K->21824K(109248K), 0.0649886 secs] 1339461K->1273108K(1682112K), 0.0650564 secs] [Times: user=0.22 sys=0.02, real=0.06 secs] 
Heap after GC invocations=62 (full 8):
 par new generation   total 109248K, used 21824K [0x0000000080000000, 0x0000000088000000, 0x00000000a0000000)
  eden space 87424K,   0% used [0x0000000080000000, 0x0000000080000000, 0x0000000085560000)
  from space 21824K, 100% used [0x0000000085560000, 0x0000000086ab0000, 0x0000000086ab0000)
  to   space 21824K,   0% used [0x0000000086ab0000, 0x0000000086ab0000, 0x0000000088000000)
 concurrent mark-sweep generation total 1572864K, used 1251284K [0x00000000a0000000, 0x0000000100000000, 0x0000000100000000)
 Metaspace       used 29102K, capacity 29916K, committed 30104K, reserved 1075200K
  class space    used 3435K, capacity 3690K, committed 3736K, reserved 1048576K
}
2018-06-17T23:29:09.926+0545: 17.551: Total time for which application threads were stopped: 0.0652103 seconds, Stopping threads took: 0.0000201 seconds
{Heap before GC invocations=62 (full 8):
 par new generation   total 109248K, used 109248K [0x0000000080000000, 0x0000000088000000, 0x00000000a0000000)
  eden space 87424K, 100% used [0x0000000080000000, 0x0000000085560000, 0x0000000085560000)
  from space 21824K, 100% used [0x0000000085560000, 0x0000000086ab0000, 0x0000000086ab0000)
  to   space 21824K,   0% used [0x0000000086ab0000, 0x0000000086ab0000, 0x0000000088000000)
 concurrent mark-sweep generation total 1572864K, used 1251284K [0x00000000a0000000, 0x0000000100000000, 0x0000000100000000)
 Metaspace       used 29102K, capacity 29916K, committed 30104K, reserved 1075200K
  class space    used 3435K, capacity 3690K, committed 3736K, reserved 1048576K
2018-06-17T23:29:10.100+0545: 17.725: [GC (Allocation Failure) 2018-06-17T23:29:10.100+0545: 17.725: [ParNew
Desired survivor size 20112992 bytes, new threshold 2 (max 8)
- age   1:   10774856 bytes,   10774856 total
- age   2:   11572792 bytes,   22347648 total
: 109248K->21824K(109248K), 0.0627230 secs] 1360532K->1293687K(1682112K), 0.0627897 secs] [Times: user=0.21 sys=0.01, real=0.07 secs] 
Heap after GC invocations=63 (full 8):
 par new generation   total 109248K, used 21824K [0x0000000080000000, 0x0000000088000000, 0x00000000a0000000)
  eden space 87424K,   0% used [0x0000000080000000, 0x0000000080000000, 0x0000000085560000)
  from space 21824K, 100% used [0x0000000086ab0000, 0x0000000088000000, 0x0000000088000000)
  to   space 21824K,   0% used [0x0000000085560000, 0x0000000085560000, 0x0000000086ab0000)
 concurrent mark-sweep generation total 1572864K, used 1271863K [0x00000000a0000000, 0x0000000100000000, 0x0000000100000000)
 Metaspace       used 29102K, capacity 29916K, committed 30104K, reserved 1075200K
  class space    used 3435K, capacity 3690K, committed 3736K, reserved 1048576K
}
2018-06-17T23:29:10.163+0545: 17.788: Total time for which application threads were stopped: 0.0629582 seconds, Stopping threads took: 0.0000244 seconds
2018-06-17T23:29:10.315+0545: 17.941: [CMS-concurrent-mark: 1.211/1.598 secs] [Times: user=5.96 sys=0.07, real=1.60 secs] 
2018-06-17T23:29:10.315+0545: 17.941: [CMS-concurrent-preclean-start]
{Heap before GC invocations=63 (full 8):
 par new generation   total 109248K, used 109248K [0x0000000080000000, 0x0000000088000000, 0x00000000a0000000)
  eden space 87424K, 100% used [0x0000000080000000, 0x0000000085560000, 0x0000000085560000)
  from space 21824K, 100% used [0x0000000086ab0000, 0x0000000088000000, 0x0000000088000000)
  to   space 21824K,   0% used [0x0000000085560000, 0x0000000085560000, 0x0000000086ab0000)
 concurrent mark-sweep generation total 1572864K, used 1271863K [0x00000000a0000000, 0x0000000100000000, 0x0000000100000000)
 Metaspace       used 29102K, capacity 29916K, committed 30104K, reserved 1075200K
  class space    used 3435K, capacity 3690K, committed 3736K, reserved 1048576K
2018-06-17T23:29:10.333+0545: 17.958: [GC (Allocation Failure) 2018-06-17T23:29:10.333+0545: 17.958: [ParNew
Desired survivor size 20112992 bytes, new threshold 2 (max 8)
- age   1:   11610848 bytes,   11610848 total
- age   2:   10735192 bytes,   22346040 total
: 109248K->21822K(109248K), 0.0601994 secs] 1381111K->1314207K(1682112K), 0.0602595 secs] [Times: user=0.22 sys=0.00, real=0.06 secs] 
Heap after GC invocations=64 (full 8):
 par new generation   total 109248K, used 21822K [0x0000000080000000, 0x0000000088000000, 0x00000000a0000000)
  eden space 87424K,   0% used [0x0000000080000000, 0x0000000080000000, 0x0000000085560000)
  from space 21824K,  99% used [0x0000000085560000, 0x0000000086aaf9a0, 0x0000000086ab0000)
  to   space 21824K,   0% used [0x0000000086ab0000, 0x0000000086ab0000, 0x0000000088000000)
 concurrent mark-sweep generation total 1572864K, used 1292385K [0x00000000a0000000, 0x0000000100000000, 0x0000000100000000)
 Metaspace       used 29102K, capacity 29916K, committed 30104K, reserved 1075200K
  class space    used 3435K, capacity 3690K, committed 3736K, reserved 1048576K
}
2018-06-17T23:29:10.393+0545: 18.018: Total time for which application threads were stopped: 0.0604153 seconds, Stopping threads took: 0.0000179 seconds
{Heap before GC invocations=64 (full 8):
 par new generation   total 109248K, used 109246K [0x0000000080000000, 0x0000000088000000, 0x00000000a0000000)
  eden space 87424K, 100% used [0x0000000080000000, 0x0000000085560000, 0x0000000085560000)
  from space 21824K,  99% used [0x0000000085560000, 0x0000000086aaf9a0, 0x0000000086ab0000)
  to   space 21824K,   0% used [0x0000000086ab0000, 0x0000000086ab0000, 0x0000000088000000)
 concurrent mark-sweep generation total 1572864K, used 1292385K [0x00000000a0000000, 0x0000000100000000, 0x0000000100000000)
 Metaspace       used 29102K, capacity 29916K, committed 30104K, reserved 1075200K
  class space    used 3435K, capacity 3690K, committed 3736K, reserved 1048576K
2018-06-17T23:29:10.497+0545: 18.122: [GC (Allocation Failure) 2018-06-17T23:29:10.497+0545: 18.122: [ParNew
Desired survivor size 20112992 bytes, new threshold 2 (max 8)
- age   1:   11255992 bytes,   11255992 total
- age   2:   11089960 bytes,   22345952 total
: 109246K->21822K(109248K), 0.0610026 secs] 1401631K->1334543K(1682112K), 0.0610681 secs] [Times: user=0.22 sys=0.00, real=0.06 secs] 
Heap after GC invocations=65 (full 8):
 par new generation   total 109248K, used 21822K [0x0000000080000000, 0x0000000088000000, 0x00000000a0000000)
  eden space 87424K,   0% used [0x0000000080000000, 0x0000000080000000, 0x0000000085560000)
  from space 21824K,  99% used [0x0000000086ab0000, 0x0000000087fff940, 0x0000000088000000)
  to   space 21824K,   0% used [0x0000000085560000, 0x0000000085560000, 0x0000000086ab0000)
 concurrent mark-sweep generation total 1572864K, used 1312721K [0x00000000a0000000, 0x0000000100000000, 0x0000000100000000)
 Metaspace       used 29102K, capacity 29916K, committed 30104K, reserved 1075200K
  class space    used 3435K, capacity 3690K, committed 3736K, reserved 1048576K
}
2018-06-17T23:29:10.558+0545: 18.183: Total time for which application threads were stopped: 0.0612247 seconds, Stopping threads took: 0.0000194 seconds
2018-06-17T23:29:10.639+0545: 18.264: [CMS-concurrent-preclean: 0.201/0.324 secs] [Times: user=0.84 sys=0.00, real=0.32 secs] 
2018-06-17T23:29:10.639+0545: 18.264: [CMS-concurrent-abortable-preclean-start]
{Heap before GC invocations=65 (full 8):
 par new generation   total 109248K, used 109246K [0x0000000080000000, 0x0000000088000000, 0x00000000a0000000)
  eden space 87424K, 100% used [0x0000000080000000, 0x0000000085560000, 0x0000000085560000)
  from space 21824K,  99% used [0x0000000086ab0000, 0x0000000087fff940, 0x0000000088000000)
  to   space 21824K,   0% used [0x0000000085560000, 0x0000000085560000, 0x0000000086ab0000)
 concurrent mark-sweep generation total 1572864K, used 1312721K [0x00000000a0000000, 0x0000000100000000, 0x0000000100000000)
 Metaspace       used 29102K, capacity 29916K, committed 30104K, reserved 1075200K
  class space    used 3435K, capacity 3690K, committed 3736K, reserved 1048576K
2018-06-17T23:29:10.662+0545: 18.287: [GC (Allocation Failure) 2018-06-17T23:29:10.662+0545: 18.287: [ParNew
Desired survivor size 20112992 bytes, new threshold 2 (max 8)
- age   1:   11232352 bytes,   11232352 total
- age   2:   11113472 bytes,   22345824 total
: 109246K->21822K(109248K), 0.0605160 secs] 1421967K->1354994K(1682112K), 0.0605740 secs] [Times: user=0.23 sys=0.00, real=0.06 secs] 
Heap after GC invocations=66 (full 8):
 par new generation   total 109248K, used 21822K [0x0000000080000000, 0x0000000088000000, 0x00000000a0000000)
  eden space 87424K,   0% used [0x0000000080000000, 0x0000000080000000, 0x0000000085560000)
  from space 21824K,  99% used [0x0000000085560000, 0x0000000086aaf8e0, 0x0000000086ab0000)
  to   space 21824K,   0% used [0x0000000086ab0000, 0x0000000086ab0000, 0x0000000088000000)
 concurrent mark-sweep generation total 1572864K, used 1333172K [0x00000000a0000000, 0x0000000100000000, 0x0000000100000000)
 Metaspace       used 29102K, capacity 29916K, committed 30104K, reserved 1075200K
  class space    used 3435K, capacity 3690K, committed 3736K, reserved 1048576K
}
2018-06-17T23:29:10.722+0545: 18.348: Total time for which application threads were stopped: 0.0607326 seconds, Stopping threads took: 0.0000188 seconds
2018-06-17T23:29:10.771+0545: 18.396: [CMS-concurrent-abortable-preclean: 0.070/0.131 secs] [Times: user=0.36 sys=0.00, real=0.14 secs] 
2018-06-17T23:29:10.771+0545: 18.396: [GC (CMS Final Remark) [YG occupancy: 63786 K (109248 K)]{Heap before GC invocations=66 (full 8):
 par new generation   total 109248K, used 63786K [0x0000000080000000, 0x0000000088000000, 0x00000000a0000000)
  eden space 87424K,  48% used [0x0000000080000000, 0x00000000828fb1d0, 0x0000000085560000)
  from space 21824K,  99% used [0x0000000085560000, 0x0000000086aaf8e0, 0x0000000086ab0000)
  to   space 21824K,   0% used [0x0000000086ab0000, 0x0000000086ab0000, 0x0000000088000000)
 concurrent mark-sweep generation total 1572864K, used 1333172K [0x00000000a0000000, 0x0000000100000000, 0x0000000100000000)
 Metaspace       used 29102K, capacity 29916K, committed 30104K, reserved 1075200K
  class space    used 3435K, capacity 3690K, committed 3736K, reserved 1048576K
2018-06-17T23:29:10.771+0545: 18.396: [GC (CMS Final Remark) 2018-06-17T23:29:10.771+0545: 18.396: [ParNew
Desired survivor size 20112992 bytes, new threshold 2 (max 8)
- age   1:    9319664 bytes,    9319664 total
- age   2:   11232264 bytes,   20551928 total
: 63786K->21822K(109248K), 0.0420071 secs] 1396959K->1366608K(1682112K), 0.0420493 secs] [Times: user=0.16 sys=0.00, real=0.04 secs] 
Heap after GC invocations=67 (full 8):
 par new generation   total 109248K, used 21822K [0x0000000080000000, 0x0000000088000000, 0x00000000a0000000)
  eden space 87424K,   0% used [0x0000000080000000, 0x0000000080000000, 0x0000000085560000)
  from space 21824K,  99% used [0x0000000086ab0000, 0x0000000087fff880, 0x0000000088000000)
  to   space 21824K,   0% used [0x0000000085560000, 0x0000000085560000, 0x0000000086ab0000)
 concurrent mark-sweep generation total 1572864K, used 1344785K [0x00000000a0000000, 0x0000000100000000, 0x0000000100000000)
 Metaspace       used 29102K, capacity 29916K, committed 30104K, reserved 1075200K
  class space    used 3435K, capacity 3690K, committed 3736K, reserved 1048576K
}
2018-06-17T23:29:10.813+0545: 18.438: [Rescan (parallel) , 0.0202334 secs]2018-06-17T23:29:10.833+0545: 18.458: [weak refs processing, 0.0016955 secs]2018-06-17T23:29:10.835+0545: 18.460: [class unloading, 0.0035429 secs]2018-06-17T23:29:10.839+0545: 18.464: [scrub symbol table, 0.0032506 secs]2018-06-17T23:29:10.842+0545: 18.467: [scrub string table, 0.0004992 secs][1 CMS-remark: 1344785K(1572864K)] 1366608K(1682112K), 0.0715414 secs] [Times: user=0.25 sys=0.00, real=0.07 secs] 
2018-06-17T23:29:10.843+0545: 18.468: Total time for which application threads were stopped: 0.0716500 seconds, Stopping threads took: 0.0000221 seconds
2018-06-17T23:29:10.843+0545: 18.468: [CMS-concurrent-sweep-start]
{Heap before GC invocations=67 (full 8):
 par new generation   total 109248K, used 109246K [0x0000000080000000, 0x0000000088000000, 0x00000000a0000000)
  eden space 87424K, 100% used [0x0000000080000000, 0x0000000085560000, 0x0000000085560000)
  from space 21824K,  99% used [0x0000000086ab0000, 0x0000000087fff880, 0x0000000088000000)
  to   space 21824K,   0% used [0x0000000085560000, 0x0000000085560000, 0x0000000086ab0000)
 concurrent mark-sweep generation total 1572864K, used 1344785K [0x00000000a0000000, 0x0000000100000000, 0x0000000100000000)
 Metaspace       used 29102K, capacity 29916K, committed 30104K, reserved 1075200K
  class space    used 3435K, capacity 3690K, committed 3736K, reserved 1048576K
2018-06-17T23:29:10.945+0545: 18.570: [GC (Allocation Failure) 2018-06-17T23:29:10.945+0545: 18.570: [ParNew
Desired survivor size 20112992 bytes, new threshold 2 (max 8)
- age   1:   15820016 bytes,   15820016 total
- age   2:    6527560 bytes,   22347576 total
: 109246K->21824K(109248K), 0.0557023 secs] 1454031K->1385218K(1682112K), 0.0557593 secs] [Times: user=0.21 sys=0.00, real=0.06 secs] 
Heap after GC invocations=68 (full 8):
 par new generation   total 109248K, used 21824K [0x0000000080000000, 0x0000000088000000, 0x00000000a0000000)
  eden space 87424K,   0% used [0x0000000080000000, 0x0000000080000000, 0x0000000085560000)
  from space 21824K, 100% used [0x0000000085560000, 0x0000000086ab0000, 0x0000000086ab0000)
  to   space 21824K,   0% used [0x0000000086ab0000, 0x0000000086ab0000, 0x0000000088000000)
 concurrent mark-sweep generation total 1572864K, used 1363394K [0x00000000a0000000, 0x0000000100000000, 0x0000000100000000)
 Metaspace       used 29102K, capacity 29916K, committed 30104K, reserved 1075200K
  class space    used 3435K, capacity 3690K, committed 3736K, reserved 1048576K
}
2018-06-17T23:29:11.001+0545: 18.626: Total time for which application threads were stopped: 0.0559101 seconds, Stopping threads took: 0.0000174 seconds
{Heap before GC invocations=68 (full 8):
 par new generation   total 109248K, used 109248K [0x0000000080000000, 0x0000000088000000, 0x00000000a0000000)
  eden space 87424K, 100% used [0x0000000080000000, 0x0000000085560000, 0x0000000085560000)
  from space 21824K, 100% used [0x0000000085560000, 0x0000000086ab0000, 0x0000000086ab0000)
  to   space 21824K,   0% used [0x0000000086ab0000, 0x0000000086ab0000, 0x0000000088000000)
 concurrent mark-sweep generation total 1572864K, used 1363394K [0x00000000a0000000, 0x0000000100000000, 0x0000000100000000)
 Metaspace       used 29102K, capacity 29916K, committed 30104K, reserved 1075200K
  class space    used 3435K, capacity 3690K, committed 3736K, reserved 1048576K
2018-06-17T23:29:11.129+0545: 18.754: [GC (Allocation Failure) 2018-06-17T23:29:11.129+0545: 18.754: [ParNew
Desired survivor size 20112992 bytes, new threshold 2 (max 8)
- age   1:    9585848 bytes,    9585848 total
- age   2:   12761752 bytes,   22347600 total
: 109248K->21824K(109248K), 0.0608704 secs] 1472642K->1406291K(1682112K), 0.0609416 secs] [Times: user=0.23 sys=0.00, real=0.06 secs] 
Heap after GC invocations=69 (full 8):
 par new generation   total 109248K, used 21824K [0x0000000080000000, 0x0000000088000000, 0x00000000a0000000)
  eden space 87424K,   0% used [0x0000000080000000, 0x0000000080000000, 0x0000000085560000)
  from space 21824K, 100% used [0x0000000086ab0000, 0x0000000088000000, 0x0000000088000000)
  to   space 21824K,   0% used [0x0000000085560000, 0x0000000085560000, 0x0000000086ab0000)
 concurrent mark-sweep generation total 1572864K, used 1384467K [0x00000000a0000000, 0x0000000100000000, 0x0000000100000000)
 Metaspace       used 29102K, capacity 29916K, committed 30104K, reserved 1075200K
  class space    used 3435K, capacity 3690K, committed 3736K, reserved 1048576K
}
2018-06-17T23:29:11.190+0545: 18.815: Total time for which application threads were stopped: 0.0611205 seconds, Stopping threads took: 0.0000231 seconds
{Heap before GC invocations=69 (full 8):
 par new generation   total 109248K, used 109248K [0x0000000080000000, 0x0000000088000000, 0x00000000a0000000)
  eden space 87424K, 100% used [0x0000000080000000, 0x0000000085560000, 0x0000000085560000)
  from space 21824K, 100% used [0x0000000086ab0000, 0x0000000088000000, 0x0000000088000000)
  to   space 21824K,   0% used [0x0000000085560000, 0x0000000085560000, 0x0000000086ab0000)
 concurrent mark-sweep generation total 1572864K, used 1384463K [0x00000000a0000000, 0x0000000100000000, 0x0000000100000000)
 Metaspace       used 29102K, capacity 29916K, committed 30104K, reserved 1075200K
  class space    used 3435K, capacity 3690K, committed 3736K, reserved 1048576K
2018-06-17T23:29:11.303+0545: 18.928: [GC (Allocation Failure) 2018-06-17T23:29:11.303+0545: 18.928: [ParNew
Desired survivor size 20112992 bytes, new threshold 2 (max 8)
- age   1:   12759104 bytes,   12759104 total
- age   2:    9375696 bytes,   22134800 total
: 109248K->21824K(109248K), 0.0607119 secs] 1493711K->1427557K(1682112K), 0.0607829 secs] [Times: user=0.21 sys=0.01, real=0.06 secs] 
Heap after GC invocations=70 (full 8):
 par new generation   total 109248K, used 21824K [0x0000000080000000, 0x0000000088000000, 0x00000000a0000000)
  eden space 87424K,   0% used [0x0000000080000000, 0x0000000080000000, 0x0000000085560000)
  from space 21824K, 100% used [0x0000000085560000, 0x0000000086ab0000, 0x0000000086ab0000)
  to   space 21824K,   0% used [0x0000000086ab0000, 0x0000000086ab0000, 0x0000000088000000)
 concurrent mark-sweep generation total 1572864K, used 1405733K [0x00000000a0000000, 0x0000000100000000, 0x0000000100000000)
 Metaspace       used 29102K, capacity 29916K, committed 30104K, reserved 1075200K
  class space    used 3435K, capacity 3690K, committed 3736K, reserved 1048576K
}
2018-06-17T23:29:11.364+0545: 18.989: Total time for which application threads were stopped: 0.0609312 seconds, Stopping threads took: 0.0000172 seconds
{Heap before GC invocations=70 (full 8):
 par new generation   total 109248K, used 109248K [0x0000000080000000, 0x0000000088000000, 0x00000000a0000000)
  eden space 87424K, 100% used [0x0000000080000000, 0x0000000085560000, 0x0000000085560000)
  from space 21824K, 100% used [0x0000000085560000, 0x0000000086ab0000, 0x0000000086ab0000)
  to   space 21824K,   0% used [0x0000000086ab0000, 0x0000000086ab0000, 0x0000000088000000)
 concurrent mark-sweep generation total 1572864K, used 1399581K [0x00000000a0000000, 0x0000000100000000, 0x0000000100000000)
 Metaspace       used 29160K, capacity 29936K, committed 30104K, reserved 1075200K
  class space    used 3440K, capacity 3692K, committed 3736K, reserved 1048576K
2018-06-17T23:29:11.585+0545: 19.211: [GC (Allocation Failure) 2018-06-17T23:29:11.586+0545: 19.211: [ParNew
Desired survivor size 20112992 bytes, new threshold 2 (max 8)
- age   1:   10182640 bytes,   10182640 total
- age   2:   12037736 bytes,   22220376 total
: 109248K->21824K(109248K), 0.0684567 secs] 1508829K->1439648K(1682112K), 0.0685303 secs] [Times: user=0.23 sys=0.00, real=0.07 secs] 
Heap after GC invocations=71 (full 8):
 par new generation   total 109248K, used 21824K [0x0000000080000000, 0x0000000088000000, 0x00000000a0000000)
  eden space 87424K,   0% used [0x0000000080000000, 0x0000000080000000, 0x0000000085560000)
  from space 21824K, 100% used [0x0000000086ab0000, 0x0000000088000000, 0x0000000088000000)
  to   space 21824K,   0% used [0x0000000085560000, 0x0000000085560000, 0x0000000086ab0000)
 concurrent mark-sweep generation total 1572864K, used 1417824K [0x00000000a0000000, 0x0000000100000000, 0x0000000100000000)
 Metaspace       used 29160K, capacity 29936K, committed 30104K, reserved 1075200K
  class space    used 3440K, capacity 3692K, committed 3736K, reserved 1048576K
}
2018-06-17T23:29:11.654+0545: 19.279: Total time for which application threads were stopped: 0.0687524 seconds, Stopping threads took: 0.0000261 seconds
2018-06-17T23:29:11.727+0545: 19.352: [CMS-concurrent-sweep: 0.638/0.884 secs] [Times: user=2.53 sys=0.02, real=0.88 secs] 
2018-06-17T23:29:11.727+0545: 19.352: [CMS-concurrent-reset-start]
2018-06-17T23:29:11.730+0545: 19.355: [CMS-concurrent-reset: 0.003/0.003 secs] [Times: user=0.01 sys=0.00, real=0.01 secs] 
{Heap before GC invocations=71 (full 8):
 par new generation   total 109248K, used 109248K [0x0000000080000000, 0x0000000088000000, 0x00000000a0000000)
  eden space 87424K, 100% used [0x0000000080000000, 0x0000000085560000, 0x0000000085560000)
  from space 21824K, 100% used [0x0000000086ab0000, 0x0000000088000000, 0x0000000088000000)
  to   space 21824K,   0% used [0x0000000085560000, 0x0000000085560000, 0x0000000086ab0000)
 concurrent mark-sweep generation total 1572864K, used 1417824K [0x00000000a0000000, 0x0000000100000000, 0x0000000100000000)
 Metaspace       used 29163K, capacity 29936K, committed 30104K, reserved 1075200K
  class space    used 3440K, capacity 3692K, committed 3736K, reserved 1048576K
2018-06-17T23:29:11.767+0545: 19.392: [GC (Allocation Failure) 2018-06-17T23:29:11.767+0545: 19.392: [ParNew
Desired survivor size 20112992 bytes, new threshold 2 (max 8)
- age   1:   13411584 bytes,   13411584 total
- age   2:    8935992 bytes,   22347576 total
: 109248K->21824K(109248K), 0.0858546 secs] 1527072K->1459934K(1682112K), 0.0859143 secs] [Times: user=0.25 sys=0.02, real=0.09 secs] 
Heap after GC invocations=72 (full 8):
 par new generation   total 109248K, used 21824K [0x0000000080000000, 0x0000000088000000, 0x00000000a0000000)
  eden space 87424K,   0% used [0x0000000080000000, 0x0000000080000000, 0x0000000085560000)
  from space 21824K, 100% used [0x0000000085560000, 0x0000000086ab0000, 0x0000000086ab0000)
  to   space 21824K,   0% used [0x0000000086ab0000, 0x0000000086ab0000, 0x0000000088000000)
 concurrent mark-sweep generation total 1572864K, used 1438110K [0x00000000a0000000, 0x0000000100000000, 0x0000000100000000)
 Metaspace       used 29163K, capacity 29936K, committed 30104K, reserved 1075200K
  class space    used 3440K, capacity 3692K, committed 3736K, reserved 1048576K
}
2018-06-17T23:29:11.853+0545: 19.478: Total time for which application threads were stopped: 0.0860794 seconds, Stopping threads took: 0.0000179 seconds
2018-06-17T23:29:11.853+0545: 19.478: [GC (CMS Initial Mark) [1 CMS-initial-mark: 1438110K(1572864K)] 1461683K(1682112K), 0.0120938 secs] [Times: user=0.05 sys=0.00, real=0.01 secs] 
2018-06-17T23:29:11.865+0545: 19.490: Total time for which application threads were stopped: 0.0122171 seconds, Stopping threads took: 0.0000155 seconds
2018-06-17T23:29:11.865+0545: 19.490: [CMS-concurrent-mark-start]
{Heap before GC invocations=72 (full 9):
 par new generation   total 109248K, used 109248K [0x0000000080000000, 0x0000000088000000, 0x00000000a0000000)
  eden space 87424K, 100% used [0x0000000080000000, 0x0000000085560000, 0x0000000085560000)
  from space 21824K, 100% used [0x0000000085560000, 0x0000000086ab0000, 0x0000000086ab0000)
  to   space 21824K,   0% used [0x0000000086ab0000, 0x0000000086ab0000, 0x0000000088000000)
 concurrent mark-sweep generation total 1572864K, used 1438110K [0x00000000a0000000, 0x0000000100000000, 0x0000000100000000)
 Metaspace       used 29163K, capacity 29936K, committed 30104K, reserved 1075200K
  class space    used 3440K, capacity 3692K, committed 3736K, reserved 1048576K
2018-06-17T23:29:12.042+0545: 19.667: [GC (Allocation Failure) 2018-06-17T23:29:12.042+0545: 19.667: [ParNew
Desired survivor size 20112992 bytes, new threshold 2 (max 8)
- age   1:   11818840 bytes,   11818840 total
- age   2:   10528736 bytes,   22347576 total
: 109248K->21824K(109248K), 0.1025871 secs] 1547358K->1480352K(1682112K), 0.1026656 secs] [Times: user=0.33 sys=0.01, real=0.10 secs] 
Heap after GC invocations=73 (full 9):
 par new generation   total 109248K, used 21824K [0x0000000080000000, 0x0000000088000000, 0x00000000a0000000)
  eden space 87424K,   0% used [0x0000000080000000, 0x0000000080000000, 0x0000000085560000)
  from space 21824K, 100% used [0x0000000086ab0000, 0x0000000088000000, 0x0000000088000000)
  to   space 21824K,   0% used [0x0000000085560000, 0x0000000085560000, 0x0000000086ab0000)
 concurrent mark-sweep generation total 1572864K, used 1458528K [0x00000000a0000000, 0x0000000100000000, 0x0000000100000000)
 Metaspace       used 29163K, capacity 29936K, committed 30104K, reserved 1075200K
  class space    used 3440K, capacity 3692K, committed 3736K, reserved 1048576K
}
2018-06-17T23:29:12.145+0545: 19.770: Total time for which application threads were stopped: 0.1028637 seconds, Stopping threads took: 0.0000264 seconds
{Heap before GC invocations=73 (full 9):
 par new generation   total 109248K, used 109248K [0x0000000080000000, 0x0000000088000000, 0x00000000a0000000)
  eden space 87424K, 100% used [0x0000000080000000, 0x0000000085560000, 0x0000000085560000)
  from space 21824K, 100% used [0x0000000086ab0000, 0x0000000088000000, 0x0000000088000000)
  to   space 21824K,   0% used [0x0000000085560000, 0x0000000085560000, 0x0000000086ab0000)
 concurrent mark-sweep generation total 1572864K, used 1458528K [0x00000000a0000000, 0x0000000100000000, 0x0000000100000000)
 Metaspace       used 29163K, capacity 29936K, committed 30104K, reserved 1075200K
  class space    used 3440K, capacity 3692K, committed 3736K, reserved 1048576K
2018-06-17T23:29:12.321+0545: 19.946: [GC (Allocation Failure) 2018-06-17T23:29:12.321+0545: 19.946: [ParNew
Desired survivor size 20112992 bytes, new threshold 2 (max 8)
- age   1:   14133664 bytes,   14133664 total
- age   2:    8213856 bytes,   22347520 total
: 109248K->21824K(109248K), 0.1050699 secs] 1567776K->1502790K(1682112K), 0.1051441 secs] [Times: user=0.37 sys=0.02, real=0.10 secs] 
Heap after GC invocations=74 (full 9):
 par new generation   total 109248K, used 21824K [0x0000000080000000, 0x0000000088000000, 0x00000000a0000000)
  eden space 87424K,   0% used [0x0000000080000000, 0x0000000080000000, 0x0000000085560000)
  from space 21824K, 100% used [0x0000000085560000, 0x0000000086ab0000, 0x0000000086ab0000)
  to   space 21824K,   0% used [0x0000000086ab0000, 0x0000000086ab0000, 0x0000000088000000)
 concurrent mark-sweep generation total 1572864K, used 1480966K [0x00000000a0000000, 0x0000000100000000, 0x0000000100000000)
 Metaspace       used 29163K, capacity 29936K, committed 30104K, reserved 1075200K
  class space    used 3440K, capacity 3692K, committed 3736K, reserved 1048576K
}
2018-06-17T23:29:12.426+0545: 20.051: Total time for which application threads were stopped: 0.1053392 seconds, Stopping threads took: 0.0000201 seconds
{Heap before GC invocations=74 (full 9):
 par new generation   total 109248K, used 109248K [0x0000000080000000, 0x0000000088000000, 0x00000000a0000000)
  eden space 87424K, 100% used [0x0000000080000000, 0x0000000085560000, 0x0000000085560000)
  from space 21824K, 100% used [0x0000000085560000, 0x0000000086ab0000, 0x0000000086ab0000)
  to   space 21824K,   0% used [0x0000000086ab0000, 0x0000000086ab0000, 0x0000000088000000)
 concurrent mark-sweep generation total 1572864K, used 1480966K [0x00000000a0000000, 0x0000000100000000, 0x0000000100000000)
 Metaspace       used 29163K, capacity 29936K, committed 30104K, reserved 1075200K
  class space    used 3440K, capacity 3692K, committed 3736K, reserved 1048576K
2018-06-17T23:29:12.537+0545: 20.162: [GC (Allocation Failure) 2018-06-17T23:29:12.537+0545: 20.162: [ParNew
Desired survivor size 20112992 bytes, new threshold 2 (max 8)
- age   1:   10954232 bytes,   10954232 total
- age   2:   11393368 bytes,   22347600 total
: 109248K->21824K(109248K), 0.1007368 secs] 1590214K->1524992K(1682112K), 0.1008030 secs] [Times: user=0.36 sys=0.01, real=0.10 secs] 
Heap after GC invocations=75 (full 9):
 par new generation   total 109248K, used 21824K [0x0000000080000000, 0x0000000088000000, 0x00000000a0000000)
  eden space 87424K,   0% used [0x0000000080000000, 0x0000000080000000, 0x0000000085560000)
  from space 21824K, 100% used [0x0000000086ab0000, 0x0000000088000000, 0x0000000088000000)
  to   space 21824K,   0% used [0x0000000085560000, 0x0000000085560000, 0x0000000086ab0000)
 concurrent mark-sweep generation total 1572864K, used 1503168K [0x00000000a0000000, 0x0000000100000000, 0x0000000100000000)
 Metaspace       used 29163K, capacity 29936K, committed 30104K, reserved 1075200K
  class space    used 3440K, capacity 3692K, committed 3736K, reserved 1048576K
}
2018-06-17T23:29:12.638+0545: 20.263: Total time for which application threads were stopped: 0.1009622 seconds, Stopping threads took: 0.0000222 seconds
{Heap before GC invocations=75 (full 9):
 par new generation   total 109248K, used 107499K [0x0000000080000000, 0x0000000088000000, 0x00000000a0000000)
  eden space 87424K,  98% used [0x0000000080000000, 0x00000000853aaef0, 0x0000000085560000)
  from space 21824K, 100% used [0x0000000086ab0000, 0x0000000088000000, 0x0000000088000000)
  to   space 21824K,   0% used [0x0000000085560000, 0x0000000085560000, 0x0000000086ab0000)
 concurrent mark-sweep generation total 1572864K, used 1503168K [0x00000000a0000000, 0x0000000100000000, 0x0000000100000000)
 Metaspace       used 29163K, capacity 29936K, committed 30104K, reserved 1075200K
  class space    used 3440K, capacity 3692K, committed 3736K, reserved 1048576K
2018-06-17T23:29:12.791+0545: 20.416: [GC (Allocation Failure) 2018-06-17T23:29:12.791+0545: 20.416: [ParNew
Desired survivor size 20112992 bytes, new threshold 2 (max 8)
- age   1:   12723568 bytes,   12723568 total
- age   2:    9623288 bytes,   22346856 total
: 107499K->21823K(109248K), 0.0994245 secs] 1610668K->1545784K(1682112K), 0.0994852 secs] [Times: user=0.35 sys=0.01, real=0.10 secs] 
Heap after GC invocations=76 (full 9):
 par new generation   total 109248K, used 21823K [0x0000000080000000, 0x0000000088000000, 0x00000000a0000000)
  eden space 87424K,   0% used [0x0000000080000000, 0x0000000080000000, 0x0000000085560000)
  from space 21824K,  99% used [0x0000000085560000, 0x0000000086aafd00, 0x0000000086ab0000)
  to   space 21824K,   0% used [0x0000000086ab0000, 0x0000000086ab0000, 0x0000000088000000)
 concurrent mark-sweep generation total 1572864K, used 1523961K [0x00000000a0000000, 0x0000000100000000, 0x0000000100000000)
 Metaspace       used 29163K, capacity 29936K, committed 30104K, reserved 1075200K
  class space    used 3440K, capacity 3692K, committed 3736K, reserved 1048576K
}
2018-06-17T23:29:12.891+0545: 20.516: Total time for which application threads were stopped: 0.0996508 seconds, Stopping threads took: 0.0000199 seconds
{Heap before GC invocations=76 (full 9):
 par new generation   total 109248K, used 109247K [0x0000000080000000, 0x0000000088000000, 0x00000000a0000000)
  eden space 87424K, 100% used [0x0000000080000000, 0x0000000085560000, 0x0000000085560000)
  from space 21824K,  99% used [0x0000000085560000, 0x0000000086aafd00, 0x0000000086ab0000)
  to   space 21824K,   0% used [0x0000000086ab0000, 0x0000000086ab0000, 0x0000000088000000)
 concurrent mark-sweep generation total 1572864K, used 1523961K [0x00000000a0000000, 0x0000000100000000, 0x0000000100000000)
 Metaspace       used 29163K, capacity 29936K, committed 30104K, reserved 1075200K
  class space    used 3440K, capacity 3692K, committed 3736K, reserved 1048576K
2018-06-17T23:29:13.027+0545: 20.652: [GC (Allocation Failure) 2018-06-17T23:29:13.027+0545: 20.652: [ParNew
Desired survivor size 20112992 bytes, new threshold 2 (max 8)
- age   1:   12538648 bytes,   12538648 total
- age   2:    9808072 bytes,   22346720 total
: 109247K->21823K(109248K), 0.1043822 secs] 1633208K->1570622K(1682112K), 0.1044490 secs] [Times: user=0.38 sys=0.01, real=0.11 secs] 
Heap after GC invocations=77 (full 9):
 par new generation   total 109248K, used 21823K [0x0000000080000000, 0x0000000088000000, 0x00000000a0000000)
  eden space 87424K,   0% used [0x0000000080000000, 0x0000000080000000, 0x0000000085560000)
  from space 21824K,  99% used [0x0000000086ab0000, 0x0000000087fffc80, 0x0000000088000000)
  to   space 21824K,   0% used [0x0000000085560000, 0x0000000085560000, 0x0000000086ab0000)
 concurrent mark-sweep generation total 1572864K, used 1548799K [0x00000000a0000000, 0x0000000100000000, 0x0000000100000000)
 Metaspace       used 29163K, capacity 29936K, committed 30104K, reserved 1075200K
  class space    used 3440K, capacity 3692K, committed 3736K, reserved 1048576K
}
2018-06-17T23:29:13.131+0545: 20.756: Total time for which application threads were stopped: 0.1046097 seconds, Stopping threads took: 0.0000231 seconds
{Heap before GC invocations=77 (full 9):
 par new generation   total 109248K, used 109247K [0x0000000080000000, 0x0000000088000000, 0x00000000a0000000)
  eden space 87424K, 100% used [0x0000000080000000, 0x0000000085560000, 0x0000000085560000)
  from space 21824K,  99% used [0x0000000086ab0000, 0x0000000087fffc80, 0x0000000088000000)
  to   space 21824K,   0% used [0x0000000085560000, 0x0000000085560000, 0x0000000086ab0000)
 concurrent mark-sweep generation total 1572864K, used 1548799K [0x00000000a0000000, 0x0000000100000000, 0x0000000100000000)
 Metaspace       used 29163K, capacity 29936K, committed 30104K, reserved 1075200K
  class space    used 3440K, capacity 3692K, committed 3736K, reserved 1048576K
2018-06-17T23:29:13.367+0545: 20.992: [GC (Allocation Failure) 2018-06-17T23:29:13.367+0545: 20.992: [ParNew: 109247K->109247K(109248K), 0.0000145 secs]2018-06-17T23:29:13.367+0545: 20.992: [CMS2018-06-17T23:29:13.712+0545: 21.337: [CMS-concurrent-mark: 1.332/1.847 secs] [Times: user=6.78 sys=0.06, real=1.85 secs] 
 (concurrent mode failure): 1548799K->1572863K(1572864K), 4.7856723 secs] 1658046K->1583593K(1682112K), [Metaspace: 29163K->29163K(1075200K)], 4.7861817 secs] [Times: user=5.69 sys=0.04, real=4.79 secs] 
Heap after GC invocations=78 (full 10):
 par new generation   total 436928K, used 10729K [0x0000000080000000, 0x00000000a0000000, 0x00000000a0000000)
  eden space 349568K,   3% used [0x0000000080000000, 0x0000000080a7a4c0, 0x0000000095560000)
  from space 87360K,   0% used [0x0000000095560000, 0x0000000095560000, 0x000000009aab0000)
  to   space 87360K,   0% used [0x000000009aab0000, 0x000000009aab0000, 0x00000000a0000000)
 concurrent mark-sweep generation total 1572864K, used 1572863K [0x00000000a0000000, 0x0000000100000000, 0x0000000100000000)
 Metaspace       used 29163K, capacity 29936K, committed 30104K, reserved 1075200K
  class space    used 3440K, capacity 3692K, committed 3736K, reserved 1048576K
}
2018-06-17T23:29:18.153+0545: 25.778: Total time for which application threads were stopped: 4.7869290 seconds, Stopping threads took: 0.0000229 seconds
2018-06-17T23:29:18.347+0545: 25.972: Total time for which application threads were stopped: 0.0001061 seconds, Stopping threads took: 0.0000219 seconds
2018-06-17T23:29:18.348+0545: 25.973: Total time for which application threads were stopped: 0.0000645 seconds, Stopping threads took: 0.0000126 seconds
2018-06-17T23:29:18.348+0545: 25.973: Total time for which application threads were stopped: 0.0000456 seconds, Stopping threads took: 0.0000104 seconds
2018-06-17T23:29:18.348+0545: 25.973: Total time for which application threads were stopped: 0.0000402 seconds, Stopping threads took: 0.0000099 seconds
2018-06-17T23:29:18.348+0545: 25.973: Total time for which application threads were stopped: 0.0000661 seconds, Stopping threads took: 0.0000386 seconds
2018-06-17T23:29:18.348+0545: 25.973: Total time for which application threads were stopped: 0.0000513 seconds, Stopping threads took: 0.0000158 seconds
2018-06-17T23:29:18.348+0545: 25.973: Total time for which application threads were stopped: 0.0000559 seconds, Stopping threads took: 0.0000229 seconds
2018-06-17T23:29:18.349+0545: 25.974: Total time for which application threads were stopped: 0.0000441 seconds, Stopping threads took: 0.0000073 seconds
2018-06-17T23:29:18.349+0545: 25.974: Total time for which application threads were stopped: 0.0000365 seconds, Stopping threads took: 0.0000061 seconds
2018-06-17T23:29:18.349+0545: 25.975: Total time for which application threads were stopped: 0.0002964 seconds, Stopping threads took: 0.0000069 seconds
2018-06-17T23:29:19.350+0545: 26.975: Total time for which application threads were stopped: 0.0001475 seconds, Stopping threads took: 0.0000279 seconds
2018-06-17T23:29:20.153+0545: 27.778: [GC (CMS Initial Mark) [1 CMS-initial-mark: 1572863K(1572864K)] 1603367K(2009792K), 0.0438940 secs] [Times: user=0.11 sys=0.00, real=0.04 secs] 
2018-06-17T23:29:20.197+0545: 27.822: Total time for which application threads were stopped: 0.0440735 seconds, Stopping threads took: 0.0000319 seconds
2018-06-17T23:29:20.197+0545: 27.822: [CMS-concurrent-mark-start]
2018-06-17T23:29:21.477+0545: 29.102: [CMS-concurrent-mark: 1.280/1.280 secs] [Times: user=4.58 sys=0.02, real=1.28 secs] 
2018-06-17T23:29:21.477+0545: 29.102: [CMS-concurrent-preclean-start]
2018-06-17T23:29:23.040+0545: 30.665: [CMS-concurrent-preclean: 1.563/1.563 secs] [Times: user=1.56 sys=0.00, real=1.56 secs] 
2018-06-17T23:29:23.040+0545: 30.665: [CMS-concurrent-abortable-preclean-start]
2018-06-17T23:29:23.040+0545: 30.665: [CMS-concurrent-abortable-preclean: 0.000/0.000 secs] [Times: user=0.00 sys=0.00, real=0.00 secs] 
2018-06-17T23:29:23.040+0545: 30.665: [GC (CMS Final Remark) [YG occupancy: 30503 K (436928 K)]{Heap before GC invocations=78 (full 11):
 par new generation   total 436928K, used 30503K [0x0000000080000000, 0x00000000a0000000, 0x00000000a0000000)
  eden space 349568K,   8% used [0x0000000080000000, 0x0000000081dc9e10, 0x0000000095560000)
  from space 87360K,   0% used [0x0000000095560000, 0x0000000095560000, 0x000000009aab0000)
  to   space 87360K,   0% used [0x000000009aab0000, 0x000000009aab0000, 0x00000000a0000000)
 concurrent mark-sweep generation total 1572864K, used 1572863K [0x00000000a0000000, 0x0000000100000000, 0x0000000100000000)
 Metaspace       used 29513K, capacity 30328K, committed 30488K, reserved 1075200K
  class space    used 3487K, capacity 3758K, committed 3864K, reserved 1048576K
2018-06-17T23:29:23.040+0545: 30.665: [GC (CMS Final Remark) 2018-06-17T23:29:23.040+0545: 30.665: [ParNew: 30503K->30503K(436928K), 0.0000137 secs] 1603367K->1603367K(2009792K), 0.0000360 secs] [Times: user=0.00 sys=0.00, real=0.00 secs] 
Heap after GC invocations=79 (full 11):
 par new generation   total 436928K, used 30503K [0x0000000080000000, 0x00000000a0000000, 0x00000000a0000000)
  eden space 349568K,   8% used [0x0000000080000000, 0x0000000081dc9e10, 0x0000000095560000)
  from space 87360K,   0% used [0x0000000095560000, 0x0000000095560000, 0x000000009aab0000)
  to   space 87360K,   0% used [0x000000009aab0000, 0x000000009aab0000, 0x00000000a0000000)
 concurrent mark-sweep generation total 1572864K, used 1572863K [0x00000000a0000000, 0x0000000100000000, 0x0000000100000000)
 Metaspace       used 29513K, capacity 30328K, committed 30488K, reserved 1075200K
  class space    used 3487K, capacity 3758K, committed 3864K, reserved 1048576K
}
2018-06-17T23:29:23.040+0545: 30.665: [Rescan (parallel) , 0.0379881 secs]2018-06-17T23:29:23.078+0545: 30.703: [weak refs processing, 0.0006265 secs]2018-06-17T23:29:23.079+0545: 30.704: [class unloading, 0.0035627 secs]2018-06-17T23:29:23.082+0545: 30.707: [scrub symbol table, 0.0130152 secs]2018-06-17T23:29:23.095+0545: 30.720: [scrub string table, 0.0005034 secs][1 CMS-remark: 1572863K(1572864K)] 1603367K(2009792K), 0.0559554 secs] [Times: user=0.15 sys=0.00, real=0.06 secs] 
2018-06-17T23:29:23.096+0545: 30.721: Total time for which application threads were stopped: 0.0560530 seconds, Stopping threads took: 0.0000153 seconds
2018-06-17T23:29:23.096+0545: 30.721: [CMS-concurrent-sweep-start]
2018-06-17T23:29:23.654+0545: 31.279: [CMS-concurrent-sweep: 0.558/0.558 secs] [Times: user=0.55 sys=0.00, real=0.56 secs] 
2018-06-17T23:29:23.654+0545: 31.279: [CMS-concurrent-reset-start]
2018-06-17T23:29:23.656+0545: 31.281: [CMS-concurrent-reset: 0.002/0.002 secs] [Times: user=0.00 sys=0.00, real=0.00 secs] 
2018-06-17T23:29:25.655+0545: 33.280: [GC (CMS Initial Mark) [1 CMS-initial-mark: 1570912K(1572864K)] 1601416K(2009792K), 0.0594018 secs] [Times: user=0.06 sys=0.00, real=0.06 secs] 
2018-06-17T23:29:25.715+0545: 33.340: Total time for which application threads were stopped: 0.0596224 seconds, Stopping threads took: 0.0000409 seconds
2018-06-17T23:29:25.715+0545: 33.340: [CMS-concurrent-mark-start]
2018-06-17T23:29:26.955+0545: 34.580: [CMS-concurrent-mark: 1.240/1.240 secs] [Times: user=4.53 sys=0.00, real=1.24 secs] 
2018-06-17T23:29:26.955+0545: 34.580: [CMS-concurrent-preclean-start]
2018-06-17T23:29:26.957+0545: 34.582: [CMS-concurrent-preclean: 0.002/0.002 secs] [Times: user=0.00 sys=0.00, real=0.00 secs] 
2018-06-17T23:29:26.957+0545: 34.582: [CMS-concurrent-abortable-preclean-start]
2018-06-17T23:29:26.957+0545: 34.582: [CMS-concurrent-abortable-preclean: 0.000/0.000 secs] [Times: user=0.00 sys=0.00, real=0.00 secs] 
2018-06-17T23:29:26.957+0545: 34.582: [GC (CMS Final Remark) [YG occupancy: 30503 K (436928 K)]{Heap before GC invocations=79 (full 12):
 par new generation   total 436928K, used 30503K [0x0000000080000000, 0x00000000a0000000, 0x00000000a0000000)
  eden space 349568K,   8% used [0x0000000080000000, 0x0000000081dc9e10, 0x0000000095560000)
  from space 87360K,   0% used [0x0000000095560000, 0x0000000095560000, 0x000000009aab0000)
  to   space 87360K,   0% used [0x000000009aab0000, 0x000000009aab0000, 0x00000000a0000000)
 concurrent mark-sweep generation total 1572864K, used 1570912K [0x00000000a0000000, 0x0000000100000000, 0x0000000100000000)
 Metaspace       used 29513K, capacity 30328K, committed 30488K, reserved 1075200K
  class space    used 3487K, capacity 3758K, committed 3864K, reserved 1048576K
2018-06-17T23:29:26.957+0545: 34.582: [GC (CMS Final Remark) 2018-06-17T23:29:26.957+0545: 34.582: [ParNew: 30503K->30503K(436928K), 0.0000133 secs] 1601416K->1601416K(2009792K), 0.0000355 secs] [Times: user=0.00 sys=0.00, real=0.00 secs] 
Heap after GC invocations=80 (full 12):
 par new generation   total 436928K, used 30503K [0x0000000080000000, 0x00000000a0000000, 0x00000000a0000000)
  eden space 349568K,   8% used [0x0000000080000000, 0x0000000081dc9e10, 0x0000000095560000)
  from space 87360K,   0% used [0x0000000095560000, 0x0000000095560000, 0x000000009aab0000)
  to   space 87360K,   0% used [0x000000009aab0000, 0x000000009aab0000, 0x00000000a0000000)
 concurrent mark-sweep generation total 1572864K, used 1570912K [0x00000000a0000000, 0x0000000100000000, 0x0000000100000000)
 Metaspace       used 29513K, capacity 30328K, committed 30488K, reserved 1075200K
  class space    used 3487K, capacity 3758K, committed 3864K, reserved 1048576K
}
2018-06-17T23:29:26.957+0545: 34.583: [Rescan (parallel) , 0.0361791 secs]2018-06-17T23:29:26.994+0545: 34.619: [weak refs processing, 0.0006080 secs]2018-06-17T23:29:26.994+0545: 34.619: [class unloading, 0.0036021 secs]2018-06-17T23:29:26.998+0545: 34.623: [scrub symbol table, 0.0034696 secs]2018-06-17T23:29:27.001+0545: 34.626: [scrub string table, 0.0004497 secs][1 CMS-remark: 1570912K(1572864K)] 1601416K(2009792K), 0.0445872 secs] [Times: user=0.15 sys=0.00, real=0.05 secs] 
2018-06-17T23:29:27.002+0545: 34.627: Total time for which application threads were stopped: 0.0446893 seconds, Stopping threads took: 0.0000251 seconds
2018-06-17T23:29:27.002+0545: 34.627: [CMS-concurrent-sweep-start]
2018-06-17T23:29:27.540+0545: 35.165: [CMS-concurrent-sweep: 0.538/0.538 secs] [Times: user=0.54 sys=0.00, real=0.53 secs] 
2018-06-17T23:29:27.540+0545: 35.165: [CMS-concurrent-reset-start]
2018-06-17T23:29:27.542+0545: 35.167: [CMS-concurrent-reset: 0.002/0.002 secs] [Times: user=0.00 sys=0.00, real=0.01 secs] 
2018-06-17T23:29:29.541+0545: 37.166: [GC (CMS Initial Mark) [1 CMS-initial-mark: 1570912K(1572864K)] 1601416K(2009792K), 0.0624463 secs] [Times: user=0.06 sys=0.00, real=0.06 secs] 
2018-06-17T23:29:29.604+0545: 37.229: Total time for which application threads were stopped: 0.0627082 seconds, Stopping threads took: 0.0000460 seconds
2018-06-17T23:29:29.604+0545: 37.229: [CMS-concurrent-mark-start]
2018-06-17T23:29:30.788+0545: 38.413: [CMS-concurrent-mark: 1.184/1.184 secs] [Times: user=4.48 sys=0.01, real=1.18 secs] 
2018-06-17T23:29:30.788+0545: 38.413: [CMS-concurrent-preclean-start]
2018-06-17T23:29:30.790+0545: 38.415: [CMS-concurrent-preclean: 0.002/0.002 secs] [Times: user=0.00 sys=0.00, real=0.01 secs] 
2018-06-17T23:29:30.790+0545: 38.415: [CMS-concurrent-abortable-preclean-start]
2018-06-17T23:29:30.790+0545: 38.415: [CMS-concurrent-abortable-preclean: 0.000/0.000 secs] [Times: user=0.00 sys=0.00, real=0.00 secs] 
2018-06-17T23:29:30.790+0545: 38.415: [GC (CMS Final Remark) [YG occupancy: 30503 K (436928 K)]{Heap before GC invocations=80 (full 13):
 par new generation   total 436928K, used 30503K [0x0000000080000000, 0x00000000a0000000, 0x00000000a0000000)
  eden space 349568K,   8% used [0x0000000080000000, 0x0000000081dc9e10, 0x0000000095560000)
  from space 87360K,   0% used [0x0000000095560000, 0x0000000095560000, 0x000000009aab0000)
  to   space 87360K,   0% used [0x000000009aab0000, 0x000000009aab0000, 0x00000000a0000000)
 concurrent mark-sweep generation total 1572864K, used 1570912K [0x00000000a0000000, 0x0000000100000000, 0x0000000100000000)
 Metaspace       used 29513K, capacity 30328K, committed 30488K, reserved 1075200K
  class space    used 3487K, capacity 3758K, committed 3864K, reserved 1048576K
2018-06-17T23:29:30.790+0545: 38.415: [GC (CMS Final Remark) 2018-06-17T23:29:30.790+0545: 38.415: [ParNew: 30503K->30503K(436928K), 0.0000130 secs] 1601416K->1601416K(2009792K), 0.0000341 secs] [Times: user=0.00 sys=0.00, real=0.00 secs] 
Heap after GC invocations=81 (full 13):
 par new generation   total 436928K, used 30503K [0x0000000080000000, 0x00000000a0000000, 0x00000000a0000000)
  eden space 349568K,   8% used [0x0000000080000000, 0x0000000081dc9e10, 0x0000000095560000)
  from space 87360K,   0% used [0x0000000095560000, 0x0000000095560000, 0x000000009aab0000)
  to   space 87360K,   0% used [0x000000009aab0000, 0x000000009aab0000, 0x00000000a0000000)
 concurrent mark-sweep generation total 1572864K, used 1570912K [0x00000000a0000000, 0x0000000100000000, 0x0000000100000000)
 Metaspace       used 29513K, capacity 30328K, committed 30488K, reserved 1075200K
  class space    used 3487K, capacity 3758K, committed 3864K, reserved 1048576K
}
2018-06-17T23:29:30.790+0545: 38.415: [Rescan (parallel) , 0.0353522 secs]2018-06-17T23:29:30.826+0545: 38.451: [weak refs processing, 0.0023933 secs]2018-06-17T23:29:30.828+0545: 38.453: [class unloading, 0.0035942 secs]2018-06-17T23:29:30.832+0545: 38.457: [scrub symbol table, 0.0031902 secs]2018-06-17T23:29:30.835+0545: 38.460: [scrub string table, 0.0004346 secs][1 CMS-remark: 1570912K(1572864K)] 1601416K(2009792K), 0.0452448 secs] [Times: user=0.15 sys=0.00, real=0.04 secs] 
2018-06-17T23:29:30.835+0545: 38.460: Total time for which application threads were stopped: 0.0453423 seconds, Stopping threads took: 0.0000157 seconds
2018-06-17T23:29:30.835+0545: 38.461: [CMS-concurrent-sweep-start]
2018-06-17T23:29:31.391+0545: 39.016: [CMS-concurrent-sweep: 0.555/0.555 secs] [Times: user=0.56 sys=0.00, real=0.56 secs] 
2018-06-17T23:29:31.391+0545: 39.016: [CMS-concurrent-reset-start]
2018-06-17T23:29:31.393+0545: 39.018: [CMS-concurrent-reset: 0.002/0.002 secs] [Times: user=0.00 sys=0.00, real=0.00 secs] 
2018-06-17T23:29:33.392+0545: 41.017: [GC (CMS Initial Mark) [1 CMS-initial-mark: 1570912K(1572864K)] 1601416K(2009792K), 0.0628022 secs] [Times: user=0.06 sys=0.00, real=0.06 secs] 
2018-06-17T23:29:33.455+0545: 41.080: Total time for which application threads were stopped: 0.0629758 seconds, Stopping threads took: 0.0000291 seconds
2018-06-17T23:29:33.455+0545: 41.080: [CMS-concurrent-mark-start]
2018-06-17T23:29:34.761+0545: 42.387: [CMS-concurrent-mark: 1.306/1.306 secs] [Times: user=4.52 sys=0.00, real=1.31 secs] 
2018-06-17T23:29:34.762+0545: 42.387: [CMS-concurrent-preclean-start]
2018-06-17T23:29:34.764+0545: 42.389: [CMS-concurrent-preclean: 0.002/0.002 secs] [Times: user=0.01 sys=0.00, real=0.00 secs] 
2018-06-17T23:29:34.764+0545: 42.389: [CMS-concurrent-abortable-preclean-start]
2018-06-17T23:29:34.764+0545: 42.389: [CMS-concurrent-abortable-preclean: 0.000/0.000 secs] [Times: user=0.00 sys=0.00, real=0.00 secs] 
2018-06-17T23:29:34.764+0545: 42.389: [GC (CMS Final Remark) [YG occupancy: 30503 K (436928 K)]{Heap before GC invocations=81 (full 14):
 par new generation   total 436928K, used 30503K [0x0000000080000000, 0x00000000a0000000, 0x00000000a0000000)
  eden space 349568K,   8% used [0x0000000080000000, 0x0000000081dc9e10, 0x0000000095560000)
  from space 87360K,   0% used [0x0000000095560000, 0x0000000095560000, 0x000000009aab0000)
  to   space 87360K,   0% used [0x000000009aab0000, 0x000000009aab0000, 0x00000000a0000000)
 concurrent mark-sweep generation total 1572864K, used 1570912K [0x00000000a0000000, 0x0000000100000000, 0x0000000100000000)
 Metaspace       used 29513K, capacity 30328K, committed 30488K, reserved 1075200K
  class space    used 3487K, capacity 3758K, committed 3864K, reserved 1048576K
2018-06-17T23:29:34.764+0545: 42.389: [GC (CMS Final Remark) 2018-06-17T23:29:34.764+0545: 42.389: [ParNew: 30503K->30503K(436928K), 0.0000129 secs] 1601416K->1601416K(2009792K), 0.0000335 secs] [Times: user=0.00 sys=0.00, real=0.00 secs] 
Heap after GC invocations=82 (full 14):
 par new generation   total 436928K, used 30503K [0x0000000080000000, 0x00000000a0000000, 0x00000000a0000000)
  eden space 349568K,   8% used [0x0000000080000000, 0x0000000081dc9e10, 0x0000000095560000)
  from space 87360K,   0% used [0x0000000095560000, 0x0000000095560000, 0x000000009aab0000)
  to   space 87360K,   0% used [0x000000009aab0000, 0x000000009aab0000, 0x00000000a0000000)
 concurrent mark-sweep generation total 1572864K, used 1570912K [0x00000000a0000000, 0x0000000100000000, 0x0000000100000000)
 Metaspace       used 29513K, capacity 30328K, committed 30488K, reserved 1075200K
  class space    used 3487K, capacity 3758K, committed 3864K, reserved 1048576K
}
2018-06-17T23:29:34.764+0545: 42.389: [Rescan (parallel) , 0.0358918 secs]2018-06-17T23:29:34.800+0545: 42.425: [weak refs processing, 0.0017527 secs]2018-06-17T23:29:34.802+0545: 42.427: [class unloading, 0.0036765 secs]2018-06-17T23:29:34.805+0545: 42.431: [scrub symbol table, 0.0035536 secs]2018-06-17T23:29:34.809+0545: 42.434: [scrub string table, 0.0004516 secs][1 CMS-remark: 1570912K(1572864K)] 1601416K(2009792K), 0.0456646 secs] [Times: user=0.15 sys=0.00, real=0.05 secs] 
2018-06-17T23:29:34.810+0545: 42.435: Total time for which application threads were stopped: 0.0457652 seconds, Stopping threads took: 0.0000148 seconds
2018-06-17T23:29:34.810+0545: 42.435: [CMS-concurrent-sweep-start]
2018-06-17T23:29:35.354+0545: 42.979: [CMS-concurrent-sweep: 0.544/0.544 secs] [Times: user=0.54 sys=0.00, real=0.54 secs] 
2018-06-17T23:29:35.354+0545: 42.979: [CMS-concurrent-reset-start]
2018-06-17T23:29:35.356+0545: 42.981: [CMS-concurrent-reset: 0.003/0.003 secs] [Times: user=0.01 sys=0.00, real=0.00 secs] 
2018-06-17T23:29:37.356+0545: 44.981: [GC (CMS Initial Mark) [1 CMS-initial-mark: 1570912K(1572864K)] 1601416K(2009792K), 0.0625059 secs] [Times: user=0.06 sys=0.00, real=0.06 secs] 
2018-06-17T23:29:37.418+0545: 45.043: Total time for which application threads were stopped: 0.0627400 seconds, Stopping threads took: 0.0000387 seconds
2018-06-17T23:29:37.418+0545: 45.043: [CMS-concurrent-mark-start]
2018-06-17T23:29:38.604+0545: 46.229: [CMS-concurrent-mark: 1.186/1.186 secs] [Times: user=4.56 sys=0.01, real=1.19 secs] 
2018-06-17T23:29:38.604+0545: 46.229: [CMS-concurrent-preclean-start]
2018-06-17T23:29:38.607+0545: 46.232: [CMS-concurrent-preclean: 0.002/0.002 secs] [Times: user=0.00 sys=0.00, real=0.00 secs] 
2018-06-17T23:29:38.607+0545: 46.232: [CMS-concurrent-abortable-preclean-start]
2018-06-17T23:29:38.607+0545: 46.232: [CMS-concurrent-abortable-preclean: 0.000/0.000 secs] [Times: user=0.00 sys=0.00, real=0.00 secs] 
2018-06-17T23:29:38.607+0545: 46.232: [GC (CMS Final Remark) [YG occupancy: 30503 K (436928 K)]{Heap before GC invocations=82 (full 15):
 par new generation   total 436928K, used 30503K [0x0000000080000000, 0x00000000a0000000, 0x00000000a0000000)
  eden space 349568K,   8% used [0x0000000080000000, 0x0000000081dc9e10, 0x0000000095560000)
  from space 87360K,   0% used [0x0000000095560000, 0x0000000095560000, 0x000000009aab0000)
  to   space 87360K,   0% used [0x000000009aab0000, 0x000000009aab0000, 0x00000000a0000000)
 concurrent mark-sweep generation total 1572864K, used 1570912K [0x00000000a0000000, 0x0000000100000000, 0x0000000100000000)
 Metaspace       used 29513K, capacity 30328K, committed 30488K, reserved 1075200K
  class space    used 3487K, capacity 3758K, committed 3864K, reserved 1048576K
2018-06-17T23:29:38.607+0545: 46.232: [GC (CMS Final Remark) 2018-06-17T23:29:38.607+0545: 46.232: [ParNew: 30503K->30503K(436928K), 0.0000135 secs] 1601416K->1601416K(2009792K), 0.0000347 secs] [Times: user=0.00 sys=0.00, real=0.00 secs] 
Heap after GC invocations=83 (full 15):
 par new generation   total 436928K, used 30503K [0x0000000080000000, 0x00000000a0000000, 0x00000000a0000000)
  eden space 349568K,   8% used [0x0000000080000000, 0x0000000081dc9e10, 0x0000000095560000)
  from space 87360K,   0% used [0x0000000095560000, 0x0000000095560000, 0x000000009aab0000)
  to   space 87360K,   0% used [0x000000009aab0000, 0x000000009aab0000, 0x00000000a0000000)
 concurrent mark-sweep generation total 1572864K, used 1570912K [0x00000000a0000000, 0x0000000100000000, 0x0000000100000000)
 Metaspace       used 29513K, capacity 30328K, committed 30488K, reserved 1075200K
  class space    used 3487K, capacity 3758K, committed 3864K, reserved 1048576K
}
2018-06-17T23:29:38.607+0545: 46.232: [Rescan (parallel) , 0.0395181 secs]2018-06-17T23:29:38.646+0545: 46.271: [weak refs processing, 0.0018564 secs]2018-06-17T23:29:38.648+0545: 46.273: [class unloading, 0.0036749 secs]2018-06-17T23:29:38.652+0545: 46.277: [scrub symbol table, 0.0033482 secs]2018-06-17T23:29:38.655+0545: 46.280: [scrub string table, 0.0004426 secs][1 CMS-remark: 1570912K(1572864K)] 1601416K(2009792K), 0.0491072 secs] [Times: user=0.16 sys=0.00, real=0.05 secs] 
2018-06-17T23:29:38.656+0545: 46.281: Total time for which application threads were stopped: 0.0491982 seconds, Stopping threads took: 0.0000151 seconds
2018-06-17T23:29:38.656+0545: 46.281: [CMS-concurrent-sweep-start]
2018-06-17T23:29:39.197+0545: 46.822: [CMS-concurrent-sweep: 0.541/0.541 secs] [Times: user=0.54 sys=0.00, real=0.54 secs] 
2018-06-17T23:29:39.197+0545: 46.822: [CMS-concurrent-reset-start]
2018-06-17T23:29:39.199+0545: 46.824: [CMS-concurrent-reset: 0.002/0.002 secs] [Times: user=0.01 sys=0.00, real=0.00 secs] 
2018-06-17T23:29:41.198+0545: 48.823: [GC (CMS Initial Mark) [1 CMS-initial-mark: 1570912K(1572864K)] 1601416K(2009792K), 0.0592410 secs] [Times: user=0.06 sys=0.00, real=0.06 secs] 
2018-06-17T23:29:41.257+0545: 48.882: Total time for which application threads were stopped: 0.0594856 seconds, Stopping threads took: 0.0000463 seconds
2018-06-17T23:29:41.257+0545: 48.882: [CMS-concurrent-mark-start]
2018-06-17T23:29:42.415+0545: 50.040: [CMS-concurrent-mark: 1.158/1.158 secs] [Times: user=4.44 sys=0.00, real=1.16 secs] 
2018-06-17T23:29:42.415+0545: 50.040: [CMS-concurrent-preclean-start]
2018-06-17T23:29:42.418+0545: 50.043: [CMS-concurrent-preclean: 0.002/0.002 secs] [Times: user=0.00 sys=0.00, real=0.00 secs] 
2018-06-17T23:29:42.418+0545: 50.043: [CMS-concurrent-abortable-preclean-start]
2018-06-17T23:29:42.418+0545: 50.043: [CMS-concurrent-abortable-preclean: 0.000/0.000 secs] [Times: user=0.00 sys=0.00, real=0.00 secs] 
2018-06-17T23:29:42.418+0545: 50.043: [GC (CMS Final Remark) [YG occupancy: 30503 K (436928 K)]{Heap before GC invocations=83 (full 16):
 par new generation   total 436928K, used 30503K [0x0000000080000000, 0x00000000a0000000, 0x00000000a0000000)
  eden space 349568K,   8% used [0x0000000080000000, 0x0000000081dc9e10, 0x0000000095560000)
  from space 87360K,   0% used [0x0000000095560000, 0x0000000095560000, 0x000000009aab0000)
  to   space 87360K,   0% used [0x000000009aab0000, 0x000000009aab0000, 0x00000000a0000000)
 concurrent mark-sweep generation total 1572864K, used 1570912K [0x00000000a0000000, 0x0000000100000000, 0x0000000100000000)
 Metaspace       used 29513K, capacity 30328K, committed 30488K, reserved 1075200K
  class space    used 3487K, capacity 3758K, committed 3864K, reserved 1048576K
2018-06-17T23:29:42.418+0545: 50.043: [GC (CMS Final Remark) 2018-06-17T23:29:42.418+0545: 50.043: [ParNew: 30503K->30503K(436928K), 0.0000136 secs] 1601416K->1601416K(2009792K), 0.0000385 secs] [Times: user=0.00 sys=0.00, real=0.00 secs] 
Heap after GC invocations=84 (full 16):
 par new generation   total 436928K, used 30503K [0x0000000080000000, 0x00000000a0000000, 0x00000000a0000000)
  eden space 349568K,   8% used [0x0000000080000000, 0x0000000081dc9e10, 0x0000000095560000)
  from space 87360K,   0% used [0x0000000095560000, 0x0000000095560000, 0x000000009aab0000)
  to   space 87360K,   0% used [0x000000009aab0000, 0x000000009aab0000, 0x00000000a0000000)
 concurrent mark-sweep generation total 1572864K, used 1570912K [0x00000000a0000000, 0x0000000100000000, 0x0000000100000000)
 Metaspace       used 29513K, capacity 30328K, committed 30488K, reserved 1075200K
  class space    used 3487K, capacity 3758K, committed 3864K, reserved 1048576K
}
2018-06-17T23:29:42.418+0545: 50.043: [Rescan (parallel) , 0.0385229 secs]2018-06-17T23:29:42.456+0545: 50.081: [weak refs processing, 0.0018185 secs]2018-06-17T23:29:42.458+0545: 50.083: [class unloading, 0.0035509 secs]2018-06-17T23:29:42.462+0545: 50.087: [scrub symbol table, 0.0032401 secs]2018-06-17T23:29:42.465+0545: 50.090: [scrub string table, 0.0004304 secs][1 CMS-remark: 1570912K(1572864K)] 1601416K(2009792K), 0.0478328 secs] [Times: user=0.16 sys=0.00, real=0.05 secs] 
2018-06-17T23:29:42.466+0545: 50.091: Total time for which application threads were stopped: 0.0479297 seconds, Stopping threads took: 0.0000154 seconds
2018-06-17T23:29:42.466+0545: 50.091: [CMS-concurrent-sweep-start]
2018-06-17T23:29:43.011+0545: 50.636: [CMS-concurrent-sweep: 0.546/0.546 secs] [Times: user=0.54 sys=0.00, real=0.55 secs] 
2018-06-17T23:29:43.011+0545: 50.636: [CMS-concurrent-reset-start]
2018-06-17T23:29:43.013+0545: 50.638: [CMS-concurrent-reset: 0.002/0.002 secs] [Times: user=0.00 sys=0.00, real=0.00 secs] 
2018-06-17T23:29:44.466+0545: 52.091: Total time for which application threads were stopped: 0.0002089 seconds, Stopping threads took: 0.0000411 seconds
2018-06-17T23:29:45.014+0545: 52.639: [GC (CMS Initial Mark) [1 CMS-initial-mark: 1570912K(1572864K)] 1603746K(2009792K), 0.0633210 secs] [Times: user=0.06 sys=0.00, real=0.06 secs] 
2018-06-17T23:29:45.077+0545: 52.702: Total time for which application threads were stopped: 0.0635551 seconds, Stopping threads took: 0.0000449 seconds
2018-06-17T23:29:45.077+0545: 52.702: [CMS-concurrent-mark-start]
2018-06-17T23:29:46.260+0545: 53.885: [CMS-concurrent-mark: 1.183/1.183 secs] [Times: user=4.57 sys=0.01, real=1.18 secs] 
2018-06-17T23:29:46.260+0545: 53.885: [CMS-concurrent-preclean-start]
2018-06-17T23:29:46.262+0545: 53.887: [CMS-concurrent-preclean: 0.002/0.002 secs] [Times: user=0.00 sys=0.00, real=0.01 secs] 
2018-06-17T23:29:46.262+0545: 53.887: [CMS-concurrent-abortable-preclean-start]
2018-06-17T23:29:46.262+0545: 53.887: [CMS-concurrent-abortable-preclean: 0.000/0.000 secs] [Times: user=0.00 sys=0.00, real=0.00 secs] 
2018-06-17T23:29:46.262+0545: 53.887: [GC (CMS Final Remark) [YG occupancy: 32834 K (436928 K)]{Heap before GC invocations=84 (full 17):
 par new generation   total 436928K, used 32834K [0x0000000080000000, 0x00000000a0000000, 0x00000000a0000000)
  eden space 349568K,   9% used [0x0000000080000000, 0x00000000820108a8, 0x0000000095560000)
  from space 87360K,   0% used [0x0000000095560000, 0x0000000095560000, 0x000000009aab0000)
  to   space 87360K,   0% used [0x000000009aab0000, 0x000000009aab0000, 0x00000000a0000000)
 concurrent mark-sweep generation total 1572864K, used 1570912K [0x00000000a0000000, 0x0000000100000000, 0x0000000100000000)
 Metaspace       used 29521K, capacity 30328K, committed 30488K, reserved 1075200K
  class space    used 3488K, capacity 3758K, committed 3864K, reserved 1048576K
2018-06-17T23:29:46.262+0545: 53.887: [GC (CMS Final Remark) 2018-06-17T23:29:46.262+0545: 53.888: [ParNew: 32834K->32834K(436928K), 0.0000130 secs] 1603746K->1603746K(2009792K), 0.0000344 secs] [Times: user=0.00 sys=0.00, real=0.00 secs] 
Heap after GC invocations=85 (full 17):
 par new generation   total 436928K, used 32834K [0x0000000080000000, 0x00000000a0000000, 0x00000000a0000000)
  eden space 349568K,   9% used [0x0000000080000000, 0x00000000820108a8, 0x0000000095560000)
  from space 87360K,   0% used [0x0000000095560000, 0x0000000095560000, 0x000000009aab0000)
  to   space 87360K,   0% used [0x000000009aab0000, 0x000000009aab0000, 0x00000000a0000000)
 concurrent mark-sweep generation total 1572864K, used 1570912K [0x00000000a0000000, 0x0000000100000000, 0x0000000100000000)
 Metaspace       used 29521K, capacity 30328K, committed 30488K, reserved 1075200K
  class space    used 3488K, capacity 3758K, committed 3864K, reserved 1048576K
}
2018-06-17T23:29:46.262+0545: 53.888: [Rescan (parallel) , 0.0363212 secs]2018-06-17T23:29:46.299+0545: 53.924: [weak refs processing, 0.0005827 secs]2018-06-17T23:29:46.299+0545: 53.924: [class unloading, 0.0035616 secs]2018-06-17T23:29:46.303+0545: 53.928: [scrub symbol table, 0.0032139 secs]2018-06-17T23:29:46.306+0545: 53.931: [scrub string table, 0.0004911 secs][1 CMS-remark: 1570912K(1572864K)] 1603746K(2009792K), 0.0443977 secs] [Times: user=0.15 sys=0.00, real=0.04 secs] 
2018-06-17T23:29:46.307+0545: 53.932: Total time for which application threads were stopped: 0.0444885 seconds, Stopping threads took: 0.0000143 seconds
2018-06-17T23:29:46.307+0545: 53.932: [CMS-concurrent-sweep-start]
2018-06-17T23:29:46.845+0545: 54.470: [CMS-concurrent-sweep: 0.538/0.538 secs] [Times: user=0.54 sys=0.01, real=0.54 secs] 
2018-06-17T23:29:46.845+0545: 54.470: [CMS-concurrent-reset-start]
2018-06-17T23:29:46.847+0545: 54.472: [CMS-concurrent-reset: 0.002/0.002 secs] [Times: user=0.00 sys=0.00, real=0.00 secs] 
2018-06-17T23:29:48.846+0545: 56.471: [GC (CMS Initial Mark) [1 CMS-initial-mark: 1570912K(1572864K)] 1603746K(2009792K), 0.0591319 secs] [Times: user=0.06 sys=0.00, real=0.06 secs] 
2018-06-17T23:29:48.905+0545: 56.530: Total time for which application threads were stopped: 0.0593504 seconds, Stopping threads took: 0.0000407 seconds
2018-06-17T23:29:48.905+0545: 56.530: [CMS-concurrent-mark-start]
2018-06-17T23:29:50.080+0545: 57.705: [CMS-concurrent-mark: 1.175/1.175 secs] [Times: user=4.49 sys=0.00, real=1.17 secs] 
2018-06-17T23:29:50.080+0545: 57.705: [CMS-concurrent-preclean-start]
2018-06-17T23:29:50.082+0545: 57.707: [CMS-concurrent-preclean: 0.002/0.002 secs] [Times: user=0.01 sys=0.00, real=0.01 secs] 
2018-06-17T23:29:50.082+0545: 57.707: [CMS-concurrent-abortable-preclean-start]
2018-06-17T23:29:50.082+0545: 57.707: [CMS-concurrent-abortable-preclean: 0.000/0.000 secs] [Times: user=0.00 sys=0.00, real=0.00 secs] 
2018-06-17T23:29:50.082+0545: 57.707: [GC (CMS Final Remark) [YG occupancy: 32834 K (436928 K)]{Heap before GC invocations=85 (full 18):
 par new generation   total 436928K, used 32834K [0x0000000080000000, 0x00000000a0000000, 0x00000000a0000000)
  eden space 349568K,   9% used [0x0000000080000000, 0x00000000820108a8, 0x0000000095560000)
  from space 87360K,   0% used [0x0000000095560000, 0x0000000095560000, 0x000000009aab0000)
  to   space 87360K,   0% used [0x000000009aab0000, 0x000000009aab0000, 0x00000000a0000000)
 concurrent mark-sweep generation total 1572864K, used 1570912K [0x00000000a0000000, 0x0000000100000000, 0x0000000100000000)
 Metaspace       used 29521K, capacity 30328K, committed 30488K, reserved 1075200K
  class space    used 3488K, capacity 3758K, committed 3864K, reserved 1048576K
2018-06-17T23:29:50.082+0545: 57.707: [GC (CMS Final Remark) 2018-06-17T23:29:50.082+0545: 57.707: [ParNew: 32834K->32834K(436928K), 0.0000139 secs] 1603746K->1603746K(2009792K), 0.0000476 secs] [Times: user=0.00 sys=0.00, real=0.00 secs] 
Heap after GC invocations=86 (full 18):
 par new generation   total 436928K, used 32834K [0x0000000080000000, 0x00000000a0000000, 0x00000000a0000000)
  eden space 349568K,   9% used [0x0000000080000000, 0x00000000820108a8, 0x0000000095560000)
  from space 87360K,   0% used [0x0000000095560000, 0x0000000095560000, 0x000000009aab0000)
  to   space 87360K,   0% used [0x000000009aab0000, 0x000000009aab0000, 0x00000000a0000000)
 concurrent mark-sweep generation total 1572864K, used 1570912K [0x00000000a0000000, 0x0000000100000000, 0x0000000100000000)
 Metaspace       used 29521K, capacity 30328K, committed 30488K, reserved 1075200K
  class space    used 3488K, capacity 3758K, committed 3864K, reserved 1048576K
}
2018-06-17T23:29:50.082+0545: 57.707: [Rescan (parallel) , 0.0374895 secs]2018-06-17T23:29:50.120+0545: 57.745: [weak refs processing, 0.0005438 secs]2018-06-17T23:29:50.121+0545: 57.746: [class unloading, 0.0035305 secs]2018-06-17T23:29:50.124+0545: 57.749: [scrub symbol table, 0.0032974 secs]2018-06-17T23:29:50.127+0545: 57.752: [scrub string table, 0.0004402 secs][1 CMS-remark: 1570912K(1572864K)] 1603746K(2009792K), 0.0455464 secs] [Times: user=0.15 sys=0.00, real=0.04 secs] 
2018-06-17T23:29:50.128+0545: 57.753: Total time for which application threads were stopped: 0.0456398 seconds, Stopping threads took: 0.0000164 seconds
2018-06-17T23:29:50.128+0545: 57.753: [CMS-concurrent-sweep-start]
2018-06-17T23:29:50.678+0545: 58.303: [CMS-concurrent-sweep: 0.550/0.550 secs] [Times: user=0.55 sys=0.00, real=0.55 secs] 
2018-06-17T23:29:50.678+0545: 58.303: [CMS-concurrent-reset-start]
2018-06-17T23:29:50.682+0545: 58.307: [CMS-concurrent-reset: 0.004/0.004 secs] [Times: user=0.00 sys=0.00, real=0.01 secs] 
2018-06-17T23:29:52.681+0545: 60.306: [GC (CMS Initial Mark) [1 CMS-initial-mark: 1570912K(1572864K)] 1603746K(2009792K), 0.0629455 secs] [Times: user=0.06 sys=0.00, real=0.06 secs] 
2018-06-17T23:29:52.744+0545: 60.369: Total time for which application threads were stopped: 0.0631812 seconds, Stopping threads took: 0.0000436 seconds
2018-06-17T23:29:52.744+0545: 60.369: [CMS-concurrent-mark-start]
2018-06-17T23:29:53.940+0545: 61.565: [CMS-concurrent-mark: 1.196/1.196 secs] [Times: user=4.56 sys=0.02, real=1.20 secs] 
2018-06-17T23:29:53.940+0545: 61.565: [CMS-concurrent-preclean-start]
2018-06-17T23:29:53.943+0545: 61.568: [CMS-concurrent-preclean: 0.002/0.002 secs] [Times: user=0.00 sys=0.00, real=0.00 secs] 
2018-06-17T23:29:53.943+0545: 61.568: [CMS-concurrent-abortable-preclean-start]
2018-06-17T23:29:53.943+0545: 61.568: [CMS-concurrent-abortable-preclean: 0.000/0.000 secs] [Times: user=0.00 sys=0.00, real=0.00 secs] 
2018-06-17T23:29:53.943+0545: 61.568: [GC (CMS Final Remark) [YG occupancy: 32834 K (436928 K)]{Heap before GC invocations=86 (full 19):
 par new generation   total 436928K, used 32834K [0x0000000080000000, 0x00000000a0000000, 0x00000000a0000000)
  eden space 349568K,   9% used [0x0000000080000000, 0x00000000820108a8, 0x0000000095560000)
  from space 87360K,   0% used [0x0000000095560000, 0x0000000095560000, 0x000000009aab0000)
  to   space 87360K,   0% used [0x000000009aab0000, 0x000000009aab0000, 0x00000000a0000000)
 concurrent mark-sweep generation total 1572864K, used 1570912K [0x00000000a0000000, 0x0000000100000000, 0x0000000100000000)
 Metaspace       used 29521K, capacity 30328K, committed 30488K, reserved 1075200K
  class space    used 3488K, capacity 3758K, committed 3864K, reserved 1048576K
2018-06-17T23:29:53.943+0545: 61.568: [GC (CMS Final Remark) 2018-06-17T23:29:53.943+0545: 61.568: [ParNew: 32834K->32834K(436928K), 0.0000138 secs] 1603746K->1603746K(2009792K), 0.0000445 secs] [Times: user=0.00 sys=0.00, real=0.00 secs] 
Heap after GC invocations=87 (full 19):
 par new generation   total 436928K, used 32834K [0x0000000080000000, 0x00000000a0000000, 0x00000000a0000000)
  eden space 349568K,   9% used [0x0000000080000000, 0x00000000820108a8, 0x0000000095560000)
  from space 87360K,   0% used [0x0000000095560000, 0x0000000095560000, 0x000000009aab0000)
  to   space 87360K,   0% used [0x000000009aab0000, 0x000000009aab0000, 0x00000000a0000000)
 concurrent mark-sweep generation total 1572864K, used 1570912K [0x00000000a0000000, 0x0000000100000000, 0x0000000100000000)
 Metaspace       used 29521K, capacity 30328K, committed 30488K, reserved 1075200K
  class space    used 3488K, capacity 3758K, committed 3864K, reserved 1048576K
}
2018-06-17T23:29:53.943+0545: 61.568: [Rescan (parallel) , 0.0403158 secs]2018-06-17T23:29:53.983+0545: 61.608: [weak refs processing, 0.0017499 secs]2018-06-17T23:29:53.985+0545: 61.610: [class unloading, 0.0037481 secs]2018-06-17T23:29:53.989+0545: 61.614: [scrub symbol table, 0.0036647 secs]2018-06-17T23:29:53.993+0545: 61.618: [scrub string table, 0.0004361 secs][1 CMS-remark: 1570912K(1572864K)] 1603746K(2009792K), 0.0501693 secs] [Times: user=0.15 sys=0.00, real=0.05 secs] 
2018-06-17T23:29:53.993+0545: 61.618: Total time for which application threads were stopped: 0.0502622 seconds, Stopping threads took: 0.0000159 seconds
2018-06-17T23:29:53.993+0545: 61.618: [CMS-concurrent-sweep-start]
2018-06-17T23:29:54.539+0545: 62.164: [CMS-concurrent-sweep: 0.546/0.546 secs] [Times: user=0.54 sys=0.00, real=0.54 secs] 
2018-06-17T23:29:54.539+0545: 62.164: [CMS-concurrent-reset-start]
2018-06-17T23:29:54.541+0545: 62.166: [CMS-concurrent-reset: 0.002/0.002 secs] [Times: user=0.01 sys=0.00, real=0.01 secs] 
2018-06-17T23:29:56.540+0545: 64.165: [GC (CMS Initial Mark) [1 CMS-initial-mark: 1570912K(1572864K)] 1603746K(2009792K), 0.0622563 secs] [Times: user=0.06 sys=0.00, real=0.06 secs] 
2018-06-17T23:29:56.603+0545: 64.228: Total time for which application threads were stopped: 0.0625239 seconds, Stopping threads took: 0.0000487 seconds
2018-06-17T23:29:56.603+0545: 64.228: [CMS-concurrent-mark-start]
2018-06-17T23:29:57.748+0545: 65.373: [CMS-concurrent-mark: 1.145/1.145 secs] [Times: user=4.43 sys=0.01, real=1.14 secs] 
2018-06-17T23:29:57.748+0545: 65.373: [CMS-concurrent-preclean-start]
2018-06-17T23:29:57.750+0545: 65.375: [CMS-concurrent-preclean: 0.002/0.002 secs] [Times: user=0.00 sys=0.00, real=0.01 secs] 
2018-06-17T23:29:57.750+0545: 65.375: [CMS-concurrent-abortable-preclean-start]
2018-06-17T23:29:57.750+0545: 65.375: [CMS-concurrent-abortable-preclean: 0.000/0.000 secs] [Times: user=0.00 sys=0.00, real=0.00 secs] 
2018-06-17T23:29:57.750+0545: 65.376: [GC (CMS Final Remark) [YG occupancy: 32834 K (436928 K)]{Heap before GC invocations=87 (full 20):
 par new generation   total 436928K, used 32834K [0x0000000080000000, 0x00000000a0000000, 0x00000000a0000000)
  eden space 349568K,   9% used [0x0000000080000000, 0x00000000820108a8, 0x0000000095560000)
  from space 87360K,   0% used [0x0000000095560000, 0x0000000095560000, 0x000000009aab0000)
  to   space 87360K,   0% used [0x000000009aab0000, 0x000000009aab0000, 0x00000000a0000000)
 concurrent mark-sweep generation total 1572864K, used 1570912K [0x00000000a0000000, 0x0000000100000000, 0x0000000100000000)
 Metaspace       used 29521K, capacity 30328K, committed 30488K, reserved 1075200K
  class space    used 3488K, capacity 3758K, committed 3864K, reserved 1048576K
2018-06-17T23:29:57.750+0545: 65.376: [GC (CMS Final Remark) 2018-06-17T23:29:57.750+0545: 65.376: [ParNew: 32834K->32834K(436928K), 0.0000136 secs] 1603746K->1603746K(2009792K), 0.0000352 secs] [Times: user=0.00 sys=0.00, real=0.00 secs] 
Heap after GC invocations=88 (full 20):
 par new generation   total 436928K, used 32834K [0x0000000080000000, 0x00000000a0000000, 0x00000000a0000000)
  eden space 349568K,   9% used [0x0000000080000000, 0x00000000820108a8, 0x0000000095560000)
  from space 87360K,   0% used [0x0000000095560000, 0x0000000095560000, 0x000000009aab0000)
  to   space 87360K,   0% used [0x000000009aab0000, 0x000000009aab0000, 0x00000000a0000000)
 concurrent mark-sweep generation total 1572864K, used 1570912K [0x00000000a0000000, 0x0000000100000000, 0x0000000100000000)
 Metaspace       used 29521K, capacity 30328K, committed 30488K, reserved 1075200K
  class space    used 3488K, capacity 3758K, committed 3864K, reserved 1048576K
}
2018-06-17T23:29:57.751+0545: 65.376: [Rescan (parallel) , 0.0352400 secs]2018-06-17T23:29:57.786+0545: 65.411: [weak refs processing, 0.0023126 secs]2018-06-17T23:29:57.788+0545: 65.413: [class unloading, 0.0035373 secs]2018-06-17T23:29:57.792+0545: 65.417: [scrub symbol table, 0.0031828 secs]2018-06-17T23:29:57.795+0545: 65.420: [scrub string table, 0.0004372 secs][1 CMS-remark: 1570912K(1572864K)] 1603746K(2009792K), 0.0449620 secs] [Times: user=0.15 sys=0.00, real=0.04 secs] 
2018-06-17T23:29:57.795+0545: 65.420: Total time for which application threads were stopped: 0.0450616 seconds, Stopping threads took: 0.0000232 seconds
2018-06-17T23:29:57.795+0545: 65.421: [CMS-concurrent-sweep-start]
2018-06-17T23:29:58.333+0545: 65.958: [CMS-concurrent-sweep: 0.538/0.538 secs] [Times: user=0.54 sys=0.00, real=0.54 secs] 
2018-06-17T23:29:58.333+0545: 65.958: [CMS-concurrent-reset-start]
2018-06-17T23:29:58.335+0545: 65.960: [CMS-concurrent-reset: 0.002/0.002 secs] [Times: user=0.00 sys=0.00, real=0.00 secs] 
2018-06-17T23:30:00.335+0545: 67.960: [GC (CMS Initial Mark) [1 CMS-initial-mark: 1570912K(1572864K)] 1603746K(2009792K), 0.0647992 secs] [Times: user=0.07 sys=0.00, real=0.06 secs] 
2018-06-17T23:30:00.400+0545: 68.025: Total time for which application threads were stopped: 0.0650445 seconds, Stopping threads took: 0.0000489 seconds
2018-06-17T23:30:00.400+0545: 68.025: [CMS-concurrent-mark-start]
2018-06-17T23:30:01.559+0545: 69.184: [CMS-concurrent-mark: 1.159/1.159 secs] [Times: user=4.51 sys=0.00, real=1.16 secs] 
2018-06-17T23:30:01.559+0545: 69.184: [CMS-concurrent-preclean-start]
2018-06-17T23:30:01.561+0545: 69.186: [CMS-concurrent-preclean: 0.002/0.002 secs] [Times: user=0.00 sys=0.00, real=0.01 secs] 
2018-06-17T23:30:01.561+0545: 69.186: [CMS-concurrent-abortable-preclean-start]
2018-06-17T23:30:01.561+0545: 69.186: [CMS-concurrent-abortable-preclean: 0.000/0.000 secs] [Times: user=0.00 sys=0.00, real=0.00 secs] 
2018-06-17T23:30:01.561+0545: 69.186: [GC (CMS Final Remark) [YG occupancy: 32834 K (436928 K)]{Heap before GC invocations=88 (full 21):
 par new generation   total 436928K, used 32834K [0x0000000080000000, 0x00000000a0000000, 0x00000000a0000000)
  eden space 349568K,   9% used [0x0000000080000000, 0x00000000820108a8, 0x0000000095560000)
  from space 87360K,   0% used [0x0000000095560000, 0x0000000095560000, 0x000000009aab0000)
  to   space 87360K,   0% used [0x000000009aab0000, 0x000000009aab0000, 0x00000000a0000000)
 concurrent mark-sweep generation total 1572864K, used 1570912K [0x00000000a0000000, 0x0000000100000000, 0x0000000100000000)
 Metaspace       used 29521K, capacity 30328K, committed 30488K, reserved 1075200K
  class space    used 3488K, capacity 3758K, committed 3864K, reserved 1048576K
2018-06-17T23:30:01.561+0545: 69.186: [GC (CMS Final Remark) 2018-06-17T23:30:01.561+0545: 69.186: [ParNew: 32834K->32834K(436928K), 0.0000135 secs] 1603746K->1603746K(2009792K), 0.0000353 secs] [Times: user=0.00 sys=0.00, real=0.00 secs] 
Heap after GC invocations=89 (full 21):
 par new generation   total 436928K, used 32834K [0x0000000080000000, 0x00000000a0000000, 0x00000000a0000000)
  eden space 349568K,   9% used [0x0000000080000000, 0x00000000820108a8, 0x0000000095560000)
  from space 87360K,   0% used [0x0000000095560000, 0x0000000095560000, 0x000000009aab0000)
  to   space 87360K,   0% used [0x000000009aab0000, 0x000000009aab0000, 0x00000000a0000000)
 concurrent mark-sweep generation total 1572864K, used 1570912K [0x00000000a0000000, 0x0000000100000000, 0x0000000100000000)
 Metaspace       used 29521K, capacity 30328K, committed 30488K, reserved 1075200K
  class space    used 3488K, capacity 3758K, committed 3864K, reserved 1048576K
}
2018-06-17T23:30:01.561+0545: 69.186: [Rescan (parallel) , 0.0383669 secs]2018-06-17T23:30:01.600+0545: 69.225: [weak refs processing, 0.0017798 secs]2018-06-17T23:30:01.602+0545: 69.227: [class unloading, 0.0035407 secs]2018-06-17T23:30:01.605+0545: 69.230: [scrub symbol table, 0.0033351 secs]2018-06-17T23:30:01.608+0545: 69.234: [scrub string table, 0.0004325 secs][1 CMS-remark: 1570912K(1572864K)] 1603746K(2009792K), 0.0476912 secs] [Times: user=0.16 sys=0.00, real=0.05 secs] 
2018-06-17T23:30:01.609+0545: 69.234: Total time for which application threads were stopped: 0.0477820 seconds, Stopping threads took: 0.0000154 seconds
2018-06-17T23:30:01.609+0545: 69.234: [CMS-concurrent-sweep-start]
2018-06-17T23:30:02.157+0545: 69.782: [CMS-concurrent-sweep: 0.548/0.548 secs] [Times: user=0.55 sys=0.00, real=0.54 secs] 
2018-06-17T23:30:02.157+0545: 69.782: [CMS-concurrent-reset-start]
2018-06-17T23:30:02.159+0545: 69.784: [CMS-concurrent-reset: 0.002/0.002 secs] [Times: user=0.00 sys=0.00, real=0.00 secs] 
2018-06-17T23:30:04.158+0545: 71.783: [GC (CMS Initial Mark) [1 CMS-initial-mark: 1570912K(1572864K)] 1603746K(2009792K), 0.0414251 secs] [Times: user=0.05 sys=0.00, real=0.04 secs] 
2018-06-17T23:30:04.200+0545: 71.825: Total time for which application threads were stopped: 0.0415576 seconds, Stopping threads took: 0.0000191 seconds
2018-06-17T23:30:04.200+0545: 71.825: [CMS-concurrent-mark-start]
2018-06-17T23:30:05.407+0545: 73.032: [CMS-concurrent-mark: 1.207/1.207 secs] [Times: user=4.56 sys=0.01, real=1.21 secs] 
2018-06-17T23:30:05.407+0545: 73.032: [CMS-concurrent-preclean-start]
2018-06-17T23:30:05.409+0545: 73.034: [CMS-concurrent-preclean: 0.003/0.003 secs] [Times: user=0.00 sys=0.00, real=0.01 secs] 
2018-06-17T23:30:05.409+0545: 73.034: [CMS-concurrent-abortable-preclean-start]
2018-06-17T23:30:05.409+0545: 73.035: [CMS-concurrent-abortable-preclean: 0.000/0.000 secs] [Times: user=0.00 sys=0.00, real=0.00 secs] 
2018-06-17T23:30:05.410+0545: 73.035: [GC (CMS Final Remark) [YG occupancy: 32834 K (436928 K)]{Heap before GC invocations=89 (full 22):
 par new generation   total 436928K, used 32834K [0x0000000080000000, 0x00000000a0000000, 0x00000000a0000000)
  eden space 349568K,   9% used [0x0000000080000000, 0x00000000820108a8, 0x0000000095560000)
  from space 87360K,   0% used [0x0000000095560000, 0x0000000095560000, 0x000000009aab0000)
  to   space 87360K,   0% used [0x000000009aab0000, 0x000000009aab0000, 0x00000000a0000000)
 concurrent mark-sweep generation total 1572864K, used 1570912K [0x00000000a0000000, 0x0000000100000000, 0x0000000100000000)
 Metaspace       used 29521K, capacity 30328K, committed 30488K, reserved 1075200K
  class space    used 3488K, capacity 3758K, committed 3864K, reserved 1048576K
2018-06-17T23:30:05.411+0545: 73.036: [GC (CMS Final Remark) 2018-06-17T23:30:05.411+0545: 73.036: [ParNew: 32834K->32834K(436928K), 0.0002816 secs] 1603746K->1603746K(2009792K), 0.0004139 secs] [Times: user=0.00 sys=0.00, real=0.00 secs] 
Heap after GC invocations=90 (full 22):
 par new generation   total 436928K, used 32834K [0x0000000080000000, 0x00000000a0000000, 0x00000000a0000000)
  eden space 349568K,   9% used [0x0000000080000000, 0x00000000820108a8, 0x0000000095560000)
  from space 87360K,   0% used [0x0000000095560000, 0x0000000095560000, 0x000000009aab0000)
  to   space 87360K,   0% used [0x000000009aab0000, 0x000000009aab0000, 0x00000000a0000000)
 concurrent mark-sweep generation total 1572864K, used 1570912K [0x00000000a0000000, 0x0000000100000000, 0x0000000100000000)
 Metaspace       used 29521K, capacity 30328K, committed 30488K, reserved 1075200K
  class space    used 3488K, capacity 3758K, committed 3864K, reserved 1048576K
}
2018-06-17T23:30:05.411+0545: 73.036: [Rescan (parallel) , 0.0476513 secs]2018-06-17T23:30:05.459+0545: 73.084: [weak refs processing, 0.0165677 secs]2018-06-17T23:30:05.475+0545: 73.101: [class unloading, 0.0065990 secs]2018-06-17T23:30:05.482+0545: 73.107: [scrub symbol table, 0.0035215 secs]2018-06-17T23:30:05.486+0545: 73.111: [scrub string table, 0.0004354 secs][1 CMS-remark: 1570912K(1572864K)] 1603746K(2009792K), 0.0758765 secs] [Times: user=0.12 sys=0.00, real=0.07 secs] 
2018-06-17T23:30:05.486+0545: 73.111: Total time for which application threads were stopped: 0.0764684 seconds, Stopping threads took: 0.0002037 seconds
2018-06-17T23:30:05.486+0545: 73.111: [CMS-concurrent-sweep-start]
2018-06-17T23:30:06.141+0545: 73.766: [CMS-concurrent-sweep: 0.654/0.654 secs] [Times: user=0.64 sys=0.00, real=0.66 secs] 
2018-06-17T23:30:06.141+0545: 73.766: [CMS-concurrent-reset-start]
2018-06-17T23:30:06.143+0545: 73.768: [CMS-concurrent-reset: 0.002/0.002 secs] [Times: user=0.01 sys=0.00, real=0.00 secs] 
2018-06-17T23:30:08.143+0545: 75.768: [GC (CMS Initial Mark) [1 CMS-initial-mark: 1570912K(1572864K)] 1603746K(2009792K), 0.0432756 secs] [Times: user=0.05 sys=0.00, real=0.04 secs] 
2018-06-17T23:30:08.186+0545: 75.811: Total time for which application threads were stopped: 0.0437310 seconds, Stopping threads took: 0.0001051 seconds
2018-06-17T23:30:08.186+0545: 75.811: [CMS-concurrent-mark-start]
2018-06-17T23:30:09.396+0545: 77.021: [CMS-concurrent-mark: 1.210/1.210 secs] [Times: user=4.42 sys=0.01, real=1.21 secs] 
2018-06-17T23:30:09.396+0545: 77.021: [CMS-concurrent-preclean-start]
2018-06-17T23:30:09.398+0545: 77.023: [CMS-concurrent-preclean: 0.002/0.002 secs] [Times: user=0.00 sys=0.00, real=0.00 secs] 
2018-06-17T23:30:09.398+0545: 77.023: [CMS-concurrent-abortable-preclean-start]
2018-06-17T23:30:09.398+0545: 77.023: [CMS-concurrent-abortable-preclean: 0.000/0.000 secs] [Times: user=0.00 sys=0.00, real=0.00 secs] 
2018-06-17T23:30:09.398+0545: 77.023: [GC (CMS Final Remark) [YG occupancy: 32834 K (436928 K)]{Heap before GC invocations=90 (full 23):
 par new generation   total 436928K, used 32834K [0x0000000080000000, 0x00000000a0000000, 0x00000000a0000000)
  eden space 349568K,   9% used [0x0000000080000000, 0x00000000820108a8, 0x0000000095560000)
  from space 87360K,   0% used [0x0000000095560000, 0x0000000095560000, 0x000000009aab0000)
  to   space 87360K,   0% used [0x000000009aab0000, 0x000000009aab0000, 0x00000000a0000000)
 concurrent mark-sweep generation total 1572864K, used 1570912K [0x00000000a0000000, 0x0000000100000000, 0x0000000100000000)
 Metaspace       used 29521K, capacity 30328K, committed 30488K, reserved 1075200K
  class space    used 3488K, capacity 3758K, committed 3864K, reserved 1048576K
2018-06-17T23:30:09.398+0545: 77.023: [GC (CMS Final Remark) 2018-06-17T23:30:09.398+0545: 77.023: [ParNew: 32834K->32834K(436928K), 0.0000132 secs] 1603746K->1603746K(2009792K), 0.0000339 secs] [Times: user=0.00 sys=0.00, real=0.00 secs] 
Heap after GC invocations=91 (full 23):
 par new generation   total 436928K, used 32834K [0x0000000080000000, 0x00000000a0000000, 0x00000000a0000000)
  eden space 349568K,   9% used [0x0000000080000000, 0x00000000820108a8, 0x0000000095560000)
  from space 87360K,   0% used [0x0000000095560000, 0x0000000095560000, 0x000000009aab0000)
  to   space 87360K,   0% used [0x000000009aab0000, 0x000000009aab0000, 0x00000000a0000000)
 concurrent mark-sweep generation total 1572864K, used 1570912K [0x00000000a0000000, 0x0000000100000000, 0x0000000100000000)
 Metaspace       used 29521K, capacity 30328K, committed 30488K, reserved 1075200K
  class space    used 3488K, capacity 3758K, committed 3864K, reserved 1048576K
}
2018-06-17T23:30:09.398+0545: 77.023: [Rescan (parallel) , 0.0354269 secs]2018-06-17T23:30:09.434+0545: 77.059: [weak refs processing, 0.0016936 secs]2018-06-17T23:30:09.436+0545: 77.061: [class unloading, 0.0035807 secs]2018-06-17T23:30:09.439+0545: 77.064: [scrub symbol table, 0.0034609 secs]2018-06-17T23:30:09.443+0545: 77.068: [scrub string table, 0.0004315 secs][1 CMS-remark: 1570912K(1572864K)] 1603746K(2009792K), 0.0449052 secs] [Times: user=0.16 sys=0.00, real=0.05 secs] 
2018-06-17T23:30:09.443+0545: 77.068: Total time for which application threads were stopped: 0.0450067 seconds, Stopping threads took: 0.0000164 seconds
2018-06-17T23:30:09.443+0545: 77.068: [CMS-concurrent-sweep-start]
2018-06-17T23:30:10.036+0545: 77.661: [CMS-concurrent-sweep: 0.593/0.593 secs] [Times: user=0.59 sys=0.00, real=0.59 secs] 
2018-06-17T23:30:10.036+0545: 77.661: [CMS-concurrent-reset-start]
2018-06-17T23:30:10.038+0545: 77.663: [CMS-concurrent-reset: 0.002/0.002 secs] [Times: user=0.00 sys=0.00, real=0.00 secs] 
2018-06-17T23:30:12.038+0545: 79.663: [GC (CMS Initial Mark) [1 CMS-initial-mark: 1570912K(1572864K)] 1603746K(2009792K), 0.0615568 secs] [Times: user=0.06 sys=0.00, real=0.06 secs] 
2018-06-17T23:30:12.099+0545: 79.724: Total time for which application threads were stopped: 0.0617810 seconds, Stopping threads took: 0.0000408 seconds
2018-06-17T23:30:12.099+0545: 79.724: [CMS-concurrent-mark-start]
2018-06-17T23:30:13.252+0545: 80.877: [CMS-concurrent-mark: 1.152/1.152 secs] [Times: user=4.49 sys=0.00, real=1.16 secs] 
2018-06-17T23:30:13.252+0545: 80.877: [CMS-concurrent-preclean-start]
2018-06-17T23:30:13.254+0545: 80.879: [CMS-concurrent-preclean: 0.002/0.002 secs] [Times: user=0.00 sys=0.00, real=0.00 secs] 
2018-06-17T23:30:13.254+0545: 80.879: [CMS-concurrent-abortable-preclean-start]
2018-06-17T23:30:13.254+0545: 80.879: [CMS-concurrent-abortable-preclean: 0.000/0.000 secs] [Times: user=0.00 sys=0.00, real=0.00 secs] 
2018-06-17T23:30:13.254+0545: 80.879: [GC (CMS Final Remark) [YG occupancy: 32834 K (436928 K)]{Heap before GC invocations=91 (full 24):
 par new generation   total 436928K, used 32834K [0x0000000080000000, 0x00000000a0000000, 0x00000000a0000000)
  eden space 349568K,   9% used [0x0000000080000000, 0x00000000820108a8, 0x0000000095560000)
  from space 87360K,   0% used [0x0000000095560000, 0x0000000095560000, 0x000000009aab0000)
  to   space 87360K,   0% used [0x000000009aab0000, 0x000000009aab0000, 0x00000000a0000000)
 concurrent mark-sweep generation total 1572864K, used 1570912K [0x00000000a0000000, 0x0000000100000000, 0x0000000100000000)
 Metaspace       used 29521K, capacity 30328K, committed 30488K, reserved 1075200K
  class space    used 3488K, capacity 3758K, committed 3864K, reserved 1048576K
2018-06-17T23:30:13.254+0545: 80.879: [GC (CMS Final Remark) 2018-06-17T23:30:13.254+0545: 80.879: [ParNew: 32834K->32834K(436928K), 0.0000135 secs] 1603746K->1603746K(2009792K), 0.0000360 secs] [Times: user=0.00 sys=0.00, real=0.00 secs] 
Heap after GC invocations=92 (full 24):
 par new generation   total 436928K, used 32834K [0x0000000080000000, 0x00000000a0000000, 0x00000000a0000000)
  eden space 349568K,   9% used [0x0000000080000000, 0x00000000820108a8, 0x0000000095560000)
  from space 87360K,   0% used [0x0000000095560000, 0x0000000095560000, 0x000000009aab0000)
  to   space 87360K,   0% used [0x000000009aab0000, 0x000000009aab0000, 0x00000000a0000000)
 concurrent mark-sweep generation total 1572864K, used 1570912K [0x00000000a0000000, 0x0000000100000000, 0x0000000100000000)
 Metaspace       used 29521K, capacity 30328K, committed 30488K, reserved 1075200K
  class space    used 3488K, capacity 3758K, committed 3864K, reserved 1048576K
}
2018-06-17T23:30:13.254+0545: 80.879: [Rescan (parallel) , 0.0361277 secs]2018-06-17T23:30:13.290+0545: 80.916: [weak refs processing, 0.0011778 secs]2018-06-17T23:30:13.292+0545: 80.917: [class unloading, 0.0036661 secs]2018-06-17T23:30:13.295+0545: 80.920: [scrub symbol table, 0.0031681 secs]2018-06-17T23:30:13.299+0545: 80.924: [scrub string table, 0.0004382 secs][1 CMS-remark: 1570912K(1572864K)] 1603746K(2009792K), 0.0448142 secs] [Times: user=0.14 sys=0.00, real=0.04 secs] 
2018-06-17T23:30:13.299+0545: 80.924: Total time for which application threads were stopped: 0.0449109 seconds, Stopping threads took: 0.0000141 seconds
2018-06-17T23:30:13.299+0545: 80.924: [CMS-concurrent-sweep-start]
2018-06-17T23:30:13.935+0545: 81.561: [CMS-concurrent-sweep: 0.636/0.636 secs] [Times: user=0.64 sys=0.00, real=0.64 secs] 
2018-06-17T23:30:13.936+0545: 81.561: [CMS-concurrent-reset-start]
2018-06-17T23:30:13.937+0545: 81.563: [CMS-concurrent-reset: 0.002/0.002 secs] [Times: user=0.00 sys=0.00, real=0.00 secs] 
2018-06-17T23:30:15.937+0545: 83.562: [GC (CMS Initial Mark) [1 CMS-initial-mark: 1570912K(1572864K)] 1603746K(2009792K), 0.0635695 secs] [Times: user=0.07 sys=0.00, real=0.07 secs] 
2018-06-17T23:30:16.001+0545: 83.626: Total time for which application threads were stopped: 0.0637910 seconds, Stopping threads took: 0.0000408 seconds
2018-06-17T23:30:16.001+0545: 83.626: [CMS-concurrent-mark-start]
2018-06-17T23:30:17.318+0545: 84.943: [CMS-concurrent-mark: 1.317/1.317 secs] [Times: user=4.73 sys=0.01, real=1.31 secs] 
2018-06-17T23:30:17.318+0545: 84.943: [CMS-concurrent-preclean-start]
2018-06-17T23:30:17.320+0545: 84.945: [CMS-concurrent-preclean: 0.002/0.002 secs] [Times: user=0.00 sys=0.00, real=0.01 secs] 
2018-06-17T23:30:17.320+0545: 84.945: [CMS-concurrent-abortable-preclean-start]
2018-06-17T23:30:17.320+0545: 84.945: [CMS-concurrent-abortable-preclean: 0.000/0.000 secs] [Times: user=0.00 sys=0.00, real=0.00 secs] 
2018-06-17T23:30:17.320+0545: 84.945: [GC (CMS Final Remark) [YG occupancy: 32834 K (436928 K)]{Heap before GC invocations=92 (full 25):
 par new generation   total 436928K, used 32834K [0x0000000080000000, 0x00000000a0000000, 0x00000000a0000000)
  eden space 349568K,   9% used [0x0000000080000000, 0x00000000820108a8, 0x0000000095560000)
  from space 87360K,   0% used [0x0000000095560000, 0x0000000095560000, 0x000000009aab0000)
  to   space 87360K,   0% used [0x000000009aab0000, 0x000000009aab0000, 0x00000000a0000000)
 concurrent mark-sweep generation total 1572864K, used 1570912K [0x00000000a0000000, 0x0000000100000000, 0x0000000100000000)
 Metaspace       used 29521K, capacity 30328K, committed 30488K, reserved 1075200K
  class space    used 3488K, capacity 3758K, committed 3864K, reserved 1048576K
2018-06-17T23:30:17.320+0545: 84.945: [GC (CMS Final Remark) 2018-06-17T23:30:17.320+0545: 84.945: [ParNew: 32834K->32834K(436928K), 0.0000135 secs] 1603746K->1603746K(2009792K), 0.0000349 secs] [Times: user=0.00 sys=0.00, real=0.00 secs] 
Heap after GC invocations=93 (full 25):
 par new generation   total 436928K, used 32834K [0x0000000080000000, 0x00000000a0000000, 0x00000000a0000000)
  eden space 349568K,   9% used [0x0000000080000000, 0x00000000820108a8, 0x0000000095560000)
  from space 87360K,   0% used [0x0000000095560000, 0x0000000095560000, 0x000000009aab0000)
  to   space 87360K,   0% used [0x000000009aab0000, 0x000000009aab0000, 0x00000000a0000000)
 concurrent mark-sweep generation total 1572864K, used 1570912K [0x00000000a0000000, 0x0000000100000000, 0x0000000100000000)
 Metaspace       used 29521K, capacity 30328K, committed 30488K, reserved 1075200K
  class space    used 3488K, capacity 3758K, committed 3864K, reserved 1048576K
}
2018-06-17T23:30:17.320+0545: 84.946: [Rescan (parallel) , 0.0353555 secs]2018-06-17T23:30:17.356+0545: 84.981: [weak refs processing, 0.0012567 secs]2018-06-17T23:30:17.357+0545: 84.982: [class unloading, 0.0035987 secs]2018-06-17T23:30:17.361+0545: 84.986: [scrub symbol table, 0.0035531 secs]2018-06-17T23:30:17.364+0545: 84.989: [scrub string table, 0.0004339 secs][1 CMS-remark: 1570912K(1572864K)] 1603746K(2009792K), 0.0444655 secs] [Times: user=0.15 sys=0.00, real=0.04 secs] 
2018-06-17T23:30:17.365+0545: 84.990: Total time for which application threads were stopped: 0.0445538 seconds, Stopping threads took: 0.0000146 seconds
2018-06-17T23:30:17.365+0545: 84.990: [CMS-concurrent-sweep-start]
2018-06-17T23:30:17.898+0545: 85.523: [CMS-concurrent-sweep: 0.533/0.533 secs] [Times: user=0.53 sys=0.00, real=0.53 secs] 
2018-06-17T23:30:17.898+0545: 85.523: [CMS-concurrent-reset-start]
2018-06-17T23:30:17.900+0545: 85.525: [CMS-concurrent-reset: 0.002/0.002 secs] [Times: user=0.00 sys=0.00, real=0.00 secs] 
2018-06-17T23:30:19.899+0545: 87.524: [GC (CMS Initial Mark) [1 CMS-initial-mark: 1570912K(1572864K)] 1603746K(2009792K), 0.0584039 secs] [Times: user=0.06 sys=0.00, real=0.06 secs] 
2018-06-17T23:30:19.958+0545: 87.583: Total time for which application threads were stopped: 0.0586700 seconds, Stopping threads took: 0.0000517 seconds
2018-06-17T23:30:19.958+0545: 87.583: [CMS-concurrent-mark-start]
2018-06-17T23:30:21.174+0545: 88.799: [CMS-concurrent-mark: 1.217/1.217 secs] [Times: user=4.51 sys=0.00, real=1.22 secs] 
2018-06-17T23:30:21.174+0545: 88.799: [CMS-concurrent-preclean-start]
2018-06-17T23:30:21.177+0545: 88.802: [CMS-concurrent-preclean: 0.002/0.002 secs] [Times: user=0.00 sys=0.00, real=0.00 secs] 
2018-06-17T23:30:21.177+0545: 88.802: [CMS-concurrent-abortable-preclean-start]
2018-06-17T23:30:21.177+0545: 88.802: [CMS-concurrent-abortable-preclean: 0.000/0.000 secs] [Times: user=0.00 sys=0.00, real=0.00 secs] 
2018-06-17T23:30:21.177+0545: 88.802: [GC (CMS Final Remark) [YG occupancy: 32834 K (436928 K)]{Heap before GC invocations=93 (full 26):
 par new generation   total 436928K, used 32834K [0x0000000080000000, 0x00000000a0000000, 0x00000000a0000000)
  eden space 349568K,   9% used [0x0000000080000000, 0x00000000820108a8, 0x0000000095560000)
  from space 87360K,   0% used [0x0000000095560000, 0x0000000095560000, 0x000000009aab0000)
  to   space 87360K,   0% used [0x000000009aab0000, 0x000000009aab0000, 0x00000000a0000000)
 concurrent mark-sweep generation total 1572864K, used 1570912K [0x00000000a0000000, 0x0000000100000000, 0x0000000100000000)
 Metaspace       used 29521K, capacity 30328K, committed 30488K, reserved 1075200K
  class space    used 3488K, capacity 3758K, committed 3864K, reserved 1048576K
2018-06-17T23:30:21.177+0545: 88.802: [GC (CMS Final Remark) 2018-06-17T23:30:21.177+0545: 88.802: [ParNew: 32834K->32834K(436928K), 0.0000132 secs] 1603746K->1603746K(2009792K), 0.0000355 secs] [Times: user=0.00 sys=0.00, real=0.00 secs] 
Heap after GC invocations=94 (full 26):
 par new generation   total 436928K, used 32834K [0x0000000080000000, 0x00000000a0000000, 0x00000000a0000000)
  eden space 349568K,   9% used [0x0000000080000000, 0x00000000820108a8, 0x0000000095560000)
  from space 87360K,   0% used [0x0000000095560000, 0x0000000095560000, 0x000000009aab0000)
  to   space 87360K,   0% used [0x000000009aab0000, 0x000000009aab0000, 0x00000000a0000000)
 concurrent mark-sweep generation total 1572864K, used 1570912K [0x00000000a0000000, 0x0000000100000000, 0x0000000100000000)
 Metaspace       used 29521K, capacity 30328K, committed 30488K, reserved 1075200K
  class space    used 3488K, capacity 3758K, committed 3864K, reserved 1048576K
}
2018-06-17T23:30:21.177+0545: 88.802: [Rescan (parallel) , 0.0368132 secs]2018-06-17T23:30:21.214+0545: 88.839: [weak refs processing, 0.0017864 secs]2018-06-17T23:30:21.216+0545: 88.841: [class unloading, 0.0038019 secs]2018-06-17T23:30:21.219+0545: 88.844: [scrub symbol table, 0.0033989 secs]2018-06-17T23:30:21.223+0545: 88.848: [scrub string table, 0.0004627 secs][1 CMS-remark: 1570912K(1572864K)] 1603746K(2009792K), 0.0465039 secs] [Times: user=0.16 sys=0.00, real=0.05 secs] 
2018-06-17T23:30:21.223+0545: 88.848: Total time for which application threads were stopped: 0.0465935 seconds, Stopping threads took: 0.0000150 seconds
2018-06-17T23:30:21.223+0545: 88.848: [CMS-concurrent-sweep-start]
2018-06-17T23:30:21.770+0545: 89.395: [CMS-concurrent-sweep: 0.547/0.547 secs] [Times: user=0.55 sys=0.00, real=0.55 secs] 
2018-06-17T23:30:21.770+0545: 89.395: [CMS-concurrent-reset-start]
2018-06-17T23:30:21.772+0545: 89.397: [CMS-concurrent-reset: 0.002/0.002 secs] [Times: user=0.00 sys=0.00, real=0.00 secs] 
2018-06-17T23:30:23.771+0545: 91.396: [GC (CMS Initial Mark) [1 CMS-initial-mark: 1570912K(1572864K)] 1603746K(2009792K), 0.0620055 secs] [Times: user=0.07 sys=0.00, real=0.06 secs] 
2018-06-17T23:30:23.833+0545: 91.458: Total time for which application threads were stopped: 0.0622429 seconds, Stopping threads took: 0.0000703 seconds
2018-06-17T23:30:23.833+0545: 91.458: [CMS-concurrent-mark-start]
2018-06-17T23:30:25.001+0545: 92.626: [CMS-concurrent-mark: 1.168/1.168 secs] [Times: user=4.44 sys=0.01, real=1.17 secs] 
2018-06-17T23:30:25.001+0545: 92.626: [CMS-concurrent-preclean-start]
2018-06-17T23:30:25.003+0545: 92.628: [CMS-concurrent-preclean: 0.002/0.002 secs] [Times: user=0.00 sys=0.00, real=0.00 secs] 
2018-06-17T23:30:25.003+0545: 92.628: [CMS-concurrent-abortable-preclean-start]
2018-06-17T23:30:25.003+0545: 92.628: [CMS-concurrent-abortable-preclean: 0.000/0.000 secs] [Times: user=0.00 sys=0.00, real=0.00 secs] 
2018-06-17T23:30:25.004+0545: 92.629: [GC (CMS Final Remark) [YG occupancy: 32834 K (436928 K)]{Heap before GC invocations=94 (full 27):
 par new generation   total 436928K, used 32834K [0x0000000080000000, 0x00000000a0000000, 0x00000000a0000000)
  eden space 349568K,   9% used [0x0000000080000000, 0x00000000820108a8, 0x0000000095560000)
  from space 87360K,   0% used [0x0000000095560000, 0x0000000095560000, 0x000000009aab0000)
  to   space 87360K,   0% used [0x000000009aab0000, 0x000000009aab0000, 0x00000000a0000000)
 concurrent mark-sweep generation total 1572864K, used 1570912K [0x00000000a0000000, 0x0000000100000000, 0x0000000100000000)
 Metaspace       used 29521K, capacity 30328K, committed 30488K, reserved 1075200K
  class space    used 3488K, capacity 3758K, committed 3864K, reserved 1048576K
2018-06-17T23:30:25.004+0545: 92.629: [GC (CMS Final Remark) 2018-06-17T23:30:25.004+0545: 92.629: [ParNew: 32834K->32834K(436928K), 0.0000165 secs] 1603746K->1603746K(2009792K), 0.0000429 secs] [Times: user=0.00 sys=0.00, real=0.00 secs] 
Heap after GC invocations=95 (full 27):
 par new generation   total 436928K, used 32834K [0x0000000080000000, 0x00000000a0000000, 0x00000000a0000000)
  eden space 349568K,   9% used [0x0000000080000000, 0x00000000820108a8, 0x0000000095560000)
  from space 87360K,   0% used [0x0000000095560000, 0x0000000095560000, 0x000000009aab0000)
  to   space 87360K,   0% used [0x000000009aab0000, 0x000000009aab0000, 0x00000000a0000000)
 concurrent mark-sweep generation total 1572864K, used 1570912K [0x00000000a0000000, 0x0000000100000000, 0x0000000100000000)
 Metaspace       used 29521K, capacity 30328K, committed 30488K, reserved 1075200K
  class space    used 3488K, capacity 3758K, committed 3864K, reserved 1048576K
}
2018-06-17T23:30:25.004+0545: 92.629: [Rescan (parallel) , 0.0354940 secs]2018-06-17T23:30:25.039+0545: 92.664: [weak refs processing, 0.0005279 secs]2018-06-17T23:30:25.040+0545: 92.665: [class unloading, 0.0036296 secs]2018-06-17T23:30:25.043+0545: 92.668: [scrub symbol table, 0.0032970 secs]2018-06-17T23:30:25.047+0545: 92.672: [scrub string table, 0.0004369 secs][1 CMS-remark: 1570912K(1572864K)] 1603746K(2009792K), 0.0437137 secs] [Times: user=0.15 sys=0.00, real=0.04 secs] 
2018-06-17T23:30:25.047+0545: 92.672: Total time for which application threads were stopped: 0.0438215 seconds, Stopping threads took: 0.0000282 seconds
2018-06-17T23:30:25.047+0545: 92.672: [CMS-concurrent-sweep-start]
2018-06-17T23:30:25.604+0545: 93.229: [CMS-concurrent-sweep: 0.556/0.556 secs] [Times: user=0.56 sys=0.00, real=0.56 secs] 
2018-06-17T23:30:25.604+0545: 93.229: [CMS-concurrent-reset-start]
2018-06-17T23:30:25.606+0545: 93.231: [CMS-concurrent-reset: 0.002/0.002 secs] [Times: user=0.00 sys=0.00, real=0.00 secs] 
2018-06-17T23:30:27.606+0545: 95.231: [GC (CMS Initial Mark) [1 CMS-initial-mark: 1570912K(1572864K)] 1603746K(2009792K), 0.0643566 secs] [Times: user=0.07 sys=0.00, real=0.07 secs] 
2018-06-17T23:30:27.670+0545: 95.295: Total time for which application threads were stopped: 0.0645812 seconds, Stopping threads took: 0.0000415 seconds
2018-06-17T23:30:27.670+0545: 95.295: [CMS-concurrent-mark-start]
2018-06-17T23:30:28.867+0545: 96.492: [CMS-concurrent-mark: 1.197/1.197 secs] [Times: user=4.50 sys=0.01, real=1.19 secs] 
2018-06-17T23:30:28.867+0545: 96.492: [CMS-concurrent-preclean-start]
2018-06-17T23:30:28.869+0545: 96.494: [CMS-concurrent-preclean: 0.002/0.002 secs] [Times: user=0.00 sys=0.00, real=0.01 secs] 
2018-06-17T23:30:28.869+0545: 96.494: [CMS-concurrent-abortable-preclean-start]
2018-06-17T23:30:28.869+0545: 96.494: [CMS-concurrent-abortable-preclean: 0.000/0.000 secs] [Times: user=0.00 sys=0.00, real=0.00 secs] 
2018-06-17T23:30:28.869+0545: 96.494: [GC (CMS Final Remark) [YG occupancy: 32834 K (436928 K)]{Heap before GC invocations=95 (full 28):
 par new generation   total 436928K, used 32834K [0x0000000080000000, 0x00000000a0000000, 0x00000000a0000000)
  eden space 349568K,   9% used [0x0000000080000000, 0x00000000820108a8, 0x0000000095560000)
  from space 87360K,   0% used [0x0000000095560000, 0x0000000095560000, 0x000000009aab0000)
  to   space 87360K,   0% used [0x000000009aab0000, 0x000000009aab0000, 0x00000000a0000000)
 concurrent mark-sweep generation total 1572864K, used 1570912K [0x00000000a0000000, 0x0000000100000000, 0x0000000100000000)
 Metaspace       used 29521K, capacity 30328K, committed 30488K, reserved 1075200K
  class space    used 3488K, capacity 3758K, committed 3864K, reserved 1048576K
2018-06-17T23:30:28.869+0545: 96.494: [GC (CMS Final Remark) 2018-06-17T23:30:28.869+0545: 96.494: [ParNew: 32834K->32834K(436928K), 0.0000130 secs] 1603746K->1603746K(2009792K), 0.0000341 secs] [Times: user=0.00 sys=0.00, real=0.00 secs] 
Heap after GC invocations=96 (full 28):
 par new generation   total 436928K, used 32834K [0x0000000080000000, 0x00000000a0000000, 0x00000000a0000000)
  eden space 349568K,   9% used [0x0000000080000000, 0x00000000820108a8, 0x0000000095560000)
  from space 87360K,   0% used [0x0000000095560000, 0x0000000095560000, 0x000000009aab0000)
  to   space 87360K,   0% used [0x000000009aab0000, 0x000000009aab0000, 0x00000000a0000000)
 concurrent mark-sweep generation total 1572864K, used 1570912K [0x00000000a0000000, 0x0000000100000000, 0x0000000100000000)
 Metaspace       used 29521K, capacity 30328K, committed 30488K, reserved 1075200K
  class space    used 3488K, capacity 3758K, committed 3864K, reserved 1048576K
}
2018-06-17T23:30:28.869+0545: 96.494: [Rescan (parallel) , 0.0365072 secs]2018-06-17T23:30:28.906+0545: 96.531: [weak refs processing, 0.0012125 secs]2018-06-17T23:30:28.907+0545: 96.532: [class unloading, 0.0035632 secs]2018-06-17T23:30:28.910+0545: 96.536: [scrub symbol table, 0.0035396 secs]2018-06-17T23:30:28.914+0545: 96.539: [scrub string table, 0.0004322 secs][1 CMS-remark: 1570912K(1572864K)] 1603746K(2009792K), 0.0455236 secs] [Times: user=0.16 sys=0.00, real=0.04 secs] 
2018-06-17T23:30:28.915+0545: 96.540: Total time for which application threads were stopped: 0.0456127 seconds, Stopping threads took: 0.0000146 seconds
2018-06-17T23:30:28.915+0545: 96.540: [CMS-concurrent-sweep-start]
2018-06-17T23:30:29.478+0545: 97.103: [CMS-concurrent-sweep: 0.563/0.563 secs] [Times: user=0.56 sys=0.00, real=0.56 secs] 
2018-06-17T23:30:29.478+0545: 97.103: [CMS-concurrent-reset-start]
2018-06-17T23:30:29.480+0545: 97.105: [CMS-concurrent-reset: 0.002/0.002 secs] [Times: user=0.00 sys=0.00, real=0.00 secs] 
2018-06-17T23:30:30.577+0545: 98.202: Total time for which application threads were stopped: 0.0020207 seconds, Stopping threads took: 0.0001377 seconds
2018-06-17T23:30:30.669+0545: 98.294: Total time for which application threads were stopped: 0.0008992 seconds, Stopping threads took: 0.0000193 seconds
2018-06-17T23:30:30.677+0545: 98.302: Total time for which application threads were stopped: 0.0007905 seconds, Stopping threads took: 0.0000203 seconds
2018-06-17T23:30:30.680+0545: 98.305: Total time for which application threads were stopped: 0.0007716 seconds, Stopping threads took: 0.0000197 seconds
2018-06-17T23:30:30.685+0545: 98.310: Total time for which application threads were stopped: 0.0007013 seconds, Stopping threads took: 0.0000177 seconds
2018-06-17T23:30:31.480+0545: 99.105: [GC (CMS Initial Mark) [1 CMS-initial-mark: 1570912K(1572864K)] 1610737K(2009792K), 0.0612047 secs] [Times: user=0.06 sys=0.00, real=0.07 secs] 
2018-06-17T23:30:31.541+0545: 99.166: Total time for which application threads were stopped: 0.0614444 seconds, Stopping threads took: 0.0000496 seconds
2018-06-17T23:30:31.541+0545: 99.166: [CMS-concurrent-mark-start]
2018-06-17T23:30:32.734+0545: 100.359: [CMS-concurrent-mark: 1.193/1.193 secs] [Times: user=4.43 sys=0.00, real=1.19 secs] 
2018-06-17T23:30:32.734+0545: 100.359: [CMS-concurrent-preclean-start]
2018-06-17T23:30:32.736+0545: 100.361: [CMS-concurrent-preclean: 0.002/0.002 secs] [Times: user=0.00 sys=0.00, real=0.00 secs] 
2018-06-17T23:30:32.736+0545: 100.362: [CMS-concurrent-abortable-preclean-start]
2018-06-17T23:30:32.736+0545: 100.362: [CMS-concurrent-abortable-preclean: 0.000/0.000 secs] [Times: user=0.00 sys=0.00, real=0.00 secs] 
2018-06-17T23:30:32.737+0545: 100.362: [GC (CMS Final Remark) [YG occupancy: 39825 K (436928 K)]{Heap before GC invocations=96 (full 29):
 par new generation   total 436928K, used 39825K [0x0000000080000000, 0x00000000a0000000, 0x00000000a0000000)
  eden space 349568K,  11% used [0x0000000080000000, 0x00000000826e4620, 0x0000000095560000)
  from space 87360K,   0% used [0x0000000095560000, 0x0000000095560000, 0x000000009aab0000)
  to   space 87360K,   0% used [0x000000009aab0000, 0x000000009aab0000, 0x00000000a0000000)
 concurrent mark-sweep generation total 1572864K, used 1570912K [0x00000000a0000000, 0x0000000100000000, 0x0000000100000000)
 Metaspace       used 29521K, capacity 30328K, committed 30488K, reserved 1075200K
  class space    used 3488K, capacity 3758K, committed 3864K, reserved 1048576K
2018-06-17T23:30:32.737+0545: 100.362: [GC (CMS Final Remark) 2018-06-17T23:30:32.737+0545: 100.362: [ParNew: 39825K->39825K(436928K), 0.0000138 secs] 1610737K->1610737K(2009792K), 0.0000344 secs] [Times: user=0.00 sys=0.00, real=0.00 secs] 
Heap after GC invocations=97 (full 29):
 par new generation   total 436928K, used 39825K [0x0000000080000000, 0x00000000a0000000, 0x00000000a0000000)
  eden space 349568K,  11% used [0x0000000080000000, 0x00000000826e4620, 0x0000000095560000)
  from space 87360K,   0% used [0x0000000095560000, 0x0000000095560000, 0x000000009aab0000)
  to   space 87360K,   0% used [0x000000009aab0000, 0x000000009aab0000, 0x00000000a0000000)
 concurrent mark-sweep generation total 1572864K, used 1570912K [0x00000000a0000000, 0x0000000100000000, 0x0000000100000000)
 Metaspace       used 29521K, capacity 30328K, committed 30488K, reserved 1075200K
  class space    used 3488K, capacity 3758K, committed 3864K, reserved 1048576K
}
2018-06-17T23:30:32.737+0545: 100.362: [Rescan (parallel) , 0.0424199 secs]2018-06-17T23:30:32.779+0545: 100.404: [weak refs processing, 0.0013510 secs]2018-06-17T23:30:32.780+0545: 100.406: [class unloading, 0.0035886 secs]2018-06-17T23:30:32.784+0545: 100.409: [scrub symbol table, 0.0035532 secs]2018-06-17T23:30:32.788+0545: 100.413: [scrub string table, 0.0004560 secs][1 CMS-remark: 1570912K(1572864K)] 1610737K(2009792K), 0.0516228 secs] [Times: user=0.11 sys=0.00, real=0.06 secs] 
2018-06-17T23:30:32.788+0545: 100.413: Total time for which application threads were stopped: 0.0517186 seconds, Stopping threads took: 0.0000159 seconds
2018-06-17T23:30:32.788+0545: 100.413: [CMS-concurrent-sweep-start]
2018-06-17T23:30:33.333+0545: 100.958: [CMS-concurrent-sweep: 0.545/0.545 secs] [Times: user=0.54 sys=0.00, real=0.54 secs] 
2018-06-17T23:30:33.333+0545: 100.958: [CMS-concurrent-reset-start]
2018-06-17T23:30:33.335+0545: 100.960: [CMS-concurrent-reset: 0.002/0.002 secs] [Times: user=0.00 sys=0.00, real=0.00 secs] 
2018-06-17T23:30:35.334+0545: 102.959: [GC (CMS Initial Mark) [1 CMS-initial-mark: 1570912K(1572864K)] 1610737K(2009792K), 0.0633482 secs] [Times: user=0.06 sys=0.00, real=0.06 secs] 
2018-06-17T23:30:35.397+0545: 103.023: Total time for which application threads were stopped: 0.0635932 seconds, Stopping threads took: 0.0000469 seconds
2018-06-17T23:30:35.398+0545: 103.023: [CMS-concurrent-mark-start]
2018-06-17T23:30:36.621+0545: 104.246: [CMS-concurrent-mark: 1.223/1.223 secs] [Times: user=4.56 sys=0.02, real=1.23 secs] 
2018-06-17T23:30:36.621+0545: 104.246: [CMS-concurrent-preclean-start]
2018-06-17T23:30:36.623+0545: 104.248: [CMS-concurrent-preclean: 0.002/0.002 secs] [Times: user=0.00 sys=0.00, real=0.00 secs] 
2018-06-17T23:30:36.623+0545: 104.248: [CMS-concurrent-abortable-preclean-start]
2018-06-17T23:30:36.623+0545: 104.248: [CMS-concurrent-abortable-preclean: 0.000/0.000 secs] [Times: user=0.00 sys=0.00, real=0.00 secs] 
2018-06-17T23:30:36.623+0545: 104.249: [GC (CMS Final Remark) [YG occupancy: 39825 K (436928 K)]{Heap before GC invocations=97 (full 30):
 par new generation   total 436928K, used 39825K [0x0000000080000000, 0x00000000a0000000, 0x00000000a0000000)
  eden space 349568K,  11% used [0x0000000080000000, 0x00000000826e47a0, 0x0000000095560000)
  from space 87360K,   0% used [0x0000000095560000, 0x0000000095560000, 0x000000009aab0000)
  to   space 87360K,   0% used [0x000000009aab0000, 0x000000009aab0000, 0x00000000a0000000)
 concurrent mark-sweep generation total 1572864K, used 1570912K [0x00000000a0000000, 0x0000000100000000, 0x0000000100000000)
 Metaspace       used 29521K, capacity 30328K, committed 30488K, reserved 1075200K
  class space    used 3488K, capacity 3758K, committed 3864K, reserved 1048576K
2018-06-17T23:30:36.623+0545: 104.249: [GC (CMS Final Remark) 2018-06-17T23:30:36.623+0545: 104.249: [ParNew: 39825K->39825K(436928K), 0.0000130 secs] 1610737K->1610737K(2009792K), 0.0000342 secs] [Times: user=0.00 sys=0.00, real=0.00 secs] 
Heap after GC invocations=98 (full 30):
 par new generation   total 436928K, used 39825K [0x0000000080000000, 0x00000000a0000000, 0x00000000a0000000)
  eden space 349568K,  11% used [0x0000000080000000, 0x00000000826e47a0, 0x0000000095560000)
  from space 87360K,   0% used [0x0000000095560000, 0x0000000095560000, 0x000000009aab0000)
  to   space 87360K,   0% used [0x000000009aab0000, 0x000000009aab0000, 0x00000000a0000000)
 concurrent mark-sweep generation total 1572864K, used 1570912K [0x00000000a0000000, 0x0000000100000000, 0x0000000100000000)
 Metaspace       used 29521K, capacity 30328K, committed 30488K, reserved 1075200K
  class space    used 3488K, capacity 3758K, committed 3864K, reserved 1048576K
}
2018-06-17T23:30:36.624+0545: 104.249: [Rescan (parallel) , 0.0374994 secs]2018-06-17T23:30:36.661+0545: 104.286: [weak refs processing, 0.0099473 secs]2018-06-17T23:30:36.671+0545: 104.296: [class unloading, 0.0036204 secs]2018-06-17T23:30:36.675+0545: 104.300: [scrub symbol table, 0.0035340 secs]2018-06-17T23:30:36.678+0545: 104.303: [scrub string table, 0.0004351 secs][1 CMS-remark: 1570912K(1572864K)] 1610737K(2009792K), 0.0553310 secs] [Times: user=0.17 sys=0.00, real=0.05 secs] 
2018-06-17T23:30:36.679+0545: 104.304: Total time for which application threads were stopped: 0.0554229 seconds, Stopping threads took: 0.0000157 seconds
2018-06-17T23:30:36.679+0545: 104.304: [CMS-concurrent-sweep-start]
2018-06-17T23:30:37.233+0545: 104.859: [CMS-concurrent-sweep: 0.555/0.555 secs] [Times: user=0.55 sys=0.00, real=0.56 secs] 
2018-06-17T23:30:37.234+0545: 104.859: [CMS-concurrent-reset-start]
2018-06-17T23:30:37.236+0545: 104.861: [CMS-concurrent-reset: 0.002/0.002 secs] [Times: user=0.00 sys=0.00, real=0.00 secs] 
2018-06-17T23:30:39.235+0545: 106.860: [GC (CMS Initial Mark) [1 CMS-initial-mark: 1570912K(1572864K)] 1610737K(2009792K), 0.0600400 secs] [Times: user=0.06 sys=0.00, real=0.06 secs] 
2018-06-17T23:30:39.295+0545: 106.920: Total time for which application threads were stopped: 0.0602273 seconds, Stopping threads took: 0.0000334 seconds
2018-06-17T23:30:39.295+0545: 106.920: [CMS-concurrent-mark-start]
2018-06-17T23:30:40.496+0545: 108.121: [CMS-concurrent-mark: 1.201/1.201 secs] [Times: user=4.56 sys=0.02, real=1.20 secs] 
2018-06-17T23:30:40.496+0545: 108.121: [CMS-concurrent-preclean-start]
2018-06-17T23:30:40.499+0545: 108.124: [CMS-concurrent-preclean: 0.003/0.003 secs] [Times: user=0.00 sys=0.00, real=0.00 secs] 
2018-06-17T23:30:40.499+0545: 108.124: [CMS-concurrent-abortable-preclean-start]
2018-06-17T23:30:40.499+0545: 108.124: [CMS-concurrent-abortable-preclean: 0.000/0.000 secs] [Times: user=0.00 sys=0.00, real=0.00 secs] 
2018-06-17T23:30:40.499+0545: 108.124: [GC (CMS Final Remark) [YG occupancy: 39825 K (436928 K)]{Heap before GC invocations=98 (full 31):
 par new generation   total 436928K, used 39825K [0x0000000080000000, 0x00000000a0000000, 0x00000000a0000000)
  eden space 349568K,  11% used [0x0000000080000000, 0x00000000826e47a0, 0x0000000095560000)
  from space 87360K,   0% used [0x0000000095560000, 0x0000000095560000, 0x000000009aab0000)
  to   space 87360K,   0% used [0x000000009aab0000, 0x000000009aab0000, 0x00000000a0000000)
 concurrent mark-sweep generation total 1572864K, used 1570912K [0x00000000a0000000, 0x0000000100000000, 0x0000000100000000)
 Metaspace       used 29521K, capacity 30328K, committed 30488K, reserved 1075200K
  class space    used 3488K, capacity 3758K, committed 3864K, reserved 1048576K
2018-06-17T23:30:40.499+0545: 108.124: [GC (CMS Final Remark) 2018-06-17T23:30:40.499+0545: 108.124: [ParNew: 39825K->39825K(436928K), 0.0000190 secs] 1610737K->1610737K(2009792K), 0.0000611 secs] [Times: user=0.00 sys=0.00, real=0.00 secs] 
Heap after GC invocations=99 (full 31):
 par new generation   total 436928K, used 39825K [0x0000000080000000, 0x00000000a0000000, 0x00000000a0000000)
  eden space 349568K,  11% used [0x0000000080000000, 0x00000000826e47a0, 0x0000000095560000)
  from space 87360K,   0% used [0x0000000095560000, 0x0000000095560000, 0x000000009aab0000)
  to   space 87360K,   0% used [0x000000009aab0000, 0x000000009aab0000, 0x00000000a0000000)
 concurrent mark-sweep generation total 1572864K, used 1570912K [0x00000000a0000000, 0x0000000100000000, 0x0000000100000000)
 Metaspace       used 29521K, capacity 30328K, committed 30488K, reserved 1075200K
  class space    used 3488K, capacity 3758K, committed 3864K, reserved 1048576K
}
2018-06-17T23:30:40.499+0545: 108.124: [Rescan (parallel) , 0.0384053 secs]2018-06-17T23:30:40.538+0545: 108.163: [weak refs processing, 0.0007327 secs]2018-06-17T23:30:40.538+0545: 108.163: [class unloading, 0.0037018 secs]2018-06-17T23:30:40.542+0545: 108.167: [scrub symbol table, 0.0034263 secs]2018-06-17T23:30:40.546+0545: 108.171: [scrub string table, 0.0004349 secs][1 CMS-remark: 1570912K(1572864K)] 1610737K(2009792K), 0.0470295 secs] [Times: user=0.15 sys=0.00, real=0.05 secs] 
2018-06-17T23:30:40.546+0545: 108.171: Total time for which application threads were stopped: 0.0471387 seconds, Stopping threads took: 0.0000190 seconds
2018-06-17T23:30:40.546+0545: 108.171: [CMS-concurrent-sweep-start]
2018-06-17T23:30:41.099+0545: 108.724: [CMS-concurrent-sweep: 0.552/0.552 secs] [Times: user=0.55 sys=0.00, real=0.55 secs] 
2018-06-17T23:30:41.099+0545: 108.724: [CMS-concurrent-reset-start]
2018-06-17T23:30:41.101+0545: 108.726: [CMS-concurrent-reset: 0.002/0.002 secs] [Times: user=0.00 sys=0.00, real=0.01 secs] 
2018-06-17T23:30:43.100+0545: 110.725: [GC (CMS Initial Mark) [1 CMS-initial-mark: 1570912K(1572864K)] 1610737K(2009792K), 0.0626659 secs] [Times: user=0.06 sys=0.00, real=0.06 secs] 
2018-06-17T23:30:43.163+0545: 110.788: Total time for which application threads were stopped: 0.0629932 seconds, Stopping threads took: 0.0000560 seconds
2018-06-17T23:30:43.163+0545: 110.788: [CMS-concurrent-mark-start]
2018-06-17T23:30:44.364+0545: 111.989: [CMS-concurrent-mark: 1.201/1.201 secs] [Times: user=4.48 sys=0.01, real=1.20 secs] 
2018-06-17T23:30:44.364+0545: 111.989: [CMS-concurrent-preclean-start]
2018-06-17T23:30:44.367+0545: 111.992: [CMS-concurrent-preclean: 0.002/0.002 secs] [Times: user=0.01 sys=0.00, real=0.00 secs] 
2018-06-17T23:30:44.367+0545: 111.992: [CMS-concurrent-abortable-preclean-start]
2018-06-17T23:30:44.367+0545: 111.992: [CMS-concurrent-abortable-preclean: 0.000/0.000 secs] [Times: user=0.00 sys=0.00, real=0.00 secs] 
2018-06-17T23:30:44.367+0545: 111.992: [GC (CMS Final Remark) [YG occupancy: 39825 K (436928 K)]{Heap before GC invocations=99 (full 32):
 par new generation   total 436928K, used 39825K [0x0000000080000000, 0x00000000a0000000, 0x00000000a0000000)
  eden space 349568K,  11% used [0x0000000080000000, 0x00000000826e47a0, 0x0000000095560000)
  from space 87360K,   0% used [0x0000000095560000, 0x0000000095560000, 0x000000009aab0000)
  to   space 87360K,   0% used [0x000000009aab0000, 0x000000009aab0000, 0x00000000a0000000)
 concurrent mark-sweep generation total 1572864K, used 1570912K [0x00000000a0000000, 0x0000000100000000, 0x0000000100000000)
 Metaspace       used 29521K, capacity 30328K, committed 30488K, reserved 1075200K
  class space    used 3488K, capacity 3758K, committed 3864K, reserved 1048576K
2018-06-17T23:30:44.367+0545: 111.992: [GC (CMS Final Remark) 2018-06-17T23:30:44.367+0545: 111.992: [ParNew: 39825K->39825K(436928K), 0.0000136 secs] 1610737K->1610737K(2009792K), 0.0000401 secs] [Times: user=0.00 sys=0.00, real=0.00 secs] 
Heap after GC invocations=100 (full 32):
 par new generation   total 436928K, used 39825K [0x0000000080000000, 0x00000000a0000000, 0x00000000a0000000)
  eden space 349568K,  11% used [0x0000000080000000, 0x00000000826e47a0, 0x0000000095560000)
  from space 87360K,   0% used [0x0000000095560000, 0x0000000095560000, 0x000000009aab0000)
  to   space 87360K,   0% used [0x000000009aab0000, 0x000000009aab0000, 0x00000000a0000000)
 concurrent mark-sweep generation total 1572864K, used 1570912K [0x00000000a0000000, 0x0000000100000000, 0x0000000100000000)
 Metaspace       used 29521K, capacity 30328K, committed 30488K, reserved 1075200K
  class space    used 3488K, capacity 3758K, committed 3864K, reserved 1048576K
}
2018-06-17T23:30:44.367+0545: 111.992: [Rescan (parallel) , 0.0358422 secs]2018-06-17T23:30:44.403+0545: 112.028: [weak refs processing, 0.0026309 secs]2018-06-17T23:30:44.405+0545: 112.031: [class unloading, 0.0035670 secs]2018-06-17T23:30:44.409+0545: 112.034: [scrub symbol table, 0.0031748 secs]2018-06-17T23:30:44.412+0545: 112.037: [scrub string table, 0.0004329 secs][1 CMS-remark: 1570912K(1572864K)] 1610737K(2009792K), 0.0458811 secs] [Times: user=0.15 sys=0.00, real=0.05 secs] 
2018-06-17T23:30:44.413+0545: 112.038: Total time for which application threads were stopped: 0.0459711 seconds, Stopping threads took: 0.0000150 seconds
2018-06-17T23:30:44.413+0545: 112.038: [CMS-concurrent-sweep-start]
2018-06-17T23:30:44.952+0545: 112.577: [CMS-concurrent-sweep: 0.539/0.539 secs] [Times: user=0.54 sys=0.00, real=0.54 secs] 
2018-06-17T23:30:44.952+0545: 112.577: [CMS-concurrent-reset-start]
2018-06-17T23:30:44.953+0545: 112.578: [CMS-concurrent-reset: 0.002/0.002 secs] [Times: user=0.00 sys=0.00, real=0.00 secs] 
2018-06-17T23:30:46.953+0545: 114.578: [GC (CMS Initial Mark) [1 CMS-initial-mark: 1570912K(1572864K)] 1610737K(2009792K), 0.0374137 secs] [Times: user=0.04 sys=0.00, real=0.04 secs] 
2018-06-17T23:30:46.990+0545: 114.615: Total time for which application threads were stopped: 0.0375271 seconds, Stopping threads took: 0.0000153 seconds
2018-06-17T23:30:46.990+0545: 114.615: [CMS-concurrent-mark-start]
2018-06-17T23:30:48.283+0545: 115.908: [CMS-concurrent-mark: 1.293/1.293 secs] [Times: user=4.49 sys=0.02, real=1.29 secs] 
2018-06-17T23:30:48.283+0545: 115.908: [CMS-concurrent-preclean-start]
2018-06-17T23:30:48.285+0545: 115.910: [CMS-concurrent-preclean: 0.002/0.002 secs] [Times: user=0.00 sys=0.00, real=0.00 secs] 
2018-06-17T23:30:48.285+0545: 115.910: [CMS-concurrent-abortable-preclean-start]
2018-06-17T23:30:48.285+0545: 115.910: [CMS-concurrent-abortable-preclean: 0.000/0.000 secs] [Times: user=0.00 sys=0.00, real=0.00 secs] 
2018-06-17T23:30:48.285+0545: 115.910: [GC (CMS Final Remark) [YG occupancy: 39825 K (436928 K)]{Heap before GC invocations=100 (full 33):
 par new generation   total 436928K, used 39825K [0x0000000080000000, 0x00000000a0000000, 0x00000000a0000000)
  eden space 349568K,  11% used [0x0000000080000000, 0x00000000826e47a0, 0x0000000095560000)
  from space 87360K,   0% used [0x0000000095560000, 0x0000000095560000, 0x000000009aab0000)
  to   space 87360K,   0% used [0x000000009aab0000, 0x000000009aab0000, 0x00000000a0000000)
 concurrent mark-sweep generation total 1572864K, used 1570912K [0x00000000a0000000, 0x0000000100000000, 0x0000000100000000)
 Metaspace       used 29521K, capacity 30328K, committed 30488K, reserved 1075200K
  class space    used 3488K, capacity 3758K, committed 3864K, reserved 1048576K
2018-06-17T23:30:48.285+0545: 115.910: [GC (CMS Final Remark) 2018-06-17T23:30:48.285+0545: 115.910: [ParNew: 39825K->39825K(436928K), 0.0000135 secs] 1610737K->1610737K(2009792K), 0.0000465 secs] [Times: user=0.00 sys=0.00, real=0.00 secs] 
Heap after GC invocations=101 (full 33):
 par new generation   total 436928K, used 39825K [0x0000000080000000, 0x00000000a0000000, 0x00000000a0000000)
  eden space 349568K,  11% used [0x0000000080000000, 0x00000000826e47a0, 0x0000000095560000)
  from space 87360K,   0% used [0x0000000095560000, 0x0000000095560000, 0x000000009aab0000)
  to   space 87360K,   0% used [0x000000009aab0000, 0x000000009aab0000, 0x00000000a0000000)
 concurrent mark-sweep generation total 1572864K, used 1570912K [0x00000000a0000000, 0x0000000100000000, 0x0000000100000000)
 Metaspace       used 29521K, capacity 30328K, committed 30488K, reserved 1075200K
  class space    used 3488K, capacity 3758K, committed 3864K, reserved 1048576K
}
2018-06-17T23:30:48.285+0545: 115.911: [Rescan (parallel) , 0.0365344 secs]2018-06-17T23:30:48.322+0545: 115.947: [weak refs processing, 0.0017418 secs]2018-06-17T23:30:48.324+0545: 115.949: [class unloading, 0.0035996 secs]2018-06-17T23:30:48.327+0545: 115.952: [scrub symbol table, 0.0040649 secs]2018-06-17T23:30:48.331+0545: 115.957: [scrub string table, 0.0004360 secs][1 CMS-remark: 1570912K(1572864K)] 1610737K(2009792K), 0.0467332 secs] [Times: user=0.15 sys=0.00, real=0.05 secs] 
2018-06-17T23:30:48.332+0545: 115.957: Total time for which application threads were stopped: 0.0468294 seconds, Stopping threads took: 0.0000154 seconds
2018-06-17T23:30:48.332+0545: 115.957: [CMS-concurrent-sweep-start]
2018-06-17T23:30:48.898+0545: 116.523: [CMS-concurrent-sweep: 0.566/0.566 secs] [Times: user=0.57 sys=0.00, real=0.56 secs] 
2018-06-17T23:30:48.898+0545: 116.523: [CMS-concurrent-reset-start]
2018-06-17T23:30:48.900+0545: 116.525: [CMS-concurrent-reset: 0.002/0.002 secs] [Times: user=0.00 sys=0.00, real=0.00 secs] 
2018-06-17T23:30:50.899+0545: 118.524: [GC (CMS Initial Mark) [1 CMS-initial-mark: 1570912K(1572864K)] 1610737K(2009792K), 0.0603160 secs] [Times: user=0.06 sys=0.00, real=0.06 secs] 
2018-06-17T23:30:50.960+0545: 118.585: Total time for which application threads were stopped: 0.0605417 seconds, Stopping threads took: 0.0000411 seconds
2018-06-17T23:30:50.960+0545: 118.585: [CMS-concurrent-mark-start]
2018-06-17T23:30:52.194+0545: 119.820: [CMS-concurrent-mark: 1.235/1.235 secs] [Times: user=4.47 sys=0.02, real=1.24 secs] 
2018-06-17T23:30:52.195+0545: 119.820: [CMS-concurrent-preclean-start]
2018-06-17T23:30:52.197+0545: 119.822: [CMS-concurrent-preclean: 0.002/0.002 secs] [Times: user=0.00 sys=0.00, real=0.00 secs] 
2018-06-17T23:30:52.197+0545: 119.822: [CMS-concurrent-abortable-preclean-start]
2018-06-17T23:30:52.197+0545: 119.822: [CMS-concurrent-abortable-preclean: 0.000/0.000 secs] [Times: user=0.00 sys=0.00, real=0.00 secs] 
2018-06-17T23:30:52.197+0545: 119.822: [GC (CMS Final Remark) [YG occupancy: 39825 K (436928 K)]{Heap before GC invocations=101 (full 34):
 par new generation   total 436928K, used 39825K [0x0000000080000000, 0x00000000a0000000, 0x00000000a0000000)
  eden space 349568K,  11% used [0x0000000080000000, 0x00000000826e47a0, 0x0000000095560000)
  from space 87360K,   0% used [0x0000000095560000, 0x0000000095560000, 0x000000009aab0000)
  to   space 87360K,   0% used [0x000000009aab0000, 0x000000009aab0000, 0x00000000a0000000)
 concurrent mark-sweep generation total 1572864K, used 1570912K [0x00000000a0000000, 0x0000000100000000, 0x0000000100000000)
 Metaspace       used 29521K, capacity 30328K, committed 30488K, reserved 1075200K
  class space    used 3488K, capacity 3758K, committed 3864K, reserved 1048576K
2018-06-17T23:30:52.197+0545: 119.822: [GC (CMS Final Remark) 2018-06-17T23:30:52.197+0545: 119.822: [ParNew: 39825K->39825K(436928K), 0.0000138 secs] 1610737K->1610737K(2009792K), 0.0000360 secs] [Times: user=0.00 sys=0.00, real=0.00 secs] 
Heap after GC invocations=102 (full 34):
 par new generation   total 436928K, used 39825K [0x0000000080000000, 0x00000000a0000000, 0x00000000a0000000)
  eden space 349568K,  11% used [0x0000000080000000, 0x00000000826e47a0, 0x0000000095560000)
  from space 87360K,   0% used [0x0000000095560000, 0x0000000095560000, 0x000000009aab0000)
  to   space 87360K,   0% used [0x000000009aab0000, 0x000000009aab0000, 0x00000000a0000000)
 concurrent mark-sweep generation total 1572864K, used 1570912K [0x00000000a0000000, 0x0000000100000000, 0x0000000100000000)
 Metaspace       used 29521K, capacity 30328K, committed 30488K, reserved 1075200K
  class space    used 3488K, capacity 3758K, committed 3864K, reserved 1048576K
}
2018-06-17T23:30:52.197+0545: 119.822: [Rescan (parallel) , 0.0357282 secs]2018-06-17T23:30:52.233+0545: 119.858: [weak refs processing, 0.0023761 secs]2018-06-17T23:30:52.235+0545: 119.860: [class unloading, 0.0035885 secs]2018-06-17T23:30:52.239+0545: 119.864: [scrub symbol table, 0.0033647 secs]2018-06-17T23:30:52.242+0545: 119.867: [scrub string table, 0.0004381 secs][1 CMS-remark: 1570912K(1572864K)] 1610737K(2009792K), 0.0457659 secs] [Times: user=0.16 sys=0.00, real=0.05 secs] 
2018-06-17T23:30:52.243+0545: 119.868: Total time for which application threads were stopped: 0.0458570 seconds, Stopping threads took: 0.0000155 seconds
2018-06-17T23:30:52.243+0545: 119.868: [CMS-concurrent-sweep-start]
2018-06-17T23:30:52.823+0545: 120.449: [CMS-concurrent-sweep: 0.581/0.581 secs] [Times: user=0.57 sys=0.00, real=0.58 secs] 
2018-06-17T23:30:52.824+0545: 120.449: [CMS-concurrent-reset-start]
2018-06-17T23:30:52.825+0545: 120.450: [CMS-concurrent-reset: 0.002/0.002 secs] [Times: user=0.01 sys=0.00, real=0.00 secs] 
2018-06-17T23:30:54.825+0545: 122.450: [GC (CMS Initial Mark) [1 CMS-initial-mark: 1570912K(1572864K)] 1610738K(2009792K), 0.0608317 secs] [Times: user=0.07 sys=0.00, real=0.06 secs] 
2018-06-17T23:30:54.885+0545: 122.511: Total time for which application threads were stopped: 0.0610820 seconds, Stopping threads took: 0.0000730 seconds
2018-06-17T23:30:54.886+0545: 122.511: [CMS-concurrent-mark-start]
2018-06-17T23:30:56.072+0545: 123.697: [CMS-concurrent-mark: 1.187/1.187 secs] [Times: user=4.43 sys=0.00, real=1.19 secs] 
2018-06-17T23:30:56.072+0545: 123.697: [CMS-concurrent-preclean-start]
2018-06-17T23:30:56.075+0545: 123.700: [CMS-concurrent-preclean: 0.002/0.002 secs] [Times: user=0.00 sys=0.00, real=0.00 secs] 
2018-06-17T23:30:56.075+0545: 123.700: [CMS-concurrent-abortable-preclean-start]
2018-06-17T23:30:56.075+0545: 123.700: [CMS-concurrent-abortable-preclean: 0.000/0.000 secs] [Times: user=0.00 sys=0.00, real=0.00 secs] 
2018-06-17T23:30:56.075+0545: 123.700: [GC (CMS Final Remark) [YG occupancy: 39826 K (436928 K)]{Heap before GC invocations=102 (full 35):
 par new generation   total 436928K, used 39826K [0x0000000080000000, 0x00000000a0000000, 0x00000000a0000000)
  eden space 349568K,  11% used [0x0000000080000000, 0x00000000826e48a0, 0x0000000095560000)
  from space 87360K,   0% used [0x0000000095560000, 0x0000000095560000, 0x000000009aab0000)
  to   space 87360K,   0% used [0x000000009aab0000, 0x000000009aab0000, 0x00000000a0000000)
 concurrent mark-sweep generation total 1572864K, used 1570912K [0x00000000a0000000, 0x0000000100000000, 0x0000000100000000)
 Metaspace       used 29521K, capacity 30328K, committed 30488K, reserved 1075200K
  class space    used 3488K, capacity 3758K, committed 3864K, reserved 1048576K
2018-06-17T23:30:56.075+0545: 123.700: [GC (CMS Final Remark) 2018-06-17T23:30:56.075+0545: 123.700: [ParNew: 39826K->39826K(436928K), 0.0000133 secs] 1610738K->1610738K(2009792K), 0.0000351 secs] [Times: user=0.00 sys=0.00, real=0.00 secs] 
Heap after GC invocations=103 (full 35):
 par new generation   total 436928K, used 39826K [0x0000000080000000, 0x00000000a0000000, 0x00000000a0000000)
  eden space 349568K,  11% used [0x0000000080000000, 0x00000000826e48a0, 0x0000000095560000)
  from space 87360K,   0% used [0x0000000095560000, 0x0000000095560000, 0x000000009aab0000)
  to   space 87360K,   0% used [0x000000009aab0000, 0x000000009aab0000, 0x00000000a0000000)
 concurrent mark-sweep generation total 1572864K, used 1570912K [0x00000000a0000000, 0x0000000100000000, 0x0000000100000000)
 Metaspace       used 29521K, capacity 30328K, committed 30488K, reserved 1075200K
  class space    used 3488K, capacity 3758K, committed 3864K, reserved 1048576K
}
2018-06-17T23:30:56.075+0545: 123.700: [Rescan (parallel) , 0.0355517 secs]2018-06-17T23:30:56.111+0545: 123.736: [weak refs processing, 0.0026122 secs]2018-06-17T23:30:56.113+0545: 123.738: [class unloading, 0.0036897 secs]2018-06-17T23:30:56.117+0545: 123.742: [scrub symbol table, 0.0032805 secs]2018-06-17T23:30:56.120+0545: 123.745: [scrub string table, 0.0004478 secs][1 CMS-remark: 1570912K(1572864K)] 1610738K(2009792K), 0.0458272 secs] [Times: user=0.15 sys=0.01, real=0.05 secs] 
2018-06-17T23:30:56.121+0545: 123.746: Total time for which application threads were stopped: 0.0459178 seconds, Stopping threads took: 0.0000159 seconds
2018-06-17T23:30:56.121+0545: 123.746: [CMS-concurrent-sweep-start]
2018-06-17T23:30:56.665+0545: 124.290: [CMS-concurrent-sweep: 0.545/0.545 secs] [Times: user=0.53 sys=0.01, real=0.54 secs] 
2018-06-17T23:30:56.665+0545: 124.290: [CMS-concurrent-reset-start]
2018-06-17T23:30:56.668+0545: 124.293: [CMS-concurrent-reset: 0.002/0.002 secs] [Times: user=0.01 sys=0.00, real=0.00 secs] 
2018-06-17T23:30:58.667+0545: 126.292: [GC (CMS Initial Mark) [1 CMS-initial-mark: 1570911K(1572864K)] 1610737K(2009792K), 0.0790288 secs] [Times: user=0.08 sys=0.00, real=0.08 secs] 
2018-06-17T23:30:58.746+0545: 126.372: Total time for which application threads were stopped: 0.0792920 seconds, Stopping threads took: 0.0000465 seconds
2018-06-17T23:30:58.747+0545: 126.372: [CMS-concurrent-mark-start]
2018-06-17T23:30:59.951+0545: 127.576: [CMS-concurrent-mark: 1.204/1.204 secs] [Times: user=4.56 sys=0.00, real=1.21 secs] 
2018-06-17T23:30:59.951+0545: 127.576: [CMS-concurrent-preclean-start]
2018-06-17T23:30:59.953+0545: 127.578: [CMS-concurrent-preclean: 0.002/0.002 secs] [Times: user=0.01 sys=0.00, real=0.00 secs] 
2018-06-17T23:30:59.953+0545: 127.578: [CMS-concurrent-abortable-preclean-start]
2018-06-17T23:30:59.953+0545: 127.578: [CMS-concurrent-abortable-preclean: 0.000/0.000 secs] [Times: user=0.00 sys=0.00, real=0.00 secs] 
2018-06-17T23:30:59.953+0545: 127.578: [GC (CMS Final Remark) [YG occupancy: 39826 K (436928 K)]{Heap before GC invocations=103 (full 36):
 par new generation   total 436928K, used 39826K [0x0000000080000000, 0x00000000a0000000, 0x00000000a0000000)
  eden space 349568K,  11% used [0x0000000080000000, 0x00000000826e48a0, 0x0000000095560000)
  from space 87360K,   0% used [0x0000000095560000, 0x0000000095560000, 0x000000009aab0000)
  to   space 87360K,   0% used [0x000000009aab0000, 0x000000009aab0000, 0x00000000a0000000)
 concurrent mark-sweep generation total 1572864K, used 1570911K [0x00000000a0000000, 0x0000000100000000, 0x0000000100000000)
 Metaspace       used 29521K, capacity 30328K, committed 30488K, reserved 1075200K
  class space    used 3488K, capacity 3758K, committed 3864K, reserved 1048576K
2018-06-17T23:30:59.953+0545: 127.578: [GC (CMS Final Remark) 2018-06-17T23:30:59.953+0545: 127.578: [ParNew: 39826K->39826K(436928K), 0.0000136 secs] 1610737K->1610737K(2009792K), 0.0000362 secs] [Times: user=0.00 sys=0.00, real=0.00 secs] 
Heap after GC invocations=104 (full 36):
 par new generation   total 436928K, used 39826K [0x0000000080000000, 0x00000000a0000000, 0x00000000a0000000)
  eden space 349568K,  11% used [0x0000000080000000, 0x00000000826e48a0, 0x0000000095560000)
  from space 87360K,   0% used [0x0000000095560000, 0x0000000095560000, 0x000000009aab0000)
  to   space 87360K,   0% used [0x000000009aab0000, 0x000000009aab0000, 0x00000000a0000000)
 concurrent mark-sweep generation total 1572864K, used 1570911K [0x00000000a0000000, 0x0000000100000000, 0x0000000100000000)
 Metaspace       used 29521K, capacity 30328K, committed 30488K, reserved 1075200K
  class space    used 3488K, capacity 3758K, committed 3864K, reserved 1048576K
}
2018-06-17T23:30:59.953+0545: 127.578: [Rescan (parallel) , 0.0368556 secs]2018-06-17T23:30:59.990+0545: 127.615: [weak refs processing, 0.0013391 secs]2018-06-17T23:30:59.992+0545: 127.617: [class unloading, 0.0036895 secs]2018-06-17T23:30:59.995+0545: 127.620: [scrub symbol table, 0.0032319 secs]2018-06-17T23:30:59.999+0545: 127.624: [scrub string table, 0.0004317 secs][1 CMS-remark: 1570911K(1572864K)] 1610737K(2009792K), 0.0458340 secs] [Times: user=0.15 sys=0.00, real=0.04 secs] 
2018-06-17T23:30:59.999+0545: 127.624: Total time for which application threads were stopped: 0.0459247 seconds, Stopping threads took: 0.0000148 seconds
2018-06-17T23:30:59.999+0545: 127.624: [CMS-concurrent-sweep-start]
2018-06-17T23:31:00.550+0545: 128.175: [CMS-concurrent-sweep: 0.550/0.550 secs] [Times: user=0.55 sys=0.00, real=0.56 secs] 
2018-06-17T23:31:00.550+0545: 128.175: [CMS-concurrent-reset-start]
2018-06-17T23:31:00.553+0545: 128.178: [CMS-concurrent-reset: 0.003/0.003 secs] [Times: user=0.00 sys=0.00, real=0.00 secs] 
2018-06-17T23:31:02.552+0545: 130.177: [GC (CMS Initial Mark) [1 CMS-initial-mark: 1570911K(1572864K)] 1610737K(2009792K), 0.0622941 secs] [Times: user=0.06 sys=0.00, real=0.06 secs] 
2018-06-17T23:31:02.615+0545: 130.240: Total time for which application threads were stopped: 0.0625517 seconds, Stopping threads took: 0.0000393 seconds
2018-06-17T23:31:02.615+0545: 130.240: [CMS-concurrent-mark-start]
2018-06-17T23:31:03.529+0545: 131.154: Total time for which application threads were stopped: 0.0000889 seconds, Stopping threads took: 0.0000228 seconds
2018-06-17T23:31:03.529+0545: 131.155: Total time for which application threads were stopped: 0.0000703 seconds, Stopping threads took: 0.0000101 seconds
2018-06-17T23:31:03.530+0545: 131.155: Total time for which application threads were stopped: 0.0000687 seconds, Stopping threads took: 0.0000096 seconds
2018-06-17T23:31:03.530+0545: 131.155: Total time for which application threads were stopped: 0.0000808 seconds, Stopping threads took: 0.0000135 seconds
2018-06-17T23:31:03.788+0545: 131.413: [CMS-concurrent-mark: 1.173/1.174 secs] [Times: user=4.42 sys=0.01, real=1.18 secs] 
2018-06-17T23:31:03.788+0545: 131.413: [CMS-concurrent-preclean-start]
2018-06-17T23:31:03.791+0545: 131.416: [CMS-concurrent-preclean: 0.002/0.002 secs] [Times: user=0.01 sys=0.00, real=0.00 secs] 
2018-06-17T23:31:03.791+0545: 131.416: [CMS-concurrent-abortable-preclean-start]
2018-06-17T23:31:03.791+0545: 131.416: [CMS-concurrent-abortable-preclean: 0.000/0.000 secs] [Times: user=0.00 sys=0.00, real=0.00 secs] 
2018-06-17T23:31:03.791+0545: 131.416: [GC (CMS Final Remark) [YG occupancy: 39826 K (436928 K)]{Heap before GC invocations=104 (full 37):
 par new generation   total 436928K, used 39826K [0x0000000080000000, 0x00000000a0000000, 0x00000000a0000000)
  eden space 349568K,  11% used [0x0000000080000000, 0x00000000826e48a0, 0x0000000095560000)
  from space 87360K,   0% used [0x0000000095560000, 0x0000000095560000, 0x000000009aab0000)
  to   space 87360K,   0% used [0x000000009aab0000, 0x000000009aab0000, 0x00000000a0000000)
 concurrent mark-sweep generation total 1572864K, used 1570911K [0x00000000a0000000, 0x0000000100000000, 0x0000000100000000)
 Metaspace       used 29521K, capacity 30328K, committed 30488K, reserved 1075200K
  class space    used 3488K, capacity 3758K, committed 3864K, reserved 1048576K
2018-06-17T23:31:03.791+0545: 131.416: [GC (CMS Final Remark) 2018-06-17T23:31:03.791+0545: 131.416: [ParNew: 39826K->39826K(436928K), 0.0000138 secs] 1610737K->1610737K(2009792K), 0.0000369 secs] [Times: user=0.00 sys=0.00, real=0.00 secs] 
Heap after GC invocations=105 (full 37):
 par new generation   total 436928K, used 39826K [0x0000000080000000, 0x00000000a0000000, 0x00000000a0000000)
  eden space 349568K,  11% used [0x0000000080000000, 0x00000000826e48a0, 0x0000000095560000)
  from space 87360K,   0% used [0x0000000095560000, 0x0000000095560000, 0x000000009aab0000)
  to   space 87360K,   0% used [0x000000009aab0000, 0x000000009aab0000, 0x00000000a0000000)
 concurrent mark-sweep generation total 1572864K, used 1570911K [0x00000000a0000000, 0x0000000100000000, 0x0000000100000000)
 Metaspace       used 29521K, capacity 30328K, committed 30488K, reserved 1075200K
  class space    used 3488K, capacity 3758K, committed 3864K, reserved 1048576K
}
2018-06-17T23:31:03.791+0545: 131.416: [Rescan (parallel) , 0.0506689 secs]2018-06-17T23:31:03.842+0545: 131.467: [weak refs processing, 0.0084015 secs]2018-06-17T23:31:03.850+0545: 131.475: [class unloading, 0.0035932 secs]2018-06-17T23:31:03.854+0545: 131.479: [scrub symbol table, 0.0032222 secs]2018-06-17T23:31:03.857+0545: 131.482: [scrub string table, 0.0004333 secs][1 CMS-remark: 1570911K(1572864K)] 1610737K(2009792K), 0.0665752 secs] [Times: user=0.19 sys=0.00, real=0.06 secs] 
2018-06-17T23:31:03.858+0545: 131.483: Total time for which application threads were stopped: 0.0666778 seconds, Stopping threads took: 0.0000168 seconds
2018-06-17T23:31:03.858+0545: 131.483: [CMS-concurrent-sweep-start]
2018-06-17T23:31:04.404+0545: 132.029: [CMS-concurrent-sweep: 0.546/0.546 secs] [Times: user=0.55 sys=0.00, real=0.55 secs] 
2018-06-17T23:31:04.404+0545: 132.029: [CMS-concurrent-reset-start]
2018-06-17T23:31:04.406+0545: 132.031: [CMS-concurrent-reset: 0.002/0.002 secs] [Times: user=0.00 sys=0.00, real=0.00 secs] 
2018-06-17T23:31:06.405+0545: 134.030: [GC (CMS Initial Mark) [1 CMS-initial-mark: 1570911K(1572864K)] 1610737K(2009792K), 0.0624473 secs] [Times: user=0.06 sys=0.00, real=0.06 secs] 
2018-06-17T23:31:06.468+0545: 134.093: Total time for which application threads were stopped: 0.0626925 seconds, Stopping threads took: 0.0000414 seconds
2018-06-17T23:31:06.468+0545: 134.093: [CMS-concurrent-mark-start]
2018-06-17T23:31:07.645+0545: 135.270: [CMS-concurrent-mark: 1.178/1.178 secs] [Times: user=4.55 sys=0.00, real=1.18 secs] 
2018-06-17T23:31:07.645+0545: 135.270: [CMS-concurrent-preclean-start]
2018-06-17T23:31:07.648+0545: 135.273: [CMS-concurrent-preclean: 0.002/0.002 secs] [Times: user=0.00 sys=0.00, real=0.00 secs] 
2018-06-17T23:31:07.648+0545: 135.273: [CMS-concurrent-abortable-preclean-start]
2018-06-17T23:31:07.648+0545: 135.273: [CMS-concurrent-abortable-preclean: 0.000/0.000 secs] [Times: user=0.00 sys=0.00, real=0.00 secs] 
2018-06-17T23:31:07.648+0545: 135.273: [GC (CMS Final Remark) [YG occupancy: 39826 K (436928 K)]{Heap before GC invocations=105 (full 38):
 par new generation   total 436928K, used 39826K [0x0000000080000000, 0x00000000a0000000, 0x00000000a0000000)
  eden space 349568K,  11% used [0x0000000080000000, 0x00000000826e48a0, 0x0000000095560000)
  from space 87360K,   0% used [0x0000000095560000, 0x0000000095560000, 0x000000009aab0000)
  to   space 87360K,   0% used [0x000000009aab0000, 0x000000009aab0000, 0x00000000a0000000)
 concurrent mark-sweep generation total 1572864K, used 1570911K [0x00000000a0000000, 0x0000000100000000, 0x0000000100000000)
 Metaspace       used 29521K, capacity 30328K, committed 30488K, reserved 1075200K
  class space    used 3488K, capacity 3758K, committed 3864K, reserved 1048576K
2018-06-17T23:31:07.648+0545: 135.273: [GC (CMS Final Remark) 2018-06-17T23:31:07.648+0545: 135.273: [ParNew: 39826K->39826K(436928K), 0.0000141 secs] 1610737K->1610737K(2009792K), 0.0000352 secs] [Times: user=0.00 sys=0.00, real=0.00 secs] 
Heap after GC invocations=106 (full 38):
 par new generation   total 436928K, used 39826K [0x0000000080000000, 0x00000000a0000000, 0x00000000a0000000)
  eden space 349568K,  11% used [0x0000000080000000, 0x00000000826e48a0, 0x0000000095560000)
  from space 87360K,   0% used [0x0000000095560000, 0x0000000095560000, 0x000000009aab0000)
  to   space 87360K,   0% used [0x000000009aab0000, 0x000000009aab0000, 0x00000000a0000000)
 concurrent mark-sweep generation total 1572864K, used 1570911K [0x00000000a0000000, 0x0000000100000000, 0x0000000100000000)
 Metaspace       used 29521K, capacity 30328K, committed 30488K, reserved 1075200K
  class space    used 3488K, capacity 3758K, committed 3864K, reserved 1048576K
}
2018-06-17T23:31:07.648+0545: 135.273: [Rescan (parallel) , 0.0387438 secs]2018-06-17T23:31:07.687+0545: 135.312: [weak refs processing, 0.0076580 secs]2018-06-17T23:31:07.694+0545: 135.319: [class unloading, 0.0039137 secs]2018-06-17T23:31:07.698+0545: 135.323: [scrub symbol table, 0.0038372 secs]2018-06-17T23:31:07.702+0545: 135.327: [scrub string table, 0.0004429 secs][1 CMS-remark: 1570911K(1572864K)] 1610737K(2009792K), 0.0548740 secs] [Times: user=0.17 sys=0.00, real=0.06 secs] 
2018-06-17T23:31:07.703+0545: 135.328: Total time for which application threads were stopped: 0.0549687 seconds, Stopping threads took: 0.0000159 seconds
2018-06-17T23:31:07.703+0545: 135.328: [CMS-concurrent-sweep-start]
2018-06-17T23:31:08.250+0545: 135.875: [CMS-concurrent-sweep: 0.548/0.548 secs] [Times: user=0.55 sys=0.00, real=0.55 secs] 
2018-06-17T23:31:08.250+0545: 135.875: [CMS-concurrent-reset-start]
2018-06-17T23:31:08.253+0545: 135.878: [CMS-concurrent-reset: 0.002/0.002 secs] [Times: user=0.00 sys=0.00, real=0.00 secs] 
2018-06-17T23:31:10.252+0545: 137.877: [GC (CMS Initial Mark) [1 CMS-initial-mark: 1570911K(1572864K)] 1610737K(2009792K), 0.0622691 secs] [Times: user=0.07 sys=0.00, real=0.06 secs] 
2018-06-17T23:31:10.314+0545: 137.939: Total time for which application threads were stopped: 0.0624909 seconds, Stopping threads took: 0.0000418 seconds
2018-06-17T23:31:10.314+0545: 137.939: [CMS-concurrent-mark-start]
2018-06-17T23:31:11.502+0545: 139.127: [CMS-concurrent-mark: 1.187/1.187 secs] [Times: user=4.53 sys=0.00, real=1.19 secs] 
2018-06-17T23:31:11.502+0545: 139.127: [CMS-concurrent-preclean-start]
2018-06-17T23:31:11.504+0545: 139.129: [CMS-concurrent-preclean: 0.002/0.002 secs] [Times: user=0.00 sys=0.00, real=0.00 secs] 
2018-06-17T23:31:11.504+0545: 139.129: [CMS-concurrent-abortable-preclean-start]
2018-06-17T23:31:11.504+0545: 139.129: [CMS-concurrent-abortable-preclean: 0.000/0.000 secs] [Times: user=0.00 sys=0.00, real=0.00 secs] 
2018-06-17T23:31:11.504+0545: 139.129: [GC (CMS Final Remark) [YG occupancy: 39826 K (436928 K)]{Heap before GC invocations=106 (full 39):
 par new generation   total 436928K, used 39826K [0x0000000080000000, 0x00000000a0000000, 0x00000000a0000000)
  eden space 349568K,  11% used [0x0000000080000000, 0x00000000826e48a0, 0x0000000095560000)
  from space 87360K,   0% used [0x0000000095560000, 0x0000000095560000, 0x000000009aab0000)
  to   space 87360K,   0% used [0x000000009aab0000, 0x000000009aab0000, 0x00000000a0000000)
 concurrent mark-sweep generation total 1572864K, used 1570911K [0x00000000a0000000, 0x0000000100000000, 0x0000000100000000)
 Metaspace       used 29521K, capacity 30328K, committed 30488K, reserved 1075200K
  class space    used 3488K, capacity 3758K, committed 3864K, reserved 1048576K
2018-06-17T23:31:11.504+0545: 139.129: [GC (CMS Final Remark) 2018-06-17T23:31:11.504+0545: 139.129: [ParNew: 39826K->39826K(436928K), 0.0000132 secs] 1610737K->1610737K(2009792K), 0.0000352 secs] [Times: user=0.00 sys=0.00, real=0.00 secs] 
Heap after GC invocations=107 (full 39):
 par new generation   total 436928K, used 39826K [0x0000000080000000, 0x00000000a0000000, 0x00000000a0000000)
  eden space 349568K,  11% used [0x0000000080000000, 0x00000000826e48a0, 0x0000000095560000)
  from space 87360K,   0% used [0x0000000095560000, 0x0000000095560000, 0x000000009aab0000)
  to   space 87360K,   0% used [0x000000009aab0000, 0x000000009aab0000, 0x00000000a0000000)
 concurrent mark-sweep generation total 1572864K, used 1570911K [0x00000000a0000000, 0x0000000100000000, 0x0000000100000000)
 Metaspace       used 29521K, capacity 30328K, committed 30488K, reserved 1075200K
  class space    used 3488K, capacity 3758K, committed 3864K, reserved 1048576K
}
2018-06-17T23:31:11.504+0545: 139.129: [Rescan (parallel) , 0.0356119 secs]2018-06-17T23:31:11.540+0545: 139.165: [weak refs processing, 0.0026477 secs]2018-06-17T23:31:11.542+0545: 139.167: [class unloading, 0.0036040 secs]2018-06-17T23:31:11.546+0545: 139.171: [scrub symbol table, 0.0033505 secs]2018-06-17T23:31:11.549+0545: 139.174: [scrub string table, 0.0004336 secs][1 CMS-remark: 1570911K(1572864K)] 1610737K(2009792K), 0.0458857 secs] [Times: user=0.15 sys=0.01, real=0.05 secs] 
2018-06-17T23:31:11.550+0545: 139.175: Total time for which application threads were stopped: 0.0459756 seconds, Stopping threads took: 0.0000150 seconds
2018-06-17T23:31:11.550+0545: 139.175: [CMS-concurrent-sweep-start]
2018-06-17T23:31:12.120+0545: 139.745: [CMS-concurrent-sweep: 0.570/0.570 secs] [Times: user=0.56 sys=0.00, real=0.57 secs] 
2018-06-17T23:31:12.120+0545: 139.745: [CMS-concurrent-reset-start]
2018-06-17T23:31:12.122+0545: 139.747: [CMS-concurrent-reset: 0.002/0.002 secs] [Times: user=0.01 sys=0.00, real=0.00 secs] 
2018-06-17T23:31:14.122+0545: 141.747: [GC (CMS Initial Mark) [1 CMS-initial-mark: 1570911K(1572864K)] 1610737K(2009792K), 0.0565396 secs] [Times: user=0.05 sys=0.00, real=0.05 secs] 
2018-06-17T23:31:14.178+0545: 141.803: Total time for which application threads were stopped: 0.0567621 seconds, Stopping threads took: 0.0000409 seconds
2018-06-17T23:31:14.178+0545: 141.803: [CMS-concurrent-mark-start]
2018-06-17T23:31:15.484+0545: 143.110: [CMS-concurrent-mark: 1.306/1.306 secs] [Times: user=4.53 sys=0.01, real=1.31 secs] 
2018-06-17T23:31:15.485+0545: 143.110: [CMS-concurrent-preclean-start]
2018-06-17T23:31:15.487+0545: 143.112: [CMS-concurrent-preclean: 0.002/0.002 secs] [Times: user=0.00 sys=0.00, real=0.00 secs] 
2018-06-17T23:31:15.487+0545: 143.112: [CMS-concurrent-abortable-preclean-start]
2018-06-17T23:31:15.487+0545: 143.112: [CMS-concurrent-abortable-preclean: 0.000/0.000 secs] [Times: user=0.00 sys=0.00, real=0.00 secs] 
2018-06-17T23:31:15.487+0545: 143.112: [GC (CMS Final Remark) [YG occupancy: 39826 K (436928 K)]{Heap before GC invocations=107 (full 40):
 par new generation   total 436928K, used 39826K [0x0000000080000000, 0x00000000a0000000, 0x00000000a0000000)
  eden space 349568K,  11% used [0x0000000080000000, 0x00000000826e48a0, 0x0000000095560000)
  from space 87360K,   0% used [0x0000000095560000, 0x0000000095560000, 0x000000009aab0000)
  to   space 87360K,   0% used [0x000000009aab0000, 0x000000009aab0000, 0x00000000a0000000)
 concurrent mark-sweep generation total 1572864K, used 1570911K [0x00000000a0000000, 0x0000000100000000, 0x0000000100000000)
 Metaspace       used 29521K, capacity 30328K, committed 30488K, reserved 1075200K
  class space    used 3488K, capacity 3758K, committed 3864K, reserved 1048576K
2018-06-17T23:31:15.487+0545: 143.112: [GC (CMS Final Remark) 2018-06-17T23:31:15.487+0545: 143.112: [ParNew: 39826K->39826K(436928K), 0.0000128 secs] 1610737K->1610737K(2009792K), 0.0000329 secs] [Times: user=0.00 sys=0.00, real=0.00 secs] 
Heap after GC invocations=108 (full 40):
 par new generation   total 436928K, used 39826K [0x0000000080000000, 0x00000000a0000000, 0x00000000a0000000)
  eden space 349568K,  11% used [0x0000000080000000, 0x00000000826e48a0, 0x0000000095560000)
  from space 87360K,   0% used [0x0000000095560000, 0x0000000095560000, 0x000000009aab0000)
  to   space 87360K,   0% used [0x000000009aab0000, 0x000000009aab0000, 0x00000000a0000000)
 concurrent mark-sweep generation total 1572864K, used 1570911K [0x00000000a0000000, 0x0000000100000000, 0x0000000100000000)
 Metaspace       used 29521K, capacity 30328K, committed 30488K, reserved 1075200K
  class space    used 3488K, capacity 3758K, committed 3864K, reserved 1048576K
}
2018-06-17T23:31:15.487+0545: 143.112: [Rescan (parallel) , 0.0368429 secs]2018-06-17T23:31:15.524+0545: 143.149: [weak refs processing, 0.0013970 secs]2018-06-17T23:31:15.525+0545: 143.150: [class unloading, 0.0036770 secs]2018-06-17T23:31:15.529+0545: 143.154: [scrub symbol table, 0.0033103 secs]2018-06-17T23:31:15.532+0545: 143.157: [scrub string table, 0.0004677 secs][1 CMS-remark: 1570911K(1572864K)] 1610737K(2009792K), 0.0459243 secs] [Times: user=0.16 sys=0.00, real=0.05 secs] 
2018-06-17T23:31:15.533+0545: 143.158: Total time for which application threads were stopped: 0.0460158 seconds, Stopping threads took: 0.0000156 seconds
2018-06-17T23:31:15.533+0545: 143.158: [CMS-concurrent-sweep-start]
2018-06-17T23:31:16.140+0545: 143.765: [CMS-concurrent-sweep: 0.607/0.607 secs] [Times: user=0.60 sys=0.00, real=0.61 secs] 
2018-06-17T23:31:16.140+0545: 143.765: [CMS-concurrent-reset-start]
2018-06-17T23:31:16.143+0545: 143.768: [CMS-concurrent-reset: 0.002/0.002 secs] [Times: user=0.00 sys=0.00, real=0.00 secs] 
2018-06-17T23:31:18.142+0545: 145.767: [GC (CMS Initial Mark) [1 CMS-initial-mark: 1570911K(1572864K)] 1610737K(2009792K), 0.0433526 secs] [Times: user=0.05 sys=0.00, real=0.04 secs] 
2018-06-17T23:31:18.185+0545: 145.810: Total time for which application threads were stopped: 0.0435135 seconds, Stopping threads took: 0.0000232 seconds
2018-06-17T23:31:18.185+0545: 145.810: [CMS-concurrent-mark-start]
2018-06-17T23:31:19.447+0545: 147.072: [CMS-concurrent-mark: 1.262/1.262 secs] [Times: user=4.58 sys=0.02, real=1.26 secs] 
2018-06-17T23:31:19.447+0545: 147.072: [CMS-concurrent-preclean-start]
2018-06-17T23:31:19.449+0545: 147.074: [CMS-concurrent-preclean: 0.002/0.002 secs] [Times: user=0.00 sys=0.00, real=0.01 secs] 
2018-06-17T23:31:19.449+0545: 147.074: [CMS-concurrent-abortable-preclean-start]
2018-06-17T23:31:19.449+0545: 147.074: [CMS-concurrent-abortable-preclean: 0.000/0.000 secs] [Times: user=0.00 sys=0.00, real=0.00 secs] 
2018-06-17T23:31:19.450+0545: 147.075: [GC (CMS Final Remark) [YG occupancy: 39826 K (436928 K)]{Heap before GC invocations=108 (full 41):
 par new generation   total 436928K, used 39826K [0x0000000080000000, 0x00000000a0000000, 0x00000000a0000000)
  eden space 349568K,  11% used [0x0000000080000000, 0x00000000826e48a0, 0x0000000095560000)
  from space 87360K,   0% used [0x0000000095560000, 0x0000000095560000, 0x000000009aab0000)
  to   space 87360K,   0% used [0x000000009aab0000, 0x000000009aab0000, 0x00000000a0000000)
 concurrent mark-sweep generation total 1572864K, used 1570911K [0x00000000a0000000, 0x0000000100000000, 0x0000000100000000)
 Metaspace       used 29521K, capacity 30328K, committed 30488K, reserved 1075200K
  class space    used 3488K, capacity 3758K, committed 3864K, reserved 1048576K
2018-06-17T23:31:19.450+0545: 147.075: [GC (CMS Final Remark) 2018-06-17T23:31:19.450+0545: 147.075: [ParNew: 39826K->39826K(436928K), 0.0000136 secs] 1610737K->1610737K(2009792K), 0.0000344 secs] [Times: user=0.00 sys=0.00, real=0.00 secs] 
Heap after GC invocations=109 (full 41):
 par new generation   total 436928K, used 39826K [0x0000000080000000, 0x00000000a0000000, 0x00000000a0000000)
  eden space 349568K,  11% used [0x0000000080000000, 0x00000000826e48a0, 0x0000000095560000)
  from space 87360K,   0% used [0x0000000095560000, 0x0000000095560000, 0x000000009aab0000)
  to   space 87360K,   0% used [0x000000009aab0000, 0x000000009aab0000, 0x00000000a0000000)
 concurrent mark-sweep generation total 1572864K, used 1570911K [0x00000000a0000000, 0x0000000100000000, 0x0000000100000000)
 Metaspace       used 29521K, capacity 30328K, committed 30488K, reserved 1075200K
  class space    used 3488K, capacity 3758K, committed 3864K, reserved 1048576K
}
2018-06-17T23:31:19.450+0545: 147.075: [Rescan (parallel) , 0.0396119 secs]2018-06-17T23:31:19.489+0545: 147.114: [weak refs processing, 0.0013885 secs]2018-06-17T23:31:19.491+0545: 147.116: [class unloading, 0.0036724 secs]2018-06-17T23:31:19.494+0545: 147.119: [scrub symbol table, 0.0038590 secs]2018-06-17T23:31:19.498+0545: 147.123: [scrub string table, 0.0004343 secs][1 CMS-remark: 1570911K(1572864K)] 1610737K(2009792K), 0.0492939 secs] [Times: user=0.16 sys=0.00, real=0.04 secs] 
2018-06-17T23:31:19.499+0545: 147.124: Total time for which application threads were stopped: 0.0493842 seconds, Stopping threads took: 0.0000152 seconds
2018-06-17T23:31:19.499+0545: 147.124: [CMS-concurrent-sweep-start]
2018-06-17T23:31:20.055+0545: 147.680: [CMS-concurrent-sweep: 0.556/0.556 secs] [Times: user=0.56 sys=0.00, real=0.56 secs] 
2018-06-17T23:31:20.055+0545: 147.680: [CMS-concurrent-reset-start]
2018-06-17T23:31:20.057+0545: 147.682: [CMS-concurrent-reset: 0.002/0.002 secs] [Times: user=0.00 sys=0.00, real=0.00 secs] 
2018-06-17T23:31:22.057+0545: 149.682: [GC (CMS Initial Mark) [1 CMS-initial-mark: 1570911K(1572864K)] 1610737K(2009792K), 0.0577714 secs] [Times: user=0.06 sys=0.00, real=0.06 secs] 
2018-06-17T23:31:22.114+0545: 149.739: Total time for which application threads were stopped: 0.0579393 seconds, Stopping threads took: 0.0000297 seconds
2018-06-17T23:31:22.114+0545: 149.739: [CMS-concurrent-mark-start]
2018-06-17T23:31:23.357+0545: 150.982: [CMS-concurrent-mark: 1.243/1.243 secs] [Times: user=4.62 sys=0.01, real=1.24 secs] 
2018-06-17T23:31:23.357+0545: 150.982: [CMS-concurrent-preclean-start]
2018-06-17T23:31:23.360+0545: 150.985: [CMS-concurrent-preclean: 0.002/0.002 secs] [Times: user=0.00 sys=0.00, real=0.00 secs] 
2018-06-17T23:31:23.360+0545: 150.985: [CMS-concurrent-abortable-preclean-start]
2018-06-17T23:31:23.360+0545: 150.985: [CMS-concurrent-abortable-preclean: 0.000/0.000 secs] [Times: user=0.00 sys=0.00, real=0.00 secs] 
2018-06-17T23:31:23.360+0545: 150.985: [GC (CMS Final Remark) [YG occupancy: 39826 K (436928 K)]{Heap before GC invocations=109 (full 42):
 par new generation   total 436928K, used 39826K [0x0000000080000000, 0x00000000a0000000, 0x00000000a0000000)
  eden space 349568K,  11% used [0x0000000080000000, 0x00000000826e48a0, 0x0000000095560000)
  from space 87360K,   0% used [0x0000000095560000, 0x0000000095560000, 0x000000009aab0000)
  to   space 87360K,   0% used [0x000000009aab0000, 0x000000009aab0000, 0x00000000a0000000)
 concurrent mark-sweep generation total 1572864K, used 1570911K [0x00000000a0000000, 0x0000000100000000, 0x0000000100000000)
 Metaspace       used 29521K, capacity 30328K, committed 30488K, reserved 1075200K
  class space    used 3488K, capacity 3758K, committed 3864K, reserved 1048576K
2018-06-17T23:31:23.360+0545: 150.985: [GC (CMS Final Remark) 2018-06-17T23:31:23.360+0545: 150.985: [ParNew: 39826K->39826K(436928K), 0.0000133 secs] 1610737K->1610737K(2009792K), 0.0000341 secs] [Times: user=0.00 sys=0.00, real=0.00 secs] 
Heap after GC invocations=110 (full 42):
 par new generation   total 436928K, used 39826K [0x0000000080000000, 0x00000000a0000000, 0x00000000a0000000)
  eden space 349568K,  11% used [0x0000000080000000, 0x00000000826e48a0, 0x0000000095560000)
  from space 87360K,   0% used [0x0000000095560000, 0x0000000095560000, 0x000000009aab0000)
  to   space 87360K,   0% used [0x000000009aab0000, 0x000000009aab0000, 0x00000000a0000000)
 concurrent mark-sweep generation total 1572864K, used 1570911K [0x00000000a0000000, 0x0000000100000000, 0x0000000100000000)
 Metaspace       used 29521K, capacity 30328K, committed 30488K, reserved 1075200K
  class space    used 3488K, capacity 3758K, committed 3864K, reserved 1048576K
}
2018-06-17T23:31:23.360+0545: 150.985: [Rescan (parallel) , 0.0387364 secs]2018-06-17T23:31:23.399+0545: 151.024: [weak refs processing, 0.0036214 secs]2018-06-17T23:31:23.402+0545: 151.027: [class unloading, 0.0039263 secs]2018-06-17T23:31:23.406+0545: 151.031: [scrub symbol table, 0.0054433 secs]2018-06-17T23:31:23.412+0545: 151.037: [scrub string table, 0.0004484 secs][1 CMS-remark: 1570911K(1572864K)] 1610737K(2009792K), 0.0525014 secs] [Times: user=0.17 sys=0.00, real=0.06 secs] 
2018-06-17T23:31:23.412+0545: 151.037: Total time for which application threads were stopped: 0.0525989 seconds, Stopping threads took: 0.0000158 seconds
2018-06-17T23:31:23.413+0545: 151.038: [CMS-concurrent-sweep-start]
2018-06-17T23:31:23.977+0545: 151.602: [CMS-concurrent-sweep: 0.565/0.565 secs] [Times: user=0.55 sys=0.01, real=0.56 secs] 
2018-06-17T23:31:23.977+0545: 151.602: [CMS-concurrent-reset-start]
2018-06-17T23:31:23.980+0545: 151.605: [CMS-concurrent-reset: 0.002/0.002 secs] [Times: user=0.00 sys=0.00, real=0.00 secs] 
2018-06-17T23:31:25.979+0545: 153.604: [GC (CMS Initial Mark) [1 CMS-initial-mark: 1570911K(1572864K)] 1610738K(2009792K), 0.0637168 secs] [Times: user=0.06 sys=0.01, real=0.07 secs] 
2018-06-17T23:31:26.043+0545: 153.668: Total time for which application threads were stopped: 0.0639682 seconds, Stopping threads took: 0.0000751 seconds
2018-06-17T23:31:26.043+0545: 153.668: [CMS-concurrent-mark-start]
2018-06-17T23:31:27.293+0545: 154.918: [CMS-concurrent-mark: 1.250/1.250 secs] [Times: user=4.59 sys=0.00, real=1.25 secs] 
2018-06-17T23:31:27.293+0545: 154.918: [CMS-concurrent-preclean-start]
2018-06-17T23:31:27.296+0545: 154.921: [CMS-concurrent-preclean: 0.002/0.002 secs] [Times: user=0.01 sys=0.00, real=0.00 secs] 
2018-06-17T23:31:27.296+0545: 154.921: [CMS-concurrent-abortable-preclean-start]
2018-06-17T23:31:27.296+0545: 154.921: [CMS-concurrent-abortable-preclean: 0.000/0.000 secs] [Times: user=0.00 sys=0.00, real=0.00 secs] 
2018-06-17T23:31:27.296+0545: 154.921: [GC (CMS Final Remark) [YG occupancy: 39826 K (436928 K)]{Heap before GC invocations=110 (full 43):
 par new generation   total 436928K, used 39826K [0x0000000080000000, 0x00000000a0000000, 0x00000000a0000000)
  eden space 349568K,  11% used [0x0000000080000000, 0x00000000826e4a20, 0x0000000095560000)
  from space 87360K,   0% used [0x0000000095560000, 0x0000000095560000, 0x000000009aab0000)
  to   space 87360K,   0% used [0x000000009aab0000, 0x000000009aab0000, 0x00000000a0000000)
 concurrent mark-sweep generation total 1572864K, used 1570911K [0x00000000a0000000, 0x0000000100000000, 0x0000000100000000)
 Metaspace       used 29521K, capacity 30328K, committed 30488K, reserved 1075200K
  class space    used 3488K, capacity 3758K, committed 3864K, reserved 1048576K
2018-06-17T23:31:27.296+0545: 154.921: [GC (CMS Final Remark) 2018-06-17T23:31:27.296+0545: 154.921: [ParNew: 39826K->39826K(436928K), 0.0000136 secs] 1610738K->1610738K(2009792K), 0.0000361 secs] [Times: user=0.00 sys=0.00, real=0.00 secs] 
Heap after GC invocations=111 (full 43):
 par new generation   total 436928K, used 39826K [0x0000000080000000, 0x00000000a0000000, 0x00000000a0000000)
  eden space 349568K,  11% used [0x0000000080000000, 0x00000000826e4a20, 0x0000000095560000)
  from space 87360K,   0% used [0x0000000095560000, 0x0000000095560000, 0x000000009aab0000)
  to   space 87360K,   0% used [0x000000009aab0000, 0x000000009aab0000, 0x00000000a0000000)
 concurrent mark-sweep generation total 1572864K, used 1570911K [0x00000000a0000000, 0x0000000100000000, 0x0000000100000000)
 Metaspace       used 29521K, capacity 30328K, committed 30488K, reserved 1075200K
  class space    used 3488K, capacity 3758K, committed 3864K, reserved 1048576K
}
2018-06-17T23:31:27.296+0545: 154.921: [Rescan (parallel) , 0.0358049 secs]2018-06-17T23:31:27.332+0545: 154.957: [weak refs processing, 0.0019311 secs]2018-06-17T23:31:27.334+0545: 154.959: [class unloading, 0.0035866 secs]2018-06-17T23:31:27.337+0545: 154.962: [scrub symbol table, 0.0032727 secs]2018-06-17T23:31:27.341+0545: 154.966: [scrub string table, 0.0005764 secs][1 CMS-remark: 1570911K(1572864K)] 1610738K(2009792K), 0.0454541 secs] [Times: user=0.15 sys=0.00, real=0.05 secs] 
2018-06-17T23:31:27.341+0545: 154.966: Total time for which application threads were stopped: 0.0455454 seconds, Stopping threads took: 0.0000144 seconds
2018-06-17T23:31:27.341+0545: 154.967: [CMS-concurrent-sweep-start]
2018-06-17T23:31:27.889+0545: 155.514: [CMS-concurrent-sweep: 0.548/0.548 secs] [Times: user=0.55 sys=0.00, real=0.55 secs] 
2018-06-17T23:31:27.889+0545: 155.514: [CMS-concurrent-reset-start]
2018-06-17T23:31:27.891+0545: 155.516: [CMS-concurrent-reset: 0.002/0.002 secs] [Times: user=0.00 sys=0.00, real=0.00 secs] 
2018-06-17T23:31:29.890+0545: 157.515: [GC (CMS Initial Mark) [1 CMS-initial-mark: 1570911K(1572864K)] 1610738K(2009792K), 0.0607844 secs] [Times: user=0.06 sys=0.00, real=0.06 secs] 
2018-06-17T23:31:29.951+0545: 157.576: Total time for which application threads were stopped: 0.0610020 seconds, Stopping threads took: 0.0000404 seconds
2018-06-17T23:31:29.951+0545: 157.576: [CMS-concurrent-mark-start]
2018-06-17T23:31:31.127+0545: 158.752: [CMS-concurrent-mark: 1.176/1.176 secs] [Times: user=4.55 sys=0.01, real=1.17 secs] 
2018-06-17T23:31:31.127+0545: 158.752: [CMS-concurrent-preclean-start]
2018-06-17T23:31:31.130+0545: 158.755: [CMS-concurrent-preclean: 0.002/0.002 secs] [Times: user=0.00 sys=0.00, real=0.01 secs] 
2018-06-17T23:31:31.130+0545: 158.755: [CMS-concurrent-abortable-preclean-start]
2018-06-17T23:31:31.130+0545: 158.755: [CMS-concurrent-abortable-preclean: 0.000/0.000 secs] [Times: user=0.00 sys=0.00, real=0.00 secs] 
2018-06-17T23:31:31.130+0545: 158.755: [GC (CMS Final Remark) [YG occupancy: 39826 K (436928 K)]{Heap before GC invocations=111 (full 44):
 par new generation   total 436928K, used 39826K [0x0000000080000000, 0x00000000a0000000, 0x00000000a0000000)
  eden space 349568K,  11% used [0x0000000080000000, 0x00000000826e4a20, 0x0000000095560000)
  from space 87360K,   0% used [0x0000000095560000, 0x0000000095560000, 0x000000009aab0000)
  to   space 87360K,   0% used [0x000000009aab0000, 0x000000009aab0000, 0x00000000a0000000)
 concurrent mark-sweep generation total 1572864K, used 1570911K [0x00000000a0000000, 0x0000000100000000, 0x0000000100000000)
 Metaspace       used 29521K, capacity 30328K, committed 30488K, reserved 1075200K
  class space    used 3488K, capacity 3758K, committed 3864K, reserved 1048576K
2018-06-17T23:31:31.130+0545: 158.755: [GC (CMS Final Remark) 2018-06-17T23:31:31.130+0545: 158.755: [ParNew: 39826K->39826K(436928K), 0.0000141 secs] 1610738K->1610738K(2009792K), 0.0000359 secs] [Times: user=0.00 sys=0.00, real=0.00 secs] 
Heap after GC invocations=112 (full 44):
 par new generation   total 436928K, used 39826K [0x0000000080000000, 0x00000000a0000000, 0x00000000a0000000)
  eden space 349568K,  11% used [0x0000000080000000, 0x00000000826e4a20, 0x0000000095560000)
  from space 87360K,   0% used [0x0000000095560000, 0x0000000095560000, 0x000000009aab0000)
  to   space 87360K,   0% used [0x000000009aab0000, 0x000000009aab0000, 0x00000000a0000000)
 concurrent mark-sweep generation total 1572864K, used 1570911K [0x00000000a0000000, 0x0000000100000000, 0x0000000100000000)
 Metaspace       used 29521K, capacity 30328K, committed 30488K, reserved 1075200K
  class space    used 3488K, capacity 3758K, committed 3864K, reserved 1048576K
}
2018-06-17T23:31:31.130+0545: 158.755: [Rescan (parallel) , 0.0369232 secs]2018-06-17T23:31:31.167+0545: 158.792: [weak refs processing, 0.0009676 secs]2018-06-17T23:31:31.168+0545: 158.793: [class unloading, 0.0035462 secs]2018-06-17T23:31:31.171+0545: 158.797: [scrub symbol table, 0.0032039 secs]2018-06-17T23:31:31.175+0545: 158.800: [scrub string table, 0.0004342 secs][1 CMS-remark: 1570911K(1572864K)] 1610738K(2009792K), 0.0453177 secs] [Times: user=0.16 sys=0.00, real=0.04 secs] 
2018-06-17T23:31:31.175+0545: 158.800: Total time for which application threads were stopped: 0.0454060 seconds, Stopping threads took: 0.0000152 seconds
2018-06-17T23:31:31.175+0545: 158.800: [CMS-concurrent-sweep-start]
2018-06-17T23:31:31.720+0545: 159.345: [CMS-concurrent-sweep: 0.545/0.545 secs] [Times: user=0.54 sys=0.00, real=0.54 secs] 
2018-06-17T23:31:31.720+0545: 159.345: [CMS-concurrent-reset-start]
2018-06-17T23:31:31.722+0545: 159.347: [CMS-concurrent-reset: 0.002/0.002 secs] [Times: user=0.01 sys=0.00, real=0.01 secs] 
2018-06-17T23:31:33.721+0545: 161.346: [GC (CMS Initial Mark) [1 CMS-initial-mark: 1570911K(1572864K)] 1610738K(2009792K), 0.0491078 secs] [Times: user=0.05 sys=0.00, real=0.05 secs] 
2018-06-17T23:31:33.770+0545: 161.396: Total time for which application threads were stopped: 0.0492740 seconds, Stopping threads took: 0.0000276 seconds
2018-06-17T23:31:33.770+0545: 161.396: [CMS-concurrent-mark-start]
2018-06-17T23:31:35.185+0545: 162.810: [CMS-concurrent-mark: 1.415/1.415 secs] [Times: user=4.44 sys=0.02, real=1.41 secs] 
2018-06-17T23:31:35.185+0545: 162.810: [CMS-concurrent-preclean-start]
2018-06-17T23:31:35.187+0545: 162.812: [CMS-concurrent-preclean: 0.002/0.002 secs] [Times: user=0.00 sys=0.00, real=0.00 secs] 
2018-06-17T23:31:35.187+0545: 162.812: [CMS-concurrent-abortable-preclean-start]
2018-06-17T23:31:35.187+0545: 162.812: [CMS-concurrent-abortable-preclean: 0.000/0.000 secs] [Times: user=0.00 sys=0.00, real=0.00 secs] 
2018-06-17T23:31:35.188+0545: 162.813: [GC (CMS Final Remark) [YG occupancy: 39826 K (436928 K)]{Heap before GC invocations=112 (full 45):
 par new generation   total 436928K, used 39826K [0x0000000080000000, 0x00000000a0000000, 0x00000000a0000000)
  eden space 349568K,  11% used [0x0000000080000000, 0x00000000826e4a20, 0x0000000095560000)
  from space 87360K,   0% used [0x0000000095560000, 0x0000000095560000, 0x000000009aab0000)
  to   space 87360K,   0% used [0x000000009aab0000, 0x000000009aab0000, 0x00000000a0000000)
 concurrent mark-sweep generation total 1572864K, used 1570911K [0x00000000a0000000, 0x0000000100000000, 0x0000000100000000)
 Metaspace       used 29521K, capacity 30328K, committed 30488K, reserved 1075200K
  class space    used 3488K, capacity 3758K, committed 3864K, reserved 1048576K
2018-06-17T23:31:35.188+0545: 162.813: [GC (CMS Final Remark) 2018-06-17T23:31:35.188+0545: 162.813: [ParNew: 39826K->39826K(436928K), 0.0000137 secs] 1610738K->1610738K(2009792K), 0.0000437 secs] [Times: user=0.00 sys=0.00, real=0.00 secs] 
Heap after GC invocations=113 (full 45):
 par new generation   total 436928K, used 39826K [0x0000000080000000, 0x00000000a0000000, 0x00000000a0000000)
  eden space 349568K,  11% used [0x0000000080000000, 0x00000000826e4a20, 0x0000000095560000)
  from space 87360K,   0% used [0x0000000095560000, 0x0000000095560000, 0x000000009aab0000)
  to   space 87360K,   0% used [0x000000009aab0000, 0x000000009aab0000, 0x00000000a0000000)
 concurrent mark-sweep generation total 1572864K, used 1570911K [0x00000000a0000000, 0x0000000100000000, 0x0000000100000000)
 Metaspace       used 29521K, capacity 30328K, committed 30488K, reserved 1075200K
  class space    used 3488K, capacity 3758K, committed 3864K, reserved 1048576K
}
2018-06-17T23:31:35.188+0545: 162.813: [Rescan (parallel) , 0.0423357 secs]2018-06-17T23:31:35.230+0545: 162.855: [weak refs processing, 0.0013291 secs]2018-06-17T23:31:35.231+0545: 162.856: [class unloading, 0.0037673 secs]2018-06-17T23:31:35.235+0545: 162.860: [scrub symbol table, 0.0036957 secs]2018-06-17T23:31:35.239+0545: 162.864: [scrub string table, 0.0004354 secs][1 CMS-remark: 1570911K(1572864K)] 1610738K(2009792K), 0.0518450 secs] [Times: user=0.17 sys=0.00, real=0.05 secs] 
2018-06-17T23:31:35.239+0545: 162.865: Total time for which application threads were stopped: 0.0519341 seconds, Stopping threads took: 0.0000152 seconds
2018-06-17T23:31:35.239+0545: 162.865: [CMS-concurrent-sweep-start]
2018-06-17T23:31:35.803+0545: 163.428: [CMS-concurrent-sweep: 0.564/0.564 secs] [Times: user=0.57 sys=0.00, real=0.57 secs] 
2018-06-17T23:31:35.803+0545: 163.428: [CMS-concurrent-reset-start]
2018-06-17T23:31:35.805+0545: 163.430: [CMS-concurrent-reset: 0.002/0.002 secs] [Times: user=0.00 sys=0.00, real=0.00 secs] 
2018-06-17T23:31:37.804+0545: 165.429: [GC (CMS Initial Mark) [1 CMS-initial-mark: 1570911K(1572864K)] 1610738K(2009792K), 0.0449687 secs] [Times: user=0.05 sys=0.00, real=0.05 secs] 
2018-06-17T23:31:37.849+0545: 165.474: Total time for which application threads were stopped: 0.0451101 seconds, Stopping threads took: 0.0000226 seconds
2018-06-17T23:31:37.849+0545: 165.474: [CMS-concurrent-mark-start]
2018-06-17T23:31:39.118+0545: 166.743: [CMS-concurrent-mark: 1.269/1.269 secs] [Times: user=4.60 sys=0.01, real=1.26 secs] 
2018-06-17T23:31:39.118+0545: 166.743: [CMS-concurrent-preclean-start]
2018-06-17T23:31:39.120+0545: 166.746: [CMS-concurrent-preclean: 0.002/0.002 secs] [Times: user=0.00 sys=0.00, real=0.01 secs] 
2018-06-17T23:31:39.120+0545: 166.746: [CMS-concurrent-abortable-preclean-start]
2018-06-17T23:31:39.120+0545: 166.746: [CMS-concurrent-abortable-preclean: 0.000/0.000 secs] [Times: user=0.00 sys=0.00, real=0.00 secs] 
2018-06-17T23:31:39.121+0545: 166.746: [GC (CMS Final Remark) [YG occupancy: 39826 K (436928 K)]{Heap before GC invocations=113 (full 46):
 par new generation   total 436928K, used 39826K [0x0000000080000000, 0x00000000a0000000, 0x00000000a0000000)
  eden space 349568K,  11% used [0x0000000080000000, 0x00000000826e4a20, 0x0000000095560000)
  from space 87360K,   0% used [0x0000000095560000, 0x0000000095560000, 0x000000009aab0000)
  to   space 87360K,   0% used [0x000000009aab0000, 0x000000009aab0000, 0x00000000a0000000)
 concurrent mark-sweep generation total 1572864K, used 1570911K [0x00000000a0000000, 0x0000000100000000, 0x0000000100000000)
 Metaspace       used 29521K, capacity 30328K, committed 30488K, reserved 1075200K
  class space    used 3488K, capacity 3758K, committed 3864K, reserved 1048576K
2018-06-17T23:31:39.121+0545: 166.746: [GC (CMS Final Remark) 2018-06-17T23:31:39.121+0545: 166.746: [ParNew: 39826K->39826K(436928K), 0.0000148 secs] 1610738K->1610738K(2009792K), 0.0000492 secs] [Times: user=0.00 sys=0.00, real=0.00 secs] 
Heap after GC invocations=114 (full 46):
 par new generation   total 436928K, used 39826K [0x0000000080000000, 0x00000000a0000000, 0x00000000a0000000)
  eden space 349568K,  11% used [0x0000000080000000, 0x00000000826e4a20, 0x0000000095560000)
  from space 87360K,   0% used [0x0000000095560000, 0x0000000095560000, 0x000000009aab0000)
  to   space 87360K,   0% used [0x000000009aab0000, 0x000000009aab0000, 0x00000000a0000000)
 concurrent mark-sweep generation total 1572864K, used 1570911K [0x00000000a0000000, 0x0000000100000000, 0x0000000100000000)
 Metaspace       used 29521K, capacity 30328K, committed 30488K, reserved 1075200K
  class space    used 3488K, capacity 3758K, committed 3864K, reserved 1048576K
}
2018-06-17T23:31:39.121+0545: 166.746: [Rescan (parallel) , 0.0398146 secs]2018-06-17T23:31:39.161+0545: 166.786: [weak refs processing, 0.0009451 secs]2018-06-17T23:31:39.162+0545: 166.787: [class unloading, 0.0036548 secs]2018-06-17T23:31:39.165+0545: 166.790: [scrub symbol table, 0.0032641 secs]2018-06-17T23:31:39.169+0545: 166.794: [scrub string table, 0.0004330 secs][1 CMS-remark: 1570911K(1572864K)] 1610738K(2009792K), 0.0484078 secs] [Times: user=0.15 sys=0.00, real=0.05 secs] 
2018-06-17T23:31:39.169+0545: 166.794: Total time for which application threads were stopped: 0.0485093 seconds, Stopping threads took: 0.0000158 seconds
2018-06-17T23:31:39.169+0545: 166.794: [CMS-concurrent-sweep-start]
2018-06-17T23:31:39.773+0545: 167.398: [CMS-concurrent-sweep: 0.604/0.604 secs] [Times: user=0.60 sys=0.00, real=0.60 secs] 
2018-06-17T23:31:39.773+0545: 167.398: [CMS-concurrent-reset-start]
2018-06-17T23:31:39.776+0545: 167.401: [CMS-concurrent-reset: 0.003/0.003 secs] [Times: user=0.01 sys=0.00, real=0.00 secs] 
2018-06-17T23:31:41.775+0545: 169.400: [GC (CMS Initial Mark) [1 CMS-initial-mark: 1570911K(1572864K)] 1610738K(2009792K), 0.0784497 secs] [Times: user=0.08 sys=0.00, real=0.08 secs] 
2018-06-17T23:31:41.853+0545: 169.479: Total time for which application threads were stopped: 0.0787026 seconds, Stopping threads took: 0.0000473 seconds
2018-06-17T23:31:41.853+0545: 169.479: [CMS-concurrent-mark-start]
2018-06-17T23:31:43.237+0545: 170.862: [CMS-concurrent-mark: 1.384/1.384 secs] [Times: user=4.57 sys=0.01, real=1.38 secs] 
2018-06-17T23:31:43.237+0545: 170.862: [CMS-concurrent-preclean-start]
2018-06-17T23:31:43.239+0545: 170.864: [CMS-concurrent-preclean: 0.002/0.002 secs] [Times: user=0.00 sys=0.00, real=0.00 secs] 
2018-06-17T23:31:43.239+0545: 170.865: [CMS-concurrent-abortable-preclean-start]
2018-06-17T23:31:43.239+0545: 170.865: [CMS-concurrent-abortable-preclean: 0.000/0.000 secs] [Times: user=0.00 sys=0.00, real=0.00 secs] 
2018-06-17T23:31:43.240+0545: 170.865: [GC (CMS Final Remark) [YG occupancy: 39826 K (436928 K)]{Heap before GC invocations=114 (full 47):
 par new generation   total 436928K, used 39826K [0x0000000080000000, 0x00000000a0000000, 0x00000000a0000000)
  eden space 349568K,  11% used [0x0000000080000000, 0x00000000826e4a20, 0x0000000095560000)
  from space 87360K,   0% used [0x0000000095560000, 0x0000000095560000, 0x000000009aab0000)
  to   space 87360K,   0% used [0x000000009aab0000, 0x000000009aab0000, 0x00000000a0000000)
 concurrent mark-sweep generation total 1572864K, used 1570911K [0x00000000a0000000, 0x0000000100000000, 0x0000000100000000)
 Metaspace       used 29521K, capacity 30328K, committed 30488K, reserved 1075200K
  class space    used 3488K, capacity 3758K, committed 3864K, reserved 1048576K
2018-06-17T23:31:43.240+0545: 170.865: [GC (CMS Final Remark) 2018-06-17T23:31:43.240+0545: 170.865: [ParNew: 39826K->39826K(436928K), 0.0000135 secs] 1610738K->1610738K(2009792K), 0.0000342 secs] [Times: user=0.00 sys=0.00, real=0.00 secs] 
Heap after GC invocations=115 (full 47):
 par new generation   total 436928K, used 39826K [0x0000000080000000, 0x00000000a0000000, 0x00000000a0000000)
  eden space 349568K,  11% used [0x0000000080000000, 0x00000000826e4a20, 0x0000000095560000)
  from space 87360K,   0% used [0x0000000095560000, 0x0000000095560000, 0x000000009aab0000)
  to   space 87360K,   0% used [0x000000009aab0000, 0x000000009aab0000, 0x00000000a0000000)
 concurrent mark-sweep generation total 1572864K, used 1570911K [0x00000000a0000000, 0x0000000100000000, 0x0000000100000000)
 Metaspace       used 29521K, capacity 30328K, committed 30488K, reserved 1075200K
  class space    used 3488K, capacity 3758K, committed 3864K, reserved 1048576K
}
2018-06-17T23:31:43.240+0545: 170.865: [Rescan (parallel) , 0.0398490 secs]2018-06-17T23:31:43.280+0545: 170.905: [weak refs processing, 0.0020489 secs]2018-06-17T23:31:43.282+0545: 170.907: [class unloading, 0.0039311 secs]2018-06-17T23:31:43.286+0545: 170.911: [scrub symbol table, 0.0038214 secs]2018-06-17T23:31:43.289+0545: 170.915: [scrub string table, 0.0004336 secs][1 CMS-remark: 1570911K(1572864K)] 1610738K(2009792K), 0.0504800 secs] [Times: user=0.17 sys=0.00, real=0.06 secs] 
2018-06-17T23:31:43.290+0545: 170.915: Total time for which application threads were stopped: 0.0505744 seconds, Stopping threads took: 0.0000156 seconds
2018-06-17T23:31:43.290+0545: 170.915: [CMS-concurrent-sweep-start]
2018-06-17T23:31:43.892+0545: 171.517: [CMS-concurrent-sweep: 0.602/0.602 secs] [Times: user=0.60 sys=0.00, real=0.60 secs] 
2018-06-17T23:31:43.892+0545: 171.517: [CMS-concurrent-reset-start]
2018-06-17T23:31:43.894+0545: 171.519: [CMS-concurrent-reset: 0.002/0.002 secs] [Times: user=0.00 sys=0.00, real=0.00 secs] 
2018-06-17T23:31:45.893+0545: 173.518: [GC (CMS Initial Mark) [1 CMS-initial-mark: 1570911K(1572864K)] 1610738K(2009792K), 0.0356904 secs] [Times: user=0.04 sys=0.00, real=0.04 secs] 
2018-06-17T23:31:45.929+0545: 173.554: Total time for which application threads were stopped: 0.0358093 seconds, Stopping threads took: 0.0000165 seconds
2018-06-17T23:31:45.929+0545: 173.554: [CMS-concurrent-mark-start]
2018-06-17T23:31:47.517+0545: 175.142: [CMS-concurrent-mark: 1.588/1.588 secs] [Times: user=4.82 sys=0.03, real=1.58 secs] 
2018-06-17T23:31:47.517+0545: 175.142: [CMS-concurrent-preclean-start]
2018-06-17T23:31:47.520+0545: 175.145: [CMS-concurrent-preclean: 0.002/0.002 secs] [Times: user=0.00 sys=0.00, real=0.00 secs] 
2018-06-17T23:31:47.520+0545: 175.145: [CMS-concurrent-abortable-preclean-start]
2018-06-17T23:31:47.520+0545: 175.145: [CMS-concurrent-abortable-preclean: 0.000/0.000 secs] [Times: user=0.00 sys=0.00, real=0.00 secs] 
2018-06-17T23:31:47.520+0545: 175.145: [GC (CMS Final Remark) [YG occupancy: 39826 K (436928 K)]{Heap before GC invocations=115 (full 48):
 par new generation   total 436928K, used 39826K [0x0000000080000000, 0x00000000a0000000, 0x00000000a0000000)
  eden space 349568K,  11% used [0x0000000080000000, 0x00000000826e4a20, 0x0000000095560000)
  from space 87360K,   0% used [0x0000000095560000, 0x0000000095560000, 0x000000009aab0000)
  to   space 87360K,   0% used [0x000000009aab0000, 0x000000009aab0000, 0x00000000a0000000)
 concurrent mark-sweep generation total 1572864K, used 1570911K [0x00000000a0000000, 0x0000000100000000, 0x0000000100000000)
 Metaspace       used 29521K, capacity 30328K, committed 30488K, reserved 1075200K
  class space    used 3488K, capacity 3758K, committed 3864K, reserved 1048576K
2018-06-17T23:31:47.520+0545: 175.145: [GC (CMS Final Remark) 2018-06-17T23:31:47.520+0545: 175.145: [ParNew: 39826K->39826K(436928K), 0.0000135 secs] 1610738K->1610738K(2009792K), 0.0000354 secs] [Times: user=0.00 sys=0.00, real=0.00 secs] 
Heap after GC invocations=116 (full 48):
 par new generation   total 436928K, used 39826K [0x0000000080000000, 0x00000000a0000000, 0x00000000a0000000)
  eden space 349568K,  11% used [0x0000000080000000, 0x00000000826e4a20, 0x0000000095560000)
  from space 87360K,   0% used [0x0000000095560000, 0x0000000095560000, 0x000000009aab0000)
  to   space 87360K,   0% used [0x000000009aab0000, 0x000000009aab0000, 0x00000000a0000000)
 concurrent mark-sweep generation total 1572864K, used 1570911K [0x00000000a0000000, 0x0000000100000000, 0x0000000100000000)
 Metaspace       used 29521K, capacity 30328K, committed 30488K, reserved 1075200K
  class space    used 3488K, capacity 3758K, committed 3864K, reserved 1048576K
}
2018-06-17T23:31:47.520+0545: 175.145: [Rescan (parallel) , 0.0377585 secs]2018-06-17T23:31:47.558+0545: 175.183: [weak refs processing, 0.0024909 secs]2018-06-17T23:31:47.560+0545: 175.185: [class unloading, 0.0035679 secs]2018-06-17T23:31:47.564+0545: 175.189: [scrub symbol table, 0.0034826 secs]2018-06-17T23:31:47.567+0545: 175.192: [scrub string table, 0.0004496 secs][1 CMS-remark: 1570911K(1572864K)] 1610738K(2009792K), 0.0480129 secs] [Times: user=0.16 sys=0.00, real=0.05 secs] 
2018-06-17T23:31:47.568+0545: 175.193: Total time for which application threads were stopped: 0.0481160 seconds, Stopping threads took: 0.0000153 seconds
2018-06-17T23:31:47.568+0545: 175.193: [CMS-concurrent-sweep-start]
2018-06-17T23:31:48.121+0545: 175.746: [CMS-concurrent-sweep: 0.553/0.553 secs] [Times: user=0.55 sys=0.00, real=0.56 secs] 
2018-06-17T23:31:48.121+0545: 175.746: [CMS-concurrent-reset-start]
2018-06-17T23:31:48.123+0545: 175.748: [CMS-concurrent-reset: 0.002/0.002 secs] [Times: user=0.00 sys=0.00, real=0.00 secs] 
2018-06-17T23:31:50.122+0545: 177.747: [GC (CMS Initial Mark) [1 CMS-initial-mark: 1570911K(1572864K)] 1610738K(2009792K), 0.0645214 secs] [Times: user=0.06 sys=0.00, real=0.06 secs] 
2018-06-17T23:31:50.187+0545: 177.812: Total time for which application threads were stopped: 0.0647227 seconds, Stopping threads took: 0.0000324 seconds
2018-06-17T23:31:50.187+0545: 177.812: [CMS-concurrent-mark-start]
2018-06-17T23:31:51.446+0545: 179.071: [CMS-concurrent-mark: 1.259/1.259 secs] [Times: user=4.55 sys=0.02, real=1.26 secs] 
2018-06-17T23:31:51.446+0545: 179.071: [CMS-concurrent-preclean-start]
2018-06-17T23:31:51.448+0545: 179.073: [CMS-concurrent-preclean: 0.002/0.002 secs] [Times: user=0.00 sys=0.00, real=0.01 secs] 
2018-06-17T23:31:51.448+0545: 179.073: [CMS-concurrent-abortable-preclean-start]
2018-06-17T23:31:51.448+0545: 179.073: [CMS-concurrent-abortable-preclean: 0.000/0.000 secs] [Times: user=0.00 sys=0.00, real=0.00 secs] 
2018-06-17T23:31:51.448+0545: 179.073: [GC (CMS Final Remark) [YG occupancy: 39826 K (436928 K)]{Heap before GC invocations=116 (full 49):
 par new generation   total 436928K, used 39826K [0x0000000080000000, 0x00000000a0000000, 0x00000000a0000000)
  eden space 349568K,  11% used [0x0000000080000000, 0x00000000826e4a20, 0x0000000095560000)
  from space 87360K,   0% used [0x0000000095560000, 0x0000000095560000, 0x000000009aab0000)
  to   space 87360K,   0% used [0x000000009aab0000, 0x000000009aab0000, 0x00000000a0000000)
 concurrent mark-sweep generation total 1572864K, used 1570911K [0x00000000a0000000, 0x0000000100000000, 0x0000000100000000)
 Metaspace       used 29521K, capacity 30328K, committed 30488K, reserved 1075200K
  class space    used 3488K, capacity 3758K, committed 3864K, reserved 1048576K
2018-06-17T23:31:51.448+0545: 179.073: [GC (CMS Final Remark) 2018-06-17T23:31:51.448+0545: 179.074: [ParNew: 39826K->39826K(436928K), 0.0000140 secs] 1610738K->1610738K(2009792K), 0.0000370 secs] [Times: user=0.00 sys=0.00, real=0.00 secs] 
Heap after GC invocations=117 (full 49):
 par new generation   total 436928K, used 39826K [0x0000000080000000, 0x00000000a0000000, 0x00000000a0000000)
  eden space 349568K,  11% used [0x0000000080000000, 0x00000000826e4a20, 0x0000000095560000)
  from space 87360K,   0% used [0x0000000095560000, 0x0000000095560000, 0x000000009aab0000)
  to   space 87360K,   0% used [0x000000009aab0000, 0x000000009aab0000, 0x00000000a0000000)
 concurrent mark-sweep generation total 1572864K, used 1570911K [0x00000000a0000000, 0x0000000100000000, 0x0000000100000000)
 Metaspace       used 29521K, capacity 30328K, committed 30488K, reserved 1075200K
  class space    used 3488K, capacity 3758K, committed 3864K, reserved 1048576K
}
2018-06-17T23:31:51.448+0545: 179.074: [Rescan (parallel) , 0.0400439 secs]2018-06-17T23:31:51.489+0545: 179.114: [weak refs processing, 0.0113060 secs]2018-06-17T23:31:51.500+0545: 179.125: [class unloading, 0.0049193 secs]2018-06-17T23:31:51.505+0545: 179.130: [scrub symbol table, 0.0047623 secs]2018-06-17T23:31:51.510+0545: 179.135: [scrub string table, 0.0004743 secs][1 CMS-remark: 1570911K(1572864K)] 1610738K(2009792K), 0.0622704 secs] [Times: user=0.16 sys=0.00, real=0.06 secs] 
2018-06-17T23:31:51.511+0545: 179.136: Total time for which application threads were stopped: 0.0623913 seconds, Stopping threads took: 0.0000160 seconds
2018-06-17T23:31:51.511+0545: 179.136: [CMS-concurrent-sweep-start]
2018-06-17T23:31:52.099+0545: 179.724: [CMS-concurrent-sweep: 0.588/0.588 secs] [Times: user=0.58 sys=0.00, real=0.58 secs] 
2018-06-17T23:31:52.099+0545: 179.724: [CMS-concurrent-reset-start]
2018-06-17T23:31:52.102+0545: 179.727: [CMS-concurrent-reset: 0.003/0.003 secs] [Times: user=0.01 sys=0.00, real=0.01 secs] 
2018-06-17T23:31:54.101+0545: 181.726: [GC (CMS Initial Mark) [1 CMS-initial-mark: 1570911K(1572864K)] 1610738K(2009792K), 0.0364982 secs] [Times: user=0.04 sys=0.00, real=0.03 secs] 
2018-06-17T23:31:54.138+0545: 181.763: Total time for which application threads were stopped: 0.0367586 seconds, Stopping threads took: 0.0001209 seconds
2018-06-17T23:31:54.138+0545: 181.763: [CMS-concurrent-mark-start]
2018-06-17T23:31:55.192+0545: 182.817: Total time for which application threads were stopped: 0.0001291 seconds, Stopping threads took: 0.0000357 seconds
2018-06-17T23:31:55.584+0545: 183.209: [CMS-concurrent-mark: 1.445/1.446 secs] [Times: user=4.58 sys=0.01, real=1.45 secs] 
2018-06-17T23:31:55.584+0545: 183.209: [CMS-concurrent-preclean-start]
2018-06-17T23:31:55.587+0545: 183.212: [CMS-concurrent-preclean: 0.003/0.003 secs] [Times: user=0.00 sys=0.00, real=0.00 secs] 
2018-06-17T23:31:55.587+0545: 183.212: [CMS-concurrent-abortable-preclean-start]
2018-06-17T23:31:55.587+0545: 183.212: [CMS-concurrent-abortable-preclean: 0.000/0.000 secs] [Times: user=0.00 sys=0.00, real=0.00 secs] 
2018-06-17T23:31:55.587+0545: 183.212: [GC (CMS Final Remark) [YG occupancy: 46817 K (436928 K)]{Heap before GC invocations=117 (full 50):
 par new generation   total 436928K, used 46817K [0x0000000080000000, 0x00000000a0000000, 0x00000000a0000000)
  eden space 349568K,  13% used [0x0000000080000000, 0x0000000082db8798, 0x0000000095560000)
  from space 87360K,   0% used [0x0000000095560000, 0x0000000095560000, 0x000000009aab0000)
  to   space 87360K,   0% used [0x000000009aab0000, 0x000000009aab0000, 0x00000000a0000000)
 concurrent mark-sweep generation total 1572864K, used 1570911K [0x00000000a0000000, 0x0000000100000000, 0x0000000100000000)
 Metaspace       used 29521K, capacity 30328K, committed 30488K, reserved 1075200K
  class space    used 3488K, capacity 3758K, committed 3864K, reserved 1048576K
2018-06-17T23:31:55.587+0545: 183.212: [GC (CMS Final Remark) 2018-06-17T23:31:55.587+0545: 183.212: [ParNew: 46817K->46817K(436928K), 0.0000139 secs] 1617729K->1617729K(2009792K), 0.0000354 secs] [Times: user=0.00 sys=0.00, real=0.00 secs] 
Heap after GC invocations=118 (full 50):
 par new generation   total 436928K, used 46817K [0x0000000080000000, 0x00000000a0000000, 0x00000000a0000000)
  eden space 349568K,  13% used [0x0000000080000000, 0x0000000082db8798, 0x0000000095560000)
  from space 87360K,   0% used [0x0000000095560000, 0x0000000095560000, 0x000000009aab0000)
  to   space 87360K,   0% used [0x000000009aab0000, 0x000000009aab0000, 0x00000000a0000000)
 concurrent mark-sweep generation total 1572864K, used 1570911K [0x00000000a0000000, 0x0000000100000000, 0x0000000100000000)
 Metaspace       used 29521K, capacity 30328K, committed 30488K, reserved 1075200K
  class space    used 3488K, capacity 3758K, committed 3864K, reserved 1048576K
}
2018-06-17T23:31:55.587+0545: 183.212: [Rescan (parallel) , 0.0430070 secs]2018-06-17T23:31:55.630+0545: 183.255: [weak refs processing, 0.0028321 secs]2018-06-17T23:31:55.633+0545: 183.258: [class unloading, 0.0038595 secs]2018-06-17T23:31:55.637+0545: 183.262: [scrub symbol table, 0.0034212 secs]2018-06-17T23:31:55.640+0545: 183.266: [scrub string table, 0.0004346 secs][1 CMS-remark: 1570911K(1572864K)] 1617729K(2009792K), 0.0538667 secs] [Times: user=0.16 sys=0.00, real=0.06 secs] 
2018-06-17T23:31:55.641+0545: 183.266: Total time for which application threads were stopped: 0.0540002 seconds, Stopping threads took: 0.0000246 seconds
2018-06-17T23:31:55.641+0545: 183.266: [CMS-concurrent-sweep-start]
2018-06-17T23:31:56.367+0545: 183.992: [CMS-concurrent-sweep: 0.726/0.726 secs] [Times: user=0.73 sys=0.00, real=0.72 secs] 
2018-06-17T23:31:56.367+0545: 183.992: [CMS-concurrent-reset-start]
2018-06-17T23:31:56.371+0545: 183.996: [CMS-concurrent-reset: 0.004/0.004 secs] [Times: user=0.00 sys=0.00, real=0.01 secs] 
2018-06-17T23:31:58.370+0545: 185.995: [GC (CMS Initial Mark) [1 CMS-initial-mark: 1570911K(1572864K)] 1617729K(2009792K), 0.0995555 secs] [Times: user=0.10 sys=0.00, real=0.10 secs] 
2018-06-17T23:31:58.470+0545: 186.095: Total time for which application threads were stopped: 0.0997620 seconds, Stopping threads took: 0.0000363 seconds
2018-06-17T23:31:58.470+0545: 186.095: [CMS-concurrent-mark-start]
2018-06-17T23:31:59.899+0545: 187.525: [CMS-concurrent-mark: 1.430/1.430 secs] [Times: user=4.57 sys=0.00, real=1.42 secs] 
2018-06-17T23:31:59.900+0545: 187.525: [CMS-concurrent-preclean-start]
2018-06-17T23:31:59.902+0545: 187.527: [CMS-concurrent-preclean: 0.002/0.002 secs] [Times: user=0.00 sys=0.00, real=0.01 secs] 
2018-06-17T23:31:59.902+0545: 187.527: [CMS-concurrent-abortable-preclean-start]
2018-06-17T23:31:59.902+0545: 187.527: [CMS-concurrent-abortable-preclean: 0.000/0.000 secs] [Times: user=0.00 sys=0.00, real=0.00 secs] 
2018-06-17T23:31:59.902+0545: 187.527: [GC (CMS Final Remark) [YG occupancy: 46817 K (436928 K)]{Heap before GC invocations=118 (full 51):
 par new generation   total 436928K, used 46817K [0x0000000080000000, 0x00000000a0000000, 0x00000000a0000000)
  eden space 349568K,  13% used [0x0000000080000000, 0x0000000082db8798, 0x0000000095560000)
  from space 87360K,   0% used [0x0000000095560000, 0x0000000095560000, 0x000000009aab0000)
  to   space 87360K,   0% used [0x000000009aab0000, 0x000000009aab0000, 0x00000000a0000000)
 concurrent mark-sweep generation total 1572864K, used 1570911K [0x00000000a0000000, 0x0000000100000000, 0x0000000100000000)
 Metaspace       used 29521K, capacity 30328K, committed 30488K, reserved 1075200K
  class space    used 3488K, capacity 3758K, committed 3864K, reserved 1048576K
2018-06-17T23:31:59.902+0545: 187.527: [GC (CMS Final Remark) 2018-06-17T23:31:59.902+0545: 187.527: [ParNew: 46817K->46817K(436928K), 0.0000132 secs] 1617729K->1617729K(2009792K), 0.0000332 secs] [Times: user=0.00 sys=0.00, real=0.00 secs] 
Heap after GC invocations=119 (full 51):
 par new generation   total 436928K, used 46817K [0x0000000080000000, 0x00000000a0000000, 0x00000000a0000000)
  eden space 349568K,  13% used [0x0000000080000000, 0x0000000082db8798, 0x0000000095560000)
  from space 87360K,   0% used [0x0000000095560000, 0x0000000095560000, 0x000000009aab0000)
  to   space 87360K,   0% used [0x000000009aab0000, 0x000000009aab0000, 0x00000000a0000000)
 concurrent mark-sweep generation total 1572864K, used 1570911K [0x00000000a0000000, 0x0000000100000000, 0x0000000100000000)
 Metaspace       used 29521K, capacity 30328K, committed 30488K, reserved 1075200K
  class space    used 3488K, capacity 3758K, committed 3864K, reserved 1048576K
}
2018-06-17T23:31:59.902+0545: 187.527: [Rescan (parallel) , 0.0372421 secs]2018-06-17T23:31:59.939+0545: 187.564: [weak refs processing, 0.0024400 secs]2018-06-17T23:31:59.942+0545: 187.567: [class unloading, 0.0036084 secs]2018-06-17T23:31:59.946+0545: 187.571: [scrub symbol table, 0.0035877 secs]2018-06-17T23:31:59.949+0545: 187.574: [scrub string table, 0.0004457 secs][1 CMS-remark: 1570911K(1572864K)] 1617729K(2009792K), 0.0475986 secs] [Times: user=0.15 sys=0.01, real=0.05 secs] 
2018-06-17T23:31:59.950+0545: 187.575: Total time for which application threads were stopped: 0.0476862 seconds, Stopping threads took: 0.0000152 seconds
2018-06-17T23:31:59.950+0545: 187.575: [CMS-concurrent-sweep-start]
2018-06-17T23:32:00.503+0545: 188.128: [CMS-concurrent-sweep: 0.553/0.553 secs] [Times: user=0.56 sys=0.00, real=0.55 secs] 
2018-06-17T23:32:00.503+0545: 188.128: [CMS-concurrent-reset-start]
2018-06-17T23:32:00.505+0545: 188.130: [CMS-concurrent-reset: 0.002/0.002 secs] [Times: user=0.00 sys=0.00, real=0.00 secs] 
2018-06-17T23:32:02.505+0545: 190.130: [GC (CMS Initial Mark) [1 CMS-initial-mark: 1570911K(1572864K)] 1617729K(2009792K), 0.0670315 secs] [Times: user=0.07 sys=0.00, real=0.07 secs] 
2018-06-17T23:32:02.572+0545: 190.197: Total time for which application threads were stopped: 0.0673158 seconds, Stopping threads took: 0.0000582 seconds
2018-06-17T23:32:02.572+0545: 190.197: [CMS-concurrent-mark-start]
2018-06-17T23:32:03.718+0545: 191.343: [CMS-concurrent-mark: 1.146/1.146 secs] [Times: user=4.39 sys=0.01, real=1.14 secs] 
2018-06-17T23:32:03.718+0545: 191.343: [CMS-concurrent-preclean-start]
2018-06-17T23:32:03.720+0545: 191.345: [CMS-concurrent-preclean: 0.002/0.002 secs] [Times: user=0.00 sys=0.00, real=0.00 secs] 
2018-06-17T23:32:03.720+0545: 191.345: [CMS-concurrent-abortable-preclean-start]
2018-06-17T23:32:03.720+0545: 191.345: [CMS-concurrent-abortable-preclean: 0.000/0.000 secs] [Times: user=0.00 sys=0.00, real=0.00 secs] 
2018-06-17T23:32:03.720+0545: 191.345: [GC (CMS Final Remark) [YG occupancy: 46817 K (436928 K)]{Heap before GC invocations=119 (full 52):
 par new generation   total 436928K, used 46817K [0x0000000080000000, 0x00000000a0000000, 0x00000000a0000000)
  eden space 349568K,  13% used [0x0000000080000000, 0x0000000082db8798, 0x0000000095560000)
  from space 87360K,   0% used [0x0000000095560000, 0x0000000095560000, 0x000000009aab0000)
  to   space 87360K,   0% used [0x000000009aab0000, 0x000000009aab0000, 0x00000000a0000000)
 concurrent mark-sweep generation total 1572864K, used 1570911K [0x00000000a0000000, 0x0000000100000000, 0x0000000100000000)
 Metaspace       used 29521K, capacity 30328K, committed 30488K, reserved 1075200K
  class space    used 3488K, capacity 3758K, committed 3864K, reserved 1048576K
2018-06-17T23:32:03.720+0545: 191.345: [GC (CMS Final Remark) 2018-06-17T23:32:03.720+0545: 191.345: [ParNew: 46817K->46817K(436928K), 0.0000135 secs] 1617729K->1617729K(2009792K), 0.0000353 secs] [Times: user=0.00 sys=0.00, real=0.00 secs] 
Heap after GC invocations=120 (full 52):
 par new generation   total 436928K, used 46817K [0x0000000080000000, 0x00000000a0000000, 0x00000000a0000000)
  eden space 349568K,  13% used [0x0000000080000000, 0x0000000082db8798, 0x0000000095560000)
  from space 87360K,   0% used [0x0000000095560000, 0x0000000095560000, 0x000000009aab0000)
  to   space 87360K,   0% used [0x000000009aab0000, 0x000000009aab0000, 0x00000000a0000000)
 concurrent mark-sweep generation total 1572864K, used 1570911K [0x00000000a0000000, 0x0000000100000000, 0x0000000100000000)
 Metaspace       used 29521K, capacity 30328K, committed 30488K, reserved 1075200K
  class space    used 3488K, capacity 3758K, committed 3864K, reserved 1048576K
}
2018-06-17T23:32:03.720+0545: 191.345: [Rescan (parallel) , 0.0367960 secs]2018-06-17T23:32:03.757+0545: 191.382: [weak refs processing, 0.0017707 secs]2018-06-17T23:32:03.759+0545: 191.384: [class unloading, 0.0035710 secs]2018-06-17T23:32:03.762+0545: 191.388: [scrub symbol table, 0.0036433 secs]2018-06-17T23:32:03.766+0545: 191.391: [scrub string table, 0.0004359 secs][1 CMS-remark: 1570911K(1572864K)] 1617729K(2009792K), 0.0464965 secs] [Times: user=0.16 sys=0.00, real=0.04 secs] 
2018-06-17T23:32:03.767+0545: 191.392: Total time for which application threads were stopped: 0.0465874 seconds, Stopping threads took: 0.0000152 seconds
2018-06-17T23:32:03.767+0545: 191.392: [CMS-concurrent-sweep-start]
2018-06-17T23:32:04.307+0545: 191.932: [CMS-concurrent-sweep: 0.540/0.540 secs] [Times: user=0.54 sys=0.00, real=0.54 secs] 
2018-06-17T23:32:04.307+0545: 191.932: [CMS-concurrent-reset-start]
2018-06-17T23:32:04.310+0545: 191.935: [CMS-concurrent-reset: 0.002/0.002 secs] [Times: user=0.00 sys=0.00, real=0.01 secs] 
2018-06-17T23:32:06.309+0545: 193.934: [GC (CMS Initial Mark) [1 CMS-initial-mark: 1570911K(1572864K)] 1617729K(2009792K), 0.0597867 secs] [Times: user=0.07 sys=0.00, real=0.06 secs] 
2018-06-17T23:32:06.369+0545: 193.994: Total time for which application threads were stopped: 0.0600145 seconds, Stopping threads took: 0.0000420 seconds
2018-06-17T23:32:06.369+0545: 193.994: [CMS-concurrent-mark-start]
2018-06-17T23:32:07.548+0545: 195.173: [CMS-concurrent-mark: 1.179/1.179 secs] [Times: user=4.55 sys=0.00, real=1.17 secs] 
2018-06-17T23:32:07.548+0545: 195.173: [CMS-concurrent-preclean-start]
2018-06-17T23:32:07.550+0545: 195.175: [CMS-concurrent-preclean: 0.002/0.002 secs] [Times: user=0.00 sys=0.00, real=0.01 secs] 
2018-06-17T23:32:07.550+0545: 195.175: [CMS-concurrent-abortable-preclean-start]
2018-06-17T23:32:07.550+0545: 195.175: [CMS-concurrent-abortable-preclean: 0.000/0.000 secs] [Times: user=0.00 sys=0.00, real=0.00 secs] 
2018-06-17T23:32:07.550+0545: 195.176: [GC (CMS Final Remark) [YG occupancy: 46817 K (436928 K)]{Heap before GC invocations=120 (full 53):
 par new generation   total 436928K, used 46817K [0x0000000080000000, 0x00000000a0000000, 0x00000000a0000000)
  eden space 349568K,  13% used [0x0000000080000000, 0x0000000082db8798, 0x0000000095560000)
  from space 87360K,   0% used [0x0000000095560000, 0x0000000095560000, 0x000000009aab0000)
  to   space 87360K,   0% used [0x000000009aab0000, 0x000000009aab0000, 0x00000000a0000000)
 concurrent mark-sweep generation total 1572864K, used 1570911K [0x00000000a0000000, 0x0000000100000000, 0x0000000100000000)
 Metaspace       used 29521K, capacity 30328K, committed 30488K, reserved 1075200K
  class space    used 3488K, capacity 3758K, committed 3864K, reserved 1048576K
2018-06-17T23:32:07.551+0545: 195.176: [GC (CMS Final Remark) 2018-06-17T23:32:07.551+0545: 195.176: [ParNew: 46817K->46817K(436928K), 0.0000187 secs] 1617729K->1617729K(2009792K), 0.0000494 secs] [Times: user=0.00 sys=0.00, real=0.00 secs] 
Heap after GC invocations=121 (full 53):
 par new generation   total 436928K, used 46817K [0x0000000080000000, 0x00000000a0000000, 0x00000000a0000000)
  eden space 349568K,  13% used [0x0000000080000000, 0x0000000082db8798, 0x0000000095560000)
  from space 87360K,   0% used [0x0000000095560000, 0x0000000095560000, 0x000000009aab0000)
  to   space 87360K,   0% used [0x000000009aab0000, 0x000000009aab0000, 0x00000000a0000000)
 concurrent mark-sweep generation total 1572864K, used 1570911K [0x00000000a0000000, 0x0000000100000000, 0x0000000100000000)
 Metaspace       used 29521K, capacity 30328K, committed 30488K, reserved 1075200K
  class space    used 3488K, capacity 3758K, committed 3864K, reserved 1048576K
}
2018-06-17T23:32:07.551+0545: 195.176: [Rescan (parallel) , 0.0397571 secs]2018-06-17T23:32:07.590+0545: 195.215: [weak refs processing, 0.0012106 secs]2018-06-17T23:32:07.592+0545: 195.217: [class unloading, 0.0036380 secs]2018-06-17T23:32:07.595+0545: 195.220: [scrub symbol table, 0.0033820 secs]2018-06-17T23:32:07.599+0545: 195.224: [scrub string table, 0.0004335 secs][1 CMS-remark: 1570911K(1572864K)] 1617729K(2009792K), 0.0487311 secs] [Times: user=0.16 sys=0.00, real=0.04 secs] 
2018-06-17T23:32:07.599+0545: 195.224: Total time for which application threads were stopped: 0.0488317 seconds, Stopping threads took: 0.0000163 seconds
2018-06-17T23:32:07.599+0545: 195.224: [CMS-concurrent-sweep-start]
2018-06-17T23:32:08.301+0545: 195.926: [CMS-concurrent-sweep: 0.702/0.702 secs] [Times: user=0.69 sys=0.00, real=0.71 secs] 
2018-06-17T23:32:08.302+0545: 195.927: [CMS-concurrent-reset-start]
2018-06-17T23:32:08.306+0545: 195.931: [CMS-concurrent-reset: 0.005/0.005 secs] [Times: user=0.01 sys=0.00, real=0.00 secs] 
2018-06-17T23:32:10.306+0545: 197.931: [GC (CMS Initial Mark) [1 CMS-initial-mark: 1570911K(1572864K)] 1617729K(2009792K), 0.0754554 secs] [Times: user=0.07 sys=0.00, real=0.08 secs] 
2018-06-17T23:32:10.381+0545: 198.007: Total time for which application threads were stopped: 0.0759828 seconds, Stopping threads took: 0.0000473 seconds
2018-06-17T23:32:10.382+0545: 198.007: [CMS-concurrent-mark-start]
2018-06-17T23:32:11.745+0545: 199.370: [CMS-concurrent-mark: 1.363/1.363 secs] [Times: user=4.56 sys=0.00, real=1.36 secs] 
2018-06-17T23:32:11.745+0545: 199.370: [CMS-concurrent-preclean-start]
2018-06-17T23:32:11.748+0545: 199.373: [CMS-concurrent-preclean: 0.003/0.003 secs] [Times: user=0.00 sys=0.00, real=0.00 secs] 
2018-06-17T23:32:11.748+0545: 199.373: [CMS-concurrent-abortable-preclean-start]
2018-06-17T23:32:11.748+0545: 199.373: [CMS-concurrent-abortable-preclean: 0.000/0.000 secs] [Times: user=0.00 sys=0.00, real=0.00 secs] 
2018-06-17T23:32:11.749+0545: 199.374: [GC (CMS Final Remark) [YG occupancy: 46817 K (436928 K)]{Heap before GC invocations=121 (full 54):
 par new generation   total 436928K, used 46817K [0x0000000080000000, 0x00000000a0000000, 0x00000000a0000000)
  eden space 349568K,  13% used [0x0000000080000000, 0x0000000082db8798, 0x0000000095560000)
  from space 87360K,   0% used [0x0000000095560000, 0x0000000095560000, 0x000000009aab0000)
  to   space 87360K,   0% used [0x000000009aab0000, 0x000000009aab0000, 0x00000000a0000000)
 concurrent mark-sweep generation total 1572864K, used 1570911K [0x00000000a0000000, 0x0000000100000000, 0x0000000100000000)
 Metaspace       used 29521K, capacity 30328K, committed 30488K, reserved 1075200K
  class space    used 3488K, capacity 3758K, committed 3864K, reserved 1048576K
2018-06-17T23:32:11.749+0545: 199.374: [GC (CMS Final Remark) 2018-06-17T23:32:11.749+0545: 199.374: [ParNew: 46817K->46817K(436928K), 0.0000306 secs] 1617729K->1617729K(2009792K), 0.0000728 secs] [Times: user=0.00 sys=0.00, real=0.00 secs] 
Heap after GC invocations=122 (full 54):
 par new generation   total 436928K, used 46817K [0x0000000080000000, 0x00000000a0000000, 0x00000000a0000000)
  eden space 349568K,  13% used [0x0000000080000000, 0x0000000082db8798, 0x0000000095560000)
  from space 87360K,   0% used [0x0000000095560000, 0x0000000095560000, 0x000000009aab0000)
  to   space 87360K,   0% used [0x000000009aab0000, 0x000000009aab0000, 0x00000000a0000000)
 concurrent mark-sweep generation total 1572864K, used 1570911K [0x00000000a0000000, 0x0000000100000000, 0x0000000100000000)
 Metaspace       used 29521K, capacity 30328K, committed 30488K, reserved 1075200K
  class space    used 3488K, capacity 3758K, committed 3864K, reserved 1048576K
}
2018-06-17T23:32:11.749+0545: 199.374: [Rescan (parallel) , 0.0369342 secs]2018-06-17T23:32:11.786+0545: 199.411: [weak refs processing, 0.0012882 secs]2018-06-17T23:32:11.787+0545: 199.412: [class unloading, 0.0035780 secs]2018-06-17T23:32:11.791+0545: 199.416: [scrub symbol table, 0.0032573 secs]2018-06-17T23:32:11.794+0545: 199.419: [scrub string table, 0.0004383 secs][1 CMS-remark: 1570911K(1572864K)] 1617729K(2009792K), 0.0458786 secs] [Times: user=0.15 sys=0.00, real=0.04 secs] 
2018-06-17T23:32:11.794+0545: 199.419: Total time for which application threads were stopped: 0.0463613 seconds, Stopping threads took: 0.0000717 seconds
2018-06-17T23:32:11.794+0545: 199.420: [CMS-concurrent-sweep-start]
2018-06-17T23:32:12.335+0545: 199.960: [CMS-concurrent-sweep: 0.540/0.540 secs] [Times: user=0.54 sys=0.00, real=0.54 secs] 
2018-06-17T23:32:12.335+0545: 199.960: [CMS-concurrent-reset-start]
2018-06-17T23:32:12.337+0545: 199.962: [CMS-concurrent-reset: 0.002/0.002 secs] [Times: user=0.00 sys=0.00, real=0.00 secs] 
2018-06-17T23:32:14.336+0545: 201.961: [GC (CMS Initial Mark) [1 CMS-initial-mark: 1570911K(1572864K)] 1617729K(2009792K), 0.0615298 secs] [Times: user=0.06 sys=0.00, real=0.06 secs] 
2018-06-17T23:32:14.398+0545: 202.023: Total time for which application threads were stopped: 0.0617814 seconds, Stopping threads took: 0.0000395 seconds
2018-06-17T23:32:14.398+0545: 202.023: [CMS-concurrent-mark-start]
2018-06-17T23:32:15.559+0545: 203.184: [CMS-concurrent-mark: 1.161/1.161 secs] [Times: user=4.48 sys=0.01, real=1.16 secs] 
2018-06-17T23:32:15.559+0545: 203.184: [CMS-concurrent-preclean-start]
2018-06-17T23:32:15.562+0545: 203.187: [CMS-concurrent-preclean: 0.002/0.002 secs] [Times: user=0.00 sys=0.00, real=0.01 secs] 
2018-06-17T23:32:15.562+0545: 203.187: [CMS-concurrent-abortable-preclean-start]
2018-06-17T23:32:15.562+0545: 203.187: [CMS-concurrent-abortable-preclean: 0.000/0.000 secs] [Times: user=0.00 sys=0.00, real=0.00 secs] 
2018-06-17T23:32:15.562+0545: 203.187: [GC (CMS Final Remark) [YG occupancy: 46818 K (436928 K)]{Heap before GC invocations=122 (full 55):
 par new generation   total 436928K, used 46818K [0x0000000080000000, 0x00000000a0000000, 0x00000000a0000000)
  eden space 349568K,  13% used [0x0000000080000000, 0x0000000082db8918, 0x0000000095560000)
  from space 87360K,   0% used [0x0000000095560000, 0x0000000095560000, 0x000000009aab0000)
  to   space 87360K,   0% used [0x000000009aab0000, 0x000000009aab0000, 0x00000000a0000000)
 concurrent mark-sweep generation total 1572864K, used 1570911K [0x00000000a0000000, 0x0000000100000000, 0x0000000100000000)
 Metaspace       used 29521K, capacity 30328K, committed 30488K, reserved 1075200K
  class space    used 3488K, capacity 3758K, committed 3864K, reserved 1048576K
2018-06-17T23:32:15.562+0545: 203.187: [GC (CMS Final Remark) 2018-06-17T23:32:15.562+0545: 203.187: [ParNew: 46818K->46818K(436928K), 0.0000136 secs] 1617729K->1617729K(2009792K), 0.0000356 secs] [Times: user=0.00 sys=0.00, real=0.00 secs] 
Heap after GC invocations=123 (full 55):
 par new generation   total 436928K, used 46818K [0x0000000080000000, 0x00000000a0000000, 0x00000000a0000000)
  eden space 349568K,  13% used [0x0000000080000000, 0x0000000082db8918, 0x0000000095560000)
  from space 87360K,   0% used [0x0000000095560000, 0x0000000095560000, 0x000000009aab0000)
  to   space 87360K,   0% used [0x000000009aab0000, 0x000000009aab0000, 0x00000000a0000000)
 concurrent mark-sweep generation total 1572864K, used 1570911K [0x00000000a0000000, 0x0000000100000000, 0x0000000100000000)
 Metaspace       used 29521K, capacity 30328K, committed 30488K, reserved 1075200K
  class space    used 3488K, capacity 3758K, committed 3864K, reserved 1048576K
}
2018-06-17T23:32:15.562+0545: 203.187: [Rescan (parallel) , 0.0375060 secs]2018-06-17T23:32:15.600+0545: 203.225: [weak refs processing, 0.0031886 secs]2018-06-17T23:32:15.603+0545: 203.228: [class unloading, 0.0035803 secs]2018-06-17T23:32:15.606+0545: 203.231: [scrub symbol table, 0.0033929 secs]2018-06-17T23:32:15.610+0545: 203.235: [scrub string table, 0.0004427 secs][1 CMS-remark: 1570911K(1572864K)] 1617729K(2009792K), 0.0483646 secs] [Times: user=0.17 sys=0.00, real=0.05 secs] 
2018-06-17T23:32:15.610+0545: 203.235: Total time for which application threads were stopped: 0.0484584 seconds, Stopping threads took: 0.0000150 seconds
2018-06-17T23:32:15.610+0545: 203.235: [CMS-concurrent-sweep-start]
2018-06-17T23:32:16.152+0545: 203.778: [CMS-concurrent-sweep: 0.542/0.542 secs] [Times: user=0.54 sys=0.00, real=0.54 secs] 
2018-06-17T23:32:16.153+0545: 203.778: [CMS-concurrent-reset-start]
2018-06-17T23:32:16.154+0545: 203.779: [CMS-concurrent-reset: 0.002/0.002 secs] [Times: user=0.00 sys=0.00, real=0.00 secs] 
2018-06-17T23:32:18.154+0545: 205.779: [GC (CMS Initial Mark) [1 CMS-initial-mark: 1570911K(1572864K)] 1617729K(2009792K), 0.0605279 secs] [Times: user=0.06 sys=0.00, real=0.06 secs] 
2018-06-17T23:32:18.214+0545: 205.839: Total time for which application threads were stopped: 0.0607225 seconds, Stopping threads took: 0.0000358 seconds
2018-06-17T23:32:18.214+0545: 205.839: [CMS-concurrent-mark-start]
2018-06-17T23:32:19.374+0545: 207.000: [CMS-concurrent-mark: 1.160/1.160 secs] [Times: user=4.42 sys=0.01, real=1.16 secs] 
2018-06-17T23:32:19.375+0545: 207.000: [CMS-concurrent-preclean-start]
2018-06-17T23:32:19.377+0545: 207.002: [CMS-concurrent-preclean: 0.002/0.002 secs] [Times: user=0.00 sys=0.00, real=0.00 secs] 
2018-06-17T23:32:19.377+0545: 207.002: [CMS-concurrent-abortable-preclean-start]
2018-06-17T23:32:19.377+0545: 207.002: [CMS-concurrent-abortable-preclean: 0.000/0.000 secs] [Times: user=0.00 sys=0.00, real=0.00 secs] 
2018-06-17T23:32:19.377+0545: 207.002: [GC (CMS Final Remark) [YG occupancy: 46818 K (436928 K)]{Heap before GC invocations=123 (full 56):
 par new generation   total 436928K, used 46818K [0x0000000080000000, 0x00000000a0000000, 0x00000000a0000000)
  eden space 349568K,  13% used [0x0000000080000000, 0x0000000082db8918, 0x0000000095560000)
  from space 87360K,   0% used [0x0000000095560000, 0x0000000095560000, 0x000000009aab0000)
  to   space 87360K,   0% used [0x000000009aab0000, 0x000000009aab0000, 0x00000000a0000000)
 concurrent mark-sweep generation total 1572864K, used 1570911K [0x00000000a0000000, 0x0000000100000000, 0x0000000100000000)
 Metaspace       used 29521K, capacity 30328K, committed 30488K, reserved 1075200K
  class space    used 3488K, capacity 3758K, committed 3864K, reserved 1048576K
2018-06-17T23:32:19.377+0545: 207.002: [GC (CMS Final Remark) 2018-06-17T23:32:19.377+0545: 207.002: [ParNew: 46818K->46818K(436928K), 0.0000135 secs] 1617729K->1617729K(2009792K), 0.0000348 secs] [Times: user=0.00 sys=0.00, real=0.00 secs] 
Heap after GC invocations=124 (full 56):
 par new generation   total 436928K, used 46818K [0x0000000080000000, 0x00000000a0000000, 0x00000000a0000000)
  eden space 349568K,  13% used [0x0000000080000000, 0x0000000082db8918, 0x0000000095560000)
  from space 87360K,   0% used [0x0000000095560000, 0x0000000095560000, 0x000000009aab0000)
  to   space 87360K,   0% used [0x000000009aab0000, 0x000000009aab0000, 0x00000000a0000000)
 concurrent mark-sweep generation total 1572864K, used 1570911K [0x00000000a0000000, 0x0000000100000000, 0x0000000100000000)
 Metaspace       used 29521K, capacity 30328K, committed 30488K, reserved 1075200K
  class space    used 3488K, capacity 3758K, committed 3864K, reserved 1048576K
}
2018-06-17T23:32:19.377+0545: 207.002: [Rescan (parallel) , 0.0364851 secs]2018-06-17T23:32:19.414+0545: 207.039: [weak refs processing, 0.0005764 secs]2018-06-17T23:32:19.414+0545: 207.039: [class unloading, 0.0035802 secs]2018-06-17T23:32:19.418+0545: 207.043: [scrub symbol table, 0.0033181 secs]2018-06-17T23:32:19.421+0545: 207.046: [scrub string table, 0.0004345 secs][1 CMS-remark: 1570911K(1572864K)] 1617729K(2009792K), 0.0446676 secs] [Times: user=0.16 sys=0.00, real=0.05 secs] 
2018-06-17T23:32:19.422+0545: 207.047: Total time for which application threads were stopped: 0.0447593 seconds, Stopping threads took: 0.0000158 seconds
2018-06-17T23:32:19.422+0545: 207.047: [CMS-concurrent-sweep-start]
2018-06-17T23:32:19.963+0545: 207.588: [CMS-concurrent-sweep: 0.541/0.541 secs] [Times: user=0.54 sys=0.00, real=0.54 secs] 
2018-06-17T23:32:19.963+0545: 207.588: [CMS-concurrent-reset-start]
2018-06-17T23:32:19.965+0545: 207.590: [CMS-concurrent-reset: 0.002/0.002 secs] [Times: user=0.00 sys=0.00, real=0.00 secs] 
2018-06-17T23:32:21.965+0545: 209.590: [GC (CMS Initial Mark) [1 CMS-initial-mark: 1570911K(1572864K)] 1617729K(2009792K), 0.0601726 secs] [Times: user=0.07 sys=0.00, real=0.06 secs] 
2018-06-17T23:32:22.025+0545: 209.650: Total time for which application threads were stopped: 0.0603964 seconds, Stopping threads took: 0.0000419 seconds
2018-06-17T23:32:22.025+0545: 209.650: [CMS-concurrent-mark-start]
2018-06-17T23:32:23.202+0545: 210.827: [CMS-concurrent-mark: 1.178/1.178 secs] [Times: user=4.51 sys=0.00, real=1.18 secs] 
2018-06-17T23:32:23.202+0545: 210.828: [CMS-concurrent-preclean-start]
2018-06-17T23:32:23.205+0545: 210.830: [CMS-concurrent-preclean: 0.002/0.002 secs] [Times: user=0.01 sys=0.00, real=0.00 secs] 
2018-06-17T23:32:23.205+0545: 210.830: [CMS-concurrent-abortable-preclean-start]
2018-06-17T23:32:23.205+0545: 210.830: [CMS-concurrent-abortable-preclean: 0.000/0.000 secs] [Times: user=0.00 sys=0.00, real=0.00 secs] 
2018-06-17T23:32:23.205+0545: 210.830: [GC (CMS Final Remark) [YG occupancy: 46818 K (436928 K)]{Heap before GC invocations=124 (full 57):
 par new generation   total 436928K, used 46818K [0x0000000080000000, 0x00000000a0000000, 0x00000000a0000000)
  eden space 349568K,  13% used [0x0000000080000000, 0x0000000082db8918, 0x0000000095560000)
  from space 87360K,   0% used [0x0000000095560000, 0x0000000095560000, 0x000000009aab0000)
  to   space 87360K,   0% used [0x000000009aab0000, 0x000000009aab0000, 0x00000000a0000000)
 concurrent mark-sweep generation total 1572864K, used 1570911K [0x00000000a0000000, 0x0000000100000000, 0x0000000100000000)
 Metaspace       used 29521K, capacity 30328K, committed 30488K, reserved 1075200K
  class space    used 3488K, capacity 3758K, committed 3864K, reserved 1048576K
2018-06-17T23:32:23.205+0545: 210.830: [GC (CMS Final Remark) 2018-06-17T23:32:23.205+0545: 210.830: [ParNew: 46818K->46818K(436928K), 0.0000140 secs] 1617729K->1617729K(2009792K), 0.0000438 secs] [Times: user=0.00 sys=0.00, real=0.00 secs] 
Heap after GC invocations=125 (full 57):
 par new generation   total 436928K, used 46818K [0x0000000080000000, 0x00000000a0000000, 0x00000000a0000000)
  eden space 349568K,  13% used [0x0000000080000000, 0x0000000082db8918, 0x0000000095560000)
  from space 87360K,   0% used [0x0000000095560000, 0x0000000095560000, 0x000000009aab0000)
  to   space 87360K,   0% used [0x000000009aab0000, 0x000000009aab0000, 0x00000000a0000000)
 concurrent mark-sweep generation total 1572864K, used 1570911K [0x00000000a0000000, 0x0000000100000000, 0x0000000100000000)
 Metaspace       used 29521K, capacity 30328K, committed 30488K, reserved 1075200K
  class space    used 3488K, capacity 3758K, committed 3864K, reserved 1048576K
}
2018-06-17T23:32:23.205+0545: 210.830: [Rescan (parallel) , 0.0358215 secs]2018-06-17T23:32:23.241+0545: 210.866: [weak refs processing, 0.0017720 secs]2018-06-17T23:32:23.243+0545: 210.868: [class unloading, 0.0036104 secs]2018-06-17T23:32:23.246+0545: 210.871: [scrub symbol table, 0.0031497 secs]2018-06-17T23:32:23.250+0545: 210.875: [scrub string table, 0.0005016 secs][1 CMS-remark: 1570911K(1572864K)] 1617729K(2009792K), 0.0450986 secs] [Times: user=0.15 sys=0.00, real=0.05 secs] 
2018-06-17T23:32:23.250+0545: 210.875: Total time for which application threads were stopped: 0.0452002 seconds, Stopping threads took: 0.0000143 seconds
2018-06-17T23:32:23.250+0545: 210.875: [CMS-concurrent-sweep-start]
2018-06-17T23:32:23.789+0545: 211.414: [CMS-concurrent-sweep: 0.539/0.539 secs] [Times: user=0.54 sys=0.00, real=0.54 secs] 
2018-06-17T23:32:23.789+0545: 211.414: [CMS-concurrent-reset-start]
2018-06-17T23:32:23.791+0545: 211.416: [CMS-concurrent-reset: 0.002/0.002 secs] [Times: user=0.00 sys=0.00, real=0.00 secs] 
2018-06-17T23:32:25.791+0545: 213.416: [GC (CMS Initial Mark) [1 CMS-initial-mark: 1570911K(1572864K)] 1617729K(2009792K), 0.0614172 secs] [Times: user=0.07 sys=0.00, real=0.06 secs] 
2018-06-17T23:32:25.852+0545: 213.477: Total time for which application threads were stopped: 0.0616416 seconds, Stopping threads took: 0.0000423 seconds
2018-06-17T23:32:25.852+0545: 213.477: [CMS-concurrent-mark-start]
2018-06-17T23:32:27.082+0545: 214.707: [CMS-concurrent-mark: 1.230/1.230 secs] [Times: user=4.51 sys=0.02, real=1.23 secs] 
2018-06-17T23:32:27.082+0545: 214.707: [CMS-concurrent-preclean-start]
2018-06-17T23:32:27.085+0545: 214.710: [CMS-concurrent-preclean: 0.003/0.003 secs] [Times: user=0.01 sys=0.00, real=0.00 secs] 
2018-06-17T23:32:27.085+0545: 214.710: [CMS-concurrent-abortable-preclean-start]
2018-06-17T23:32:27.085+0545: 214.710: [CMS-concurrent-abortable-preclean: 0.000/0.000 secs] [Times: user=0.00 sys=0.00, real=0.00 secs] 
2018-06-17T23:32:27.086+0545: 214.711: [GC (CMS Final Remark) [YG occupancy: 46818 K (436928 K)]{Heap before GC invocations=125 (full 58):
 par new generation   total 436928K, used 46818K [0x0000000080000000, 0x00000000a0000000, 0x00000000a0000000)
  eden space 349568K,  13% used [0x0000000080000000, 0x0000000082db8918, 0x0000000095560000)
  from space 87360K,   0% used [0x0000000095560000, 0x0000000095560000, 0x000000009aab0000)
  to   space 87360K,   0% used [0x000000009aab0000, 0x000000009aab0000, 0x00000000a0000000)
 concurrent mark-sweep generation total 1572864K, used 1570911K [0x00000000a0000000, 0x0000000100000000, 0x0000000100000000)
 Metaspace       used 29521K, capacity 30328K, committed 30488K, reserved 1075200K
  class space    used 3488K, capacity 3758K, committed 3864K, reserved 1048576K
2018-06-17T23:32:27.086+0545: 214.711: [GC (CMS Final Remark) 2018-06-17T23:32:27.086+0545: 214.711: [ParNew: 46818K->46818K(436928K), 0.0000495 secs] 1617729K->1617729K(2009792K), 0.0001504 secs] [Times: user=0.00 sys=0.00, real=0.00 secs] 
Heap after GC invocations=126 (full 58):
 par new generation   total 436928K, used 46818K [0x0000000080000000, 0x00000000a0000000, 0x00000000a0000000)
  eden space 349568K,  13% used [0x0000000080000000, 0x0000000082db8918, 0x0000000095560000)
  from space 87360K,   0% used [0x0000000095560000, 0x0000000095560000, 0x000000009aab0000)
  to   space 87360K,   0% used [0x000000009aab0000, 0x000000009aab0000, 0x00000000a0000000)
 concurrent mark-sweep generation total 1572864K, used 1570911K [0x00000000a0000000, 0x0000000100000000, 0x0000000100000000)
 Metaspace       used 29521K, capacity 30328K, committed 30488K, reserved 1075200K
  class space    used 3488K, capacity 3758K, committed 3864K, reserved 1048576K
}
2018-06-17T23:32:27.086+0545: 214.711: [Rescan (parallel) , 0.0563386 secs]2018-06-17T23:32:27.143+0545: 214.768: [weak refs processing, 0.0105842 secs]2018-06-17T23:32:27.153+0545: 214.778: [class unloading, 0.0039592 secs]2018-06-17T23:32:27.157+0545: 214.782: [scrub symbol table, 0.0090962 secs]2018-06-17T23:32:27.166+0545: 214.791: [scrub string table, 0.0021150 secs][1 CMS-remark: 1570911K(1572864K)] 1617729K(2009792K), 0.0829477 secs] [Times: user=0.18 sys=0.00, real=0.09 secs] 
2018-06-17T23:32:27.169+0545: 214.794: Total time for which application threads were stopped: 0.0831912 seconds, Stopping threads took: 0.0000487 seconds
2018-06-17T23:32:27.169+0545: 214.794: [CMS-concurrent-sweep-start]
2018-06-17T23:32:27.740+0545: 215.365: [CMS-concurrent-sweep: 0.571/0.571 secs] [Times: user=0.57 sys=0.00, real=0.56 secs] 
2018-06-17T23:32:27.740+0545: 215.365: [CMS-concurrent-reset-start]
2018-06-17T23:32:27.742+0545: 215.367: [CMS-concurrent-reset: 0.002/0.002 secs] [Times: user=0.00 sys=0.00, real=0.01 secs] 
2018-06-17T23:32:29.741+0545: 217.366: [GC (CMS Initial Mark) [1 CMS-initial-mark: 1570911K(1572864K)] 1617729K(2009792K), 0.0609590 secs] [Times: user=0.06 sys=0.00, real=0.06 secs] 
2018-06-17T23:32:29.802+0545: 217.427: Total time for which application threads were stopped: 0.0612862 seconds, Stopping threads took: 0.0000647 seconds
2018-06-17T23:32:29.802+0545: 217.427: [CMS-concurrent-mark-start]
2018-06-17T23:32:31.104+0545: 218.729: [CMS-concurrent-mark: 1.302/1.302 secs] [Times: user=4.65 sys=0.00, real=1.30 secs] 
2018-06-17T23:32:31.104+0545: 218.729: [CMS-concurrent-preclean-start]
2018-06-17T23:32:31.107+0545: 218.732: [CMS-concurrent-preclean: 0.002/0.002 secs] [Times: user=0.00 sys=0.00, real=0.00 secs] 
2018-06-17T23:32:31.107+0545: 218.732: [CMS-concurrent-abortable-preclean-start]
2018-06-17T23:32:31.107+0545: 218.732: [CMS-concurrent-abortable-preclean: 0.000/0.000 secs] [Times: user=0.00 sys=0.00, real=0.00 secs] 
2018-06-17T23:32:31.107+0545: 218.732: [GC (CMS Final Remark) [YG occupancy: 46818 K (436928 K)]{Heap before GC invocations=126 (full 59):
 par new generation   total 436928K, used 46818K [0x0000000080000000, 0x00000000a0000000, 0x00000000a0000000)
  eden space 349568K,  13% used [0x0000000080000000, 0x0000000082db8918, 0x0000000095560000)
  from space 87360K,   0% used [0x0000000095560000, 0x0000000095560000, 0x000000009aab0000)
  to   space 87360K,   0% used [0x000000009aab0000, 0x000000009aab0000, 0x00000000a0000000)
 concurrent mark-sweep generation total 1572864K, used 1570911K [0x00000000a0000000, 0x0000000100000000, 0x0000000100000000)
 Metaspace       used 29521K, capacity 30328K, committed 30488K, reserved 1075200K
  class space    used 3488K, capacity 3758K, committed 3864K, reserved 1048576K
2018-06-17T23:32:31.107+0545: 218.732: [GC (CMS Final Remark) 2018-06-17T23:32:31.107+0545: 218.732: [ParNew: 46818K->46818K(436928K), 0.0000134 secs] 1617729K->1617729K(2009792K), 0.0000411 secs] [Times: user=0.00 sys=0.00, real=0.00 secs] 
Heap after GC invocations=127 (full 59):
 par new generation   total 436928K, used 46818K [0x0000000080000000, 0x00000000a0000000, 0x00000000a0000000)
  eden space 349568K,  13% used [0x0000000080000000, 0x0000000082db8918, 0x0000000095560000)
  from space 87360K,   0% used [0x0000000095560000, 0x0000000095560000, 0x000000009aab0000)
  to   space 87360K,   0% used [0x000000009aab0000, 0x000000009aab0000, 0x00000000a0000000)
 concurrent mark-sweep generation total 1572864K, used 1570911K [0x00000000a0000000, 0x0000000100000000, 0x0000000100000000)
 Metaspace       used 29521K, capacity 30328K, committed 30488K, reserved 1075200K
  class space    used 3488K, capacity 3758K, committed 3864K, reserved 1048576K
}
2018-06-17T23:32:31.107+0545: 218.732: [Rescan (parallel) , 0.0504274 secs]2018-06-17T23:32:31.157+0545: 218.783: [weak refs processing, 0.0040630 secs]2018-06-17T23:32:31.162+0545: 218.787: [class unloading, 0.0036293 secs]2018-06-17T23:32:31.165+0545: 218.790: [scrub symbol table, 0.0041585 secs]2018-06-17T23:32:31.169+0545: 218.794: [scrub string table, 0.0012363 secs][1 CMS-remark: 1570911K(1572864K)] 1617729K(2009792K), 0.0638841 secs] [Times: user=0.19 sys=0.00, real=0.07 secs] 
2018-06-17T23:32:31.171+0545: 218.796: Total time for which application threads were stopped: 0.0639894 seconds, Stopping threads took: 0.0000151 seconds
2018-06-17T23:32:31.171+0545: 218.796: [CMS-concurrent-sweep-start]
2018-06-17T23:32:31.727+0545: 219.352: [CMS-concurrent-sweep: 0.556/0.556 secs] [Times: user=0.56 sys=0.00, real=0.55 secs] 
2018-06-17T23:32:31.727+0545: 219.352: [CMS-concurrent-reset-start]
2018-06-17T23:32:31.729+0545: 219.354: [CMS-concurrent-reset: 0.002/0.002 secs] [Times: user=0.00 sys=0.00, real=0.01 secs] 
2018-06-17T23:32:33.729+0545: 221.354: [GC (CMS Initial Mark) [1 CMS-initial-mark: 1570911K(1572864K)] 1617729K(2009792K), 0.0914209 secs] [Times: user=0.09 sys=0.00, real=0.08 secs] 
2018-06-17T23:32:33.820+0545: 221.445: Total time for which application threads were stopped: 0.0920650 seconds, Stopping threads took: 0.0001396 seconds
2018-06-17T23:32:33.820+0545: 221.445: [CMS-concurrent-mark-start]
2018-06-17T23:32:35.057+0545: 222.682: [CMS-concurrent-mark: 1.237/1.237 secs] [Times: user=4.55 sys=0.02, real=1.24 secs] 
2018-06-17T23:32:35.057+0545: 222.682: [CMS-concurrent-preclean-start]
2018-06-17T23:32:35.059+0545: 222.684: [CMS-concurrent-preclean: 0.002/0.002 secs] [Times: user=0.00 sys=0.00, real=0.00 secs] 
2018-06-17T23:32:35.059+0545: 222.684: [CMS-concurrent-abortable-preclean-start]
2018-06-17T23:32:35.059+0545: 222.684: [CMS-concurrent-abortable-preclean: 0.000/0.000 secs] [Times: user=0.00 sys=0.00, real=0.00 secs] 
2018-06-17T23:32:35.059+0545: 222.684: [GC (CMS Final Remark) [YG occupancy: 46818 K (436928 K)]{Heap before GC invocations=127 (full 60):
 par new generation   total 436928K, used 46818K [0x0000000080000000, 0x00000000a0000000, 0x00000000a0000000)
  eden space 349568K,  13% used [0x0000000080000000, 0x0000000082db8918, 0x0000000095560000)
  from space 87360K,   0% used [0x0000000095560000, 0x0000000095560000, 0x000000009aab0000)
  to   space 87360K,   0% used [0x000000009aab0000, 0x000000009aab0000, 0x00000000a0000000)
 concurrent mark-sweep generation total 1572864K, used 1570911K [0x00000000a0000000, 0x0000000100000000, 0x0000000100000000)
 Metaspace       used 29521K, capacity 30328K, committed 30488K, reserved 1075200K
  class space    used 3488K, capacity 3758K, committed 3864K, reserved 1048576K
2018-06-17T23:32:35.059+0545: 222.684: [GC (CMS Final Remark) 2018-06-17T23:32:35.059+0545: 222.685: [ParNew: 46818K->46818K(436928K), 0.0000135 secs] 1617729K->1617729K(2009792K), 0.0000354 secs] [Times: user=0.00 sys=0.00, real=0.00 secs] 
Heap after GC invocations=128 (full 60):
 par new generation   total 436928K, used 46818K [0x0000000080000000, 0x00000000a0000000, 0x00000000a0000000)
  eden space 349568K,  13% used [0x0000000080000000, 0x0000000082db8918, 0x0000000095560000)
  from space 87360K,   0% used [0x0000000095560000, 0x0000000095560000, 0x000000009aab0000)
  to   space 87360K,   0% used [0x000000009aab0000, 0x000000009aab0000, 0x00000000a0000000)
 concurrent mark-sweep generation total 1572864K, used 1570911K [0x00000000a0000000, 0x0000000100000000, 0x0000000100000000)
 Metaspace       used 29521K, capacity 30328K, committed 30488K, reserved 1075200K
  class space    used 3488K, capacity 3758K, committed 3864K, reserved 1048576K
}
2018-06-17T23:32:35.059+0545: 222.685: [Rescan (parallel) , 0.0353880 secs]2018-06-17T23:32:35.095+0545: 222.720: [weak refs processing, 0.0023869 secs]2018-06-17T23:32:35.097+0545: 222.722: [class unloading, 0.0035410 secs]2018-06-17T23:32:35.101+0545: 222.726: [scrub symbol table, 0.0032636 secs]2018-06-17T23:32:35.104+0545: 222.729: [scrub string table, 0.0004493 secs][1 CMS-remark: 1570911K(1572864K)] 1617729K(2009792K), 0.0452966 secs] [Times: user=0.16 sys=0.00, real=0.05 secs] 
2018-06-17T23:32:35.105+0545: 222.730: Total time for which application threads were stopped: 0.0453886 seconds, Stopping threads took: 0.0000153 seconds
2018-06-17T23:32:35.105+0545: 222.730: [CMS-concurrent-sweep-start]
2018-06-17T23:32:35.671+0545: 223.296: [CMS-concurrent-sweep: 0.566/0.566 secs] [Times: user=0.56 sys=0.00, real=0.57 secs] 
2018-06-17T23:32:35.671+0545: 223.296: [CMS-concurrent-reset-start]
2018-06-17T23:32:35.675+0545: 223.300: [CMS-concurrent-reset: 0.004/0.004 secs] [Times: user=0.00 sys=0.00, real=0.00 secs] 
2018-06-17T23:32:37.675+0545: 225.300: [GC (CMS Initial Mark) [1 CMS-initial-mark: 1570911K(1572864K)] 1617729K(2009792K), 0.0604833 secs] [Times: user=0.06 sys=0.00, real=0.06 secs] 
2018-06-17T23:32:37.735+0545: 225.360: Total time for which application threads were stopped: 0.0607077 seconds, Stopping threads took: 0.0000428 seconds
2018-06-17T23:32:37.735+0545: 225.360: [CMS-concurrent-mark-start]
2018-06-17T23:32:38.949+0545: 226.574: [CMS-concurrent-mark: 1.214/1.214 secs] [Times: user=4.51 sys=0.00, real=1.22 secs] 
2018-06-17T23:32:38.949+0545: 226.574: [CMS-concurrent-preclean-start]
2018-06-17T23:32:38.951+0545: 226.576: [CMS-concurrent-preclean: 0.002/0.002 secs] [Times: user=0.01 sys=0.00, real=0.00 secs] 
2018-06-17T23:32:38.951+0545: 226.576: [CMS-concurrent-abortable-preclean-start]
2018-06-17T23:32:38.951+0545: 226.576: [CMS-concurrent-abortable-preclean: 0.000/0.000 secs] [Times: user=0.00 sys=0.00, real=0.00 secs] 
2018-06-17T23:32:38.951+0545: 226.576: [GC (CMS Final Remark) [YG occupancy: 46818 K (436928 K)]{Heap before GC invocations=128 (full 61):
 par new generation   total 436928K, used 46818K [0x0000000080000000, 0x00000000a0000000, 0x00000000a0000000)
  eden space 349568K,  13% used [0x0000000080000000, 0x0000000082db8918, 0x0000000095560000)
  from space 87360K,   0% used [0x0000000095560000, 0x0000000095560000, 0x000000009aab0000)
  to   space 87360K,   0% used [0x000000009aab0000, 0x000000009aab0000, 0x00000000a0000000)
 concurrent mark-sweep generation total 1572864K, used 1570911K [0x00000000a0000000, 0x0000000100000000, 0x0000000100000000)
 Metaspace       used 29521K, capacity 30328K, committed 30488K, reserved 1075200K
  class space    used 3488K, capacity 3758K, committed 3864K, reserved 1048576K
2018-06-17T23:32:38.951+0545: 226.576: [GC (CMS Final Remark) 2018-06-17T23:32:38.951+0545: 226.576: [ParNew: 46818K->46818K(436928K), 0.0000137 secs] 1617729K->1617729K(2009792K), 0.0000353 secs] [Times: user=0.00 sys=0.00, real=0.00 secs] 
Heap after GC invocations=129 (full 61):
 par new generation   total 436928K, used 46818K [0x0000000080000000, 0x00000000a0000000, 0x00000000a0000000)
  eden space 349568K,  13% used [0x0000000080000000, 0x0000000082db8918, 0x0000000095560000)
  from space 87360K,   0% used [0x0000000095560000, 0x0000000095560000, 0x000000009aab0000)
  to   space 87360K,   0% used [0x000000009aab0000, 0x000000009aab0000, 0x00000000a0000000)
 concurrent mark-sweep generation total 1572864K, used 1570911K [0x00000000a0000000, 0x0000000100000000, 0x0000000100000000)
 Metaspace       used 29521K, capacity 30328K, committed 30488K, reserved 1075200K
  class space    used 3488K, capacity 3758K, committed 3864K, reserved 1048576K
}
2018-06-17T23:32:38.951+0545: 226.576: [Rescan (parallel) , 0.0602011 secs]2018-06-17T23:32:39.012+0545: 226.637: [weak refs processing, 0.0018655 secs]2018-06-17T23:32:39.013+0545: 226.639: [class unloading, 0.0035951 secs]2018-06-17T23:32:39.017+0545: 226.642: [scrub symbol table, 0.0034734 secs]2018-06-17T23:32:39.021+0545: 226.646: [scrub string table, 0.0004348 secs][1 CMS-remark: 1570911K(1572864K)] 1617729K(2009792K), 0.0698518 secs] [Times: user=0.19 sys=0.00, real=0.07 secs] 
2018-06-17T23:32:39.021+0545: 226.646: Total time for which application threads were stopped: 0.0699450 seconds, Stopping threads took: 0.0000154 seconds
2018-06-17T23:32:39.021+0545: 226.646: [CMS-concurrent-sweep-start]
2018-06-17T23:32:39.617+0545: 227.242: [CMS-concurrent-sweep: 0.595/0.595 secs] [Times: user=0.59 sys=0.00, real=0.59 secs] 
2018-06-17T23:32:39.617+0545: 227.242: [CMS-concurrent-reset-start]
2018-06-17T23:32:39.618+0545: 227.244: [CMS-concurrent-reset: 0.002/0.002 secs] [Times: user=0.00 sys=0.00, real=0.00 secs] 
2018-06-17T23:32:41.618+0545: 229.243: [GC (CMS Initial Mark) [1 CMS-initial-mark: 1570911K(1572864K)] 1617729K(2009792K), 0.0848747 secs] [Times: user=0.09 sys=0.00, real=0.09 secs] 
2018-06-17T23:32:41.703+0545: 229.328: Total time for which application threads were stopped: 0.0851163 seconds, Stopping threads took: 0.0000417 seconds
2018-06-17T23:32:41.703+0545: 229.328: [CMS-concurrent-mark-start]
2018-06-17T23:32:43.196+0545: 230.821: [CMS-concurrent-mark: 1.493/1.493 secs] [Times: user=4.78 sys=0.02, real=1.49 secs] 
2018-06-17T23:32:43.196+0545: 230.821: [CMS-concurrent-preclean-start]
2018-06-17T23:32:43.198+0545: 230.823: [CMS-concurrent-preclean: 0.002/0.002 secs] [Times: user=0.00 sys=0.00, real=0.00 secs] 
2018-06-17T23:32:43.198+0545: 230.823: [CMS-concurrent-abortable-preclean-start]
2018-06-17T23:32:43.198+0545: 230.823: [CMS-concurrent-abortable-preclean: 0.000/0.000 secs] [Times: user=0.00 sys=0.00, real=0.00 secs] 
2018-06-17T23:32:43.198+0545: 230.823: [GC (CMS Final Remark) [YG occupancy: 46818 K (436928 K)]{Heap before GC invocations=129 (full 62):
 par new generation   total 436928K, used 46818K [0x0000000080000000, 0x00000000a0000000, 0x00000000a0000000)
  eden space 349568K,  13% used [0x0000000080000000, 0x0000000082db8918, 0x0000000095560000)
  from space 87360K,   0% used [0x0000000095560000, 0x0000000095560000, 0x000000009aab0000)
  to   space 87360K,   0% used [0x000000009aab0000, 0x000000009aab0000, 0x00000000a0000000)
 concurrent mark-sweep generation total 1572864K, used 1570911K [0x00000000a0000000, 0x0000000100000000, 0x0000000100000000)
 Metaspace       used 29521K, capacity 30328K, committed 30488K, reserved 1075200K
  class space    used 3488K, capacity 3758K, committed 3864K, reserved 1048576K
2018-06-17T23:32:43.198+0545: 230.823: [GC (CMS Final Remark) 2018-06-17T23:32:43.198+0545: 230.823: [ParNew: 46818K->46818K(436928K), 0.0000137 secs] 1617729K->1617729K(2009792K), 0.0000353 secs] [Times: user=0.00 sys=0.00, real=0.00 secs] 
Heap after GC invocations=130 (full 62):
 par new generation   total 436928K, used 46818K [0x0000000080000000, 0x00000000a0000000, 0x00000000a0000000)
  eden space 349568K,  13% used [0x0000000080000000, 0x0000000082db8918, 0x0000000095560000)
  from space 87360K,   0% used [0x0000000095560000, 0x0000000095560000, 0x000000009aab0000)
  to   space 87360K,   0% used [0x000000009aab0000, 0x000000009aab0000, 0x00000000a0000000)
 concurrent mark-sweep generation total 1572864K, used 1570911K [0x00000000a0000000, 0x0000000100000000, 0x0000000100000000)
 Metaspace       used 29521K, capacity 30328K, committed 30488K, reserved 1075200K
  class space    used 3488K, capacity 3758K, committed 3864K, reserved 1048576K
}
2018-06-17T23:32:43.198+0545: 230.823: [Rescan (parallel) , 0.0503581 secs]2018-06-17T23:32:43.249+0545: 230.874: [weak refs processing, 0.0014485 secs]2018-06-17T23:32:43.250+0545: 230.875: [class unloading, 0.0036522 secs]2018-06-17T23:32:43.254+0545: 230.879: [scrub symbol table, 0.0083259 secs]2018-06-17T23:32:43.262+0545: 230.887: [scrub string table, 0.0004338 secs][1 CMS-remark: 1570911K(1572864K)] 1617729K(2009792K), 0.0644992 secs] [Times: user=0.17 sys=0.00, real=0.07 secs] 
2018-06-17T23:32:43.263+0545: 230.888: Total time for which application threads were stopped: 0.0645919 seconds, Stopping threads took: 0.0000152 seconds
2018-06-17T23:32:43.263+0545: 230.888: [CMS-concurrent-sweep-start]
2018-06-17T23:32:43.837+0545: 231.462: [CMS-concurrent-sweep: 0.574/0.574 secs] [Times: user=0.56 sys=0.01, real=0.57 secs] 
2018-06-17T23:32:43.837+0545: 231.462: [CMS-concurrent-reset-start]
2018-06-17T23:32:43.841+0545: 231.466: [CMS-concurrent-reset: 0.004/0.004 secs] [Times: user=0.00 sys=0.00, real=0.01 secs] 
2018-06-17T23:32:45.840+0545: 233.465: [GC (CMS Initial Mark) [1 CMS-initial-mark: 1570911K(1572864K)] 1617729K(2009792K), 0.0601025 secs] [Times: user=0.06 sys=0.00, real=0.06 secs] 
2018-06-17T23:32:45.900+0545: 233.526: Total time for which application threads were stopped: 0.0602826 seconds, Stopping threads took: 0.0000300 seconds
2018-06-17T23:32:45.900+0545: 233.526: [CMS-concurrent-mark-start]
2018-06-17T23:32:47.075+0545: 234.700: [CMS-concurrent-mark: 1.174/1.174 secs] [Times: user=4.56 sys=0.02, real=1.17 secs] 
2018-06-17T23:32:47.075+0545: 234.700: [CMS-concurrent-preclean-start]
2018-06-17T23:32:47.077+0545: 234.702: [CMS-concurrent-preclean: 0.002/0.002 secs] [Times: user=0.00 sys=0.00, real=0.00 secs] 
2018-06-17T23:32:47.077+0545: 234.702: [CMS-concurrent-abortable-preclean-start]
2018-06-17T23:32:47.077+0545: 234.702: [CMS-concurrent-abortable-preclean: 0.000/0.000 secs] [Times: user=0.00 sys=0.00, real=0.00 secs] 
2018-06-17T23:32:47.077+0545: 234.702: [GC (CMS Final Remark) [YG occupancy: 46818 K (436928 K)]{Heap before GC invocations=130 (full 63):
 par new generation   total 436928K, used 46818K [0x0000000080000000, 0x00000000a0000000, 0x00000000a0000000)
  eden space 349568K,  13% used [0x0000000080000000, 0x0000000082db8918, 0x0000000095560000)
  from space 87360K,   0% used [0x0000000095560000, 0x0000000095560000, 0x000000009aab0000)
  to   space 87360K,   0% used [0x000000009aab0000, 0x000000009aab0000, 0x00000000a0000000)
 concurrent mark-sweep generation total 1572864K, used 1570911K [0x00000000a0000000, 0x0000000100000000, 0x0000000100000000)
 Metaspace       used 29521K, capacity 30328K, committed 30488K, reserved 1075200K
  class space    used 3488K, capacity 3758K, committed 3864K, reserved 1048576K
2018-06-17T23:32:47.077+0545: 234.702: [GC (CMS Final Remark) 2018-06-17T23:32:47.077+0545: 234.702: [ParNew: 46818K->46818K(436928K), 0.0000136 secs] 1617729K->1617729K(2009792K), 0.0000354 secs] [Times: user=0.00 sys=0.00, real=0.00 secs] 
Heap after GC invocations=131 (full 63):
 par new generation   total 436928K, used 46818K [0x0000000080000000, 0x00000000a0000000, 0x00000000a0000000)
  eden space 349568K,  13% used [0x0000000080000000, 0x0000000082db8918, 0x0000000095560000)
  from space 87360K,   0% used [0x0000000095560000, 0x0000000095560000, 0x000000009aab0000)
  to   space 87360K,   0% used [0x000000009aab0000, 0x000000009aab0000, 0x00000000a0000000)
 concurrent mark-sweep generation total 1572864K, used 1570911K [0x00000000a0000000, 0x0000000100000000, 0x0000000100000000)
 Metaspace       used 29521K, capacity 30328K, committed 30488K, reserved 1075200K
  class space    used 3488K, capacity 3758K, committed 3864K, reserved 1048576K
}
2018-06-17T23:32:47.077+0545: 234.702: [Rescan (parallel) , 0.0380271 secs]2018-06-17T23:32:47.115+0545: 234.740: [weak refs processing, 0.0023713 secs]2018-06-17T23:32:47.118+0545: 234.743: [class unloading, 0.0036277 secs]2018-06-17T23:32:47.121+0545: 234.746: [scrub symbol table, 0.0032027 secs]2018-06-17T23:32:47.124+0545: 234.749: [scrub string table, 0.0004324 secs][1 CMS-remark: 1570911K(1572864K)] 1617729K(2009792K), 0.0479463 secs] [Times: user=0.16 sys=0.00, real=0.05 secs] 
2018-06-17T23:32:47.125+0545: 234.750: Total time for which application threads were stopped: 0.0480366 seconds, Stopping threads took: 0.0000143 seconds
2018-06-17T23:32:47.125+0545: 234.750: [CMS-concurrent-sweep-start]
2018-06-17T23:32:47.692+0545: 235.317: [CMS-concurrent-sweep: 0.567/0.567 secs] [Times: user=0.57 sys=0.00, real=0.57 secs] 
2018-06-17T23:32:47.692+0545: 235.317: [CMS-concurrent-reset-start]
2018-06-17T23:32:47.694+0545: 235.319: [CMS-concurrent-reset: 0.002/0.002 secs] [Times: user=0.00 sys=0.00, real=0.00 secs] 
2018-06-17T23:32:49.693+0545: 237.318: [GC (CMS Initial Mark) [1 CMS-initial-mark: 1570911K(1572864K)] 1617729K(2009792K), 0.0573301 secs] [Times: user=0.06 sys=0.00, real=0.06 secs] 
2018-06-17T23:32:49.751+0545: 237.376: Total time for which application threads were stopped: 0.0574925 seconds, Stopping threads took: 0.0000294 seconds
2018-06-17T23:32:49.751+0545: 237.376: [CMS-concurrent-mark-start]
2018-06-17T23:32:50.938+0545: 238.563: [CMS-concurrent-mark: 1.188/1.188 secs] [Times: user=4.61 sys=0.01, real=1.18 secs] 
2018-06-17T23:32:50.938+0545: 238.563: [CMS-concurrent-preclean-start]
2018-06-17T23:32:50.941+0545: 238.566: [CMS-concurrent-preclean: 0.002/0.002 secs] [Times: user=0.00 sys=0.00, real=0.01 secs] 
2018-06-17T23:32:50.941+0545: 238.566: [CMS-concurrent-abortable-preclean-start]
2018-06-17T23:32:50.941+0545: 238.566: [CMS-concurrent-abortable-preclean: 0.000/0.000 secs] [Times: user=0.00 sys=0.00, real=0.00 secs] 
2018-06-17T23:32:50.941+0545: 238.566: [GC (CMS Final Remark) [YG occupancy: 46818 K (436928 K)]{Heap before GC invocations=131 (full 64):
 par new generation   total 436928K, used 46818K [0x0000000080000000, 0x00000000a0000000, 0x00000000a0000000)
  eden space 349568K,  13% used [0x0000000080000000, 0x0000000082db8918, 0x0000000095560000)
  from space 87360K,   0% used [0x0000000095560000, 0x0000000095560000, 0x000000009aab0000)
  to   space 87360K,   0% used [0x000000009aab0000, 0x000000009aab0000, 0x00000000a0000000)
 concurrent mark-sweep generation total 1572864K, used 1570911K [0x00000000a0000000, 0x0000000100000000, 0x0000000100000000)
 Metaspace       used 29521K, capacity 30328K, committed 30488K, reserved 1075200K
  class space    used 3488K, capacity 3758K, committed 3864K, reserved 1048576K
2018-06-17T23:32:50.941+0545: 238.566: [GC (CMS Final Remark) 2018-06-17T23:32:50.941+0545: 238.566: [ParNew: 46818K->46818K(436928K), 0.0000137 secs] 1617729K->1617729K(2009792K), 0.0000355 secs] [Times: user=0.00 sys=0.00, real=0.00 secs] 
Heap after GC invocations=132 (full 64):
 par new generation   total 436928K, used 46818K [0x0000000080000000, 0x00000000a0000000, 0x00000000a0000000)
  eden space 349568K,  13% used [0x0000000080000000, 0x0000000082db8918, 0x0000000095560000)
  from space 87360K,   0% used [0x0000000095560000, 0x0000000095560000, 0x000000009aab0000)
  to   space 87360K,   0% used [0x000000009aab0000, 0x000000009aab0000, 0x00000000a0000000)
 concurrent mark-sweep generation total 1572864K, used 1570911K [0x00000000a0000000, 0x0000000100000000, 0x0000000100000000)
 Metaspace       used 29521K, capacity 30328K, committed 30488K, reserved 1075200K
  class space    used 3488K, capacity 3758K, committed 3864K, reserved 1048576K
}
2018-06-17T23:32:50.941+0545: 238.566: [Rescan (parallel) , 0.0393182 secs]2018-06-17T23:32:50.980+0545: 238.605: [weak refs processing, 0.0065566 secs]2018-06-17T23:32:50.987+0545: 238.612: [class unloading, 0.0038471 secs]2018-06-17T23:32:50.991+0545: 238.616: [scrub symbol table, 0.0038528 secs]2018-06-17T23:32:50.995+0545: 238.620: [scrub string table, 0.0004571 secs][1 CMS-remark: 1570911K(1572864K)] 1617729K(2009792K), 0.0543267 secs] [Times: user=0.15 sys=0.00, real=0.05 secs] 
2018-06-17T23:32:50.995+0545: 238.620: Total time for which application threads were stopped: 0.0544359 seconds, Stopping threads took: 0.0000144 seconds
2018-06-17T23:32:50.995+0545: 238.620: [CMS-concurrent-sweep-start]
2018-06-17T23:32:51.533+0545: 239.158: [CMS-concurrent-sweep: 0.538/0.538 secs] [Times: user=0.53 sys=0.00, real=0.54 secs] 
2018-06-17T23:32:51.533+0545: 239.158: [CMS-concurrent-reset-start]
2018-06-17T23:32:51.535+0545: 239.160: [CMS-concurrent-reset: 0.002/0.002 secs] [Times: user=0.01 sys=0.00, real=0.00 secs] 
2018-06-17T23:32:53.535+0545: 241.160: [GC (CMS Initial Mark) [1 CMS-initial-mark: 1570911K(1572864K)] 1617729K(2009792K), 0.0602901 secs] [Times: user=0.06 sys=0.00, real=0.06 secs] 
2018-06-17T23:32:53.595+0545: 241.220: Total time for which application threads were stopped: 0.0605217 seconds, Stopping threads took: 0.0000448 seconds
2018-06-17T23:32:53.595+0545: 241.220: [CMS-concurrent-mark-start]
2018-06-17T23:32:54.757+0545: 242.382: [CMS-concurrent-mark: 1.162/1.162 secs] [Times: user=4.49 sys=0.01, real=1.16 secs] 
2018-06-17T23:32:54.757+0545: 242.382: [CMS-concurrent-preclean-start]
2018-06-17T23:32:54.760+0545: 242.385: [CMS-concurrent-preclean: 0.002/0.002 secs] [Times: user=0.01 sys=0.00, real=0.00 secs] 
2018-06-17T23:32:54.760+0545: 242.385: [CMS-concurrent-abortable-preclean-start]
2018-06-17T23:32:54.760+0545: 242.385: [CMS-concurrent-abortable-preclean: 0.000/0.000 secs] [Times: user=0.00 sys=0.00, real=0.00 secs] 
2018-06-17T23:32:54.760+0545: 242.385: [GC (CMS Final Remark) [YG occupancy: 46818 K (436928 K)]{Heap before GC invocations=132 (full 65):
 par new generation   total 436928K, used 46818K [0x0000000080000000, 0x00000000a0000000, 0x00000000a0000000)
  eden space 349568K,  13% used [0x0000000080000000, 0x0000000082db89f8, 0x0000000095560000)
  from space 87360K,   0% used [0x0000000095560000, 0x0000000095560000, 0x000000009aab0000)
  to   space 87360K,   0% used [0x000000009aab0000, 0x000000009aab0000, 0x00000000a0000000)
 concurrent mark-sweep generation total 1572864K, used 1570911K [0x00000000a0000000, 0x0000000100000000, 0x0000000100000000)
 Metaspace       used 29521K, capacity 30328K, committed 30488K, reserved 1075200K
  class space    used 3488K, capacity 3758K, committed 3864K, reserved 1048576K
2018-06-17T23:32:54.760+0545: 242.385: [GC (CMS Final Remark) 2018-06-17T23:32:54.760+0545: 242.385: [ParNew: 46818K->46818K(436928K), 0.0000130 secs] 1617729K->1617729K(2009792K), 0.0000338 secs] [Times: user=0.00 sys=0.00, real=0.00 secs] 
Heap after GC invocations=133 (full 65):
 par new generation   total 436928K, used 46818K [0x0000000080000000, 0x00000000a0000000, 0x00000000a0000000)
  eden space 349568K,  13% used [0x0000000080000000, 0x0000000082db89f8, 0x0000000095560000)
  from space 87360K,   0% used [0x0000000095560000, 0x0000000095560000, 0x000000009aab0000)
  to   space 87360K,   0% used [0x000000009aab0000, 0x000000009aab0000, 0x00000000a0000000)
 concurrent mark-sweep generation total 1572864K, used 1570911K [0x00000000a0000000, 0x0000000100000000, 0x0000000100000000)
 Metaspace       used 29521K, capacity 30328K, committed 30488K, reserved 1075200K
  class space    used 3488K, capacity 3758K, committed 3864K, reserved 1048576K
}
2018-06-17T23:32:54.760+0545: 242.385: [Rescan (parallel) , 0.0355238 secs]2018-06-17T23:32:54.795+0545: 242.421: [weak refs processing, 0.0018906 secs]2018-06-17T23:32:54.797+0545: 242.422: [class unloading, 0.0035360 secs]2018-06-17T23:32:54.801+0545: 242.426: [scrub symbol table, 0.0031670 secs]2018-06-17T23:32:54.804+0545: 242.429: [scrub string table, 0.0004445 secs][1 CMS-remark: 1570911K(1572864K)] 1617729K(2009792K), 0.0447897 secs] [Times: user=0.15 sys=0.00, real=0.05 secs] 
2018-06-17T23:32:54.805+0545: 242.430: Total time for which application threads were stopped: 0.0448776 seconds, Stopping threads took: 0.0000144 seconds
2018-06-17T23:32:54.805+0545: 242.430: [CMS-concurrent-sweep-start]
2018-06-17T23:32:55.382+0545: 243.007: [CMS-concurrent-sweep: 0.577/0.577 secs] [Times: user=0.58 sys=0.00, real=0.58 secs] 
2018-06-17T23:32:55.382+0545: 243.007: [CMS-concurrent-reset-start]
2018-06-17T23:32:55.384+0545: 243.009: [CMS-concurrent-reset: 0.002/0.002 secs] [Times: user=0.00 sys=0.00, real=0.00 secs] 
2018-06-17T23:32:57.383+0545: 245.008: [GC (CMS Initial Mark) [1 CMS-initial-mark: 1570911K(1572864K)] 1617729K(2009792K), 0.0620375 secs] [Times: user=0.06 sys=0.00, real=0.06 secs] 
2018-06-17T23:32:57.445+0545: 245.070: Total time for which application threads were stopped: 0.0622326 seconds, Stopping threads took: 0.0000528 seconds
2018-06-17T23:32:57.445+0545: 245.070: [CMS-concurrent-mark-start]
2018-06-17T23:32:58.702+0545: 246.328: [CMS-concurrent-mark: 1.257/1.257 secs] [Times: user=4.45 sys=0.07, real=1.26 secs] 
2018-06-17T23:32:58.702+0545: 246.328: [CMS-concurrent-preclean-start]
2018-06-17T23:32:58.705+0545: 246.330: [CMS-concurrent-preclean: 0.002/0.002 secs] [Times: user=0.00 sys=0.00, real=0.00 secs] 
2018-06-17T23:32:58.705+0545: 246.330: [CMS-concurrent-abortable-preclean-start]
2018-06-17T23:32:58.705+0545: 246.330: [CMS-concurrent-abortable-preclean: 0.000/0.000 secs] [Times: user=0.00 sys=0.00, real=0.00 secs] 
2018-06-17T23:32:58.705+0545: 246.330: [GC (CMS Final Remark) [YG occupancy: 46818 K (436928 K)]{Heap before GC invocations=133 (full 66):
 par new generation   total 436928K, used 46818K [0x0000000080000000, 0x00000000a0000000, 0x00000000a0000000)
  eden space 349568K,  13% used [0x0000000080000000, 0x0000000082db89f8, 0x0000000095560000)
  from space 87360K,   0% used [0x0000000095560000, 0x0000000095560000, 0x000000009aab0000)
  to   space 87360K,   0% used [0x000000009aab0000, 0x000000009aab0000, 0x00000000a0000000)
 concurrent mark-sweep generation total 1572864K, used 1570911K [0x00000000a0000000, 0x0000000100000000, 0x0000000100000000)
 Metaspace       used 29521K, capacity 30328K, committed 30488K, reserved 1075200K
  class space    used 3488K, capacity 3758K, committed 3864K, reserved 1048576K
2018-06-17T23:32:58.705+0545: 246.330: [GC (CMS Final Remark) 2018-06-17T23:32:58.705+0545: 246.330: [ParNew: 46818K->46818K(436928K), 0.0000135 secs] 1617729K->1617729K(2009792K), 0.0000355 secs] [Times: user=0.00 sys=0.00, real=0.00 secs] 
Heap after GC invocations=134 (full 66):
 par new generation   total 436928K, used 46818K [0x0000000080000000, 0x00000000a0000000, 0x00000000a0000000)
  eden space 349568K,  13% used [0x0000000080000000, 0x0000000082db89f8, 0x0000000095560000)
  from space 87360K,   0% used [0x0000000095560000, 0x0000000095560000, 0x000000009aab0000)
  to   space 87360K,   0% used [0x000000009aab0000, 0x000000009aab0000, 0x00000000a0000000)
 concurrent mark-sweep generation total 1572864K, used 1570911K [0x00000000a0000000, 0x0000000100000000, 0x0000000100000000)
 Metaspace       used 29521K, capacity 30328K, committed 30488K, reserved 1075200K
  class space    used 3488K, capacity 3758K, committed 3864K, reserved 1048576K
}
2018-06-17T23:32:58.705+0545: 246.330: [Rescan (parallel) , 0.0362532 secs]2018-06-17T23:32:58.741+0545: 246.366: [weak refs processing, 0.0027749 secs]2018-06-17T23:32:58.744+0545: 246.369: [class unloading, 0.0035932 secs]2018-06-17T23:32:58.748+0545: 246.373: [scrub symbol table, 0.0034371 secs]2018-06-17T23:32:58.751+0545: 246.376: [scrub string table, 0.0004344 secs][1 CMS-remark: 1570911K(1572864K)] 1617729K(2009792K), 0.0467718 secs] [Times: user=0.15 sys=0.00, real=0.05 secs] 
2018-06-17T23:32:58.752+0545: 246.377: Total time for which application threads were stopped: 0.0468628 seconds, Stopping threads took: 0.0000160 seconds
2018-06-17T23:32:58.752+0545: 246.377: [CMS-concurrent-sweep-start]
2018-06-17T23:32:59.302+0545: 246.927: [CMS-concurrent-sweep: 0.550/0.550 secs] [Times: user=0.55 sys=0.00, real=0.55 secs] 
2018-06-17T23:32:59.302+0545: 246.927: [CMS-concurrent-reset-start]
2018-06-17T23:32:59.304+0545: 246.929: [CMS-concurrent-reset: 0.002/0.002 secs] [Times: user=0.01 sys=0.00, real=0.00 secs] 
2018-06-17T23:33:01.303+0545: 248.928: [GC (CMS Initial Mark) [1 CMS-initial-mark: 1570911K(1572864K)] 1617729K(2009792K), 0.0597336 secs] [Times: user=0.06 sys=0.00, real=0.06 secs] 
2018-06-17T23:33:01.363+0545: 248.988: Total time for which application threads were stopped: 0.0599436 seconds, Stopping threads took: 0.0000387 seconds
2018-06-17T23:33:01.363+0545: 248.988: [CMS-concurrent-mark-start]
2018-06-17T23:33:02.573+0545: 250.199: [CMS-concurrent-mark: 1.211/1.211 secs] [Times: user=4.63 sys=0.01, real=1.21 secs] 
2018-06-17T23:33:02.574+0545: 250.199: [CMS-concurrent-preclean-start]
2018-06-17T23:33:02.576+0545: 250.201: [CMS-concurrent-preclean: 0.002/0.002 secs] [Times: user=0.00 sys=0.00, real=0.00 secs] 
2018-06-17T23:33:02.576+0545: 250.201: [CMS-concurrent-abortable-preclean-start]
2018-06-17T23:33:02.576+0545: 250.201: [CMS-concurrent-abortable-preclean: 0.000/0.000 secs] [Times: user=0.00 sys=0.00, real=0.00 secs] 
2018-06-17T23:33:02.576+0545: 250.201: [GC (CMS Final Remark) [YG occupancy: 46818 K (436928 K)]{Heap before GC invocations=134 (full 67):
 par new generation   total 436928K, used 46818K [0x0000000080000000, 0x00000000a0000000, 0x00000000a0000000)
  eden space 349568K,  13% used [0x0000000080000000, 0x0000000082db89f8, 0x0000000095560000)
  from space 87360K,   0% used [0x0000000095560000, 0x0000000095560000, 0x000000009aab0000)
  to   space 87360K,   0% used [0x000000009aab0000, 0x000000009aab0000, 0x00000000a0000000)
 concurrent mark-sweep generation total 1572864K, used 1570911K [0x00000000a0000000, 0x0000000100000000, 0x0000000100000000)
 Metaspace       used 29521K, capacity 30328K, committed 30488K, reserved 1075200K
  class space    used 3488K, capacity 3758K, committed 3864K, reserved 1048576K
2018-06-17T23:33:02.576+0545: 250.201: [GC (CMS Final Remark) 2018-06-17T23:33:02.576+0545: 250.201: [ParNew: 46818K->46818K(436928K), 0.0000130 secs] 1617729K->1617729K(2009792K), 0.0000334 secs] [Times: user=0.00 sys=0.00, real=0.00 secs] 
Heap after GC invocations=135 (full 67):
 par new generation   total 436928K, used 46818K [0x0000000080000000, 0x00000000a0000000, 0x00000000a0000000)
  eden space 349568K,  13% used [0x0000000080000000, 0x0000000082db89f8, 0x0000000095560000)
  from space 87360K,   0% used [0x0000000095560000, 0x0000000095560000, 0x000000009aab0000)
  to   space 87360K,   0% used [0x000000009aab0000, 0x000000009aab0000, 0x00000000a0000000)
 concurrent mark-sweep generation total 1572864K, used 1570911K [0x00000000a0000000, 0x0000000100000000, 0x0000000100000000)
 Metaspace       used 29521K, capacity 30328K, committed 30488K, reserved 1075200K
  class space    used 3488K, capacity 3758K, committed 3864K, reserved 1048576K
}
2018-06-17T23:33:02.576+0545: 250.201: [Rescan (parallel) , 0.0355144 secs]2018-06-17T23:33:02.612+0545: 250.237: [weak refs processing, 0.0006048 secs]2018-06-17T23:33:02.612+0545: 250.237: [class unloading, 0.0035529 secs]2018-06-17T23:33:02.616+0545: 250.241: [scrub symbol table, 0.0033072 secs]2018-06-17T23:33:02.619+0545: 250.244: [scrub string table, 0.0004349 secs][1 CMS-remark: 1570911K(1572864K)] 1617729K(2009792K), 0.0436811 secs] [Times: user=0.15 sys=0.00, real=0.04 secs] 
2018-06-17T23:33:02.620+0545: 250.245: Total time for which application threads were stopped: 0.0437706 seconds, Stopping threads took: 0.0000146 seconds
2018-06-17T23:33:02.620+0545: 250.245: [CMS-concurrent-sweep-start]
2018-06-17T23:33:03.159+0545: 250.784: [CMS-concurrent-sweep: 0.539/0.539 secs] [Times: user=0.53 sys=0.01, real=0.54 secs] 
2018-06-17T23:33:03.159+0545: 250.784: [CMS-concurrent-reset-start]
2018-06-17T23:33:03.161+0545: 250.786: [CMS-concurrent-reset: 0.002/0.002 secs] [Times: user=0.01 sys=0.00, real=0.01 secs] 
2018-06-17T23:33:05.160+0545: 252.785: [GC (CMS Initial Mark) [1 CMS-initial-mark: 1570911K(1572864K)] 1617730K(2009792K), 0.0567276 secs] [Times: user=0.05 sys=0.00, real=0.06 secs] 
2018-06-17T23:33:05.217+0545: 252.842: Total time for which application threads were stopped: 0.0569431 seconds, Stopping threads took: 0.0000414 seconds
2018-06-17T23:33:05.217+0545: 252.842: [CMS-concurrent-mark-start]
2018-06-17T23:33:06.348+0545: 253.973: [CMS-concurrent-mark: 1.131/1.131 secs] [Times: user=4.31 sys=0.09, real=1.13 secs] 
2018-06-17T23:33:06.348+0545: 253.973: [CMS-concurrent-preclean-start]
2018-06-17T23:33:06.350+0545: 253.976: [CMS-concurrent-preclean: 0.002/0.002 secs] [Times: user=0.01 sys=0.00, real=0.01 secs] 
2018-06-17T23:33:06.351+0545: 253.976: [CMS-concurrent-abortable-preclean-start]
2018-06-17T23:33:06.351+0545: 253.976: [CMS-concurrent-abortable-preclean: 0.000/0.000 secs] [Times: user=0.00 sys=0.00, real=0.00 secs] 
2018-06-17T23:33:06.351+0545: 253.976: [GC (CMS Final Remark) [YG occupancy: 46818 K (436928 K)]{Heap before GC invocations=135 (full 68):
 par new generation   total 436928K, used 46818K [0x0000000080000000, 0x00000000a0000000, 0x00000000a0000000)
  eden space 349568K,  13% used [0x0000000080000000, 0x0000000082db8b78, 0x0000000095560000)
  from space 87360K,   0% used [0x0000000095560000, 0x0000000095560000, 0x000000009aab0000)
  to   space 87360K,   0% used [0x000000009aab0000, 0x000000009aab0000, 0x00000000a0000000)
 concurrent mark-sweep generation total 1572864K, used 1570911K [0x00000000a0000000, 0x0000000100000000, 0x0000000100000000)
 Metaspace       used 29521K, capacity 30328K, committed 30488K, reserved 1075200K
  class space    used 3488K, capacity 3758K, committed 3864K, reserved 1048576K
2018-06-17T23:33:06.351+0545: 253.976: [GC (CMS Final Remark) 2018-06-17T23:33:06.351+0545: 253.976: [ParNew: 46818K->46818K(436928K), 0.0000134 secs] 1617730K->1617730K(2009792K), 0.0000354 secs] [Times: user=0.00 sys=0.00, real=0.00 secs] 
Heap after GC invocations=136 (full 68):
 par new generation   total 436928K, used 46818K [0x0000000080000000, 0x00000000a0000000, 0x00000000a0000000)
  eden space 349568K,  13% used [0x0000000080000000, 0x0000000082db8b78, 0x0000000095560000)
  from space 87360K,   0% used [0x0000000095560000, 0x0000000095560000, 0x000000009aab0000)
  to   space 87360K,   0% used [0x000000009aab0000, 0x000000009aab0000, 0x00000000a0000000)
 concurrent mark-sweep generation total 1572864K, used 1570911K [0x00000000a0000000, 0x0000000100000000, 0x0000000100000000)
 Metaspace       used 29521K, capacity 30328K, committed 30488K, reserved 1075200K
  class space    used 3488K, capacity 3758K, committed 3864K, reserved 1048576K
}
2018-06-17T23:33:06.351+0545: 253.976: [Rescan (parallel) , 0.0367390 secs]2018-06-17T23:33:06.387+0545: 254.013: [weak refs processing, 0.0030665 secs]2018-06-17T23:33:06.391+0545: 254.016: [class unloading, 0.0036549 secs]2018-06-17T23:33:06.394+0545: 254.019: [scrub symbol table, 0.0035511 secs]2018-06-17T23:33:06.398+0545: 254.023: [scrub string table, 0.0004412 secs][1 CMS-remark: 1570911K(1572864K)] 1617730K(2009792K), 0.0477780 secs] [Times: user=0.14 sys=0.01, real=0.04 secs] 
2018-06-17T23:33:06.398+0545: 254.023: Total time for which application threads were stopped: 0.0478800 seconds, Stopping threads took: 0.0000143 seconds
2018-06-17T23:33:06.398+0545: 254.024: [CMS-concurrent-sweep-start]
2018-06-17T23:33:06.942+0545: 254.567: [CMS-concurrent-sweep: 0.543/0.543 secs] [Times: user=0.55 sys=0.00, real=0.55 secs] 
2018-06-17T23:33:06.942+0545: 254.567: [CMS-concurrent-reset-start]
2018-06-17T23:33:06.944+0545: 254.569: [CMS-concurrent-reset: 0.002/0.002 secs] [Times: user=0.00 sys=0.00, real=0.00 secs] 
2018-06-17T23:33:08.943+0545: 256.568: [GC (CMS Initial Mark) [1 CMS-initial-mark: 1570911K(1572864K)] 1617730K(2009792K), 0.0605932 secs] [Times: user=0.06 sys=0.00, real=0.06 secs] 
2018-06-17T23:33:09.004+0545: 256.629: Total time for which application threads were stopped: 0.0608054 seconds, Stopping threads took: 0.0000396 seconds
2018-06-17T23:33:09.004+0545: 256.629: [CMS-concurrent-mark-start]
2018-06-17T23:33:10.149+0545: 257.774: [CMS-concurrent-mark: 1.145/1.145 secs] [Times: user=4.46 sys=0.00, real=1.15 secs] 
2018-06-17T23:33:10.149+0545: 257.774: [CMS-concurrent-preclean-start]
2018-06-17T23:33:10.151+0545: 257.776: [CMS-concurrent-preclean: 0.002/0.002 secs] [Times: user=0.00 sys=0.00, real=0.00 secs] 
2018-06-17T23:33:10.151+0545: 257.776: [CMS-concurrent-abortable-preclean-start]
2018-06-17T23:33:10.151+0545: 257.776: [CMS-concurrent-abortable-preclean: 0.000/0.000 secs] [Times: user=0.00 sys=0.00, real=0.00 secs] 
2018-06-17T23:33:10.151+0545: 257.776: [GC (CMS Final Remark) [YG occupancy: 46818 K (436928 K)]{Heap before GC invocations=136 (full 69):
 par new generation   total 436928K, used 46818K [0x0000000080000000, 0x00000000a0000000, 0x00000000a0000000)
  eden space 349568K,  13% used [0x0000000080000000, 0x0000000082db8b78, 0x0000000095560000)
  from space 87360K,   0% used [0x0000000095560000, 0x0000000095560000, 0x000000009aab0000)
  to   space 87360K,   0% used [0x000000009aab0000, 0x000000009aab0000, 0x00000000a0000000)
 concurrent mark-sweep generation total 1572864K, used 1570911K [0x00000000a0000000, 0x0000000100000000, 0x0000000100000000)
 Metaspace       used 29521K, capacity 30328K, committed 30488K, reserved 1075200K
  class space    used 3488K, capacity 3758K, committed 3864K, reserved 1048576K
2018-06-17T23:33:10.151+0545: 257.776: [GC (CMS Final Remark) 2018-06-17T23:33:10.151+0545: 257.776: [ParNew: 46818K->46818K(436928K), 0.0000137 secs] 1617730K->1617730K(2009792K), 0.0000423 secs] [Times: user=0.00 sys=0.00, real=0.00 secs] 
Heap after GC invocations=137 (full 69):
 par new generation   total 436928K, used 46818K [0x0000000080000000, 0x00000000a0000000, 0x00000000a0000000)
  eden space 349568K,  13% used [0x0000000080000000, 0x0000000082db8b78, 0x0000000095560000)
  from space 87360K,   0% used [0x0000000095560000, 0x0000000095560000, 0x000000009aab0000)
  to   space 87360K,   0% used [0x000000009aab0000, 0x000000009aab0000, 0x00000000a0000000)
 concurrent mark-sweep generation total 1572864K, used 1570911K [0x00000000a0000000, 0x0000000100000000, 0x0000000100000000)
 Metaspace       used 29521K, capacity 30328K, committed 30488K, reserved 1075200K
  class space    used 3488K, capacity 3758K, committed 3864K, reserved 1048576K
}
2018-06-17T23:33:10.151+0545: 257.776: [Rescan (parallel) , 0.0375839 secs]2018-06-17T23:33:10.189+0545: 257.814: [weak refs processing, 0.0011187 secs]2018-06-17T23:33:10.190+0545: 257.815: [class unloading, 0.0035868 secs]2018-06-17T23:33:10.194+0545: 257.819: [scrub symbol table, 0.0031722 secs]2018-06-17T23:33:10.197+0545: 257.822: [scrub string table, 0.0004341 secs][1 CMS-remark: 1570911K(1572864K)] 1617730K(2009792K), 0.0461361 secs] [Times: user=0.15 sys=0.00, real=0.04 secs] 
2018-06-17T23:33:10.197+0545: 257.822: Total time for which application threads were stopped: 0.0462274 seconds, Stopping threads took: 0.0000145 seconds
2018-06-17T23:33:10.197+0545: 257.823: [CMS-concurrent-sweep-start]
2018-06-17T23:33:10.745+0545: 258.370: [CMS-concurrent-sweep: 0.547/0.547 secs] [Times: user=0.55 sys=0.00, real=0.55 secs] 
2018-06-17T23:33:10.745+0545: 258.370: [CMS-concurrent-reset-start]
2018-06-17T23:33:10.746+0545: 258.371: [CMS-concurrent-reset: 0.002/0.002 secs] [Times: user=0.00 sys=0.00, real=0.00 secs] 
2018-06-17T23:33:12.746+0545: 260.371: [GC (CMS Initial Mark) [1 CMS-initial-mark: 1570911K(1572864K)] 1617730K(2009792K), 0.0604258 secs] [Times: user=0.06 sys=0.00, real=0.06 secs] 
2018-06-17T23:33:12.806+0545: 260.431: Total time for which application threads were stopped: 0.0605871 seconds, Stopping threads took: 0.0000291 seconds
2018-06-17T23:33:12.806+0545: 260.431: [CMS-concurrent-mark-start]
2018-06-17T23:33:13.997+0545: 261.622: [CMS-concurrent-mark: 1.191/1.191 secs] [Times: user=4.52 sys=0.00, real=1.19 secs] 
2018-06-17T23:33:13.997+0545: 261.622: [CMS-concurrent-preclean-start]
2018-06-17T23:33:13.999+0545: 261.624: [CMS-concurrent-preclean: 0.002/0.002 secs] [Times: user=0.00 sys=0.00, real=0.00 secs] 
2018-06-17T23:33:13.999+0545: 261.624: [CMS-concurrent-abortable-preclean-start]
2018-06-17T23:33:13.999+0545: 261.624: [CMS-concurrent-abortable-preclean: 0.000/0.000 secs] [Times: user=0.00 sys=0.00, real=0.00 secs] 
2018-06-17T23:33:13.999+0545: 261.624: [GC (CMS Final Remark) [YG occupancy: 46818 K (436928 K)]{Heap before GC invocations=137 (full 70):
 par new generation   total 436928K, used 46818K [0x0000000080000000, 0x00000000a0000000, 0x00000000a0000000)
  eden space 349568K,  13% used [0x0000000080000000, 0x0000000082db8b78, 0x0000000095560000)
  from space 87360K,   0% used [0x0000000095560000, 0x0000000095560000, 0x000000009aab0000)
  to   space 87360K,   0% used [0x000000009aab0000, 0x000000009aab0000, 0x00000000a0000000)
 concurrent mark-sweep generation total 1572864K, used 1570911K [0x00000000a0000000, 0x0000000100000000, 0x0000000100000000)
 Metaspace       used 29521K, capacity 30328K, committed 30488K, reserved 1075200K
  class space    used 3488K, capacity 3758K, committed 3864K, reserved 1048576K
2018-06-17T23:33:13.999+0545: 261.624: [GC (CMS Final Remark) 2018-06-17T23:33:13.999+0545: 261.624: [ParNew: 46818K->46818K(436928K), 0.0000143 secs] 1617730K->1617730K(2009792K), 0.0000453 secs] [Times: user=0.00 sys=0.00, real=0.00 secs] 
Heap after GC invocations=138 (full 70):
 par new generation   total 436928K, used 46818K [0x0000000080000000, 0x00000000a0000000, 0x00000000a0000000)
  eden space 349568K,  13% used [0x0000000080000000, 0x0000000082db8b78, 0x0000000095560000)
  from space 87360K,   0% used [0x0000000095560000, 0x0000000095560000, 0x000000009aab0000)
  to   space 87360K,   0% used [0x000000009aab0000, 0x000000009aab0000, 0x00000000a0000000)
 concurrent mark-sweep generation total 1572864K, used 1570911K [0x00000000a0000000, 0x0000000100000000, 0x0000000100000000)
 Metaspace       used 29521K, capacity 30328K, committed 30488K, reserved 1075200K
  class space    used 3488K, capacity 3758K, committed 3864K, reserved 1048576K
}
2018-06-17T23:33:13.999+0545: 261.624: [Rescan (parallel) , 0.0355127 secs]2018-06-17T23:33:14.035+0545: 261.660: [weak refs processing, 0.0024012 secs]2018-06-17T23:33:14.037+0545: 261.662: [class unloading, 0.0036400 secs]2018-06-17T23:33:14.041+0545: 261.666: [scrub symbol table, 0.0034363 secs]2018-06-17T23:33:14.044+0545: 261.669: [scrub string table, 0.0006142 secs][1 CMS-remark: 1570911K(1572864K)] 1617730K(2009792K), 0.0458734 secs] [Times: user=0.16 sys=0.00, real=0.05 secs] 
2018-06-17T23:33:14.045+0545: 261.670: Total time for which application threads were stopped: 0.0459679 seconds, Stopping threads took: 0.0000148 seconds
2018-06-17T23:33:14.045+0545: 261.670: [CMS-concurrent-sweep-start]
2018-06-17T23:33:14.585+0545: 262.210: [CMS-concurrent-sweep: 0.540/0.540 secs] [Times: user=0.54 sys=0.00, real=0.54 secs] 
2018-06-17T23:33:14.585+0545: 262.210: [CMS-concurrent-reset-start]
2018-06-17T23:33:14.587+0545: 262.212: [CMS-concurrent-reset: 0.002/0.002 secs] [Times: user=0.00 sys=0.00, real=0.00 secs] 
2018-06-17T23:33:16.587+0545: 264.212: [GC (CMS Initial Mark) [1 CMS-initial-mark: 1570911K(1572864K)] 1617730K(2009792K), 0.0607428 secs] [Times: user=0.06 sys=0.01, real=0.06 secs] 
2018-06-17T23:33:16.647+0545: 264.272: Total time for which application threads were stopped: 0.0609981 seconds, Stopping threads took: 0.0000448 seconds
2018-06-17T23:33:16.647+0545: 264.272: [CMS-concurrent-mark-start]
2018-06-17T23:33:17.781+0545: 265.406: [CMS-concurrent-mark: 1.134/1.134 secs] [Times: user=4.42 sys=0.00, real=1.14 secs] 
2018-06-17T23:33:17.781+0545: 265.406: [CMS-concurrent-preclean-start]
2018-06-17T23:33:17.783+0545: 265.408: [CMS-concurrent-preclean: 0.002/0.002 secs] [Times: user=0.00 sys=0.00, real=0.00 secs] 
2018-06-17T23:33:17.783+0545: 265.409: [CMS-concurrent-abortable-preclean-start]
2018-06-17T23:33:17.783+0545: 265.409: [CMS-concurrent-abortable-preclean: 0.000/0.000 secs] [Times: user=0.00 sys=0.00, real=0.00 secs] 
2018-06-17T23:33:17.784+0545: 265.409: [GC (CMS Final Remark) [YG occupancy: 46818 K (436928 K)]{Heap before GC invocations=138 (full 71):
 par new generation   total 436928K, used 46818K [0x0000000080000000, 0x00000000a0000000, 0x00000000a0000000)
  eden space 349568K,  13% used [0x0000000080000000, 0x0000000082db8b78, 0x0000000095560000)
  from space 87360K,   0% used [0x0000000095560000, 0x0000000095560000, 0x000000009aab0000)
  to   space 87360K,   0% used [0x000000009aab0000, 0x000000009aab0000, 0x00000000a0000000)
 concurrent mark-sweep generation total 1572864K, used 1570911K [0x00000000a0000000, 0x0000000100000000, 0x0000000100000000)
 Metaspace       used 29521K, capacity 30328K, committed 30488K, reserved 1075200K
  class space    used 3488K, capacity 3758K, committed 3864K, reserved 1048576K
2018-06-17T23:33:17.784+0545: 265.409: [GC (CMS Final Remark) 2018-06-17T23:33:17.784+0545: 265.409: [ParNew: 46818K->46818K(436928K), 0.0000133 secs] 1617730K->1617730K(2009792K), 0.0000351 secs] [Times: user=0.00 sys=0.00, real=0.00 secs] 
Heap after GC invocations=139 (full 71):
 par new generation   total 436928K, used 46818K [0x0000000080000000, 0x00000000a0000000, 0x00000000a0000000)
  eden space 349568K,  13% used [0x0000000080000000, 0x0000000082db8b78, 0x0000000095560000)
  from space 87360K,   0% used [0x0000000095560000, 0x0000000095560000, 0x000000009aab0000)
  to   space 87360K,   0% used [0x000000009aab0000, 0x000000009aab0000, 0x00000000a0000000)
 concurrent mark-sweep generation total 1572864K, used 1570911K [0x00000000a0000000, 0x0000000100000000, 0x0000000100000000)
 Metaspace       used 29521K, capacity 30328K, committed 30488K, reserved 1075200K
  class space    used 3488K, capacity 3758K, committed 3864K, reserved 1048576K
}
2018-06-17T23:33:17.784+0545: 265.409: [Rescan (parallel) , 0.0356080 secs]2018-06-17T23:33:17.819+0545: 265.444: [weak refs processing, 0.0016382 secs]2018-06-17T23:33:17.821+0545: 265.446: [class unloading, 0.0035718 secs]2018-06-17T23:33:17.825+0545: 265.450: [scrub symbol table, 0.0033520 secs]2018-06-17T23:33:17.828+0545: 265.453: [scrub string table, 0.0004486 secs][1 CMS-remark: 1570911K(1572864K)] 1617730K(2009792K), 0.0448728 secs] [Times: user=0.15 sys=0.00, real=0.05 secs] 
2018-06-17T23:33:17.828+0545: 265.454: Total time for which application threads were stopped: 0.0449623 seconds, Stopping threads took: 0.0000147 seconds
2018-06-17T23:33:17.829+0545: 265.454: [CMS-concurrent-sweep-start]
2018-06-17T23:33:18.436+0545: 266.062: [CMS-concurrent-sweep: 0.608/0.608 secs] [Times: user=0.61 sys=0.00, real=0.60 secs] 
2018-06-17T23:33:18.437+0545: 266.062: [CMS-concurrent-reset-start]
2018-06-17T23:33:18.438+0545: 266.063: [CMS-concurrent-reset: 0.002/0.002 secs] [Times: user=0.00 sys=0.00, real=0.00 secs] 
2018-06-17T23:33:20.438+0545: 268.063: [GC (CMS Initial Mark) [1 CMS-initial-mark: 1570911K(1572864K)] 1617730K(2009792K), 0.0624363 secs] [Times: user=0.06 sys=0.00, real=0.07 secs] 
2018-06-17T23:33:20.500+0545: 268.125: Total time for which application threads were stopped: 0.0626497 seconds, Stopping threads took: 0.0000408 seconds
2018-06-17T23:33:20.500+0545: 268.125: [CMS-concurrent-mark-start]
2018-06-17T23:33:21.795+0545: 269.420: [CMS-concurrent-mark: 1.295/1.295 secs] [Times: user=4.45 sys=0.01, real=1.29 secs] 
2018-06-17T23:33:21.795+0545: 269.420: [CMS-concurrent-preclean-start]
2018-06-17T23:33:21.798+0545: 269.423: [CMS-concurrent-preclean: 0.002/0.002 secs] [Times: user=0.01 sys=0.00, real=0.00 secs] 
2018-06-17T23:33:21.798+0545: 269.423: [CMS-concurrent-abortable-preclean-start]
2018-06-17T23:33:21.798+0545: 269.423: [CMS-concurrent-abortable-preclean: 0.000/0.000 secs] [Times: user=0.00 sys=0.00, real=0.00 secs] 
2018-06-17T23:33:21.798+0545: 269.423: [GC (CMS Final Remark) [YG occupancy: 46818 K (436928 K)]{Heap before GC invocations=139 (full 72):
 par new generation   total 436928K, used 46818K [0x0000000080000000, 0x00000000a0000000, 0x00000000a0000000)
  eden space 349568K,  13% used [0x0000000080000000, 0x0000000082db8b78, 0x0000000095560000)
  from space 87360K,   0% used [0x0000000095560000, 0x0000000095560000, 0x000000009aab0000)
  to   space 87360K,   0% used [0x000000009aab0000, 0x000000009aab0000, 0x00000000a0000000)
 concurrent mark-sweep generation total 1572864K, used 1570911K [0x00000000a0000000, 0x0000000100000000, 0x0000000100000000)
 Metaspace       used 29521K, capacity 30328K, committed 30488K, reserved 1075200K
  class space    used 3488K, capacity 3758K, committed 3864K, reserved 1048576K
2018-06-17T23:33:21.798+0545: 269.423: [GC (CMS Final Remark) 2018-06-17T23:33:21.798+0545: 269.423: [ParNew: 46818K->46818K(436928K), 0.0000131 secs] 1617730K->1617730K(2009792K), 0.0000355 secs] [Times: user=0.00 sys=0.00, real=0.00 secs] 
Heap after GC invocations=140 (full 72):
 par new generation   total 436928K, used 46818K [0x0000000080000000, 0x00000000a0000000, 0x00000000a0000000)
  eden space 349568K,  13% used [0x0000000080000000, 0x0000000082db8b78, 0x0000000095560000)
  from space 87360K,   0% used [0x0000000095560000, 0x0000000095560000, 0x000000009aab0000)
  to   space 87360K,   0% used [0x000000009aab0000, 0x000000009aab0000, 0x00000000a0000000)
 concurrent mark-sweep generation total 1572864K, used 1570911K [0x00000000a0000000, 0x0000000100000000, 0x0000000100000000)
 Metaspace       used 29521K, capacity 30328K, committed 30488K, reserved 1075200K
  class space    used 3488K, capacity 3758K, committed 3864K, reserved 1048576K
}
2018-06-17T23:33:21.798+0545: 269.423: [Rescan (parallel) , 0.0367208 secs]2018-06-17T23:33:21.835+0545: 269.460: [weak refs processing, 0.0022960 secs]2018-06-17T23:33:21.837+0545: 269.462: [class unloading, 0.0035826 secs]2018-06-17T23:33:21.841+0545: 269.466: [scrub symbol table, 0.0032808 secs]2018-06-17T23:33:21.844+0545: 269.469: [scrub string table, 0.0004974 secs][1 CMS-remark: 1570911K(1572864K)] 1617730K(2009792K), 0.0466232 secs] [Times: user=0.15 sys=0.00, real=0.05 secs] 
2018-06-17T23:33:21.845+0545: 269.470: Total time for which application threads were stopped: 0.0467313 seconds, Stopping threads took: 0.0000151 seconds
2018-06-17T23:33:21.845+0545: 269.470: [CMS-concurrent-sweep-start]
2018-06-17T23:33:22.384+0545: 270.009: [CMS-concurrent-sweep: 0.539/0.539 secs] [Times: user=0.54 sys=0.00, real=0.54 secs] 
2018-06-17T23:33:22.384+0545: 270.009: [CMS-concurrent-reset-start]
2018-06-17T23:33:22.386+0545: 270.011: [CMS-concurrent-reset: 0.002/0.002 secs] [Times: user=0.00 sys=0.00, real=0.00 secs] 
2018-06-17T23:33:24.385+0545: 272.010: [GC (CMS Initial Mark) [1 CMS-initial-mark: 1570911K(1572864K)] 1617730K(2009792K), 0.0551791 secs] [Times: user=0.05 sys=0.00, real=0.06 secs] 
2018-06-17T23:33:24.441+0545: 272.066: Total time for which application threads were stopped: 0.0553780 seconds, Stopping threads took: 0.0000371 seconds
2018-06-17T23:33:24.441+0545: 272.066: [CMS-concurrent-mark-start]
2018-06-17T23:33:25.739+0545: 273.364: [CMS-concurrent-mark: 1.298/1.298 secs] [Times: user=4.54 sys=0.00, real=1.29 secs] 
2018-06-17T23:33:25.739+0545: 273.364: [CMS-concurrent-preclean-start]
2018-06-17T23:33:25.741+0545: 273.366: [CMS-concurrent-preclean: 0.003/0.003 secs] [Times: user=0.00 sys=0.00, real=0.01 secs] 
2018-06-17T23:33:25.741+0545: 273.366: [CMS-concurrent-abortable-preclean-start]
2018-06-17T23:33:25.741+0545: 273.366: [CMS-concurrent-abortable-preclean: 0.000/0.000 secs] [Times: user=0.00 sys=0.00, real=0.00 secs] 
2018-06-17T23:33:25.741+0545: 273.367: [GC (CMS Final Remark) [YG occupancy: 46818 K (436928 K)]{Heap before GC invocations=140 (full 73):
 par new generation   total 436928K, used 46818K [0x0000000080000000, 0x00000000a0000000, 0x00000000a0000000)
  eden space 349568K,  13% used [0x0000000080000000, 0x0000000082db8b78, 0x0000000095560000)
  from space 87360K,   0% used [0x0000000095560000, 0x0000000095560000, 0x000000009aab0000)
  to   space 87360K,   0% used [0x000000009aab0000, 0x000000009aab0000, 0x00000000a0000000)
 concurrent mark-sweep generation total 1572864K, used 1570911K [0x00000000a0000000, 0x0000000100000000, 0x0000000100000000)
 Metaspace       used 29521K, capacity 30328K, committed 30488K, reserved 1075200K
  class space    used 3488K, capacity 3758K, committed 3864K, reserved 1048576K
2018-06-17T23:33:25.742+0545: 273.367: [GC (CMS Final Remark) 2018-06-17T23:33:25.742+0545: 273.367: [ParNew: 46818K->46818K(436928K), 0.0000141 secs] 1617730K->1617730K(2009792K), 0.0000355 secs] [Times: user=0.00 sys=0.00, real=0.00 secs] 
Heap after GC invocations=141 (full 73):
 par new generation   total 436928K, used 46818K [0x0000000080000000, 0x00000000a0000000, 0x00000000a0000000)
  eden space 349568K,  13% used [0x0000000080000000, 0x0000000082db8b78, 0x0000000095560000)
  from space 87360K,   0% used [0x0000000095560000, 0x0000000095560000, 0x000000009aab0000)
  to   space 87360K,   0% used [0x000000009aab0000, 0x000000009aab0000, 0x00000000a0000000)
 concurrent mark-sweep generation total 1572864K, used 1570911K [0x00000000a0000000, 0x0000000100000000, 0x0000000100000000)
 Metaspace       used 29521K, capacity 30328K, committed 30488K, reserved 1075200K
  class space    used 3488K, capacity 3758K, committed 3864K, reserved 1048576K
}
2018-06-17T23:33:25.742+0545: 273.367: [Rescan (parallel) , 0.0359478 secs]2018-06-17T23:33:25.778+0545: 273.403: [weak refs processing, 0.0007919 secs]2018-06-17T23:33:25.778+0545: 273.403: [class unloading, 0.0035642 secs]2018-06-17T23:33:25.782+0545: 273.407: [scrub symbol table, 0.0032491 secs]2018-06-17T23:33:25.785+0545: 273.410: [scrub string table, 0.0004591 secs][1 CMS-remark: 1570911K(1572864K)] 1617730K(2009792K), 0.0442918 secs] [Times: user=0.15 sys=0.00, real=0.04 secs] 
2018-06-17T23:33:25.786+0545: 273.411: Total time for which application threads were stopped: 0.0443950 seconds, Stopping threads took: 0.0000162 seconds
2018-06-17T23:33:25.786+0545: 273.411: [CMS-concurrent-sweep-start]
2018-06-17T23:33:26.326+0545: 273.951: [CMS-concurrent-sweep: 0.540/0.540 secs] [Times: user=0.54 sys=0.00, real=0.54 secs] 
2018-06-17T23:33:26.326+0545: 273.951: [CMS-concurrent-reset-start]
2018-06-17T23:33:26.328+0545: 273.953: [CMS-concurrent-reset: 0.002/0.002 secs] [Times: user=0.00 sys=0.00, real=0.00 secs] 
2018-06-17T23:33:28.328+0545: 275.953: [GC (CMS Initial Mark) [1 CMS-initial-mark: 1570911K(1572864K)] 1617730K(2009792K), 0.0616829 secs] [Times: user=0.07 sys=0.00, real=0.07 secs] 
2018-06-17T23:33:28.389+0545: 276.014: Total time for which application threads were stopped: 0.0621935 seconds, Stopping threads took: 0.0003022 seconds
2018-06-17T23:33:28.389+0545: 276.014: [CMS-concurrent-mark-start]
2018-06-17T23:33:29.545+0545: 277.170: [CMS-concurrent-mark: 1.156/1.156 secs] [Times: user=4.49 sys=0.00, real=1.15 secs] 
2018-06-17T23:33:29.545+0545: 277.170: [CMS-concurrent-preclean-start]
2018-06-17T23:33:29.547+0545: 277.172: [CMS-concurrent-preclean: 0.002/0.002 secs] [Times: user=0.01 sys=0.00, real=0.00 secs] 
2018-06-17T23:33:29.547+0545: 277.172: [CMS-concurrent-abortable-preclean-start]
2018-06-17T23:33:29.547+0545: 277.172: [CMS-concurrent-abortable-preclean: 0.000/0.000 secs] [Times: user=0.00 sys=0.00, real=0.00 secs] 
2018-06-17T23:33:29.547+0545: 277.172: [GC (CMS Final Remark) [YG occupancy: 46818 K (436928 K)]{Heap before GC invocations=141 (full 74):
 par new generation   total 436928K, used 46818K [0x0000000080000000, 0x00000000a0000000, 0x00000000a0000000)
  eden space 349568K,  13% used [0x0000000080000000, 0x0000000082db8b78, 0x0000000095560000)
  from space 87360K,   0% used [0x0000000095560000, 0x0000000095560000, 0x000000009aab0000)
  to   space 87360K,   0% used [0x000000009aab0000, 0x000000009aab0000, 0x00000000a0000000)
 concurrent mark-sweep generation total 1572864K, used 1570911K [0x00000000a0000000, 0x0000000100000000, 0x0000000100000000)
 Metaspace       used 29521K, capacity 30328K, committed 30488K, reserved 1075200K
  class space    used 3488K, capacity 3758K, committed 3864K, reserved 1048576K
2018-06-17T23:33:29.547+0545: 277.173: [GC (CMS Final Remark) 2018-06-17T23:33:29.547+0545: 277.173: [ParNew: 46818K->46818K(436928K), 0.0000131 secs] 1617730K->1617730K(2009792K), 0.0000334 secs] [Times: user=0.00 sys=0.00, real=0.00 secs] 
Heap after GC invocations=142 (full 74):
 par new generation   total 436928K, used 46818K [0x0000000080000000, 0x00000000a0000000, 0x00000000a0000000)
  eden space 349568K,  13% used [0x0000000080000000, 0x0000000082db8b78, 0x0000000095560000)
  from space 87360K,   0% used [0x0000000095560000, 0x0000000095560000, 0x000000009aab0000)
  to   space 87360K,   0% used [0x000000009aab0000, 0x000000009aab0000, 0x00000000a0000000)
 concurrent mark-sweep generation total 1572864K, used 1570911K [0x00000000a0000000, 0x0000000100000000, 0x0000000100000000)
 Metaspace       used 29521K, capacity 30328K, committed 30488K, reserved 1075200K
  class space    used 3488K, capacity 3758K, committed 3864K, reserved 1048576K
}
2018-06-17T23:33:29.547+0545: 277.173: [Rescan (parallel) , 0.0331588 secs]2018-06-17T23:33:29.581+0545: 277.206: [weak refs processing, 0.0011417 secs]2018-06-17T23:33:29.582+0545: 277.207: [class unloading, 0.0036043 secs]2018-06-17T23:33:29.585+0545: 277.211: [scrub symbol table, 0.0033001 secs]2018-06-17T23:33:29.589+0545: 277.214: [scrub string table, 0.0004328 secs][1 CMS-remark: 1570911K(1572864K)] 1617730K(2009792K), 0.0419114 secs] [Times: user=0.13 sys=0.00, real=0.05 secs] 
2018-06-17T23:33:29.589+0545: 277.214: Total time for which application threads were stopped: 0.0420017 seconds, Stopping threads took: 0.0000148 seconds
2018-06-17T23:33:29.589+0545: 277.214: [CMS-concurrent-sweep-start]
2018-06-17T23:33:30.140+0545: 277.765: [CMS-concurrent-sweep: 0.550/0.550 secs] [Times: user=0.55 sys=0.00, real=0.54 secs] 
2018-06-17T23:33:30.140+0545: 277.765: [CMS-concurrent-reset-start]
2018-06-17T23:33:30.142+0545: 277.767: [CMS-concurrent-reset: 0.002/0.002 secs] [Times: user=0.00 sys=0.00, real=0.01 secs] 
2018-06-17T23:33:32.141+0545: 279.766: [GC (CMS Initial Mark) [1 CMS-initial-mark: 1570911K(1572864K)] 1617730K(2009792K), 0.0855117 secs] [Times: user=0.09 sys=0.00, real=0.08 secs] 
2018-06-17T23:33:32.227+0545: 279.852: Total time for which application threads were stopped: 0.0858490 seconds, Stopping threads took: 0.0000501 seconds
2018-06-17T23:33:32.227+0545: 279.852: [CMS-concurrent-mark-start]
2018-06-17T23:33:33.537+0545: 281.162: [CMS-concurrent-mark: 1.311/1.311 secs] [Times: user=4.69 sys=0.02, real=1.31 secs] 
2018-06-17T23:33:33.537+0545: 281.162: [CMS-concurrent-preclean-start]
2018-06-17T23:33:33.540+0545: 281.165: [CMS-concurrent-preclean: 0.002/0.002 secs] [Times: user=0.00 sys=0.00, real=0.00 secs] 
2018-06-17T23:33:33.540+0545: 281.165: [CMS-concurrent-abortable-preclean-start]
2018-06-17T23:33:33.540+0545: 281.165: [CMS-concurrent-abortable-preclean: 0.000/0.000 secs] [Times: user=0.00 sys=0.00, real=0.00 secs] 
2018-06-17T23:33:33.540+0545: 281.165: [GC (CMS Final Remark) [YG occupancy: 46818 K (436928 K)]{Heap before GC invocations=142 (full 75):
 par new generation   total 436928K, used 46818K [0x0000000080000000, 0x00000000a0000000, 0x00000000a0000000)
  eden space 349568K,  13% used [0x0000000080000000, 0x0000000082db8b78, 0x0000000095560000)
  from space 87360K,   0% used [0x0000000095560000, 0x0000000095560000, 0x000000009aab0000)
  to   space 87360K,   0% used [0x000000009aab0000, 0x000000009aab0000, 0x00000000a0000000)
 concurrent mark-sweep generation total 1572864K, used 1570911K [0x00000000a0000000, 0x0000000100000000, 0x0000000100000000)
 Metaspace       used 29521K, capacity 30328K, committed 30488K, reserved 1075200K
  class space    used 3488K, capacity 3758K, committed 3864K, reserved 1048576K
2018-06-17T23:33:33.540+0545: 281.165: [GC (CMS Final Remark) 2018-06-17T23:33:33.540+0545: 281.165: [ParNew: 46818K->46818K(436928K), 0.0000132 secs] 1617730K->1617730K(2009792K), 0.0000349 secs] [Times: user=0.00 sys=0.00, real=0.00 secs] 
Heap after GC invocations=143 (full 75):
 par new generation   total 436928K, used 46818K [0x0000000080000000, 0x00000000a0000000, 0x00000000a0000000)
  eden space 349568K,  13% used [0x0000000080000000, 0x0000000082db8b78, 0x0000000095560000)
  from space 87360K,   0% used [0x0000000095560000, 0x0000000095560000, 0x000000009aab0000)
  to   space 87360K,   0% used [0x000000009aab0000, 0x000000009aab0000, 0x00000000a0000000)
 concurrent mark-sweep generation total 1572864K, used 1570911K [0x00000000a0000000, 0x0000000100000000, 0x0000000100000000)
 Metaspace       used 29521K, capacity 30328K, committed 30488K, reserved 1075200K
  class space    used 3488K, capacity 3758K, committed 3864K, reserved 1048576K
}
2018-06-17T23:33:33.540+0545: 281.165: [Rescan (parallel) , 0.0353820 secs]2018-06-17T23:33:33.575+0545: 281.200: [weak refs processing, 0.0017807 secs]2018-06-17T23:33:33.577+0545: 281.202: [class unloading, 0.0035466 secs]2018-06-17T23:33:33.581+0545: 281.206: [scrub symbol table, 0.0031594 secs]2018-06-17T23:33:33.584+0545: 281.209: [scrub string table, 0.0004460 secs][1 CMS-remark: 1570911K(1572864K)] 1617730K(2009792K), 0.0445445 secs] [Times: user=0.16 sys=0.00, real=0.05 secs] 
2018-06-17T23:33:33.584+0545: 281.209: Total time for which application threads were stopped: 0.0446338 seconds, Stopping threads took: 0.0000154 seconds
2018-06-17T23:33:33.584+0545: 281.210: [CMS-concurrent-sweep-start]
2018-06-17T23:33:34.119+0545: 281.744: [CMS-concurrent-sweep: 0.535/0.535 secs] [Times: user=0.53 sys=0.00, real=0.53 secs] 
2018-06-17T23:33:34.119+0545: 281.744: [CMS-concurrent-reset-start]
2018-06-17T23:33:34.123+0545: 281.749: [CMS-concurrent-reset: 0.004/0.004 secs] [Times: user=0.00 sys=0.00, real=0.01 secs] 
2018-06-17T23:33:36.123+0545: 283.748: [GC (CMS Initial Mark) [1 CMS-initial-mark: 1570911K(1572864K)] 1617730K(2009792K), 0.0586451 secs] [Times: user=0.06 sys=0.00, real=0.06 secs] 
2018-06-17T23:33:36.182+0545: 283.807: Total time for which application threads were stopped: 0.0590117 seconds, Stopping threads took: 0.0000855 seconds
2018-06-17T23:33:36.182+0545: 283.807: [CMS-concurrent-mark-start]
2018-06-17T23:33:37.455+0545: 285.080: [CMS-concurrent-mark: 1.273/1.273 secs] [Times: user=4.63 sys=0.01, real=1.27 secs] 
2018-06-17T23:33:37.455+0545: 285.080: [CMS-concurrent-preclean-start]
2018-06-17T23:33:37.458+0545: 285.083: [CMS-concurrent-preclean: 0.002/0.002 secs] [Times: user=0.00 sys=0.00, real=0.00 secs] 
2018-06-17T23:33:37.458+0545: 285.083: [CMS-concurrent-abortable-preclean-start]
2018-06-17T23:33:37.458+0545: 285.083: [CMS-concurrent-abortable-preclean: 0.000/0.000 secs] [Times: user=0.00 sys=0.00, real=0.00 secs] 
2018-06-17T23:33:37.458+0545: 285.083: [GC (CMS Final Remark) [YG occupancy: 46818 K (436928 K)]{Heap before GC invocations=143 (full 76):
 par new generation   total 436928K, used 46818K [0x0000000080000000, 0x00000000a0000000, 0x00000000a0000000)
  eden space 349568K,  13% used [0x0000000080000000, 0x0000000082db8b78, 0x0000000095560000)
  from space 87360K,   0% used [0x0000000095560000, 0x0000000095560000, 0x000000009aab0000)
  to   space 87360K,   0% used [0x000000009aab0000, 0x000000009aab0000, 0x00000000a0000000)
 concurrent mark-sweep generation total 1572864K, used 1570911K [0x00000000a0000000, 0x0000000100000000, 0x0000000100000000)
 Metaspace       used 29521K, capacity 30328K, committed 30488K, reserved 1075200K
  class space    used 3488K, capacity 3758K, committed 3864K, reserved 1048576K
2018-06-17T23:33:37.458+0545: 285.083: [GC (CMS Final Remark) 2018-06-17T23:33:37.458+0545: 285.083: [ParNew: 46818K->46818K(436928K), 0.0000134 secs] 1617730K->1617730K(2009792K), 0.0000350 secs] [Times: user=0.00 sys=0.00, real=0.00 secs] 
Heap after GC invocations=144 (full 76):
 par new generation   total 436928K, used 46818K [0x0000000080000000, 0x00000000a0000000, 0x00000000a0000000)
  eden space 349568K,  13% used [0x0000000080000000, 0x0000000082db8b78, 0x0000000095560000)
  from space 87360K,   0% used [0x0000000095560000, 0x0000000095560000, 0x000000009aab0000)
  to   space 87360K,   0% used [0x000000009aab0000, 0x000000009aab0000, 0x00000000a0000000)
 concurrent mark-sweep generation total 1572864K, used 1570911K [0x00000000a0000000, 0x0000000100000000, 0x0000000100000000)
 Metaspace       used 29521K, capacity 30328K, committed 30488K, reserved 1075200K
  class space    used 3488K, capacity 3758K, committed 3864K, reserved 1048576K
}
2018-06-17T23:33:37.458+0545: 285.083: [Rescan (parallel) , 0.0334985 secs]2018-06-17T23:33:37.491+0545: 285.116: [weak refs processing, 0.0029432 secs]2018-06-17T23:33:37.494+0545: 285.119: [class unloading, 0.0037006 secs]2018-06-17T23:33:37.498+0545: 285.123: [scrub symbol table, 0.0035839 secs]2018-06-17T23:33:37.502+0545: 285.127: [scrub string table, 0.0004509 secs][1 CMS-remark: 1570911K(1572864K)] 1617730K(2009792K), 0.0444739 secs] [Times: user=0.14 sys=0.00, real=0.05 secs] 
2018-06-17T23:33:37.502+0545: 285.127: Total time for which application threads were stopped: 0.0445657 seconds, Stopping threads took: 0.0000161 seconds
2018-06-17T23:33:37.502+0545: 285.127: [CMS-concurrent-sweep-start]
2018-06-17T23:33:38.035+0545: 285.660: [CMS-concurrent-sweep: 0.533/0.533 secs] [Times: user=0.54 sys=0.00, real=0.53 secs] 
2018-06-17T23:33:38.035+0545: 285.660: [CMS-concurrent-reset-start]
2018-06-17T23:33:38.037+0545: 285.662: [CMS-concurrent-reset: 0.002/0.002 secs] [Times: user=0.00 sys=0.00, real=0.00 secs] 
2018-06-17T23:33:40.037+0545: 287.662: [GC (CMS Initial Mark) [1 CMS-initial-mark: 1570911K(1572864K)] 1617730K(2009792K), 0.0577812 secs] [Times: user=0.06 sys=0.00, real=0.06 secs] 
2018-06-17T23:33:40.094+0545: 287.719: Total time for which application threads were stopped: 0.0580034 seconds, Stopping threads took: 0.0000420 seconds
2018-06-17T23:33:40.094+0545: 287.719: [CMS-concurrent-mark-start]
2018-06-17T23:33:41.222+0545: 288.847: [CMS-concurrent-mark: 1.127/1.127 secs] [Times: user=4.40 sys=0.00, real=1.13 secs] 
2018-06-17T23:33:41.222+0545: 288.847: [CMS-concurrent-preclean-start]
2018-06-17T23:33:41.224+0545: 288.849: [CMS-concurrent-preclean: 0.002/0.002 secs] [Times: user=0.00 sys=0.00, real=0.00 secs] 
2018-06-17T23:33:41.224+0545: 288.849: [CMS-concurrent-abortable-preclean-start]
2018-06-17T23:33:41.224+0545: 288.849: [CMS-concurrent-abortable-preclean: 0.000/0.000 secs] [Times: user=0.00 sys=0.00, real=0.00 secs] 
2018-06-17T23:33:41.224+0545: 288.849: [GC (CMS Final Remark) [YG occupancy: 46818 K (436928 K)]{Heap before GC invocations=144 (full 77):
 par new generation   total 436928K, used 46818K [0x0000000080000000, 0x00000000a0000000, 0x00000000a0000000)
  eden space 349568K,  13% used [0x0000000080000000, 0x0000000082db8b78, 0x0000000095560000)
  from space 87360K,   0% used [0x0000000095560000, 0x0000000095560000, 0x000000009aab0000)
  to   space 87360K,   0% used [0x000000009aab0000, 0x000000009aab0000, 0x00000000a0000000)
 concurrent mark-sweep generation total 1572864K, used 1570911K [0x00000000a0000000, 0x0000000100000000, 0x0000000100000000)
 Metaspace       used 29521K, capacity 30328K, committed 30488K, reserved 1075200K
  class space    used 3488K, capacity 3758K, committed 3864K, reserved 1048576K
2018-06-17T23:33:41.224+0545: 288.849: [GC (CMS Final Remark) 2018-06-17T23:33:41.224+0545: 288.849: [ParNew: 46818K->46818K(436928K), 0.0000131 secs] 1617730K->1617730K(2009792K), 0.0000335 secs] [Times: user=0.00 sys=0.00, real=0.00 secs] 
Heap after GC invocations=145 (full 77):
 par new generation   total 436928K, used 46818K [0x0000000080000000, 0x00000000a0000000, 0x00000000a0000000)
  eden space 349568K,  13% used [0x0000000080000000, 0x0000000082db8b78, 0x0000000095560000)
  from space 87360K,   0% used [0x0000000095560000, 0x0000000095560000, 0x000000009aab0000)
  to   space 87360K,   0% used [0x000000009aab0000, 0x000000009aab0000, 0x00000000a0000000)
 concurrent mark-sweep generation total 1572864K, used 1570911K [0x00000000a0000000, 0x0000000100000000, 0x0000000100000000)
 Metaspace       used 29521K, capacity 30328K, committed 30488K, reserved 1075200K
  class space    used 3488K, capacity 3758K, committed 3864K, reserved 1048576K
}
2018-06-17T23:33:41.224+0545: 288.849: [Rescan (parallel) , 0.0354659 secs]2018-06-17T23:33:41.260+0545: 288.885: [weak refs processing, 0.0011933 secs]2018-06-17T23:33:41.261+0545: 288.886: [class unloading, 0.0036024 secs]2018-06-17T23:33:41.265+0545: 288.890: [scrub symbol table, 0.0033907 secs]2018-06-17T23:33:41.268+0545: 288.893: [scrub string table, 0.0004440 secs][1 CMS-remark: 1570911K(1572864K)] 1617730K(2009792K), 0.0443270 secs] [Times: user=0.15 sys=0.01, real=0.05 secs] 
2018-06-17T23:33:41.269+0545: 288.894: Total time for which application threads were stopped: 0.0444169 seconds, Stopping threads took: 0.0000153 seconds
2018-06-17T23:33:41.269+0545: 288.894: [CMS-concurrent-sweep-start]
2018-06-17T23:33:41.803+0545: 289.428: [CMS-concurrent-sweep: 0.534/0.534 secs] [Times: user=0.53 sys=0.00, real=0.53 secs] 
2018-06-17T23:33:41.803+0545: 289.428: [CMS-concurrent-reset-start]
2018-06-17T23:33:41.804+0545: 289.429: [CMS-concurrent-reset: 0.002/0.002 secs] [Times: user=0.00 sys=0.00, real=0.00 secs] 
2018-06-17T23:33:43.804+0545: 291.429: [GC (CMS Initial Mark) [1 CMS-initial-mark: 1570911K(1572864K)] 1617730K(2009792K), 0.0607198 secs] [Times: user=0.06 sys=0.00, real=0.06 secs] 
2018-06-17T23:33:43.864+0545: 291.489: Total time for which application threads were stopped: 0.0609407 seconds, Stopping threads took: 0.0000413 seconds
2018-06-17T23:33:43.864+0545: 291.489: [CMS-concurrent-mark-start]
2018-06-17T23:33:45.219+0545: 292.844: [CMS-concurrent-mark: 1.355/1.355 secs] [Times: user=4.72 sys=0.00, real=1.35 secs] 
2018-06-17T23:33:45.219+0545: 292.844: [CMS-concurrent-preclean-start]
2018-06-17T23:33:45.221+0545: 292.847: [CMS-concurrent-preclean: 0.002/0.002 secs] [Times: user=0.00 sys=0.00, real=0.01 secs] 
2018-06-17T23:33:45.221+0545: 292.847: [CMS-concurrent-abortable-preclean-start]
2018-06-17T23:33:45.221+0545: 292.847: [CMS-concurrent-abortable-preclean: 0.000/0.000 secs] [Times: user=0.00 sys=0.00, real=0.00 secs] 
2018-06-17T23:33:45.222+0545: 292.847: [GC (CMS Final Remark) [YG occupancy: 46818 K (436928 K)]{Heap before GC invocations=145 (full 78):
 par new generation   total 436928K, used 46818K [0x0000000080000000, 0x00000000a0000000, 0x00000000a0000000)
  eden space 349568K,  13% used [0x0000000080000000, 0x0000000082db8b78, 0x0000000095560000)
  from space 87360K,   0% used [0x0000000095560000, 0x0000000095560000, 0x000000009aab0000)
  to   space 87360K,   0% used [0x000000009aab0000, 0x000000009aab0000, 0x00000000a0000000)
 concurrent mark-sweep generation total 1572864K, used 1570911K [0x00000000a0000000, 0x0000000100000000, 0x0000000100000000)
 Metaspace       used 29521K, capacity 30328K, committed 30488K, reserved 1075200K
  class space    used 3488K, capacity 3758K, committed 3864K, reserved 1048576K
2018-06-17T23:33:45.222+0545: 292.847: [GC (CMS Final Remark) 2018-06-17T23:33:45.222+0545: 292.847: [ParNew: 46818K->46818K(436928K), 0.0000132 secs] 1617730K->1617730K(2009792K), 0.0000349 secs] [Times: user=0.00 sys=0.00, real=0.00 secs] 
Heap after GC invocations=146 (full 78):
 par new generation   total 436928K, used 46818K [0x0000000080000000, 0x00000000a0000000, 0x00000000a0000000)
  eden space 349568K,  13% used [0x0000000080000000, 0x0000000082db8b78, 0x0000000095560000)
  from space 87360K,   0% used [0x0000000095560000, 0x0000000095560000, 0x000000009aab0000)
  to   space 87360K,   0% used [0x000000009aab0000, 0x000000009aab0000, 0x00000000a0000000)
 concurrent mark-sweep generation total 1572864K, used 1570911K [0x00000000a0000000, 0x0000000100000000, 0x0000000100000000)
 Metaspace       used 29521K, capacity 30328K, committed 30488K, reserved 1075200K
  class space    used 3488K, capacity 3758K, committed 3864K, reserved 1048576K
}
2018-06-17T23:33:45.222+0545: 292.847: [Rescan (parallel) , 0.0370946 secs]2018-06-17T23:33:45.259+0545: 292.884: [weak refs processing, 0.0034116 secs]2018-06-17T23:33:45.262+0545: 292.887: [class unloading, 0.0036560 secs]2018-06-17T23:33:45.266+0545: 292.891: [scrub symbol table, 0.0036869 secs]2018-06-17T23:33:45.270+0545: 292.895: [scrub string table, 0.0004466 secs][1 CMS-remark: 1570911K(1572864K)] 1617730K(2009792K), 0.0485415 secs] [Times: user=0.16 sys=0.00, real=0.05 secs] 
2018-06-17T23:33:45.270+0545: 292.895: Total time for which application threads were stopped: 0.0486295 seconds, Stopping threads took: 0.0000144 seconds
2018-06-17T23:33:45.270+0545: 292.895: [CMS-concurrent-sweep-start]
2018-06-17T23:33:45.852+0545: 293.477: [CMS-concurrent-sweep: 0.581/0.581 secs] [Times: user=0.58 sys=0.00, real=0.58 secs] 
2018-06-17T23:33:45.852+0545: 293.477: [CMS-concurrent-reset-start]
2018-06-17T23:33:45.854+0545: 293.480: [CMS-concurrent-reset: 0.003/0.003 secs] [Times: user=0.00 sys=0.00, real=0.00 secs] 
2018-06-17T23:33:47.854+0545: 295.479: [GC (CMS Initial Mark) [1 CMS-initial-mark: 1570911K(1572864K)] 1617730K(2009792K), 0.0372569 secs] [Times: user=0.04 sys=0.00, real=0.04 secs] 
2018-06-17T23:33:47.891+0545: 295.516: Total time for which application threads were stopped: 0.0374840 seconds, Stopping threads took: 0.0000358 seconds
2018-06-17T23:33:47.891+0545: 295.516: [CMS-concurrent-mark-start]
2018-06-17T23:33:49.087+0545: 296.712: [CMS-concurrent-mark: 1.196/1.196 secs] [Times: user=4.39 sys=0.01, real=1.19 secs] 
2018-06-17T23:33:49.087+0545: 296.712: [CMS-concurrent-preclean-start]
2018-06-17T23:33:49.089+0545: 296.715: [CMS-concurrent-preclean: 0.002/0.002 secs] [Times: user=0.00 sys=0.00, real=0.01 secs] 
2018-06-17T23:33:49.090+0545: 296.715: [CMS-concurrent-abortable-preclean-start]
2018-06-17T23:33:49.090+0545: 296.715: [CMS-concurrent-abortable-preclean: 0.000/0.000 secs] [Times: user=0.00 sys=0.00, real=0.00 secs] 
2018-06-17T23:33:49.090+0545: 296.715: [GC (CMS Final Remark) [YG occupancy: 46818 K (436928 K)]{Heap before GC invocations=146 (full 79):
 par new generation   total 436928K, used 46818K [0x0000000080000000, 0x00000000a0000000, 0x00000000a0000000)
  eden space 349568K,  13% used [0x0000000080000000, 0x0000000082db8b78, 0x0000000095560000)
  from space 87360K,   0% used [0x0000000095560000, 0x0000000095560000, 0x000000009aab0000)
  to   space 87360K,   0% used [0x000000009aab0000, 0x000000009aab0000, 0x00000000a0000000)
 concurrent mark-sweep generation total 1572864K, used 1570911K [0x00000000a0000000, 0x0000000100000000, 0x0000000100000000)
 Metaspace       used 29521K, capacity 30328K, committed 30488K, reserved 1075200K
  class space    used 3488K, capacity 3758K, committed 3864K, reserved 1048576K
2018-06-17T23:33:49.090+0545: 296.715: [GC (CMS Final Remark) 2018-06-17T23:33:49.090+0545: 296.715: [ParNew: 46818K->46818K(436928K), 0.0000130 secs] 1617730K->1617730K(2009792K), 0.0000337 secs] [Times: user=0.00 sys=0.00, real=0.00 secs] 
Heap after GC invocations=147 (full 79):
 par new generation   total 436928K, used 46818K [0x0000000080000000, 0x00000000a0000000, 0x00000000a0000000)
  eden space 349568K,  13% used [0x0000000080000000, 0x0000000082db8b78, 0x0000000095560000)
  from space 87360K,   0% used [0x0000000095560000, 0x0000000095560000, 0x000000009aab0000)
  to   space 87360K,   0% used [0x000000009aab0000, 0x000000009aab0000, 0x00000000a0000000)
 concurrent mark-sweep generation total 1572864K, used 1570911K [0x00000000a0000000, 0x0000000100000000, 0x0000000100000000)
 Metaspace       used 29521K, capacity 30328K, committed 30488K, reserved 1075200K
  class space    used 3488K, capacity 3758K, committed 3864K, reserved 1048576K
}
2018-06-17T23:33:49.090+0545: 296.715: [Rescan (parallel) , 0.0402528 secs]2018-06-17T23:33:49.130+0545: 296.755: [weak refs processing, 0.0062350 secs]2018-06-17T23:33:49.136+0545: 296.761: [class unloading, 0.0036843 secs]2018-06-17T23:33:49.140+0545: 296.765: [scrub symbol table, 0.0040891 secs]2018-06-17T23:33:49.144+0545: 296.769: [scrub string table, 0.0004742 secs][1 CMS-remark: 1570911K(1572864K)] 1617730K(2009792K), 0.0549966 secs] [Times: user=0.15 sys=0.00, real=0.05 secs] 
2018-06-17T23:33:49.145+0545: 296.770: Total time for which application threads were stopped: 0.0550918 seconds, Stopping threads took: 0.0000158 seconds
2018-06-17T23:33:49.145+0545: 296.770: [CMS-concurrent-sweep-start]
2018-06-17T23:33:49.702+0545: 297.327: [CMS-concurrent-sweep: 0.557/0.557 secs] [Times: user=0.56 sys=0.00, real=0.56 secs] 
2018-06-17T23:33:49.702+0545: 297.327: [CMS-concurrent-reset-start]
2018-06-17T23:33:49.704+0545: 297.329: [CMS-concurrent-reset: 0.002/0.002 secs] [Times: user=0.00 sys=0.00, real=0.00 secs] 
2018-06-17T23:33:51.703+0545: 299.328: [GC (CMS Initial Mark) [1 CMS-initial-mark: 1570911K(1572864K)] 1617730K(2009792K), 0.0639125 secs] [Times: user=0.07 sys=0.00, real=0.06 secs] 
2018-06-17T23:33:51.767+0545: 299.392: Total time for which application threads were stopped: 0.0641546 seconds, Stopping threads took: 0.0000472 seconds
2018-06-17T23:33:51.767+0545: 299.392: [CMS-concurrent-mark-start]
2018-06-17T23:33:53.054+0545: 300.679: [CMS-concurrent-mark: 1.287/1.287 secs] [Times: user=4.53 sys=0.00, real=1.29 secs] 
2018-06-17T23:33:53.054+0545: 300.679: [CMS-concurrent-preclean-start]
2018-06-17T23:33:53.056+0545: 300.681: [CMS-concurrent-preclean: 0.002/0.002 secs] [Times: user=0.01 sys=0.00, real=0.00 secs] 
2018-06-17T23:33:53.056+0545: 300.681: [CMS-concurrent-abortable-preclean-start]
2018-06-17T23:33:53.056+0545: 300.681: [CMS-concurrent-abortable-preclean: 0.000/0.000 secs] [Times: user=0.00 sys=0.00, real=0.00 secs] 
2018-06-17T23:33:53.056+0545: 300.681: [GC (CMS Final Remark) [YG occupancy: 46818 K (436928 K)]{Heap before GC invocations=147 (full 80):
 par new generation   total 436928K, used 46818K [0x0000000080000000, 0x00000000a0000000, 0x00000000a0000000)
  eden space 349568K,  13% used [0x0000000080000000, 0x0000000082db8b78, 0x0000000095560000)
  from space 87360K,   0% used [0x0000000095560000, 0x0000000095560000, 0x000000009aab0000)
  to   space 87360K,   0% used [0x000000009aab0000, 0x000000009aab0000, 0x00000000a0000000)
 concurrent mark-sweep generation total 1572864K, used 1570911K [0x00000000a0000000, 0x0000000100000000, 0x0000000100000000)
 Metaspace       used 29521K, capacity 30328K, committed 30488K, reserved 1075200K
  class space    used 3488K, capacity 3758K, committed 3864K, reserved 1048576K
2018-06-17T23:33:53.056+0545: 300.681: [GC (CMS Final Remark) 2018-06-17T23:33:53.056+0545: 300.681: [ParNew: 46818K->46818K(436928K), 0.0000129 secs] 1617730K->1617730K(2009792K), 0.0000346 secs] [Times: user=0.00 sys=0.00, real=0.00 secs] 
Heap after GC invocations=148 (full 80):
 par new generation   total 436928K, used 46818K [0x0000000080000000, 0x00000000a0000000, 0x00000000a0000000)
  eden space 349568K,  13% used [0x0000000080000000, 0x0000000082db8b78, 0x0000000095560000)
  from space 87360K,   0% used [0x0000000095560000, 0x0000000095560000, 0x000000009aab0000)
  to   space 87360K,   0% used [0x000000009aab0000, 0x000000009aab0000, 0x00000000a0000000)
 concurrent mark-sweep generation total 1572864K, used 1570911K [0x00000000a0000000, 0x0000000100000000, 0x0000000100000000)
 Metaspace       used 29521K, capacity 30328K, committed 30488K, reserved 1075200K
  class space    used 3488K, capacity 3758K, committed 3864K, reserved 1048576K
}
2018-06-17T23:33:53.056+0545: 300.681: [Rescan (parallel) , 0.0374473 secs]2018-06-17T23:33:53.094+0545: 300.719: [weak refs processing, 0.0005892 secs]2018-06-17T23:33:53.094+0545: 300.719: [class unloading, 0.0038048 secs]2018-06-17T23:33:53.098+0545: 300.723: [scrub symbol table, 0.0034451 secs]2018-06-17T23:33:53.102+0545: 300.727: [scrub string table, 0.0004355 secs][1 CMS-remark: 1570911K(1572864K)] 1617730K(2009792K), 0.0459560 secs] [Times: user=0.14 sys=0.01, real=0.05 secs] 
2018-06-17T23:33:53.102+0545: 300.727: Total time for which application threads were stopped: 0.0460482 seconds, Stopping threads took: 0.0000151 seconds
2018-06-17T23:33:53.102+0545: 300.727: [CMS-concurrent-sweep-start]
2018-06-17T23:33:53.677+0545: 301.302: [CMS-concurrent-sweep: 0.575/0.575 secs] [Times: user=0.58 sys=0.00, real=0.57 secs] 
2018-06-17T23:33:53.677+0545: 301.302: [CMS-concurrent-reset-start]
2018-06-17T23:33:53.680+0545: 301.305: [CMS-concurrent-reset: 0.003/0.003 secs] [Times: user=0.00 sys=0.00, real=0.00 secs] 
2018-06-17T23:33:55.679+0545: 303.304: [GC (CMS Initial Mark) [1 CMS-initial-mark: 1570911K(1572864K)] 1617730K(2009792K), 0.0625266 secs] [Times: user=0.07 sys=0.00, real=0.07 secs] 
2018-06-17T23:33:55.742+0545: 303.367: Total time for which application threads were stopped: 0.0627757 seconds, Stopping threads took: 0.0000472 seconds
2018-06-17T23:33:55.742+0545: 303.367: [CMS-concurrent-mark-start]
2018-06-17T23:33:56.886+0545: 304.512: [CMS-concurrent-mark: 1.145/1.145 secs] [Times: user=4.40 sys=0.00, real=1.14 secs] 
2018-06-17T23:33:56.886+0545: 304.512: [CMS-concurrent-preclean-start]
2018-06-17T23:33:56.889+0545: 304.514: [CMS-concurrent-preclean: 0.002/0.002 secs] [Times: user=0.01 sys=0.00, real=0.01 secs] 
2018-06-17T23:33:56.889+0545: 304.514: [CMS-concurrent-abortable-preclean-start]
2018-06-17T23:33:56.889+0545: 304.514: [CMS-concurrent-abortable-preclean: 0.000/0.000 secs] [Times: user=0.00 sys=0.00, real=0.00 secs] 
2018-06-17T23:33:56.889+0545: 304.514: [GC (CMS Final Remark) [YG occupancy: 46819 K (436928 K)]{Heap before GC invocations=148 (full 81):
 par new generation   total 436928K, used 46819K [0x0000000080000000, 0x00000000a0000000, 0x00000000a0000000)
  eden space 349568K,  13% used [0x0000000080000000, 0x0000000082db8cf8, 0x0000000095560000)
  from space 87360K,   0% used [0x0000000095560000, 0x0000000095560000, 0x000000009aab0000)
  to   space 87360K,   0% used [0x000000009aab0000, 0x000000009aab0000, 0x00000000a0000000)
 concurrent mark-sweep generation total 1572864K, used 1570911K [0x00000000a0000000, 0x0000000100000000, 0x0000000100000000)
 Metaspace       used 29521K, capacity 30328K, committed 30488K, reserved 1075200K
  class space    used 3488K, capacity 3758K, committed 3864K, reserved 1048576K
2018-06-17T23:33:56.889+0545: 304.514: [GC (CMS Final Remark) 2018-06-17T23:33:56.889+0545: 304.514: [ParNew: 46819K->46819K(436928K), 0.0000145 secs] 1617730K->1617730K(2009792K), 0.0000439 secs] [Times: user=0.00 sys=0.00, real=0.00 secs] 
Heap after GC invocations=149 (full 81):
 par new generation   total 436928K, used 46819K [0x0000000080000000, 0x00000000a0000000, 0x00000000a0000000)
  eden space 349568K,  13% used [0x0000000080000000, 0x0000000082db8cf8, 0x0000000095560000)
  from space 87360K,   0% used [0x0000000095560000, 0x0000000095560000, 0x000000009aab0000)
  to   space 87360K,   0% used [0x000000009aab0000, 0x000000009aab0000, 0x00000000a0000000)
 concurrent mark-sweep generation total 1572864K, used 1570911K [0x00000000a0000000, 0x0000000100000000, 0x0000000100000000)
 Metaspace       used 29521K, capacity 30328K, committed 30488K, reserved 1075200K
  class space    used 3488K, capacity 3758K, committed 3864K, reserved 1048576K
}
2018-06-17T23:33:56.889+0545: 304.514: [Rescan (parallel) , 0.0446577 secs]2018-06-17T23:33:56.934+0545: 304.559: [weak refs processing, 0.0025642 secs]2018-06-17T23:33:56.936+0545: 304.562: [class unloading, 0.0038340 secs]2018-06-17T23:33:56.940+0545: 304.565: [scrub symbol table, 0.0045297 secs]2018-06-17T23:33:56.945+0545: 304.570: [scrub string table, 0.0005213 secs][1 CMS-remark: 1570911K(1572864K)] 1617730K(2009792K), 0.0563631 secs] [Times: user=0.17 sys=0.00, real=0.05 secs] 
2018-06-17T23:33:56.946+0545: 304.571: Total time for which application threads were stopped: 0.0564727 seconds, Stopping threads took: 0.0000210 seconds
2018-06-17T23:33:56.946+0545: 304.571: [CMS-concurrent-sweep-start]
2018-06-17T23:33:57.484+0545: 305.109: [CMS-concurrent-sweep: 0.538/0.538 secs] [Times: user=0.54 sys=0.00, real=0.54 secs] 
2018-06-17T23:33:57.484+0545: 305.109: [CMS-concurrent-reset-start]
2018-06-17T23:33:57.486+0545: 305.111: [CMS-concurrent-reset: 0.002/0.002 secs] [Times: user=0.00 sys=0.00, real=0.00 secs] 
2018-06-17T23:33:59.485+0545: 307.110: [GC (CMS Initial Mark) [1 CMS-initial-mark: 1570911K(1572864K)] 1617730K(2009792K), 0.0591880 secs] [Times: user=0.06 sys=0.00, real=0.06 secs] 
2018-06-17T23:33:59.544+0545: 307.170: Total time for which application threads were stopped: 0.0595540 seconds, Stopping threads took: 0.0000988 seconds
2018-06-17T23:33:59.545+0545: 307.170: [CMS-concurrent-mark-start]
2018-06-17T23:34:00.741+0545: 308.366: [CMS-concurrent-mark: 1.196/1.196 secs] [Times: user=4.49 sys=0.01, real=1.20 secs] 
2018-06-17T23:34:00.741+0545: 308.366: [CMS-concurrent-preclean-start]
2018-06-17T23:34:00.743+0545: 308.368: [CMS-concurrent-preclean: 0.002/0.002 secs] [Times: user=0.01 sys=0.00, real=0.00 secs] 
2018-06-17T23:34:00.743+0545: 308.368: [CMS-concurrent-abortable-preclean-start]
2018-06-17T23:34:00.743+0545: 308.368: [CMS-concurrent-abortable-preclean: 0.000/0.000 secs] [Times: user=0.00 sys=0.00, real=0.00 secs] 
2018-06-17T23:34:00.743+0545: 308.368: [GC (CMS Final Remark) [YG occupancy: 46819 K (436928 K)]{Heap before GC invocations=149 (full 82):
 par new generation   total 436928K, used 46819K [0x0000000080000000, 0x00000000a0000000, 0x00000000a0000000)
  eden space 349568K,  13% used [0x0000000080000000, 0x0000000082db8cf8, 0x0000000095560000)
  from space 87360K,   0% used [0x0000000095560000, 0x0000000095560000, 0x000000009aab0000)
  to   space 87360K,   0% used [0x000000009aab0000, 0x000000009aab0000, 0x00000000a0000000)
 concurrent mark-sweep generation total 1572864K, used 1570911K [0x00000000a0000000, 0x0000000100000000, 0x0000000100000000)
 Metaspace       used 29521K, capacity 30328K, committed 30488K, reserved 1075200K
  class space    used 3488K, capacity 3758K, committed 3864K, reserved 1048576K
2018-06-17T23:34:00.743+0545: 308.369: [GC (CMS Final Remark) 2018-06-17T23:34:00.743+0545: 308.369: [ParNew: 46819K->46819K(436928K), 0.0000154 secs] 1617730K->1617730K(2009792K), 0.0000481 secs] [Times: user=0.00 sys=0.00, real=0.00 secs] 
Heap after GC invocations=150 (full 82):
 par new generation   total 436928K, used 46819K [0x0000000080000000, 0x00000000a0000000, 0x00000000a0000000)
  eden space 349568K,  13% used [0x0000000080000000, 0x0000000082db8cf8, 0x0000000095560000)
  from space 87360K,   0% used [0x0000000095560000, 0x0000000095560000, 0x000000009aab0000)
  to   space 87360K,   0% used [0x000000009aab0000, 0x000000009aab0000, 0x00000000a0000000)
 concurrent mark-sweep generation total 1572864K, used 1570911K [0x00000000a0000000, 0x0000000100000000, 0x0000000100000000)
 Metaspace       used 29521K, capacity 30328K, committed 30488K, reserved 1075200K
  class space    used 3488K, capacity 3758K, committed 3864K, reserved 1048576K
}
2018-06-17T23:34:00.744+0545: 308.369: [Rescan (parallel) , 0.0363714 secs]2018-06-17T23:34:00.780+0545: 308.405: [weak refs processing, 0.0038223 secs]2018-06-17T23:34:00.784+0545: 308.409: [class unloading, 0.0035749 secs]2018-06-17T23:34:00.787+0545: 308.412: [scrub symbol table, 0.0035225 secs]2018-06-17T23:34:00.791+0545: 308.416: [scrub string table, 0.0004328 secs][1 CMS-remark: 1570911K(1572864K)] 1617730K(2009792K), 0.0479805 secs] [Times: user=0.16 sys=0.00, real=0.05 secs] 
2018-06-17T23:34:00.791+0545: 308.416: Total time for which application threads were stopped: 0.0480725 seconds, Stopping threads took: 0.0000150 seconds
2018-06-17T23:34:00.791+0545: 308.417: [CMS-concurrent-sweep-start]
2018-06-17T23:34:01.344+0545: 308.969: [CMS-concurrent-sweep: 0.553/0.553 secs] [Times: user=0.55 sys=0.00, real=0.55 secs] 
2018-06-17T23:34:01.344+0545: 308.969: [CMS-concurrent-reset-start]
2018-06-17T23:34:01.347+0545: 308.972: [CMS-concurrent-reset: 0.002/0.002 secs] [Times: user=0.00 sys=0.00, real=0.00 secs] 
2018-06-17T23:34:01.513+0545: 309.138: Total time for which application threads were stopped: 0.0002224 seconds, Stopping threads took: 0.0000879 seconds
2018-06-17T23:34:01.513+0545: 309.138: Total time for which application threads were stopped: 0.0001441 seconds, Stopping threads took: 0.0000591 seconds
2018-06-17T23:34:01.513+0545: 309.138: Total time for which application threads were stopped: 0.0001400 seconds, Stopping threads took: 0.0000631 seconds
2018-06-17T23:34:01.514+0545: 309.139: Total time for which application threads were stopped: 0.0001934 seconds, Stopping threads took: 0.0000958 seconds
2018-06-17T23:34:01.514+0545: 309.139: Total time for which application threads were stopped: 0.0001904 seconds, Stopping threads took: 0.0001025 seconds
Heap
 par new generation   total 436928K, used 98031K [0x0000000080000000, 0x00000000a0000000, 0x00000000a0000000)
  eden space 349568K,  28% used [0x0000000080000000, 0x0000000085fbbda8, 0x0000000095560000)
  from space 87360K,   0% used [0x0000000095560000, 0x0000000095560000, 0x000000009aab0000)
  to   space 87360K,   0% used [0x000000009aab0000, 0x000000009aab0000, 0x00000000a0000000)
 concurrent mark-sweep generation total 1572864K, used 1570911K [0x00000000a0000000, 0x0000000100000000, 0x0000000100000000)
 Metaspace       used 29568K, capacity 30394K, committed 30744K, reserved 1077248K
  class space    used 3497K, capacity 3759K, committed 3864K, reserved 1048576K
