Java HotSpot(TM) 64-Bit Server VM (25.151-b12) for linux-amd64 JRE (1.8.0_151-b12), built on Sep  5 2017 19:20:58 by "java_re" with gcc 4.3.0 20080428 (Red Hat 4.3.0-8)
Memory: 4k page, physical 7944680k(1983548k free), swap 2097148k(1066720k free)
CommandLine flags: -XX:CMSInitiatingOccupancyFraction=50 -XX:CMSMaxAbortablePrecleanTime=6000 -XX:+CMSParallelRemarkEnabled -XX:+CMSScavengeBeforeRemark -XX:ConcGCThreads=4 -XX:GCLogFileSize=20971520 -XX:InitialHeapSize=536870912 -XX:MaxHeapSize=2147483648 -XX:MaxTenuringThreshold=8 -XX:NewRatio=3 -XX:NumberOfGCLogFiles=9 -XX:OldPLABSize=16 -XX:-OmitStackTraceInFastThrow -XX:ParallelGCThreads=4 -XX:+ParallelRefProcEnabled -XX:PretenureSizeThreshold=67108864 -XX:+PrintGC -XX:+PrintGCApplicationStoppedTime -XX:+PrintGCDateStamps -XX:+PrintGCDetails -XX:+PrintGCTimeStamps -XX:+PrintHeapAtGC -XX:+PrintTenuringDistribution -XX:SurvivorRatio=4 -XX:TargetSurvivorRatio=90 -XX:ThreadStackSize=256 -XX:+UseCMSInitiatingOccupancyOnly -XX:+UseCompressedClassPointers -XX:+UseCompressedOops -XX:+UseConcMarkSweepGC -XX:+UseGCLogFileRotation -XX:+UseParNewGC 
2018-06-17T23:35:22.515+0545: 0.128: Total time for which application threads were stopped: 0.0000837 seconds, Stopping threads took: 0.0000184 seconds
2018-06-17T23:35:22.652+0545: 0.265: Total time for which application threads were stopped: 0.0001383 seconds, Stopping threads took: 0.0000214 seconds
2018-06-17T23:35:23.047+0545: 0.660: Total time for which application threads were stopped: 0.0002181 seconds, Stopping threads took: 0.0000130 seconds
2018-06-17T23:35:23.164+0545: 0.777: Total time for which application threads were stopped: 0.0001997 seconds, Stopping threads took: 0.0000154 seconds
2018-06-17T23:35:23.186+0545: 0.799: Total time for which application threads were stopped: 0.0002440 seconds, Stopping threads took: 0.0000242 seconds
2018-06-17T23:35:23.416+0545: 1.029: Total time for which application threads were stopped: 0.0002198 seconds, Stopping threads took: 0.0000287 seconds
2018-06-17T23:35:23.464+0545: 1.077: Total time for which application threads were stopped: 0.0002539 seconds, Stopping threads took: 0.0000624 seconds
2018-06-17T23:35:23.725+0545: 1.338: Total time for which application threads were stopped: 0.0002376 seconds, Stopping threads took: 0.0000128 seconds
2018-06-17T23:35:23.726+0545: 1.339: Total time for which application threads were stopped: 0.0002547 seconds, Stopping threads took: 0.0000177 seconds
2018-06-17T23:35:23.730+0545: 1.343: Total time for which application threads were stopped: 0.0002047 seconds, Stopping threads took: 0.0000138 seconds
2018-06-17T23:35:23.737+0545: 1.350: Total time for which application threads were stopped: 0.0001992 seconds, Stopping threads took: 0.0000160 seconds
2018-06-17T23:35:23.810+0545: 1.423: Total time for which application threads were stopped: 0.0002718 seconds, Stopping threads took: 0.0000211 seconds
{Heap before GC invocations=0 (full 0):
 par new generation   total 109248K, used 87424K [0x0000000080000000, 0x0000000088000000, 0x00000000a0000000)
  eden space 87424K, 100% used [0x0000000080000000, 0x0000000085560000, 0x0000000085560000)
  from space 21824K,   0% used [0x0000000085560000, 0x0000000085560000, 0x0000000086ab0000)
  to   space 21824K,   0% used [0x0000000086ab0000, 0x0000000086ab0000, 0x0000000088000000)
 concurrent mark-sweep generation total 393216K, used 0K [0x00000000a0000000, 0x00000000b8000000, 0x0000000100000000)
 Metaspace       used 18525K, capacity 18880K, committed 19200K, reserved 1067008K
  class space    used 2139K, capacity 2276K, committed 2304K, reserved 1048576K
2018-06-17T23:35:23.812+0545: 1.425: [GC (Allocation Failure) 2018-06-17T23:35:23.812+0545: 1.425: [ParNew
Desired survivor size 20112992 bytes, new threshold 8 (max 8)
- age   1:   10201136 bytes,   10201136 total
: 87424K->10066K(109248K), 0.0150489 secs] 87424K->10066K(502464K), 0.0151482 secs] [Times: user=0.04 sys=0.01, real=0.01 secs] 
Heap after GC invocations=1 (full 0):
 par new generation   total 109248K, used 10066K [0x0000000080000000, 0x0000000088000000, 0x00000000a0000000)
  eden space 87424K,   0% used [0x0000000080000000, 0x0000000080000000, 0x0000000085560000)
  from space 21824K,  46% used [0x0000000086ab0000, 0x0000000087484ba0, 0x0000000088000000)
  to   space 21824K,   0% used [0x0000000085560000, 0x0000000085560000, 0x0000000086ab0000)
 concurrent mark-sweep generation total 393216K, used 0K [0x00000000a0000000, 0x00000000b8000000, 0x0000000100000000)
 Metaspace       used 18525K, capacity 18880K, committed 19200K, reserved 1067008K
  class space    used 2139K, capacity 2276K, committed 2304K, reserved 1048576K
}
2018-06-17T23:35:23.827+0545: 1.440: Total time for which application threads were stopped: 0.0152936 seconds, Stopping threads took: 0.0000210 seconds
2018-06-17T23:35:24.096+0545: 1.709: Total time for which application threads were stopped: 0.0002687 seconds, Stopping threads took: 0.0000218 seconds
2018-06-17T23:35:24.134+0545: 1.747: Total time for which application threads were stopped: 0.0001117 seconds, Stopping threads took: 0.0000232 seconds
2018-06-17T23:35:24.185+0545: 1.798: Total time for which application threads were stopped: 0.0001366 seconds, Stopping threads took: 0.0000289 seconds
2018-06-17T23:35:24.207+0545: 1.820: Total time for which application threads were stopped: 0.0000953 seconds, Stopping threads took: 0.0000365 seconds
2018-06-17T23:35:24.234+0545: 1.847: Total time for which application threads were stopped: 0.0014290 seconds, Stopping threads took: 0.0002323 seconds
2018-06-17T23:35:24.262+0545: 1.875: Total time for which application threads were stopped: 0.0001059 seconds, Stopping threads took: 0.0000213 seconds
2018-06-17T23:35:24.300+0545: 1.913: Total time for which application threads were stopped: 0.0002155 seconds, Stopping threads took: 0.0001265 seconds
2018-06-17T23:35:24.325+0545: 1.938: Total time for which application threads were stopped: 0.0009849 seconds, Stopping threads took: 0.0002936 seconds
2018-06-17T23:35:24.397+0545: 2.010: Total time for which application threads were stopped: 0.0001541 seconds, Stopping threads took: 0.0000427 seconds
2018-06-17T23:35:24.471+0545: 2.084: Total time for which application threads were stopped: 0.0001936 seconds, Stopping threads took: 0.0000769 seconds
2018-06-17T23:35:24.510+0545: 2.123: Total time for which application threads were stopped: 0.0001105 seconds, Stopping threads took: 0.0000225 seconds
2018-06-17T23:35:24.542+0545: 2.155: Total time for which application threads were stopped: 0.0000892 seconds, Stopping threads took: 0.0000163 seconds
2018-06-17T23:35:24.593+0545: 2.206: Total time for which application threads were stopped: 0.0001280 seconds, Stopping threads took: 0.0000266 seconds
{Heap before GC invocations=1 (full 0):
 par new generation   total 109248K, used 97490K [0x0000000080000000, 0x0000000088000000, 0x00000000a0000000)
  eden space 87424K, 100% used [0x0000000080000000, 0x0000000085560000, 0x0000000085560000)
  from space 21824K,  46% used [0x0000000086ab0000, 0x0000000087484ba0, 0x0000000088000000)
  to   space 21824K,   0% used [0x0000000085560000, 0x0000000085560000, 0x0000000086ab0000)
 concurrent mark-sweep generation total 393216K, used 0K [0x00000000a0000000, 0x00000000b8000000, 0x0000000100000000)
 Metaspace       used 23923K, capacity 24514K, committed 24872K, reserved 1071104K
  class space    used 2878K, capacity 3061K, committed 3120K, reserved 1048576K
2018-06-17T23:35:24.601+0545: 2.214: [GC (Allocation Failure) 2018-06-17T23:35:24.601+0545: 2.215: [ParNew
Desired survivor size 20112992 bytes, new threshold 8 (max 8)
- age   1:    8463424 bytes,    8463424 total
- age   2:    4652472 bytes,   13115896 total
: 97490K->15137K(109248K), 0.0138139 secs] 97490K->15137K(502464K), 0.0138988 secs] [Times: user=0.04 sys=0.01, real=0.01 secs] 
Heap after GC invocations=2 (full 0):
 par new generation   total 109248K, used 15137K [0x0000000080000000, 0x0000000088000000, 0x00000000a0000000)
  eden space 87424K,   0% used [0x0000000080000000, 0x0000000080000000, 0x0000000085560000)
  from space 21824K,  69% used [0x0000000085560000, 0x0000000086428790, 0x0000000086ab0000)
  to   space 21824K,   0% used [0x0000000086ab0000, 0x0000000086ab0000, 0x0000000088000000)
 concurrent mark-sweep generation total 393216K, used 0K [0x00000000a0000000, 0x00000000b8000000, 0x0000000100000000)
 Metaspace       used 23923K, capacity 24514K, committed 24872K, reserved 1071104K
  class space    used 2878K, capacity 3061K, committed 3120K, reserved 1048576K
}
2018-06-17T23:35:24.615+0545: 2.228: Total time for which application threads were stopped: 0.0140623 seconds, Stopping threads took: 0.0000263 seconds
2018-06-17T23:35:24.615+0545: 2.229: [GC (CMS Initial Mark) [1 CMS-initial-mark: 0K(393216K)] 15137K(502464K), 0.0041465 secs] [Times: user=0.01 sys=0.00, real=0.00 secs] 
2018-06-17T23:35:24.620+0545: 2.233: Total time for which application threads were stopped: 0.0042891 seconds, Stopping threads took: 0.0000326 seconds
2018-06-17T23:35:24.620+0545: 2.233: [CMS-concurrent-mark-start]
2018-06-17T23:35:24.630+0545: 2.243: [CMS-concurrent-mark: 0.010/0.010 secs] [Times: user=0.02 sys=0.00, real=0.02 secs] 
2018-06-17T23:35:24.630+0545: 2.243: [CMS-concurrent-preclean-start]
2018-06-17T23:35:24.631+0545: 2.244: [CMS-concurrent-preclean: 0.001/0.001 secs] [Times: user=0.01 sys=0.00, real=0.00 secs] 
2018-06-17T23:35:24.631+0545: 2.244: [CMS-concurrent-abortable-preclean-start]
2018-06-17T23:35:24.738+0545: 2.351: Total time for which application threads were stopped: 0.0001090 seconds, Stopping threads took: 0.0000224 seconds
2018-06-17T23:35:24.747+0545: 2.360: Total time for which application threads were stopped: 0.0004331 seconds, Stopping threads took: 0.0000319 seconds
2018-06-17T23:35:24.813+0545: 2.426: Total time for which application threads were stopped: 0.0008735 seconds, Stopping threads took: 0.0000449 seconds
2018-06-17T23:35:24.836+0545: 2.449: Total time for which application threads were stopped: 0.0004215 seconds, Stopping threads took: 0.0000289 seconds
2018-06-17T23:35:24.943+0545: 2.556: Total time for which application threads were stopped: 0.0001763 seconds, Stopping threads took: 0.0000289 seconds
2018-06-17T23:35:25.040+0545: 2.653: Total time for which application threads were stopped: 0.0001803 seconds, Stopping threads took: 0.0000364 seconds
2018-06-17T23:35:25.142+0545: 2.755: [CMS-concurrent-abortable-preclean: 0.340/0.511 secs] [Times: user=1.41 sys=0.02, real=0.51 secs] 
2018-06-17T23:35:25.144+0545: 2.757: [GC (CMS Final Remark) [YG occupancy: 67269 K (109248 K)]{Heap before GC invocations=2 (full 1):
 par new generation   total 109248K, used 67269K [0x0000000080000000, 0x0000000088000000, 0x00000000a0000000)
  eden space 87424K,  59% used [0x0000000080000000, 0x00000000832e8c70, 0x0000000085560000)
  from space 21824K,  69% used [0x0000000085560000, 0x0000000086428790, 0x0000000086ab0000)
  to   space 21824K,   0% used [0x0000000086ab0000, 0x0000000086ab0000, 0x0000000088000000)
 concurrent mark-sweep generation total 393216K, used 0K [0x00000000a0000000, 0x00000000b8000000, 0x0000000100000000)
 Metaspace       used 24995K, capacity 25688K, committed 25944K, reserved 1073152K
  class space    used 2999K, capacity 3200K, committed 3272K, reserved 1048576K
2018-06-17T23:35:25.144+0545: 2.757: [GC (CMS Final Remark) 2018-06-17T23:35:25.144+0545: 2.757: [ParNew
Desired survivor size 20112992 bytes, new threshold 8 (max 8)
- age   1:    1631336 bytes,    1631336 total
- age   2:    3771640 bytes,    5402976 total
- age   3:    4650256 bytes,   10053232 total
: 67269K->13900K(109248K), 0.0308672 secs] 67269K->13900K(502464K), 0.0309418 secs] [Times: user=0.07 sys=0.00, real=0.03 secs] 
Heap after GC invocations=3 (full 1):
 par new generation   total 109248K, used 13900K [0x0000000080000000, 0x0000000088000000, 0x00000000a0000000)
  eden space 87424K,   0% used [0x0000000080000000, 0x0000000080000000, 0x0000000085560000)
  from space 21824K,  63% used [0x0000000086ab0000, 0x00000000878430a0, 0x0000000088000000)
  to   space 21824K,   0% used [0x0000000085560000, 0x0000000085560000, 0x0000000086ab0000)
 concurrent mark-sweep generation total 393216K, used 0K [0x00000000a0000000, 0x00000000b8000000, 0x0000000100000000)
 Metaspace       used 24995K, capacity 25688K, committed 25944K, reserved 1073152K
  class space    used 2999K, capacity 3200K, committed 3272K, reserved 1048576K
}
2018-06-17T23:35:25.175+0545: 2.788: [Rescan (parallel) , 0.0105917 secs]2018-06-17T23:35:25.185+0545: 2.799: [weak refs processing, 0.0087384 secs]2018-06-17T23:35:25.194+0545: 2.807: [class unloading, 0.0035603 secs]2018-06-17T23:35:25.198+0545: 2.811: [scrub symbol table, 0.0032471 secs]2018-06-17T23:35:25.201+0545: 2.814: [scrub string table, 0.0003554 secs][1 CMS-remark: 0K(393216K)] 13900K(502464K), 0.0582545 secs] [Times: user=0.12 sys=0.00, real=0.06 secs] 
2018-06-17T23:35:25.202+0545: 2.815: Total time for which application threads were stopped: 0.0598532 seconds, Stopping threads took: 0.0014358 seconds
2018-06-17T23:35:25.202+0545: 2.815: [CMS-concurrent-sweep-start]
2018-06-17T23:35:25.202+0545: 2.815: [CMS-concurrent-sweep: 0.000/0.000 secs] [Times: user=0.00 sys=0.00, real=0.00 secs] 
2018-06-17T23:35:25.202+0545: 2.815: [CMS-concurrent-reset-start]
2018-06-17T23:35:25.214+0545: 2.827: [CMS-concurrent-reset: 0.012/0.012 secs] [Times: user=0.03 sys=0.01, real=0.01 secs] 
2018-06-17T23:35:25.715+0545: 3.328: Total time for which application threads were stopped: 0.0006027 seconds, Stopping threads took: 0.0000208 seconds
{Heap before GC invocations=3 (full 1):
 par new generation   total 109248K, used 101324K [0x0000000080000000, 0x0000000088000000, 0x00000000a0000000)
  eden space 87424K, 100% used [0x0000000080000000, 0x0000000085560000, 0x0000000085560000)
  from space 21824K,  63% used [0x0000000086ab0000, 0x00000000878430a0, 0x0000000088000000)
  to   space 21824K,   0% used [0x0000000085560000, 0x0000000085560000, 0x0000000086ab0000)
 concurrent mark-sweep generation total 393216K, used 0K [0x00000000a0000000, 0x00000000b8000000, 0x0000000100000000)
 Metaspace       used 27327K, capacity 28012K, committed 28104K, reserved 1073152K
  class space    used 3279K, capacity 3508K, committed 3528K, reserved 1048576K
2018-06-17T23:35:25.855+0545: 3.468: [GC (Allocation Failure) 2018-06-17T23:35:25.855+0545: 3.468: [ParNew
Desired survivor size 20112992 bytes, new threshold 4 (max 8)
- age   1:   13020400 bytes,   13020400 total
- age   2:     947360 bytes,   13967760 total
- age   3:    3737672 bytes,   17705432 total
- age   4:    4631328 bytes,   22336760 total
: 101324K->21824K(109248K), 0.0987095 secs] 101324K->29021K(502464K), 0.0987969 secs] [Times: user=0.22 sys=0.00, real=0.10 secs] 
Heap after GC invocations=4 (full 1):
 par new generation   total 109248K, used 21824K [0x0000000080000000, 0x0000000088000000, 0x00000000a0000000)
  eden space 87424K,   0% used [0x0000000080000000, 0x0000000080000000, 0x0000000085560000)
  from space 21824K, 100% used [0x0000000085560000, 0x0000000086ab0000, 0x0000000086ab0000)
  to   space 21824K,   0% used [0x0000000086ab0000, 0x0000000086ab0000, 0x0000000088000000)
 concurrent mark-sweep generation total 393216K, used 7197K [0x00000000a0000000, 0x00000000b8000000, 0x0000000100000000)
 Metaspace       used 27327K, capacity 28012K, committed 28104K, reserved 1073152K
  class space    used 3279K, capacity 3508K, committed 3528K, reserved 1048576K
}
2018-06-17T23:35:25.954+0545: 3.567: Total time for which application threads were stopped: 0.0990392 seconds, Stopping threads took: 0.0000260 seconds
{Heap before GC invocations=4 (full 1):
 par new generation   total 109248K, used 109248K [0x0000000080000000, 0x0000000088000000, 0x00000000a0000000)
  eden space 87424K, 100% used [0x0000000080000000, 0x0000000085560000, 0x0000000085560000)
  from space 21824K, 100% used [0x0000000085560000, 0x0000000086ab0000, 0x0000000086ab0000)
  to   space 21824K,   0% used [0x0000000086ab0000, 0x0000000086ab0000, 0x0000000088000000)
 concurrent mark-sweep generation total 393216K, used 7197K [0x00000000a0000000, 0x00000000b8000000, 0x0000000100000000)
 Metaspace       used 27526K, capacity 28240K, committed 28488K, reserved 1075200K
  class space    used 3305K, capacity 3562K, committed 3656K, reserved 1048576K
2018-06-17T23:35:26.223+0545: 3.836: [GC (Allocation Failure) 2018-06-17T23:35:26.223+0545: 3.836: [ParNew
Desired survivor size 20112992 bytes, new threshold 4 (max 8)
- age   1:   13186416 bytes,   13186416 total
- age   2:    5869528 bytes,   19055944 total
- age   3:     133440 bytes,   19189384 total
- age   4:    3158240 bytes,   22347624 total
: 109248K->21824K(109248K), 0.1622030 secs] 116445K->74088K(502464K), 0.1622804 secs] [Times: user=0.39 sys=0.01, real=0.16 secs] 
Heap after GC invocations=5 (full 1):
 par new generation   total 109248K, used 21824K [0x0000000080000000, 0x0000000088000000, 0x00000000a0000000)
  eden space 87424K,   0% used [0x0000000080000000, 0x0000000080000000, 0x0000000085560000)
  from space 21824K, 100% used [0x0000000086ab0000, 0x0000000088000000, 0x0000000088000000)
  to   space 21824K,   0% used [0x0000000085560000, 0x0000000085560000, 0x0000000086ab0000)
 concurrent mark-sweep generation total 393216K, used 52264K [0x00000000a0000000, 0x00000000b8000000, 0x0000000100000000)
 Metaspace       used 27526K, capacity 28240K, committed 28488K, reserved 1075200K
  class space    used 3305K, capacity 3562K, committed 3656K, reserved 1048576K
}
2018-06-17T23:35:26.385+0545: 3.998: Total time for which application threads were stopped: 0.1625064 seconds, Stopping threads took: 0.0000318 seconds
2018-06-17T23:35:26.447+0545: 4.060: Total time for which application threads were stopped: 0.0003223 seconds, Stopping threads took: 0.0000260 seconds
{Heap before GC invocations=5 (full 1):
 par new generation   total 109248K, used 109248K [0x0000000080000000, 0x0000000088000000, 0x00000000a0000000)
  eden space 87424K, 100% used [0x0000000080000000, 0x0000000085560000, 0x0000000085560000)
  from space 21824K, 100% used [0x0000000086ab0000, 0x0000000088000000, 0x0000000088000000)
  to   space 21824K,   0% used [0x0000000085560000, 0x0000000085560000, 0x0000000086ab0000)
 concurrent mark-sweep generation total 393216K, used 52264K [0x00000000a0000000, 0x00000000b8000000, 0x0000000100000000)
 Metaspace       used 27526K, capacity 28240K, committed 28488K, reserved 1075200K
  class space    used 3305K, capacity 3562K, committed 3656K, reserved 1048576K
2018-06-17T23:35:26.552+0545: 4.165: [GC (Allocation Failure) 2018-06-17T23:35:26.552+0545: 4.165: [ParNew
Desired survivor size 20112992 bytes, new threshold 3 (max 8)
- age   1:   11672960 bytes,   11672960 total
- age   2:    8272984 bytes,   19945944 total
- age   3:    2272456 bytes,   22218400 total
- age   4:     129248 bytes,   22347648 total
: 109248K->21824K(109248K), 0.1240201 secs] 161512K->129316K(502464K), 0.1240803 secs] [Times: user=0.41 sys=0.03, real=0.12 secs] 
Heap after GC invocations=6 (full 1):
 par new generation   total 109248K, used 21824K [0x0000000080000000, 0x0000000088000000, 0x00000000a0000000)
  eden space 87424K,   0% used [0x0000000080000000, 0x0000000080000000, 0x0000000085560000)
  from space 21824K, 100% used [0x0000000085560000, 0x0000000086ab0000, 0x0000000086ab0000)
  to   space 21824K,   0% used [0x0000000086ab0000, 0x0000000086ab0000, 0x0000000088000000)
 concurrent mark-sweep generation total 393216K, used 107492K [0x00000000a0000000, 0x00000000b8000000, 0x0000000100000000)
 Metaspace       used 27526K, capacity 28240K, committed 28488K, reserved 1075200K
  class space    used 3305K, capacity 3562K, committed 3656K, reserved 1048576K
}
2018-06-17T23:35:26.676+0545: 4.289: Total time for which application threads were stopped: 0.1242591 seconds, Stopping threads took: 0.0000187 seconds
2018-06-17T23:35:26.708+0545: 4.321: Total time for which application threads were stopped: 0.0001558 seconds, Stopping threads took: 0.0000253 seconds
2018-06-17T23:35:26.708+0545: 4.321: Total time for which application threads were stopped: 0.0001252 seconds, Stopping threads took: 0.0000242 seconds
2018-06-17T23:35:26.708+0545: 4.321: Total time for which application threads were stopped: 0.0001055 seconds, Stopping threads took: 0.0000266 seconds
2018-06-17T23:35:26.708+0545: 4.321: Total time for which application threads were stopped: 0.0000981 seconds, Stopping threads took: 0.0000197 seconds
2018-06-17T23:35:26.711+0545: 4.324: Total time for which application threads were stopped: 0.0001375 seconds, Stopping threads took: 0.0000158 seconds
2018-06-17T23:35:26.711+0545: 4.324: Total time for which application threads were stopped: 0.0000957 seconds, Stopping threads took: 0.0000089 seconds
2018-06-17T23:35:26.718+0545: 4.331: Total time for which application threads were stopped: 0.0001938 seconds, Stopping threads took: 0.0000276 seconds
2018-06-17T23:35:26.718+0545: 4.331: Total time for which application threads were stopped: 0.0001402 seconds, Stopping threads took: 0.0000146 seconds
2018-06-17T23:35:26.718+0545: 4.331: Total time for which application threads were stopped: 0.0001087 seconds, Stopping threads took: 0.0000151 seconds
2018-06-17T23:35:26.719+0545: 4.332: Total time for which application threads were stopped: 0.0000897 seconds, Stopping threads took: 0.0000139 seconds
2018-06-17T23:35:26.719+0545: 4.332: Total time for which application threads were stopped: 0.0000641 seconds, Stopping threads took: 0.0000104 seconds
2018-06-17T23:35:26.719+0545: 4.332: Total time for which application threads were stopped: 0.0000530 seconds, Stopping threads took: 0.0000093 seconds
2018-06-17T23:35:26.807+0545: 4.420: Total time for which application threads were stopped: 0.0002119 seconds, Stopping threads took: 0.0000452 seconds
2018-06-17T23:35:26.807+0545: 4.420: Total time for which application threads were stopped: 0.0001240 seconds, Stopping threads took: 0.0000236 seconds
2018-06-17T23:35:26.808+0545: 4.421: Total time for which application threads were stopped: 0.0001391 seconds, Stopping threads took: 0.0000247 seconds
2018-06-17T23:35:26.808+0545: 4.422: Total time for which application threads were stopped: 0.0006516 seconds, Stopping threads took: 0.0000234 seconds
2018-06-17T23:35:26.809+0545: 4.422: Total time for which application threads were stopped: 0.0001574 seconds, Stopping threads took: 0.0000308 seconds
2018-06-17T23:35:26.809+0545: 4.422: Total time for which application threads were stopped: 0.0001209 seconds, Stopping threads took: 0.0000236 seconds
2018-06-17T23:35:26.896+0545: 4.509: Total time for which application threads were stopped: 0.0001701 seconds, Stopping threads took: 0.0000296 seconds
2018-06-17T23:35:26.896+0545: 4.509: Total time for which application threads were stopped: 0.0001825 seconds, Stopping threads took: 0.0000138 seconds
2018-06-17T23:35:26.896+0545: 4.509: Total time for which application threads were stopped: 0.0001259 seconds, Stopping threads took: 0.0000253 seconds
2018-06-17T23:35:26.897+0545: 4.510: Total time for which application threads were stopped: 0.0000982 seconds, Stopping threads took: 0.0000131 seconds
2018-06-17T23:35:26.897+0545: 4.510: Total time for which application threads were stopped: 0.0000826 seconds, Stopping threads took: 0.0000122 seconds
2018-06-17T23:35:26.897+0545: 4.510: Total time for which application threads were stopped: 0.0000673 seconds, Stopping threads took: 0.0000103 seconds
2018-06-17T23:35:26.900+0545: 4.513: Total time for which application threads were stopped: 0.0001638 seconds, Stopping threads took: 0.0000360 seconds
2018-06-17T23:35:26.900+0545: 4.513: Total time for which application threads were stopped: 0.0001922 seconds, Stopping threads took: 0.0000759 seconds
2018-06-17T23:35:26.900+0545: 4.514: Total time for which application threads were stopped: 0.0001138 seconds, Stopping threads took: 0.0000293 seconds
2018-06-17T23:35:26.901+0545: 4.514: Total time for which application threads were stopped: 0.0000809 seconds, Stopping threads took: 0.0000123 seconds
2018-06-17T23:35:26.901+0545: 4.514: Total time for which application threads were stopped: 0.0000689 seconds, Stopping threads took: 0.0000115 seconds
2018-06-17T23:35:26.901+0545: 4.514: Total time for which application threads were stopped: 0.0000643 seconds, Stopping threads took: 0.0000105 seconds
2018-06-17T23:35:26.902+0545: 4.515: Total time for which application threads were stopped: 0.0001325 seconds, Stopping threads took: 0.0000196 seconds
2018-06-17T23:35:26.902+0545: 4.515: Total time for which application threads were stopped: 0.0001023 seconds, Stopping threads took: 0.0000123 seconds
2018-06-17T23:35:26.902+0545: 4.515: Total time for which application threads were stopped: 0.0001150 seconds, Stopping threads took: 0.0000140 seconds
2018-06-17T23:35:26.903+0545: 4.516: Total time for which application threads were stopped: 0.0000923 seconds, Stopping threads took: 0.0000115 seconds
2018-06-17T23:35:26.903+0545: 4.516: Total time for which application threads were stopped: 0.0000876 seconds, Stopping threads took: 0.0000103 seconds
2018-06-17T23:35:26.903+0545: 4.516: Total time for which application threads were stopped: 0.0001190 seconds, Stopping threads took: 0.0000484 seconds
2018-06-17T23:35:26.905+0545: 4.518: Total time for which application threads were stopped: 0.0001468 seconds, Stopping threads took: 0.0000354 seconds
2018-06-17T23:35:26.905+0545: 4.518: Total time for which application threads were stopped: 0.0001016 seconds, Stopping threads took: 0.0000214 seconds
2018-06-17T23:35:26.905+0545: 4.518: Total time for which application threads were stopped: 0.0000743 seconds, Stopping threads took: 0.0000112 seconds
2018-06-17T23:35:26.905+0545: 4.518: Total time for which application threads were stopped: 0.0001464 seconds, Stopping threads took: 0.0000216 seconds
2018-06-17T23:35:27.025+0545: 4.638: Total time for which application threads were stopped: 0.0002401 seconds, Stopping threads took: 0.0000252 seconds
{Heap before GC invocations=6 (full 1):
 par new generation   total 109248K, used 109248K [0x0000000080000000, 0x0000000088000000, 0x00000000a0000000)
  eden space 87424K, 100% used [0x0000000080000000, 0x0000000085560000, 0x0000000085560000)
  from space 21824K, 100% used [0x0000000085560000, 0x0000000086ab0000, 0x0000000086ab0000)
  to   space 21824K,   0% used [0x0000000086ab0000, 0x0000000086ab0000, 0x0000000088000000)
 concurrent mark-sweep generation total 393216K, used 107492K [0x00000000a0000000, 0x00000000b8000000, 0x0000000100000000)
 Metaspace       used 28404K, capacity 29150K, committed 29256K, reserved 1075200K
  class space    used 3371K, capacity 3641K, committed 3656K, reserved 1048576K
2018-06-17T23:35:27.175+0545: 4.788: [GC (Allocation Failure) 2018-06-17T23:35:27.175+0545: 4.788: [ParNew
Desired survivor size 20112992 bytes, new threshold 3 (max 8)
- age   1:    7778704 bytes,    7778704 total
- age   2:   11433840 bytes,   19212544 total
- age   3:    3135096 bytes,   22347640 total
: 109248K->21824K(109248K), 0.0885948 secs] 216740K->164607K(502464K), 0.0886625 secs] [Times: user=0.32 sys=0.00, real=0.09 secs] 
Heap after GC invocations=7 (full 1):
 par new generation   total 109248K, used 21824K [0x0000000080000000, 0x0000000088000000, 0x00000000a0000000)
  eden space 87424K,   0% used [0x0000000080000000, 0x0000000080000000, 0x0000000085560000)
  from space 21824K, 100% used [0x0000000086ab0000, 0x0000000088000000, 0x0000000088000000)
  to   space 21824K,   0% used [0x0000000085560000, 0x0000000085560000, 0x0000000086ab0000)
 concurrent mark-sweep generation total 393216K, used 142783K [0x00000000a0000000, 0x00000000b8000000, 0x0000000100000000)
 Metaspace       used 28404K, capacity 29150K, committed 29256K, reserved 1075200K
  class space    used 3371K, capacity 3641K, committed 3656K, reserved 1048576K
}
2018-06-17T23:35:27.263+0545: 4.877: Total time for which application threads were stopped: 0.0888947 seconds, Stopping threads took: 0.0000290 seconds
{Heap before GC invocations=7 (full 1):
 par new generation   total 109248K, used 109248K [0x0000000080000000, 0x0000000088000000, 0x00000000a0000000)
  eden space 87424K, 100% used [0x0000000080000000, 0x0000000085560000, 0x0000000085560000)
  from space 21824K, 100% used [0x0000000086ab0000, 0x0000000088000000, 0x0000000088000000)
  to   space 21824K,   0% used [0x0000000085560000, 0x0000000085560000, 0x0000000086ab0000)
 concurrent mark-sweep generation total 393216K, used 142783K [0x00000000a0000000, 0x00000000b8000000, 0x0000000100000000)
 Metaspace       used 28440K, capacity 29186K, committed 29256K, reserved 1075200K
  class space    used 3375K, capacity 3647K, committed 3656K, reserved 1048576K
2018-06-17T23:35:27.549+0545: 5.162: [GC (Allocation Failure) 2018-06-17T23:35:27.549+0545: 5.162: [ParNew
Desired survivor size 20112992 bytes, new threshold 3 (max 8)
- age   1:    8308520 bytes,    8308520 total
- age   2:    4088248 bytes,   12396768 total
- age   3:    9950936 bytes,   22347704 total
: 109248K->21824K(109248K), 0.1161993 secs] 252031K->210904K(502464K), 0.1162743 secs] [Times: user=0.40 sys=0.02, real=0.11 secs] 
Heap after GC invocations=8 (full 1):
 par new generation   total 109248K, used 21824K [0x0000000080000000, 0x0000000088000000, 0x00000000a0000000)
  eden space 87424K,   0% used [0x0000000080000000, 0x0000000080000000, 0x0000000085560000)
  from space 21824K, 100% used [0x0000000085560000, 0x0000000086ab0000, 0x0000000086ab0000)
  to   space 21824K,   0% used [0x0000000086ab0000, 0x0000000086ab0000, 0x0000000088000000)
 concurrent mark-sweep generation total 393216K, used 189080K [0x00000000a0000000, 0x00000000b8000000, 0x0000000100000000)
 Metaspace       used 28440K, capacity 29186K, committed 29256K, reserved 1075200K
  class space    used 3375K, capacity 3647K, committed 3656K, reserved 1048576K
}
2018-06-17T23:35:27.665+0545: 5.279: Total time for which application threads were stopped: 0.1164803 seconds, Stopping threads took: 0.0000268 seconds
{Heap before GC invocations=8 (full 1):
 par new generation   total 109248K, used 109248K [0x0000000080000000, 0x0000000088000000, 0x00000000a0000000)
  eden space 87424K, 100% used [0x0000000080000000, 0x0000000085560000, 0x0000000085560000)
  from space 21824K, 100% used [0x0000000085560000, 0x0000000086ab0000, 0x0000000086ab0000)
  to   space 21824K,   0% used [0x0000000086ab0000, 0x0000000086ab0000, 0x0000000088000000)
 concurrent mark-sweep generation total 393216K, used 189080K [0x00000000a0000000, 0x00000000b8000000, 0x0000000100000000)
 Metaspace       used 28440K, capacity 29186K, committed 29256K, reserved 1075200K
  class space    used 3375K, capacity 3647K, committed 3656K, reserved 1048576K
2018-06-17T23:35:27.783+0545: 5.396: [GC (Allocation Failure) 2018-06-17T23:35:27.784+0545: 5.397: [ParNew
Desired survivor size 20112992 bytes, new threshold 3 (max 8)
- age   1:   10856256 bytes,   10856256 total
- age   2:    7579896 bytes,   18436152 total
- age   3:    3964832 bytes,   22400984 total
: 109248K->21824K(109248K), 0.1203185 secs] 298328K->260505K(502464K), 0.1205486 secs] [Times: user=0.40 sys=0.02, real=0.12 secs] 
Heap after GC invocations=9 (full 1):
 par new generation   total 109248K, used 21824K [0x0000000080000000, 0x0000000088000000, 0x00000000a0000000)
  eden space 87424K,   0% used [0x0000000080000000, 0x0000000080000000, 0x0000000085560000)
  from space 21824K, 100% used [0x0000000086ab0000, 0x0000000088000000, 0x0000000088000000)
  to   space 21824K,   0% used [0x0000000085560000, 0x0000000085560000, 0x0000000086ab0000)
 concurrent mark-sweep generation total 393216K, used 238681K [0x00000000a0000000, 0x00000000b8000000, 0x0000000100000000)
 Metaspace       used 28440K, capacity 29186K, committed 29256K, reserved 1075200K
  class space    used 3375K, capacity 3647K, committed 3656K, reserved 1048576K
}
2018-06-17T23:35:27.904+0545: 5.517: Total time for which application threads were stopped: 0.1213761 seconds, Stopping threads took: 0.0001143 seconds
2018-06-17T23:35:27.904+0545: 5.517: [GC (CMS Initial Mark) [1 CMS-initial-mark: 238681K(393216K)] 262197K(502464K), 0.0084933 secs] [Times: user=0.01 sys=0.00, real=0.01 secs] 
2018-06-17T23:35:27.913+0545: 5.526: Total time for which application threads were stopped: 0.0086344 seconds, Stopping threads took: 0.0000329 seconds
2018-06-17T23:35:27.913+0545: 5.526: [CMS-concurrent-mark-start]
{Heap before GC invocations=9 (full 2):
 par new generation   total 109248K, used 109248K [0x0000000080000000, 0x0000000088000000, 0x00000000a0000000)
  eden space 87424K, 100% used [0x0000000080000000, 0x0000000085560000, 0x0000000085560000)
  from space 21824K, 100% used [0x0000000086ab0000, 0x0000000088000000, 0x0000000088000000)
  to   space 21824K,   0% used [0x0000000085560000, 0x0000000085560000, 0x0000000086ab0000)
 concurrent mark-sweep generation total 393216K, used 238681K [0x00000000a0000000, 0x00000000b8000000, 0x0000000100000000)
 Metaspace       used 28440K, capacity 29186K, committed 29256K, reserved 1075200K
  class space    used 3375K, capacity 3647K, committed 3656K, reserved 1048576K
2018-06-17T23:35:28.075+0545: 5.688: [GC (Allocation Failure) 2018-06-17T23:35:28.075+0545: 5.688: [ParNew
Desired survivor size 20112992 bytes, new threshold 3 (max 8)
- age   1:    8898800 bytes,    8898800 total
- age   2:    6033456 bytes,   14932256 total
- age   3:    7511616 bytes,   22443872 total
: 109248K->21824K(109248K), 0.1191767 secs] 347929K->314911K(502464K), 0.1192457 secs] [Times: user=0.42 sys=0.01, real=0.12 secs] 
Heap after GC invocations=10 (full 2):
 par new generation   total 109248K, used 21824K [0x0000000080000000, 0x0000000088000000, 0x00000000a0000000)
  eden space 87424K,   0% used [0x0000000080000000, 0x0000000080000000, 0x0000000085560000)
  from space 21824K, 100% used [0x0000000085560000, 0x0000000086ab0000, 0x0000000086ab0000)
  to   space 21824K,   0% used [0x0000000086ab0000, 0x0000000086ab0000, 0x0000000088000000)
 concurrent mark-sweep generation total 393216K, used 293087K [0x00000000a0000000, 0x00000000b8000000, 0x0000000100000000)
 Metaspace       used 28440K, capacity 29186K, committed 29256K, reserved 1075200K
  class space    used 3375K, capacity 3647K, committed 3656K, reserved 1048576K
}
2018-06-17T23:35:28.194+0545: 5.807: Total time for which application threads were stopped: 0.1194040 seconds, Stopping threads took: 0.0000163 seconds
2018-06-17T23:35:28.282+0545: 5.895: [CMS-concurrent-mark: 0.250/0.369 secs] [Times: user=1.33 sys=0.02, real=0.37 secs] 
2018-06-17T23:35:28.282+0545: 5.895: [CMS-concurrent-preclean-start]
2018-06-17T23:35:28.367+0545: 5.980: [CMS-concurrent-preclean: 0.083/0.084 secs] [Times: user=0.24 sys=0.01, real=0.08 secs] 
2018-06-17T23:35:28.367+0545: 5.980: [CMS-concurrent-abortable-preclean-start]
2018-06-17T23:35:28.592+0545: 6.205: Total time for which application threads were stopped: 0.0001441 seconds, Stopping threads took: 0.0000152 seconds
{Heap before GC invocations=10 (full 2):
 par new generation   total 109248K, used 109248K [0x0000000080000000, 0x0000000088000000, 0x00000000a0000000)
  eden space 87424K, 100% used [0x0000000080000000, 0x0000000085560000, 0x0000000085560000)
  from space 21824K, 100% used [0x0000000085560000, 0x0000000086ab0000, 0x0000000086ab0000)
  to   space 21824K,   0% used [0x0000000086ab0000, 0x0000000086ab0000, 0x0000000088000000)
 concurrent mark-sweep generation total 393216K, used 293087K [0x00000000a0000000, 0x00000000b8000000, 0x0000000100000000)
 Metaspace       used 28495K, capacity 29304K, committed 29512K, reserved 1075200K
  class space    used 3383K, capacity 3656K, committed 3656K, reserved 1048576K
2018-06-17T23:35:28.771+0545: 6.384: [GC (Allocation Failure) 2018-06-17T23:35:28.771+0545: 6.384: [ParNew
Desired survivor size 20112992 bytes, new threshold 3 (max 8)
- age   1:   10527048 bytes,   10527048 total
- age   2:    6140120 bytes,   16667168 total
- age   3:    5678936 bytes,   22346104 total
: 109248K->21822K(109248K), 0.1366218 secs] 402335K->375123K(502464K), 0.1366800 secs] [Times: user=0.42 sys=0.01, real=0.13 secs] 
Heap after GC invocations=11 (full 2):
 par new generation   total 109248K, used 21822K [0x0000000080000000, 0x0000000088000000, 0x00000000a0000000)
  eden space 87424K,   0% used [0x0000000080000000, 0x0000000080000000, 0x0000000085560000)
  from space 21824K,  99% used [0x0000000086ab0000, 0x0000000087fffa20, 0x0000000088000000)
  to   space 21824K,   0% used [0x0000000085560000, 0x0000000085560000, 0x0000000086ab0000)
 concurrent mark-sweep generation total 393216K, used 353300K [0x00000000a0000000, 0x00000000b8000000, 0x0000000100000000)
 Metaspace       used 28495K, capacity 29304K, committed 29512K, reserved 1075200K
  class space    used 3383K, capacity 3656K, committed 3656K, reserved 1048576K
}
2018-06-17T23:35:28.908+0545: 6.521: Total time for which application threads were stopped: 0.1368771 seconds, Stopping threads took: 0.0000320 seconds
{Heap before GC invocations=11 (full 2):
 par new generation   total 109248K, used 105172K [0x0000000080000000, 0x0000000088000000, 0x00000000a0000000)
  eden space 87424K,  95% used [0x0000000080000000, 0x0000000085165888, 0x0000000085560000)
  from space 21824K,  99% used [0x0000000086ab0000, 0x0000000087fffa20, 0x0000000088000000)
  to   space 21824K,   0% used [0x0000000085560000, 0x0000000085560000, 0x0000000086ab0000)
 concurrent mark-sweep generation total 393216K, used 353300K [0x00000000a0000000, 0x00000000b8000000, 0x0000000100000000)
 Metaspace       used 28495K, capacity 29304K, committed 29512K, reserved 1075200K
  class space    used 3383K, capacity 3656K, committed 3656K, reserved 1048576K
2018-06-17T23:35:29.068+0545: 6.681: [GC (Allocation Failure) 2018-06-17T23:35:29.068+0545: 6.681: [ParNew
Desired survivor size 20112992 bytes, new threshold 3 (max 8)
- age   1:    9874552 bytes,    9874552 total
- age   2:    6368848 bytes,   16243400 total
- age   3:    6180344 bytes,   22423744 total
: 105172K->21822K(109248K), 0.1079018 secs] 458473K->422002K(511488K), 0.1079637 secs] [Times: user=0.38 sys=0.02, real=0.10 secs] 
Heap after GC invocations=12 (full 2):
 par new generation   total 109248K, used 21822K [0x0000000080000000, 0x0000000088000000, 0x00000000a0000000)
  eden space 87424K,   0% used [0x0000000080000000, 0x0000000080000000, 0x0000000085560000)
  from space 21824K,  99% used [0x0000000085560000, 0x0000000086aaf980, 0x0000000086ab0000)
  to   space 21824K,   0% used [0x0000000086ab0000, 0x0000000086ab0000, 0x0000000088000000)
 concurrent mark-sweep generation total 402240K, used 400179K [0x00000000a0000000, 0x00000000b88d0000, 0x0000000100000000)
 Metaspace       used 28495K, capacity 29304K, committed 29512K, reserved 1075200K
  class space    used 3383K, capacity 3656K, committed 3656K, reserved 1048576K
}
2018-06-17T23:35:29.176+0545: 6.789: Total time for which application threads were stopped: 0.1081543 seconds, Stopping threads took: 0.0000287 seconds
2018-06-17T23:35:29.233+0545: 6.846: [CMS-concurrent-abortable-preclean: 0.621/0.867 secs] [Times: user=2.37 sys=0.04, real=0.87 secs] 
2018-06-17T23:35:29.233+0545: 6.846: [GC (CMS Final Remark) [YG occupancy: 67010 K (109248 K)]{Heap before GC invocations=12 (full 2):
 par new generation   total 109248K, used 67010K [0x0000000080000000, 0x0000000088000000, 0x00000000a0000000)
  eden space 87424K,  51% used [0x0000000080000000, 0x0000000082c20f80, 0x0000000085560000)
  from space 21824K,  99% used [0x0000000085560000, 0x0000000086aaf980, 0x0000000086ab0000)
  to   space 21824K,   0% used [0x0000000086ab0000, 0x0000000086ab0000, 0x0000000088000000)
 concurrent mark-sweep generation total 402240K, used 400179K [0x00000000a0000000, 0x00000000b88d0000, 0x0000000100000000)
 Metaspace       used 28495K, capacity 29304K, committed 29512K, reserved 1075200K
  class space    used 3383K, capacity 3656K, committed 3656K, reserved 1048576K
2018-06-17T23:35:29.233+0545: 6.846: [GC (CMS Final Remark) 2018-06-17T23:35:29.233+0545: 6.846: [ParNew
Desired survivor size 20112992 bytes, new threshold 3 (max 8)
- age   1:   11598264 bytes,   11598264 total
- age   2:    5919560 bytes,   17517824 total
- age   3:    4838640 bytes,   22356464 total
: 67010K->21822K(109248K), 0.0702250 secs] 467190K->446129K(535372K), 0.0702646 secs] [Times: user=0.25 sys=0.00, real=0.07 secs] 
Heap after GC invocations=13 (full 2):
 par new generation   total 109248K, used 21822K [0x0000000080000000, 0x0000000088000000, 0x00000000a0000000)
  eden space 87424K,   0% used [0x0000000080000000, 0x0000000080000000, 0x0000000085560000)
  from space 21824K,  99% used [0x0000000086ab0000, 0x0000000087fff920, 0x0000000088000000)
  to   space 21824K,   0% used [0x0000000085560000, 0x0000000085560000, 0x0000000086ab0000)
 concurrent mark-sweep generation total 426124K, used 424306K [0x00000000a0000000, 0x00000000ba023000, 0x0000000100000000)
 Metaspace       used 28495K, capacity 29304K, committed 29512K, reserved 1075200K
  class space    used 3383K, capacity 3656K, committed 3656K, reserved 1048576K
}
2018-06-17T23:35:29.304+0545: 6.917: [Rescan (parallel) , 0.0199754 secs]2018-06-17T23:35:29.324+0545: 6.937: [weak refs processing, 0.0025082 secs]2018-06-17T23:35:29.326+0545: 6.939: [class unloading, 0.0033530 secs]2018-06-17T23:35:29.330+0545: 6.943: [scrub symbol table, 0.0032085 secs]2018-06-17T23:35:29.333+0545: 6.946: [scrub string table, 0.0004389 secs][1 CMS-remark: 424306K(426124K)] 446129K(535372K), 0.1005881 secs] [Times: user=0.34 sys=0.00, real=0.10 secs] 
2018-06-17T23:35:29.334+0545: 6.947: Total time for which application threads were stopped: 0.1007389 seconds, Stopping threads took: 0.0000266 seconds
2018-06-17T23:35:29.334+0545: 6.947: [CMS-concurrent-sweep-start]
2018-06-17T23:35:29.478+0545: 7.091: [CMS-concurrent-sweep: 0.144/0.144 secs] [Times: user=0.32 sys=0.01, real=0.14 secs] 
2018-06-17T23:35:29.479+0545: 7.092: [CMS-concurrent-reset-start]
2018-06-17T23:35:29.481+0545: 7.094: [CMS-concurrent-reset: 0.002/0.002 secs] [Times: user=0.01 sys=0.00, real=0.01 secs] 
{Heap before GC invocations=13 (full 2):
 par new generation   total 109248K, used 109246K [0x0000000080000000, 0x0000000088000000, 0x00000000a0000000)
  eden space 87424K, 100% used [0x0000000080000000, 0x0000000085560000, 0x0000000085560000)
  from space 21824K,  99% used [0x0000000086ab0000, 0x0000000087fff920, 0x0000000088000000)
  to   space 21824K,   0% used [0x0000000085560000, 0x0000000085560000, 0x0000000086ab0000)
 concurrent mark-sweep generation total 656876K, used 394125K [0x00000000a0000000, 0x00000000c817b000, 0x0000000100000000)
 Metaspace       used 28505K, capacity 29316K, committed 29640K, reserved 1075200K
  class space    used 3384K, capacity 3658K, committed 3784K, reserved 1048576K
2018-06-17T23:35:29.657+0545: 7.270: [GC (Allocation Failure) 2018-06-17T23:35:29.657+0545: 7.270: [ParNew
Desired survivor size 20112992 bytes, new threshold 3 (max 8)
- age   1:    8958656 bytes,    8958656 total
- age   2:    8598776 bytes,   17557432 total
- age   3:    4788328 bytes,   22345760 total
: 109246K->21822K(109248K), 0.1586615 secs] 503371K->467236K(766124K), 0.1587336 secs] [Times: user=0.36 sys=0.01, real=0.16 secs] 
Heap after GC invocations=14 (full 2):
 par new generation   total 109248K, used 21822K [0x0000000080000000, 0x0000000088000000, 0x00000000a0000000)
  eden space 87424K,   0% used [0x0000000080000000, 0x0000000080000000, 0x0000000085560000)
  from space 21824K,  99% used [0x0000000085560000, 0x0000000086aaf8a0, 0x0000000086ab0000)
  to   space 21824K,   0% used [0x0000000086ab0000, 0x0000000086ab0000, 0x0000000088000000)
 concurrent mark-sweep generation total 656876K, used 445414K [0x00000000a0000000, 0x00000000c817b000, 0x0000000100000000)
 Metaspace       used 28505K, capacity 29316K, committed 29640K, reserved 1075200K
  class space    used 3384K, capacity 3658K, committed 3784K, reserved 1048576K
}
2018-06-17T23:35:29.816+0545: 7.429: Total time for which application threads were stopped: 0.1589485 seconds, Stopping threads took: 0.0000240 seconds
2018-06-17T23:35:29.816+0545: 7.429: [GC (CMS Initial Mark) [1 CMS-initial-mark: 445414K(656876K)] 468960K(766124K), 0.0067349 secs] [Times: user=0.02 sys=0.00, real=0.01 secs] 
2018-06-17T23:35:29.823+0545: 7.436: Total time for which application threads were stopped: 0.0068685 seconds, Stopping threads took: 0.0000278 seconds
2018-06-17T23:35:29.823+0545: 7.436: [CMS-concurrent-mark-start]
{Heap before GC invocations=14 (full 3):
 par new generation   total 109248K, used 104220K [0x0000000080000000, 0x0000000088000000, 0x00000000a0000000)
  eden space 87424K,  94% used [0x0000000080000000, 0x0000000085077a00, 0x0000000085560000)
  from space 21824K,  99% used [0x0000000085560000, 0x0000000086aaf8a0, 0x0000000086ab0000)
  to   space 21824K,   0% used [0x0000000086ab0000, 0x0000000086ab0000, 0x0000000088000000)
 concurrent mark-sweep generation total 656876K, used 445414K [0x00000000a0000000, 0x00000000c817b000, 0x0000000100000000)
 Metaspace       used 28506K, capacity 29316K, committed 29640K, reserved 1075200K
  class space    used 3384K, capacity 3658K, committed 3784K, reserved 1048576K
2018-06-17T23:35:30.043+0545: 7.656: [GC (Allocation Failure) 2018-06-17T23:35:30.043+0545: 7.656: [ParNew
Desired survivor size 20112992 bytes, new threshold 3 (max 8)
- age   1:    6477736 bytes,    6477736 total
- age   2:    7489016 bytes,   13966752 total
- age   3:    8383112 bytes,   22349864 total
: 104220K->21824K(109248K), 0.1166543 secs] 549634K->513272K(766124K), 0.1167410 secs] [Times: user=0.38 sys=0.03, real=0.11 secs] 
Heap after GC invocations=15 (full 3):
 par new generation   total 109248K, used 21824K [0x0000000080000000, 0x0000000088000000, 0x00000000a0000000)
  eden space 87424K,   0% used [0x0000000080000000, 0x0000000080000000, 0x0000000085560000)
  from space 21824K, 100% used [0x0000000086ab0000, 0x0000000088000000, 0x0000000088000000)
  to   space 21824K,   0% used [0x0000000085560000, 0x0000000085560000, 0x0000000086ab0000)
 concurrent mark-sweep generation total 656876K, used 491448K [0x00000000a0000000, 0x00000000c817b000, 0x0000000100000000)
 Metaspace       used 28506K, capacity 29316K, committed 29640K, reserved 1075200K
  class space    used 3384K, capacity 3658K, committed 3784K, reserved 1048576K
}
2018-06-17T23:35:30.160+0545: 7.773: Total time for which application threads were stopped: 0.1169451 seconds, Stopping threads took: 0.0000215 seconds
2018-06-17T23:35:30.325+0545: 7.938: [CMS-concurrent-mark: 0.385/0.502 secs] [Times: user=1.80 sys=0.03, real=0.50 secs] 
2018-06-17T23:35:30.325+0545: 7.938: [CMS-concurrent-preclean-start]
{Heap before GC invocations=15 (full 3):
 par new generation   total 109248K, used 109248K [0x0000000080000000, 0x0000000088000000, 0x00000000a0000000)
  eden space 87424K, 100% used [0x0000000080000000, 0x0000000085560000, 0x0000000085560000)
  from space 21824K, 100% used [0x0000000086ab0000, 0x0000000088000000, 0x0000000088000000)
  to   space 21824K,   0% used [0x0000000085560000, 0x0000000085560000, 0x0000000086ab0000)
 concurrent mark-sweep generation total 656876K, used 491448K [0x00000000a0000000, 0x00000000c817b000, 0x0000000100000000)
 Metaspace       used 28506K, capacity 29316K, committed 29640K, reserved 1075200K
  class space    used 3384K, capacity 3658K, committed 3784K, reserved 1048576K
2018-06-17T23:35:30.342+0545: 7.955: [GC (Allocation Failure) 2018-06-17T23:35:30.342+0545: 7.955: [ParNew
Desired survivor size 20112992 bytes, new threshold 3 (max 8)
- age   1:    8750824 bytes,    8750824 total
- age   2:    6109464 bytes,   14860288 total
- age   3:    7488792 bytes,   22349080 total
: 109248K->21824K(109248K), 0.1145906 secs] 600696K->561831K(766124K), 0.1146531 secs] [Times: user=0.41 sys=0.01, real=0.11 secs] 
Heap after GC invocations=16 (full 3):
 par new generation   total 109248K, used 21824K [0x0000000080000000, 0x0000000088000000, 0x00000000a0000000)
  eden space 87424K,   0% used [0x0000000080000000, 0x0000000080000000, 0x0000000085560000)
  from space 21824K, 100% used [0x0000000085560000, 0x0000000086ab0000, 0x0000000086ab0000)
  to   space 21824K,   0% used [0x0000000086ab0000, 0x0000000086ab0000, 0x0000000088000000)
 concurrent mark-sweep generation total 656876K, used 540007K [0x00000000a0000000, 0x00000000c817b000, 0x0000000100000000)
 Metaspace       used 28506K, capacity 29316K, committed 29640K, reserved 1075200K
  class space    used 3384K, capacity 3658K, committed 3784K, reserved 1048576K
}
2018-06-17T23:35:30.456+0545: 8.069: Total time for which application threads were stopped: 0.1148182 seconds, Stopping threads took: 0.0000158 seconds
2018-06-17T23:35:30.548+0545: 8.161: [CMS-concurrent-preclean: 0.108/0.223 secs] [Times: user=0.62 sys=0.01, real=0.23 secs] 
2018-06-17T23:35:30.548+0545: 8.161: [CMS-concurrent-abortable-preclean-start]
{Heap before GC invocations=16 (full 3):
 par new generation   total 109248K, used 109248K [0x0000000080000000, 0x0000000088000000, 0x00000000a0000000)
  eden space 87424K, 100% used [0x0000000080000000, 0x0000000085560000, 0x0000000085560000)
  from space 21824K, 100% used [0x0000000085560000, 0x0000000086ab0000, 0x0000000086ab0000)
  to   space 21824K,   0% used [0x0000000086ab0000, 0x0000000086ab0000, 0x0000000088000000)
 concurrent mark-sweep generation total 656876K, used 540007K [0x00000000a0000000, 0x00000000c817b000, 0x0000000100000000)
 Metaspace       used 28627K, capacity 29380K, committed 29640K, reserved 1075200K
  class space    used 3392K, capacity 3658K, committed 3784K, reserved 1048576K
2018-06-17T23:35:30.794+0545: 8.407: [GC (Allocation Failure) 2018-06-17T23:35:30.794+0545: 8.407: [ParNew
Desired survivor size 20112992 bytes, new threshold 3 (max 8)
- age   1:    9317720 bytes,    9317720 total
- age   2:    8637640 bytes,   17955360 total
- age   3:    4667576 bytes,   22622936 total
: 109248K->21824K(109248K), 0.0969430 secs] 649255K->615633K(766124K), 0.0970130 secs] [Times: user=0.32 sys=0.03, real=0.10 secs] 
Heap after GC invocations=17 (full 3):
 par new generation   total 109248K, used 21824K [0x0000000080000000, 0x0000000088000000, 0x00000000a0000000)
  eden space 87424K,   0% used [0x0000000080000000, 0x0000000080000000, 0x0000000085560000)
  from space 21824K, 100% used [0x0000000086ab0000, 0x0000000088000000, 0x0000000088000000)
  to   space 21824K,   0% used [0x0000000085560000, 0x0000000085560000, 0x0000000086ab0000)
 concurrent mark-sweep generation total 656876K, used 593809K [0x00000000a0000000, 0x00000000c817b000, 0x0000000100000000)
 Metaspace       used 28627K, capacity 29380K, committed 29640K, reserved 1075200K
  class space    used 3392K, capacity 3658K, committed 3784K, reserved 1048576K
}
2018-06-17T23:35:30.891+0545: 8.504: Total time for which application threads were stopped: 0.0972184 seconds, Stopping threads took: 0.0000254 seconds
2018-06-17T23:35:30.954+0545: 8.567: [CMS-concurrent-abortable-preclean: 0.308/0.406 secs] [Times: user=1.29 sys=0.03, real=0.40 secs] 
2018-06-17T23:35:30.954+0545: 8.567: [GC (CMS Final Remark) [YG occupancy: 32396 K (109248 K)]{Heap before GC invocations=17 (full 3):
 par new generation   total 109248K, used 32396K [0x0000000080000000, 0x0000000088000000, 0x00000000a0000000)
  eden space 87424K,  12% used [0x0000000080000000, 0x0000000080a533a8, 0x0000000085560000)
  from space 21824K, 100% used [0x0000000086ab0000, 0x0000000088000000, 0x0000000088000000)
  to   space 21824K,   0% used [0x0000000085560000, 0x0000000085560000, 0x0000000086ab0000)
 concurrent mark-sweep generation total 656876K, used 593809K [0x00000000a0000000, 0x00000000c817b000, 0x0000000100000000)
 Metaspace       used 28647K, capacity 29444K, committed 29640K, reserved 1075200K
  class space    used 3392K, capacity 3658K, committed 3784K, reserved 1048576K
2018-06-17T23:35:30.954+0545: 8.567: [GC (CMS Final Remark) 2018-06-17T23:35:30.954+0545: 8.567: [ParNew
Desired survivor size 20112992 bytes, new threshold 8 (max 8)
- age   1:    1037320 bytes,    1037320 total
- age   2:    9011456 bytes,   10048776 total
- age   3:    8641072 bytes,   18689848 total
: 32396K->21824K(109248K), 0.0591511 secs] 626206K->621809K(766124K), 0.0592051 secs] [Times: user=0.21 sys=0.00, real=0.06 secs] 
Heap after GC invocations=18 (full 3):
 par new generation   total 109248K, used 21824K [0x0000000080000000, 0x0000000088000000, 0x00000000a0000000)
  eden space 87424K,   0% used [0x0000000080000000, 0x0000000080000000, 0x0000000085560000)
  from space 21824K, 100% used [0x0000000085560000, 0x0000000086ab0000, 0x0000000086ab0000)
  to   space 21824K,   0% used [0x0000000086ab0000, 0x0000000086ab0000, 0x0000000088000000)
 concurrent mark-sweep generation total 656876K, used 599985K [0x00000000a0000000, 0x00000000c817b000, 0x0000000100000000)
 Metaspace       used 28647K, capacity 29444K, committed 29640K, reserved 1075200K
  class space    used 3392K, capacity 3658K, committed 3784K, reserved 1048576K
}
2018-06-17T23:35:31.014+0545: 8.627: [Rescan (parallel) , 0.0306163 secs]2018-06-17T23:35:31.044+0545: 8.657: [weak refs processing, 0.0139336 secs]2018-06-17T23:35:31.058+0545: 8.671: [class unloading, 0.0039542 secs]2018-06-17T23:35:31.062+0545: 8.675: [scrub symbol table, 0.0041949 secs]2018-06-17T23:35:31.066+0545: 8.680: [scrub string table, 0.0004398 secs][1 CMS-remark: 599985K(656876K)] 621809K(766124K), 0.1126518 secs] [Times: user=0.36 sys=0.00, real=0.11 secs] 
2018-06-17T23:35:31.067+0545: 8.680: Total time for which application threads were stopped: 0.1128547 seconds, Stopping threads took: 0.0000650 seconds
2018-06-17T23:35:31.067+0545: 8.680: Total time for which application threads were stopped: 0.0001592 seconds, Stopping threads took: 0.0000483 seconds
2018-06-17T23:35:31.067+0545: 8.680: [CMS-concurrent-sweep-start]
2018-06-17T23:35:31.085+0545: 8.698: Total time for which application threads were stopped: 0.0001755 seconds, Stopping threads took: 0.0000334 seconds
2018-06-17T23:35:31.149+0545: 8.762: Total time for which application threads were stopped: 0.0004516 seconds, Stopping threads took: 0.0000406 seconds
{Heap before GC invocations=18 (full 3):
 par new generation   total 109248K, used 109248K [0x0000000080000000, 0x0000000088000000, 0x00000000a0000000)
  eden space 87424K, 100% used [0x0000000080000000, 0x0000000085560000, 0x0000000085560000)
  from space 21824K, 100% used [0x0000000085560000, 0x0000000086ab0000, 0x0000000086ab0000)
  to   space 21824K,   0% used [0x0000000086ab0000, 0x0000000086ab0000, 0x0000000088000000)
 concurrent mark-sweep generation total 656876K, used 550782K [0x00000000a0000000, 0x00000000c817b000, 0x0000000100000000)
 Metaspace       used 28677K, capacity 29508K, committed 29640K, reserved 1075200K
  class space    used 3394K, capacity 3658K, committed 3784K, reserved 1048576K
2018-06-17T23:35:31.316+0545: 8.929: [GC (Allocation Failure) 2018-06-17T23:35:31.316+0545: 8.930: [ParNew
Desired survivor size 20112992 bytes, new threshold 4 (max 8)
- age   1:    4238424 bytes,    4238424 total
- age   2:     803520 bytes,    5041944 total
- age   3:    8684456 bytes,   13726400 total
- age   4:    8774992 bytes,   22501392 total
: 109248K->21824K(109248K), 0.0617387 secs] 660030K->589364K(766124K), 0.0617958 secs] [Times: user=0.21 sys=0.00, real=0.06 secs] 
Heap after GC invocations=19 (full 3):
 par new generation   total 109248K, used 21824K [0x0000000080000000, 0x0000000088000000, 0x00000000a0000000)
  eden space 87424K,   0% used [0x0000000080000000, 0x0000000080000000, 0x0000000085560000)
  from space 21824K, 100% used [0x0000000086ab0000, 0x0000000088000000, 0x0000000088000000)
  to   space 21824K,   0% used [0x0000000085560000, 0x0000000085560000, 0x0000000086ab0000)
 concurrent mark-sweep generation total 656876K, used 567540K [0x00000000a0000000, 0x00000000c817b000, 0x0000000100000000)
 Metaspace       used 28677K, capacity 29508K, committed 29640K, reserved 1075200K
  class space    used 3394K, capacity 3658K, committed 3784K, reserved 1048576K
}
2018-06-17T23:35:31.378+0545: 8.991: Total time for which application threads were stopped: 0.0620363 seconds, Stopping threads took: 0.0000448 seconds
2018-06-17T23:35:31.476+0545: 9.089: [CMS-concurrent-sweep: 0.342/0.408 secs] [Times: user=1.44 sys=0.01, real=0.41 secs] 
2018-06-17T23:35:31.476+0545: 9.089: [CMS-concurrent-reset-start]
2018-06-17T23:35:31.481+0545: 9.094: [CMS-concurrent-reset: 0.005/0.005 secs] [Times: user=0.02 sys=0.00, real=0.01 secs] 
{Heap before GC invocations=19 (full 3):
 par new generation   total 109248K, used 109248K [0x0000000080000000, 0x0000000088000000, 0x00000000a0000000)
  eden space 87424K, 100% used [0x0000000080000000, 0x0000000085560000, 0x0000000085560000)
  from space 21824K, 100% used [0x0000000086ab0000, 0x0000000088000000, 0x0000000088000000)
  to   space 21824K,   0% used [0x0000000085560000, 0x0000000085560000, 0x0000000086ab0000)
 concurrent mark-sweep generation total 924196K, used 554516K [0x00000000a0000000, 0x00000000d8689000, 0x0000000100000000)
 Metaspace       used 28678K, capacity 29508K, committed 29640K, reserved 1075200K
  class space    used 3394K, capacity 3658K, committed 3784K, reserved 1048576K
2018-06-17T23:35:31.518+0545: 9.131: [GC (Allocation Failure) 2018-06-17T23:35:31.518+0545: 9.131: [ParNew
Desired survivor size 20112992 bytes, new threshold 4 (max 8)
- age   1:    7880120 bytes,    7880120 total
- age   2:    3924944 bytes,   11805064 total
- age   3:     779328 bytes,   12584392 total
- age   4:    8672984 bytes,   21257376 total
: 109248K->21824K(109248K), 0.0898655 secs] 663764K->596309K(1033444K), 0.0899555 secs] [Times: user=0.33 sys=0.00, real=0.09 secs] 
Heap after GC invocations=20 (full 3):
 par new generation   total 109248K, used 21824K [0x0000000080000000, 0x0000000088000000, 0x00000000a0000000)
  eden space 87424K,   0% used [0x0000000080000000, 0x0000000080000000, 0x0000000085560000)
  from space 21824K, 100% used [0x0000000085560000, 0x0000000086ab0000, 0x0000000086ab0000)
  to   space 21824K,   0% used [0x0000000086ab0000, 0x0000000086ab0000, 0x0000000088000000)
 concurrent mark-sweep generation total 924196K, used 574485K [0x00000000a0000000, 0x00000000d8689000, 0x0000000100000000)
 Metaspace       used 28678K, capacity 29508K, committed 29640K, reserved 1075200K
  class space    used 3394K, capacity 3658K, committed 3784K, reserved 1048576K
}
2018-06-17T23:35:31.608+0545: 9.221: Total time for which application threads were stopped: 0.0901631 seconds, Stopping threads took: 0.0000350 seconds
2018-06-17T23:35:31.608+0545: 9.221: [GC (CMS Initial Mark) [1 CMS-initial-mark: 574485K(924196K)] 598052K(1033444K), 0.0133435 secs] [Times: user=0.04 sys=0.00, real=0.02 secs] 
2018-06-17T23:35:31.621+0545: 9.234: Total time for which application threads were stopped: 0.0134988 seconds, Stopping threads took: 0.0000346 seconds
2018-06-17T23:35:31.621+0545: 9.234: [CMS-concurrent-mark-start]
{Heap before GC invocations=20 (full 4):
 par new generation   total 109248K, used 109248K [0x0000000080000000, 0x0000000088000000, 0x00000000a0000000)
  eden space 87424K, 100% used [0x0000000080000000, 0x0000000085560000, 0x0000000085560000)
  from space 21824K, 100% used [0x0000000085560000, 0x0000000086ab0000, 0x0000000086ab0000)
  to   space 21824K,   0% used [0x0000000086ab0000, 0x0000000086ab0000, 0x0000000088000000)
 concurrent mark-sweep generation total 924196K, used 574485K [0x00000000a0000000, 0x00000000d8689000, 0x0000000100000000)
 Metaspace       used 28678K, capacity 29508K, committed 29640K, reserved 1075200K
  class space    used 3394K, capacity 3658K, committed 3784K, reserved 1048576K
2018-06-17T23:35:31.884+0545: 9.497: [GC (Allocation Failure) 2018-06-17T23:35:31.884+0545: 9.497: [ParNew
Desired survivor size 20112992 bytes, new threshold 8 (max 8)
- age   1:    9962536 bytes,    9962536 total
- age   2:    6278272 bytes,   16240808 total
- age   3:    3111200 bytes,   19352008 total
- age   4:     745640 bytes,   20097648 total
: 109248K->21824K(109248K), 0.0862456 secs] 683733K->616170K(1033444K), 0.0863186 secs] [Times: user=0.31 sys=0.02, real=0.09 secs] 
Heap after GC invocations=21 (full 4):
 par new generation   total 109248K, used 21824K [0x0000000080000000, 0x0000000088000000, 0x00000000a0000000)
  eden space 87424K,   0% used [0x0000000080000000, 0x0000000080000000, 0x0000000085560000)
  from space 21824K, 100% used [0x0000000086ab0000, 0x0000000088000000, 0x0000000088000000)
  to   space 21824K,   0% used [0x0000000085560000, 0x0000000085560000, 0x0000000086ab0000)
 concurrent mark-sweep generation total 924196K, used 594346K [0x00000000a0000000, 0x00000000d8689000, 0x0000000100000000)
 Metaspace       used 28678K, capacity 29508K, committed 29640K, reserved 1075200K
  class space    used 3394K, capacity 3658K, committed 3784K, reserved 1048576K
}
2018-06-17T23:35:31.970+0545: 9.584: Total time for which application threads were stopped: 0.0865292 seconds, Stopping threads took: 0.0000289 seconds
2018-06-17T23:35:32.188+0545: 9.801: [CMS-concurrent-mark: 0.481/0.567 secs] [Times: user=2.16 sys=0.02, real=0.57 secs] 
2018-06-17T23:35:32.188+0545: 9.801: [CMS-concurrent-preclean-start]
{Heap before GC invocations=21 (full 4):
 par new generation   total 109248K, used 109248K [0x0000000080000000, 0x0000000088000000, 0x00000000a0000000)
  eden space 87424K, 100% used [0x0000000080000000, 0x0000000085560000, 0x0000000085560000)
  from space 21824K, 100% used [0x0000000086ab0000, 0x0000000088000000, 0x0000000088000000)
  to   space 21824K,   0% used [0x0000000085560000, 0x0000000085560000, 0x0000000086ab0000)
 concurrent mark-sweep generation total 924196K, used 594346K [0x00000000a0000000, 0x00000000d8689000, 0x0000000100000000)
 Metaspace       used 28678K, capacity 29508K, committed 29640K, reserved 1075200K
  class space    used 3394K, capacity 3658K, committed 3784K, reserved 1048576K
2018-06-17T23:35:32.197+0545: 9.810: [GC (Allocation Failure) 2018-06-17T23:35:32.197+0545: 9.810: [ParNew
Desired survivor size 20112992 bytes, new threshold 4 (max 8)
- age   1:    7943392 bytes,    7943392 total
- age   2:    6457104 bytes,   14400496 total
- age   3:    4146136 bytes,   18546632 total
- age   4:    3078872 bytes,   21625504 total
- age   5:     728264 bytes,   22353768 total
: 109248K->21824K(109248K), 0.1021065 secs] 703594K->632809K(1033444K), 0.1021707 secs] [Times: user=0.38 sys=0.00, real=0.10 secs] 
Heap after GC invocations=22 (full 4):
 par new generation   total 109248K, used 21824K [0x0000000080000000, 0x0000000088000000, 0x00000000a0000000)
  eden space 87424K,   0% used [0x0000000080000000, 0x0000000080000000, 0x0000000085560000)
  from space 21824K, 100% used [0x0000000085560000, 0x0000000086ab0000, 0x0000000086ab0000)
  to   space 21824K,   0% used [0x0000000086ab0000, 0x0000000086ab0000, 0x0000000088000000)
 concurrent mark-sweep generation total 924196K, used 610985K [0x00000000a0000000, 0x00000000d8689000, 0x0000000100000000)
 Metaspace       used 28678K, capacity 29508K, committed 29640K, reserved 1075200K
  class space    used 3394K, capacity 3658K, committed 3784K, reserved 1048576K
}
2018-06-17T23:35:32.299+0545: 9.912: Total time for which application threads were stopped: 0.1023581 seconds, Stopping threads took: 0.0000243 seconds
{Heap before GC invocations=22 (full 4):
 par new generation   total 109248K, used 109248K [0x0000000080000000, 0x0000000088000000, 0x00000000a0000000)
  eden space 87424K, 100% used [0x0000000080000000, 0x0000000085560000, 0x0000000085560000)
  from space 21824K, 100% used [0x0000000085560000, 0x0000000086ab0000, 0x0000000086ab0000)
  to   space 21824K,   0% used [0x0000000086ab0000, 0x0000000086ab0000, 0x0000000088000000)
 concurrent mark-sweep generation total 924196K, used 610985K [0x00000000a0000000, 0x00000000d8689000, 0x0000000100000000)
 Metaspace       used 28678K, capacity 29508K, committed 29640K, reserved 1075200K
  class space    used 3394K, capacity 3658K, committed 3784K, reserved 1048576K
2018-06-17T23:35:32.390+0545: 10.003: [GC (Allocation Failure) 2018-06-17T23:35:32.390+0545: 10.003: [ParNew
Desired survivor size 20112992 bytes, new threshold 4 (max 8)
- age   1:    7356144 bytes,    7356144 total
- age   2:    7130768 bytes,   14486912 total
- age   3:    4598280 bytes,   19085192 total
- age   4:    3262432 bytes,   22347624 total
: 109248K->21824K(109248K), 0.0780381 secs] 720233K->651011K(1033444K), 0.0781052 secs] [Times: user=0.28 sys=0.01, real=0.07 secs] 
Heap after GC invocations=23 (full 4):
 par new generation   total 109248K, used 21824K [0x0000000080000000, 0x0000000088000000, 0x00000000a0000000)
  eden space 87424K,   0% used [0x0000000080000000, 0x0000000080000000, 0x0000000085560000)
  from space 21824K, 100% used [0x0000000086ab0000, 0x0000000088000000, 0x0000000088000000)
  to   space 21824K,   0% used [0x0000000085560000, 0x0000000085560000, 0x0000000086ab0000)
 concurrent mark-sweep generation total 924196K, used 629187K [0x00000000a0000000, 0x00000000d8689000, 0x0000000100000000)
 Metaspace       used 28678K, capacity 29508K, committed 29640K, reserved 1075200K
  class space    used 3394K, capacity 3658K, committed 3784K, reserved 1048576K
}
2018-06-17T23:35:32.468+0545: 10.081: Total time for which application threads were stopped: 0.0783181 seconds, Stopping threads took: 0.0000277 seconds
{Heap before GC invocations=23 (full 4):
 par new generation   total 109248K, used 109248K [0x0000000080000000, 0x0000000088000000, 0x00000000a0000000)
  eden space 87424K, 100% used [0x0000000080000000, 0x0000000085560000, 0x0000000085560000)
  from space 21824K, 100% used [0x0000000086ab0000, 0x0000000088000000, 0x0000000088000000)
  to   space 21824K,   0% used [0x0000000085560000, 0x0000000085560000, 0x0000000086ab0000)
 concurrent mark-sweep generation total 924196K, used 629187K [0x00000000a0000000, 0x00000000d8689000, 0x0000000100000000)
 Metaspace       used 28678K, capacity 29508K, committed 29640K, reserved 1075200K
  class space    used 3394K, capacity 3658K, committed 3784K, reserved 1048576K
2018-06-17T23:35:32.552+0545: 10.165: [GC (Allocation Failure) 2018-06-17T23:35:32.552+0545: 10.165: [ParNew
Desired survivor size 20112992 bytes, new threshold 4 (max 8)
- age   1:    7860048 bytes,    7860048 total
- age   2:    3669768 bytes,   11529816 total
- age   3:    6336344 bytes,   17866160 total
- age   4:    4481456 bytes,   22347616 total
: 109248K->21824K(109248K), 0.1047609 secs] 738435K->670190K(1033444K), 0.1048360 secs] [Times: user=0.38 sys=0.01, real=0.10 secs] 
Heap after GC invocations=24 (full 4):
 par new generation   total 109248K, used 21824K [0x0000000080000000, 0x0000000088000000, 0x00000000a0000000)
  eden space 87424K,   0% used [0x0000000080000000, 0x0000000080000000, 0x0000000085560000)
  from space 21824K, 100% used [0x0000000085560000, 0x0000000086ab0000, 0x0000000086ab0000)
  to   space 21824K,   0% used [0x0000000086ab0000, 0x0000000086ab0000, 0x0000000088000000)
 concurrent mark-sweep generation total 924196K, used 648366K [0x00000000a0000000, 0x00000000d8689000, 0x0000000100000000)
 Metaspace       used 28678K, capacity 29508K, committed 29640K, reserved 1075200K
  class space    used 3394K, capacity 3658K, committed 3784K, reserved 1048576K
}
2018-06-17T23:35:32.657+0545: 10.270: Total time for which application threads were stopped: 0.1050486 seconds, Stopping threads took: 0.0000321 seconds
2018-06-17T23:35:32.659+0545: 10.272: [CMS-concurrent-preclean: 0.183/0.471 secs] [Times: user=1.58 sys=0.02, real=0.46 secs] 
2018-06-17T23:35:32.659+0545: 10.272: [GC (CMS Final Remark) [YG occupancy: 23571 K (109248 K)]2018-06-17T23:35:32.659+0545: 10.272: [Rescan (parallel) , 0.0516781 secs]2018-06-17T23:35:32.711+0545: 10.324: [weak refs processing, 0.0093298 secs]2018-06-17T23:35:32.720+0545: 10.333: [class unloading, 0.0039343 secs]2018-06-17T23:35:32.724+0545: 10.337: [scrub symbol table, 0.0042446 secs]2018-06-17T23:35:32.728+0545: 10.342: [scrub string table, 0.0004273 secs][1 CMS-remark: 648366K(924196K)] 671937K(1033444K), 0.0699352 secs] [Times: user=0.23 sys=0.00, real=0.08 secs] 
2018-06-17T23:35:32.729+0545: 10.342: Total time for which application threads were stopped: 0.0700712 seconds, Stopping threads took: 0.0000225 seconds
2018-06-17T23:35:32.729+0545: 10.342: [CMS-concurrent-sweep-start]
{Heap before GC invocations=24 (full 4):
 par new generation   total 109248K, used 23571K [0x0000000080000000, 0x0000000088000000, 0x00000000a0000000)
  eden space 87424K,   1% used [0x0000000080000000, 0x00000000801b4eb8, 0x0000000085560000)
  from space 21824K, 100% used [0x0000000085560000, 0x0000000086ab0000, 0x0000000086ab0000)
  to   space 21824K,   0% used [0x0000000086ab0000, 0x0000000086ab0000, 0x0000000088000000)
 concurrent mark-sweep generation total 924196K, used 648366K [0x00000000a0000000, 0x00000000d8689000, 0x0000000100000000)
 Metaspace       used 28678K, capacity 29508K, committed 29640K, reserved 1075200K
  class space    used 3394K, capacity 3658K, committed 3784K, reserved 1048576K
2018-06-17T23:35:32.729+0545: 10.342: [GC (GCLocker Initiated GC) 2018-06-17T23:35:32.729+0545: 10.342: [ParNew
Desired survivor size 20112992 bytes, new threshold 8 (max 8)
- age   1:     274856 bytes,     274856 total
- age   2:    7698568 bytes,    7973424 total
- age   3:    3433648 bytes,   11407072 total
- age   4:    6139632 bytes,   17546704 total
: 23571K->21824K(109248K), 0.0388662 secs] 671937K->675236K(1033444K), 0.0389191 secs] [Times: user=0.12 sys=0.01, real=0.04 secs] 
Heap after GC invocations=25 (full 4):
 par new generation   total 109248K, used 21824K [0x0000000080000000, 0x0000000088000000, 0x00000000a0000000)
  eden space 87424K,   0% used [0x0000000080000000, 0x0000000080000000, 0x0000000085560000)
  from space 21824K, 100% used [0x0000000086ab0000, 0x0000000088000000, 0x0000000088000000)
  to   space 21824K,   0% used [0x0000000085560000, 0x0000000085560000, 0x0000000086ab0000)
 concurrent mark-sweep generation total 924196K, used 653412K [0x00000000a0000000, 0x00000000d8689000, 0x0000000100000000)
 Metaspace       used 28678K, capacity 29508K, committed 29640K, reserved 1075200K
  class space    used 3394K, capacity 3658K, committed 3784K, reserved 1048576K
}
2018-06-17T23:35:32.768+0545: 10.381: Total time for which application threads were stopped: 0.0390757 seconds, Stopping threads took: 0.0000232 seconds
2018-06-17T23:35:32.772+0545: 10.385: Total time for which application threads were stopped: 0.0001315 seconds, Stopping threads took: 0.0000253 seconds
{Heap before GC invocations=25 (full 4):
 par new generation   total 109248K, used 109248K [0x0000000080000000, 0x0000000088000000, 0x00000000a0000000)
  eden space 87424K, 100% used [0x0000000080000000, 0x0000000085560000, 0x0000000085560000)
  from space 21824K, 100% used [0x0000000086ab0000, 0x0000000088000000, 0x0000000088000000)
  to   space 21824K,   0% used [0x0000000085560000, 0x0000000085560000, 0x0000000086ab0000)
 concurrent mark-sweep generation total 924196K, used 652857K [0x00000000a0000000, 0x00000000d8689000, 0x0000000100000000)
 Metaspace       used 28678K, capacity 29508K, committed 29640K, reserved 1075200K
  class space    used 3394K, capacity 3658K, committed 3784K, reserved 1048576K
2018-06-17T23:35:32.879+0545: 10.492: [GC (Allocation Failure) 2018-06-17T23:35:32.879+0545: 10.492: [ParNew
Desired survivor size 20112992 bytes, new threshold 5 (max 8)
- age   1:    9160192 bytes,    9160192 total
- age   2:     238560 bytes,    9398752 total
- age   3:    5592696 bytes,   14991448 total
- age   4:    1748392 bytes,   16739840 total
- age   5:    5607792 bytes,   22347632 total
: 109248K->21824K(109248K), 0.0686898 secs] 762105K->691116K(1033444K), 0.0687488 secs] [Times: user=0.25 sys=0.00, real=0.07 secs] 
Heap after GC invocations=26 (full 4):
 par new generation   total 109248K, used 21824K [0x0000000080000000, 0x0000000088000000, 0x00000000a0000000)
  eden space 87424K,   0% used [0x0000000080000000, 0x0000000080000000, 0x0000000085560000)
  from space 21824K, 100% used [0x0000000085560000, 0x0000000086ab0000, 0x0000000086ab0000)
  to   space 21824K,   0% used [0x0000000086ab0000, 0x0000000086ab0000, 0x0000000088000000)
 concurrent mark-sweep generation total 924196K, used 669292K [0x00000000a0000000, 0x00000000d8689000, 0x0000000100000000)
 Metaspace       used 28678K, capacity 29508K, committed 29640K, reserved 1075200K
  class space    used 3394K, capacity 3658K, committed 3784K, reserved 1048576K
}
2018-06-17T23:35:32.948+0545: 10.561: Total time for which application threads were stopped: 0.0689120 seconds, Stopping threads took: 0.0000206 seconds
{Heap before GC invocations=26 (full 4):
 par new generation   total 109248K, used 109248K [0x0000000080000000, 0x0000000088000000, 0x00000000a0000000)
  eden space 87424K, 100% used [0x0000000080000000, 0x0000000085560000, 0x0000000085560000)
  from space 21824K, 100% used [0x0000000085560000, 0x0000000086ab0000, 0x0000000086ab0000)
  to   space 21824K,   0% used [0x0000000086ab0000, 0x0000000086ab0000, 0x0000000088000000)
 concurrent mark-sweep generation total 924196K, used 657070K [0x00000000a0000000, 0x00000000d8689000, 0x0000000100000000)
 Metaspace       used 28678K, capacity 29508K, committed 29640K, reserved 1075200K
  class space    used 3394K, capacity 3658K, committed 3784K, reserved 1048576K
2018-06-17T23:35:33.026+0545: 10.639: [GC (Allocation Failure) 2018-06-17T23:35:33.026+0545: 10.639: [ParNew
Desired survivor size 20112992 bytes, new threshold 5 (max 8)
- age   1:    7563552 bytes,    7563552 total
- age   2:    7180440 bytes,   14743992 total
- age   3:     223512 bytes,   14967504 total
- age   4:    4732584 bytes,   19700088 total
- age   5:    1612768 bytes,   21312856 total
: 109248K->21824K(109248K), 0.0789483 secs] 766318K->697488K(1033444K), 0.0790241 secs] [Times: user=0.26 sys=0.01, real=0.08 secs] 
Heap after GC invocations=27 (full 4):
 par new generation   total 109248K, used 21824K [0x0000000080000000, 0x0000000088000000, 0x00000000a0000000)
  eden space 87424K,   0% used [0x0000000080000000, 0x0000000080000000, 0x0000000085560000)
  from space 21824K, 100% used [0x0000000086ab0000, 0x0000000088000000, 0x0000000088000000)
  to   space 21824K,   0% used [0x0000000085560000, 0x0000000085560000, 0x0000000086ab0000)
 concurrent mark-sweep generation total 924196K, used 675664K [0x00000000a0000000, 0x00000000d8689000, 0x0000000100000000)
 Metaspace       used 28678K, capacity 29508K, committed 29640K, reserved 1075200K
  class space    used 3394K, capacity 3658K, committed 3784K, reserved 1048576K
}
2018-06-17T23:35:33.105+0545: 10.718: Total time for which application threads were stopped: 0.0792126 seconds, Stopping threads took: 0.0000204 seconds
2018-06-17T23:35:33.157+0545: 10.770: [CMS-concurrent-sweep: 0.280/0.428 secs] [Times: user=1.11 sys=0.02, real=0.42 secs] 
2018-06-17T23:35:33.158+0545: 10.771: [CMS-concurrent-reset-start]
2018-06-17T23:35:33.161+0545: 10.774: [CMS-concurrent-reset: 0.003/0.003 secs] [Times: user=0.00 sys=0.00, real=0.01 secs] 
{Heap before GC invocations=27 (full 4):
 par new generation   total 109248K, used 109248K [0x0000000080000000, 0x0000000088000000, 0x00000000a0000000)
  eden space 87424K, 100% used [0x0000000080000000, 0x0000000085560000, 0x0000000085560000)
  from space 21824K, 100% used [0x0000000086ab0000, 0x0000000088000000, 0x0000000088000000)
  to   space 21824K,   0% used [0x0000000085560000, 0x0000000085560000, 0x0000000086ab0000)
 concurrent mark-sweep generation total 1077584K, used 646550K [0x00000000a0000000, 0x00000000e1c54000, 0x0000000100000000)
 Metaspace       used 28678K, capacity 29508K, committed 29640K, reserved 1075200K
  class space    used 3394K, capacity 3658K, committed 3784K, reserved 1048576K
2018-06-17T23:35:33.183+0545: 10.797: [GC (Allocation Failure) 2018-06-17T23:35:33.183+0545: 10.797: [ParNew
Desired survivor size 20112992 bytes, new threshold 5 (max 8)
- age   1:    5444768 bytes,    5444768 total
- age   2:    5897432 bytes,   11342200 total
- age   3:    6170400 bytes,   17512600 total
- age   4:     210320 bytes,   17722920 total
- age   5:    4624704 bytes,   22347624 total
: 109248K->21824K(109248K), 0.0666393 secs] 755798K->684807K(1186832K), 0.0666956 secs] [Times: user=0.24 sys=0.00, real=0.07 secs] 
Heap after GC invocations=28 (full 4):
 par new generation   total 109248K, used 21824K [0x0000000080000000, 0x0000000088000000, 0x00000000a0000000)
  eden space 87424K,   0% used [0x0000000080000000, 0x0000000080000000, 0x0000000085560000)
  from space 21824K, 100% used [0x0000000085560000, 0x0000000086ab0000, 0x0000000086ab0000)
  to   space 21824K,   0% used [0x0000000086ab0000, 0x0000000086ab0000, 0x0000000088000000)
 concurrent mark-sweep generation total 1077584K, used 662983K [0x00000000a0000000, 0x00000000e1c54000, 0x0000000100000000)
 Metaspace       used 28678K, capacity 29508K, committed 29640K, reserved 1075200K
  class space    used 3394K, capacity 3658K, committed 3784K, reserved 1048576K
}
2018-06-17T23:35:33.250+0545: 10.863: Total time for which application threads were stopped: 0.0668773 seconds, Stopping threads took: 0.0000198 seconds
2018-06-17T23:35:33.250+0545: 10.863: [GC (CMS Initial Mark) [1 CMS-initial-mark: 662983K(1077584K)] 686556K(1186832K), 0.0102971 secs] [Times: user=0.03 sys=0.00, real=0.01 secs] 
2018-06-17T23:35:33.261+0545: 10.874: Total time for which application threads were stopped: 0.0104258 seconds, Stopping threads took: 0.0000125 seconds
2018-06-17T23:35:33.261+0545: 10.874: [CMS-concurrent-mark-start]
{Heap before GC invocations=28 (full 5):
 par new generation   total 109248K, used 109248K [0x0000000080000000, 0x0000000088000000, 0x00000000a0000000)
  eden space 87424K, 100% used [0x0000000080000000, 0x0000000085560000, 0x0000000085560000)
  from space 21824K, 100% used [0x0000000085560000, 0x0000000086ab0000, 0x0000000086ab0000)
  to   space 21824K,   0% used [0x0000000086ab0000, 0x0000000086ab0000, 0x0000000088000000)
 concurrent mark-sweep generation total 1077584K, used 662983K [0x00000000a0000000, 0x00000000e1c54000, 0x0000000100000000)
 Metaspace       used 28678K, capacity 29508K, committed 29640K, reserved 1075200K
  class space    used 3394K, capacity 3658K, committed 3784K, reserved 1048576K
2018-06-17T23:35:33.376+0545: 10.989: [GC (Allocation Failure) 2018-06-17T23:35:33.376+0545: 10.990: [ParNew
Desired survivor size 20112992 bytes, new threshold 4 (max 8)
- age   1:    6271856 bytes,    6271856 total
- age   2:    4791384 bytes,   11063240 total
- age   3:    5078000 bytes,   16141240 total
- age   4:    5999400 bytes,   22140640 total
- age   5:     206912 bytes,   22347552 total
: 109248K->21824K(109248K), 0.0767175 secs] 772231K->702288K(1186832K), 0.0767800 secs] [Times: user=0.27 sys=0.00, real=0.08 secs] 
Heap after GC invocations=29 (full 5):
 par new generation   total 109248K, used 21824K [0x0000000080000000, 0x0000000088000000, 0x00000000a0000000)
  eden space 87424K,   0% used [0x0000000080000000, 0x0000000080000000, 0x0000000085560000)
  from space 21824K, 100% used [0x0000000086ab0000, 0x0000000088000000, 0x0000000088000000)
  to   space 21824K,   0% used [0x0000000085560000, 0x0000000085560000, 0x0000000086ab0000)
 concurrent mark-sweep generation total 1077584K, used 680464K [0x00000000a0000000, 0x00000000e1c54000, 0x0000000100000000)
 Metaspace       used 28678K, capacity 29508K, committed 29640K, reserved 1075200K
  class space    used 3394K, capacity 3658K, committed 3784K, reserved 1048576K
}
2018-06-17T23:35:33.453+0545: 11.066: Total time for which application threads were stopped: 0.0769465 seconds, Stopping threads took: 0.0000180 seconds
{Heap before GC invocations=29 (full 5):
 par new generation   total 109248K, used 109248K [0x0000000080000000, 0x0000000088000000, 0x00000000a0000000)
  eden space 87424K, 100% used [0x0000000080000000, 0x0000000085560000, 0x0000000085560000)
  from space 21824K, 100% used [0x0000000086ab0000, 0x0000000088000000, 0x0000000088000000)
  to   space 21824K,   0% used [0x0000000085560000, 0x0000000085560000, 0x0000000086ab0000)
 concurrent mark-sweep generation total 1077584K, used 680464K [0x00000000a0000000, 0x00000000e1c54000, 0x0000000100000000)
 Metaspace       used 28678K, capacity 29508K, committed 29640K, reserved 1075200K
  class space    used 3394K, capacity 3658K, committed 3784K, reserved 1048576K
2018-06-17T23:35:33.566+0545: 11.179: [GC (Allocation Failure) 2018-06-17T23:35:33.566+0545: 11.179: [ParNew
Desired survivor size 20112992 bytes, new threshold 4 (max 8)
- age   1:    8810688 bytes,    8810688 total
- age   2:    4300728 bytes,   13111416 total
- age   3:    4362144 bytes,   17473560 total
- age   4:    4874072 bytes,   22347632 total
: 109248K->21824K(109248K), 0.0742129 secs] 789712K->721534K(1186832K), 0.0742726 secs] [Times: user=0.27 sys=0.00, real=0.08 secs] 
Heap after GC invocations=30 (full 5):
 par new generation   total 109248K, used 21824K [0x0000000080000000, 0x0000000088000000, 0x00000000a0000000)
  eden space 87424K,   0% used [0x0000000080000000, 0x0000000080000000, 0x0000000085560000)
  from space 21824K, 100% used [0x0000000085560000, 0x0000000086ab0000, 0x0000000086ab0000)
  to   space 21824K,   0% used [0x0000000086ab0000, 0x0000000086ab0000, 0x0000000088000000)
 concurrent mark-sweep generation total 1077584K, used 699710K [0x00000000a0000000, 0x00000000e1c54000, 0x0000000100000000)
 Metaspace       used 28678K, capacity 29508K, committed 29640K, reserved 1075200K
  class space    used 3394K, capacity 3658K, committed 3784K, reserved 1048576K
}
2018-06-17T23:35:33.641+0545: 11.254: Total time for which application threads were stopped: 0.0744350 seconds, Stopping threads took: 0.0000192 seconds
{Heap before GC invocations=30 (full 5):
 par new generation   total 109248K, used 109248K [0x0000000080000000, 0x0000000088000000, 0x00000000a0000000)
  eden space 87424K, 100% used [0x0000000080000000, 0x0000000085560000, 0x0000000085560000)
  from space 21824K, 100% used [0x0000000085560000, 0x0000000086ab0000, 0x0000000086ab0000)
  to   space 21824K,   0% used [0x0000000086ab0000, 0x0000000086ab0000, 0x0000000088000000)
 concurrent mark-sweep generation total 1077584K, used 699710K [0x00000000a0000000, 0x00000000e1c54000, 0x0000000100000000)
 Metaspace       used 28678K, capacity 29508K, committed 29640K, reserved 1075200K
  class space    used 3394K, capacity 3658K, committed 3784K, reserved 1048576K
2018-06-17T23:35:33.762+0545: 11.375: [GC (Allocation Failure) 2018-06-17T23:35:33.762+0545: 11.376: [ParNew
Desired survivor size 20112992 bytes, new threshold 4 (max 8)
- age   1:    7299784 bytes,    7299784 total
- age   2:    6606912 bytes,   13906696 total
- age   3:    4160088 bytes,   18066784 total
- age   4:    4280768 bytes,   22347552 total
: 109248K->21824K(109248K), 0.0821847 secs] 808958K->742236K(1186832K), 0.0822535 secs] [Times: user=0.29 sys=0.01, real=0.08 secs] 
Heap after GC invocations=31 (full 5):
 par new generation   total 109248K, used 21824K [0x0000000080000000, 0x0000000088000000, 0x00000000a0000000)
  eden space 87424K,   0% used [0x0000000080000000, 0x0000000080000000, 0x0000000085560000)
  from space 21824K, 100% used [0x0000000086ab0000, 0x0000000088000000, 0x0000000088000000)
  to   space 21824K,   0% used [0x0000000085560000, 0x0000000085560000, 0x0000000086ab0000)
 concurrent mark-sweep generation total 1077584K, used 720412K [0x00000000a0000000, 0x00000000e1c54000, 0x0000000100000000)
 Metaspace       used 28678K, capacity 29508K, committed 29640K, reserved 1075200K
  class space    used 3394K, capacity 3658K, committed 3784K, reserved 1048576K
}
2018-06-17T23:35:33.845+0545: 11.458: Total time for which application threads were stopped: 0.0824167 seconds, Stopping threads took: 0.0000196 seconds
{Heap before GC invocations=31 (full 5):
 par new generation   total 109248K, used 109248K [0x0000000080000000, 0x0000000088000000, 0x00000000a0000000)
  eden space 87424K, 100% used [0x0000000080000000, 0x0000000085560000, 0x0000000085560000)
  from space 21824K, 100% used [0x0000000086ab0000, 0x0000000088000000, 0x0000000088000000)
  to   space 21824K,   0% used [0x0000000085560000, 0x0000000085560000, 0x0000000086ab0000)
 concurrent mark-sweep generation total 1077584K, used 720412K [0x00000000a0000000, 0x00000000e1c54000, 0x0000000100000000)
 Metaspace       used 28678K, capacity 29508K, committed 29640K, reserved 1075200K
  class space    used 3394K, capacity 3658K, committed 3784K, reserved 1048576K
2018-06-17T23:35:33.966+0545: 11.579: [GC (Allocation Failure) 2018-06-17T23:35:33.966+0545: 11.579: [ParNew
Desired survivor size 20112992 bytes, new threshold 4 (max 8)
- age   1:    6140240 bytes,    6140240 total
- age   2:    5500536 bytes,   11640776 total
- age   3:    6567560 bytes,   18208336 total
- age   4:    4139248 bytes,   22347584 total
: 109248K->21824K(109248K), 0.0799249 secs] 829660K->759801K(1186832K), 0.0799843 secs] [Times: user=0.27 sys=0.01, real=0.08 secs] 
Heap after GC invocations=32 (full 5):
 par new generation   total 109248K, used 21824K [0x0000000080000000, 0x0000000088000000, 0x00000000a0000000)
  eden space 87424K,   0% used [0x0000000080000000, 0x0000000080000000, 0x0000000085560000)
  from space 21824K, 100% used [0x0000000085560000, 0x0000000086ab0000, 0x0000000086ab0000)
  to   space 21824K,   0% used [0x0000000086ab0000, 0x0000000086ab0000, 0x0000000088000000)
 concurrent mark-sweep generation total 1077584K, used 737977K [0x00000000a0000000, 0x00000000e1c54000, 0x0000000100000000)
 Metaspace       used 28678K, capacity 29508K, committed 29640K, reserved 1075200K
  class space    used 3394K, capacity 3658K, committed 3784K, reserved 1048576K
}
2018-06-17T23:35:34.046+0545: 11.659: Total time for which application threads were stopped: 0.0801506 seconds, Stopping threads took: 0.0000176 seconds
2018-06-17T23:35:34.240+0545: 11.853: [CMS-concurrent-mark: 0.665/0.979 secs] [Times: user=3.63 sys=0.03, real=0.97 secs] 
2018-06-17T23:35:34.240+0545: 11.853: [CMS-concurrent-preclean-start]
{Heap before GC invocations=32 (full 5):
 par new generation   total 109248K, used 109248K [0x0000000080000000, 0x0000000088000000, 0x00000000a0000000)
  eden space 87424K, 100% used [0x0000000080000000, 0x0000000085560000, 0x0000000085560000)
  from space 21824K, 100% used [0x0000000085560000, 0x0000000086ab0000, 0x0000000086ab0000)
  to   space 21824K,   0% used [0x0000000086ab0000, 0x0000000086ab0000, 0x0000000088000000)
 concurrent mark-sweep generation total 1077584K, used 737977K [0x00000000a0000000, 0x00000000e1c54000, 0x0000000100000000)
 Metaspace       used 28678K, capacity 29508K, committed 29640K, reserved 1075200K
  class space    used 3394K, capacity 3658K, committed 3784K, reserved 1048576K
2018-06-17T23:35:34.255+0545: 11.868: [GC (Allocation Failure) 2018-06-17T23:35:34.255+0545: 11.868: [ParNew
Desired survivor size 20112992 bytes, new threshold 4 (max 8)
- age   1:    6586448 bytes,    6586448 total
- age   2:    4585888 bytes,   11172336 total
- age   3:    4716024 bytes,   15888360 total
- age   4:    6458088 bytes,   22346448 total
: 109248K->21822K(109248K), 0.0885407 secs] 847225K->782234K(1186832K), 0.0886047 secs] [Times: user=0.31 sys=0.00, real=0.09 secs] 
Heap after GC invocations=33 (full 5):
 par new generation   total 109248K, used 21822K [0x0000000080000000, 0x0000000088000000, 0x00000000a0000000)
  eden space 87424K,   0% used [0x0000000080000000, 0x0000000080000000, 0x0000000085560000)
  from space 21824K,  99% used [0x0000000086ab0000, 0x0000000087fffb40, 0x0000000088000000)
  to   space 21824K,   0% used [0x0000000085560000, 0x0000000085560000, 0x0000000086ab0000)
 concurrent mark-sweep generation total 1077584K, used 760411K [0x00000000a0000000, 0x00000000e1c54000, 0x0000000100000000)
 Metaspace       used 28678K, capacity 29508K, committed 29640K, reserved 1075200K
  class space    used 3394K, capacity 3658K, committed 3784K, reserved 1048576K
}
2018-06-17T23:35:34.343+0545: 11.957: Total time for which application threads were stopped: 0.0887673 seconds, Stopping threads took: 0.0000178 seconds
{Heap before GC invocations=33 (full 5):
 par new generation   total 109248K, used 109246K [0x0000000080000000, 0x0000000088000000, 0x00000000a0000000)
  eden space 87424K, 100% used [0x0000000080000000, 0x0000000085560000, 0x0000000085560000)
  from space 21824K,  99% used [0x0000000086ab0000, 0x0000000087fffb40, 0x0000000088000000)
  to   space 21824K,   0% used [0x0000000085560000, 0x0000000085560000, 0x0000000086ab0000)
 concurrent mark-sweep generation total 1077584K, used 760411K [0x00000000a0000000, 0x00000000e1c54000, 0x0000000100000000)
 Metaspace       used 28678K, capacity 29508K, committed 29640K, reserved 1075200K
  class space    used 3394K, capacity 3658K, committed 3784K, reserved 1048576K
2018-06-17T23:35:34.421+0545: 12.034: [GC (Allocation Failure) 2018-06-17T23:35:34.421+0545: 12.034: [ParNew
Desired survivor size 20112992 bytes, new threshold 4 (max 8)
- age   1:    7846616 bytes,    7846616 total
- age   2:    5363648 bytes,   13210264 total
- age   3:    4508112 bytes,   17718376 total
- age   4:    4627928 bytes,   22346304 total
: 109246K->21822K(109248K), 0.0775617 secs] 869658K->799649K(1186832K), 0.0776205 secs] [Times: user=0.27 sys=0.01, real=0.07 secs] 
Heap after GC invocations=34 (full 5):
 par new generation   total 109248K, used 21822K [0x0000000080000000, 0x0000000088000000, 0x00000000a0000000)
  eden space 87424K,   0% used [0x0000000080000000, 0x0000000080000000, 0x0000000085560000)
  from space 21824K,  99% used [0x0000000085560000, 0x0000000086aafae0, 0x0000000086ab0000)
  to   space 21824K,   0% used [0x0000000086ab0000, 0x0000000086ab0000, 0x0000000088000000)
 concurrent mark-sweep generation total 1077584K, used 777827K [0x00000000a0000000, 0x00000000e1c54000, 0x0000000100000000)
 Metaspace       used 28678K, capacity 29508K, committed 29640K, reserved 1075200K
  class space    used 3394K, capacity 3658K, committed 3784K, reserved 1048576K
}
2018-06-17T23:35:34.499+0545: 12.112: Total time for which application threads were stopped: 0.0777932 seconds, Stopping threads took: 0.0000180 seconds
{Heap before GC invocations=34 (full 5):
 par new generation   total 109248K, used 109246K [0x0000000080000000, 0x0000000088000000, 0x00000000a0000000)
  eden space 87424K, 100% used [0x0000000080000000, 0x0000000085560000, 0x0000000085560000)
  from space 21824K,  99% used [0x0000000085560000, 0x0000000086aafae0, 0x0000000086ab0000)
  to   space 21824K,   0% used [0x0000000086ab0000, 0x0000000086ab0000, 0x0000000088000000)
 concurrent mark-sweep generation total 1077584K, used 777827K [0x00000000a0000000, 0x00000000e1c54000, 0x0000000100000000)
 Metaspace       used 28678K, capacity 29508K, committed 29640K, reserved 1075200K
  class space    used 3394K, capacity 3658K, committed 3784K, reserved 1048576K
2018-06-17T23:35:34.582+0545: 12.195: [GC (Allocation Failure) 2018-06-17T23:35:34.582+0545: 12.195: [ParNew
Desired survivor size 20112992 bytes, new threshold 4 (max 8)
- age   1:    8918744 bytes,    8918744 total
- age   2:    5058712 bytes,   13977456 total
- age   3:    3877080 bytes,   17854536 total
- age   4:    4491632 bytes,   22346168 total
: 109246K->21822K(109248K), 0.0888612 secs] 887073K->819783K(1186832K), 0.0889266 secs] [Times: user=0.32 sys=0.01, real=0.09 secs] 
Heap after GC invocations=35 (full 5):
 par new generation   total 109248K, used 21822K [0x0000000080000000, 0x0000000088000000, 0x00000000a0000000)
  eden space 87424K,   0% used [0x0000000080000000, 0x0000000080000000, 0x0000000085560000)
  from space 21824K,  99% used [0x0000000086ab0000, 0x0000000087fffa60, 0x0000000088000000)
  to   space 21824K,   0% used [0x0000000085560000, 0x0000000085560000, 0x0000000086ab0000)
 concurrent mark-sweep generation total 1077584K, used 797961K [0x00000000a0000000, 0x00000000e1c54000, 0x0000000100000000)
 Metaspace       used 28678K, capacity 29508K, committed 29640K, reserved 1075200K
  class space    used 3394K, capacity 3658K, committed 3784K, reserved 1048576K
}
2018-06-17T23:35:34.671+0545: 12.284: Total time for which application threads were stopped: 0.0891053 seconds, Stopping threads took: 0.0000199 seconds
2018-06-17T23:35:34.877+0545: 12.490: [CMS-concurrent-preclean: 0.374/0.638 secs] [Times: user=1.89 sys=0.02, real=0.64 secs] 
2018-06-17T23:35:34.877+0545: 12.491: [CMS-concurrent-abortable-preclean-start]
{Heap before GC invocations=35 (full 5):
 par new generation   total 109248K, used 109246K [0x0000000080000000, 0x0000000088000000, 0x00000000a0000000)
  eden space 87424K, 100% used [0x0000000080000000, 0x0000000085560000, 0x0000000085560000)
  from space 21824K,  99% used [0x0000000086ab0000, 0x0000000087fffa60, 0x0000000088000000)
  to   space 21824K,   0% used [0x0000000085560000, 0x0000000085560000, 0x0000000086ab0000)
 concurrent mark-sweep generation total 1077584K, used 797961K [0x00000000a0000000, 0x00000000e1c54000, 0x0000000100000000)
 Metaspace       used 29057K, capacity 29796K, committed 29896K, reserved 1075200K
  class space    used 3433K, capacity 3690K, committed 3784K, reserved 1048576K
2018-06-17T23:35:34.920+0545: 12.533: [GC (Allocation Failure) 2018-06-17T23:35:34.920+0545: 12.533: [ParNew
Desired survivor size 20112992 bytes, new threshold 4 (max 8)
- age   1:    5815096 bytes,    5815096 total
- age   2:    8528656 bytes,   14343752 total
- age   3:    4273304 bytes,   18617056 total
- age   4:    3729016 bytes,   22346072 total
: 109246K->21822K(109248K), 0.0949315 secs] 907207K->838894K(1186832K), 0.0949989 secs] [Times: user=0.34 sys=0.00, real=0.10 secs] 
Heap after GC invocations=36 (full 5):
 par new generation   total 109248K, used 21822K [0x0000000080000000, 0x0000000088000000, 0x00000000a0000000)
  eden space 87424K,   0% used [0x0000000080000000, 0x0000000080000000, 0x0000000085560000)
  from space 21824K,  99% used [0x0000000085560000, 0x0000000086aaf9c0, 0x0000000086ab0000)
  to   space 21824K,   0% used [0x0000000086ab0000, 0x0000000086ab0000, 0x0000000088000000)
 concurrent mark-sweep generation total 1077584K, used 817072K [0x00000000a0000000, 0x00000000e1c54000, 0x0000000100000000)
 Metaspace       used 29057K, capacity 29796K, committed 29896K, reserved 1075200K
  class space    used 3433K, capacity 3690K, committed 3784K, reserved 1048576K
}
2018-06-17T23:35:35.015+0545: 12.628: Total time for which application threads were stopped: 0.0952948 seconds, Stopping threads took: 0.0000323 seconds
2018-06-17T23:35:35.155+0545: 12.768: [CMS-concurrent-abortable-preclean: 0.179/0.278 secs] [Times: user=1.02 sys=0.00, real=0.28 secs] 
2018-06-17T23:35:35.156+0545: 12.769: [GC (CMS Final Remark) [YG occupancy: 70780 K (109248 K)]{Heap before GC invocations=36 (full 5):
 par new generation   total 109248K, used 70780K [0x0000000080000000, 0x0000000088000000, 0x00000000a0000000)
  eden space 87424K,  56% used [0x0000000080000000, 0x0000000082fcf8c8, 0x0000000085560000)
  from space 21824K,  99% used [0x0000000085560000, 0x0000000086aaf9c0, 0x0000000086ab0000)
  to   space 21824K,   0% used [0x0000000086ab0000, 0x0000000086ab0000, 0x0000000088000000)
 concurrent mark-sweep generation total 1077584K, used 817072K [0x00000000a0000000, 0x00000000e1c54000, 0x0000000100000000)
 Metaspace       used 29058K, capacity 29796K, committed 29896K, reserved 1075200K
  class space    used 3434K, capacity 3690K, committed 3784K, reserved 1048576K
2018-06-17T23:35:35.156+0545: 12.769: [GC (CMS Final Remark) 2018-06-17T23:35:35.156+0545: 12.769: [ParNew
Desired survivor size 20112992 bytes, new threshold 4 (max 8)
- age   1:    4502416 bytes,    4502416 total
- age   2:    5052744 bytes,    9555160 total
- age   3:    8522208 bytes,   18077368 total
- age   4:    4268632 bytes,   22346000 total
: 70780K->21822K(109248K), 0.0735308 secs] 887853K->851488K(1186832K), 0.0735772 secs] [Times: user=0.25 sys=0.01, real=0.08 secs] 
Heap after GC invocations=37 (full 5):
 par new generation   total 109248K, used 21822K [0x0000000080000000, 0x0000000088000000, 0x00000000a0000000)
  eden space 87424K,   0% used [0x0000000080000000, 0x0000000080000000, 0x0000000085560000)
  from space 21824K,  99% used [0x0000000086ab0000, 0x0000000087fff960, 0x0000000088000000)
  to   space 21824K,   0% used [0x0000000085560000, 0x0000000085560000, 0x0000000086ab0000)
 concurrent mark-sweep generation total 1077584K, used 829666K [0x00000000a0000000, 0x00000000e1c54000, 0x0000000100000000)
 Metaspace       used 29058K, capacity 29796K, committed 29896K, reserved 1075200K
  class space    used 3434K, capacity 3690K, committed 3784K, reserved 1048576K
}
2018-06-17T23:35:35.229+0545: 12.842: [Rescan (parallel) , 0.0311315 secs]2018-06-17T23:35:35.260+0545: 12.873: [weak refs processing, 0.0025621 secs]2018-06-17T23:35:35.263+0545: 12.876: [class unloading, 0.0034595 secs]2018-06-17T23:35:35.266+0545: 12.880: [scrub symbol table, 0.0032392 secs]2018-06-17T23:35:35.270+0545: 12.883: [scrub string table, 0.0004301 secs][1 CMS-remark: 829666K(1077584K)] 851488K(1186832K), 0.1146338 secs] [Times: user=0.39 sys=0.01, real=0.12 secs] 
2018-06-17T23:35:35.270+0545: 12.883: Total time for which application threads were stopped: 0.1148369 seconds, Stopping threads took: 0.0000458 seconds
2018-06-17T23:35:35.276+0545: 12.889: [CMS-concurrent-sweep-start]
{Heap before GC invocations=37 (full 5):
 par new generation   total 109248K, used 109246K [0x0000000080000000, 0x0000000088000000, 0x00000000a0000000)
  eden space 87424K, 100% used [0x0000000080000000, 0x0000000085560000, 0x0000000085560000)
  from space 21824K,  99% used [0x0000000086ab0000, 0x0000000087fff960, 0x0000000088000000)
  to   space 21824K,   0% used [0x0000000085560000, 0x0000000085560000, 0x0000000086ab0000)
 concurrent mark-sweep generation total 1077584K, used 823255K [0x00000000a0000000, 0x00000000e1c54000, 0x0000000100000000)
 Metaspace       used 29059K, capacity 29860K, committed 30152K, reserved 1075200K
  class space    used 3434K, capacity 3690K, committed 3784K, reserved 1048576K
2018-06-17T23:35:35.427+0545: 13.040: [GC (Allocation Failure) 2018-06-17T23:35:35.427+0545: 13.040: [ParNew
Desired survivor size 20112992 bytes, new threshold 4 (max 8)
- age   1:    5527488 bytes,    5527488 total
- age   2:    3263416 bytes,    8790904 total
- age   3:    5033640 bytes,   13824544 total
- age   4:    8521344 bytes,   22345888 total
: 109246K->21822K(109248K), 0.0737810 secs] 932501K->868551K(1186832K), 0.0738474 secs] [Times: user=0.26 sys=0.01, real=0.08 secs] 
Heap after GC invocations=38 (full 5):
 par new generation   total 109248K, used 21822K [0x0000000080000000, 0x0000000088000000, 0x00000000a0000000)
  eden space 87424K,   0% used [0x0000000080000000, 0x0000000080000000, 0x0000000085560000)
  from space 21824K,  99% used [0x0000000085560000, 0x0000000086aaf900, 0x0000000086ab0000)
  to   space 21824K,   0% used [0x0000000086ab0000, 0x0000000086ab0000, 0x0000000088000000)
 concurrent mark-sweep generation total 1077584K, used 846729K [0x00000000a0000000, 0x00000000e1c54000, 0x0000000100000000)
 Metaspace       used 29059K, capacity 29860K, committed 30152K, reserved 1075200K
  class space    used 3434K, capacity 3690K, committed 3784K, reserved 1048576K
}
2018-06-17T23:35:35.501+0545: 13.114: Total time for which application threads were stopped: 0.0740141 seconds, Stopping threads took: 0.0000183 seconds
{Heap before GC invocations=38 (full 5):
 par new generation   total 109248K, used 109246K [0x0000000080000000, 0x0000000088000000, 0x00000000a0000000)
  eden space 87424K, 100% used [0x0000000080000000, 0x0000000085560000, 0x0000000085560000)
  from space 21824K,  99% used [0x0000000085560000, 0x0000000086aaf900, 0x0000000086ab0000)
  to   space 21824K,   0% used [0x0000000086ab0000, 0x0000000086ab0000, 0x0000000088000000)
 concurrent mark-sweep generation total 1077584K, used 844827K [0x00000000a0000000, 0x00000000e1c54000, 0x0000000100000000)
 Metaspace       used 29068K, capacity 29860K, committed 30152K, reserved 1075200K
  class space    used 3435K, capacity 3690K, committed 3784K, reserved 1048576K
2018-06-17T23:35:35.616+0545: 13.229: [GC (Allocation Failure) 2018-06-17T23:35:35.616+0545: 13.229: [ParNew
Desired survivor size 20112992 bytes, new threshold 4 (max 8)
- age   1:    9244208 bytes,    9244208 total
- age   2:    4819424 bytes,   14063632 total
- age   3:    3248456 bytes,   17312088 total
- age   4:    5033640 bytes,   22345728 total
: 109246K->21822K(109248K), 0.0666674 secs] 954073K->887753K(1186832K), 0.0667463 secs] [Times: user=0.21 sys=0.02, real=0.07 secs] 
Heap after GC invocations=39 (full 5):
 par new generation   total 109248K, used 21822K [0x0000000080000000, 0x0000000088000000, 0x00000000a0000000)
  eden space 87424K,   0% used [0x0000000080000000, 0x0000000080000000, 0x0000000085560000)
  from space 21824K,  99% used [0x0000000086ab0000, 0x0000000087fff8a0, 0x0000000088000000)
  to   space 21824K,   0% used [0x0000000085560000, 0x0000000085560000, 0x0000000086ab0000)
 concurrent mark-sweep generation total 1077584K, used 865931K [0x00000000a0000000, 0x00000000e1c54000, 0x0000000100000000)
 Metaspace       used 29068K, capacity 29860K, committed 30152K, reserved 1075200K
  class space    used 3435K, capacity 3690K, committed 3784K, reserved 1048576K
}
2018-06-17T23:35:35.683+0545: 13.296: Total time for which application threads were stopped: 0.0669282 seconds, Stopping threads took: 0.0000250 seconds
2018-06-17T23:35:35.798+0545: 13.411: [CMS-concurrent-sweep: 0.381/0.522 secs] [Times: user=1.49 sys=0.03, real=0.52 secs] 
2018-06-17T23:35:35.798+0545: 13.411: [CMS-concurrent-reset-start]
2018-06-17T23:35:35.802+0545: 13.415: [CMS-concurrent-reset: 0.003/0.003 secs] [Times: user=0.01 sys=0.00, real=0.01 secs] 
{Heap before GC invocations=39 (full 5):
 par new generation   total 109248K, used 109246K [0x0000000080000000, 0x0000000088000000, 0x00000000a0000000)
  eden space 87424K, 100% used [0x0000000080000000, 0x0000000085560000, 0x0000000085560000)
  from space 21824K,  99% used [0x0000000086ab0000, 0x0000000087fff8a0, 0x0000000088000000)
  to   space 21824K,   0% used [0x0000000085560000, 0x0000000085560000, 0x0000000086ab0000)
 concurrent mark-sweep generation total 1438056K, used 862832K [0x00000000a0000000, 0x00000000f7c5a000, 0x0000000100000000)
 Metaspace       used 29068K, capacity 29860K, committed 30152K, reserved 1075200K
  class space    used 3435K, capacity 3690K, committed 3784K, reserved 1048576K
2018-06-17T23:35:35.807+0545: 13.420: [GC (Allocation Failure) 2018-06-17T23:35:35.807+0545: 13.420: [ParNew
Desired survivor size 20112992 bytes, new threshold 3 (max 8)
- age   1:    9303496 bytes,    9303496 total
- age   2:    8117024 bytes,   17420520 total
- age   3:    3696616 bytes,   21117136 total
- age   4:    1228528 bytes,   22345664 total
: 109246K->21822K(109248K), 0.0680553 secs] 972078K->904977K(1547304K), 0.0681372 secs] [Times: user=0.21 sys=0.02, real=0.07 secs] 
Heap after GC invocations=40 (full 5):
 par new generation   total 109248K, used 21822K [0x0000000080000000, 0x0000000088000000, 0x00000000a0000000)
  eden space 87424K,   0% used [0x0000000080000000, 0x0000000080000000, 0x0000000085560000)
  from space 21824K,  99% used [0x0000000085560000, 0x0000000086aaf820, 0x0000000086ab0000)
  to   space 21824K,   0% used [0x0000000086ab0000, 0x0000000086ab0000, 0x0000000088000000)
 concurrent mark-sweep generation total 1438056K, used 883155K [0x00000000a0000000, 0x00000000f7c5a000, 0x0000000100000000)
 Metaspace       used 29068K, capacity 29860K, committed 30152K, reserved 1075200K
  class space    used 3435K, capacity 3690K, committed 3784K, reserved 1048576K
}
2018-06-17T23:35:35.876+0545: 13.489: Total time for which application threads were stopped: 0.0683332 seconds, Stopping threads took: 0.0000190 seconds
2018-06-17T23:35:35.876+0545: 13.489: [GC (CMS Initial Mark) [1 CMS-initial-mark: 883155K(1438056K)] 906720K(1547304K), 0.0119260 secs] [Times: user=0.03 sys=0.00, real=0.01 secs] 
2018-06-17T23:35:35.888+0545: 13.501: Total time for which application threads were stopped: 0.0120844 seconds, Stopping threads took: 0.0000309 seconds
2018-06-17T23:35:35.888+0545: 13.501: [CMS-concurrent-mark-start]
{Heap before GC invocations=40 (full 6):
 par new generation   total 109248K, used 109246K [0x0000000080000000, 0x0000000088000000, 0x00000000a0000000)
  eden space 87424K, 100% used [0x0000000080000000, 0x0000000085560000, 0x0000000085560000)
  from space 21824K,  99% used [0x0000000085560000, 0x0000000086aaf820, 0x0000000086ab0000)
  to   space 21824K,   0% used [0x0000000086ab0000, 0x0000000086ab0000, 0x0000000088000000)
 concurrent mark-sweep generation total 1438056K, used 883155K [0x00000000a0000000, 0x00000000f7c5a000, 0x0000000100000000)
 Metaspace       used 29068K, capacity 29860K, committed 30152K, reserved 1075200K
  class space    used 3435K, capacity 3690K, committed 3784K, reserved 1048576K
2018-06-17T23:35:36.043+0545: 13.657: [GC (Allocation Failure) 2018-06-17T23:35:36.044+0545: 13.657: [ParNew
Desired survivor size 20112992 bytes, new threshold 3 (max 8)
- age   1:    9053216 bytes,    9053216 total
- age   2:    5445016 bytes,   14498232 total
- age   3:    7849424 bytes,   22347656 total
: 109246K->21824K(109248K), 0.0710142 secs] 992401K->925721K(1547304K), 0.0710829 secs] [Times: user=0.22 sys=0.01, real=0.07 secs] 
Heap after GC invocations=41 (full 6):
 par new generation   total 109248K, used 21824K [0x0000000080000000, 0x0000000088000000, 0x00000000a0000000)
  eden space 87424K,   0% used [0x0000000080000000, 0x0000000080000000, 0x0000000085560000)
  from space 21824K, 100% used [0x0000000086ab0000, 0x0000000088000000, 0x0000000088000000)
  to   space 21824K,   0% used [0x0000000085560000, 0x0000000085560000, 0x0000000086ab0000)
 concurrent mark-sweep generation total 1438056K, used 903897K [0x00000000a0000000, 0x00000000f7c5a000, 0x0000000100000000)
 Metaspace       used 29068K, capacity 29860K, committed 30152K, reserved 1075200K
  class space    used 3435K, capacity 3690K, committed 3784K, reserved 1048576K
}
2018-06-17T23:35:36.115+0545: 13.728: Total time for which application threads were stopped: 0.0712671 seconds, Stopping threads took: 0.0000191 seconds
{Heap before GC invocations=41 (full 6):
 par new generation   total 109248K, used 109248K [0x0000000080000000, 0x0000000088000000, 0x00000000a0000000)
  eden space 87424K, 100% used [0x0000000080000000, 0x0000000085560000, 0x0000000085560000)
  from space 21824K, 100% used [0x0000000086ab0000, 0x0000000088000000, 0x0000000088000000)
  to   space 21824K,   0% used [0x0000000085560000, 0x0000000085560000, 0x0000000086ab0000)
 concurrent mark-sweep generation total 1438056K, used 903897K [0x00000000a0000000, 0x00000000f7c5a000, 0x0000000100000000)
 Metaspace       used 29072K, capacity 29860K, committed 30152K, reserved 1075200K
  class space    used 3435K, capacity 3690K, committed 3784K, reserved 1048576K
2018-06-17T23:35:36.292+0545: 13.905: [GC (Allocation Failure) 2018-06-17T23:35:36.292+0545: 13.905: [ParNew
Desired survivor size 20112992 bytes, new threshold 3 (max 8)
- age   1:    9068184 bytes,    9068184 total
- age   2:    8074696 bytes,   17142880 total
- age   3:    5204064 bytes,   22346944 total
: 109248K->21823K(109248K), 0.0672115 secs] 1013145K->948949K(1547304K), 0.0672901 secs] [Times: user=0.22 sys=0.02, real=0.06 secs] 
Heap after GC invocations=42 (full 6):
 par new generation   total 109248K, used 21823K [0x0000000080000000, 0x0000000088000000, 0x00000000a0000000)
  eden space 87424K,   0% used [0x0000000080000000, 0x0000000080000000, 0x0000000085560000)
  from space 21824K,  99% used [0x0000000085560000, 0x0000000086aafd80, 0x0000000086ab0000)
  to   space 21824K,   0% used [0x0000000086ab0000, 0x0000000086ab0000, 0x0000000088000000)
 concurrent mark-sweep generation total 1438056K, used 927125K [0x00000000a0000000, 0x00000000f7c5a000, 0x0000000100000000)
 Metaspace       used 29072K, capacity 29860K, committed 30152K, reserved 1075200K
  class space    used 3435K, capacity 3690K, committed 3784K, reserved 1048576K
}
2018-06-17T23:35:36.359+0545: 13.973: Total time for which application threads were stopped: 0.0674568 seconds, Stopping threads took: 0.0000199 seconds
{Heap before GC invocations=42 (full 6):
 par new generation   total 109248K, used 109247K [0x0000000080000000, 0x0000000088000000, 0x00000000a0000000)
  eden space 87424K, 100% used [0x0000000080000000, 0x0000000085560000, 0x0000000085560000)
  from space 21824K,  99% used [0x0000000085560000, 0x0000000086aafd80, 0x0000000086ab0000)
  to   space 21824K,   0% used [0x0000000086ab0000, 0x0000000086ab0000, 0x0000000088000000)
 concurrent mark-sweep generation total 1438056K, used 927125K [0x00000000a0000000, 0x00000000f7c5a000, 0x0000000100000000)
 Metaspace       used 29072K, capacity 29860K, committed 30152K, reserved 1075200K
  class space    used 3435K, capacity 3690K, committed 3784K, reserved 1048576K
2018-06-17T23:35:36.523+0545: 14.136: [GC (Allocation Failure) 2018-06-17T23:35:36.523+0545: 14.136: [ParNew
Desired survivor size 20112992 bytes, new threshold 3 (max 8)
- age   1:    6837328 bytes,    6837328 total
- age   2:    8932752 bytes,   15770080 total
- age   3:    6576736 bytes,   22346816 total
: 109247K->21823K(109248K), 0.0601925 secs] 1036373K->969389K(1547304K), 0.0602513 secs] [Times: user=0.20 sys=0.02, real=0.06 secs] 
Heap after GC invocations=43 (full 6):
 par new generation   total 109248K, used 21823K [0x0000000080000000, 0x0000000088000000, 0x00000000a0000000)
  eden space 87424K,   0% used [0x0000000080000000, 0x0000000080000000, 0x0000000085560000)
  from space 21824K,  99% used [0x0000000086ab0000, 0x0000000087fffce0, 0x0000000088000000)
  to   space 21824K,   0% used [0x0000000085560000, 0x0000000085560000, 0x0000000086ab0000)
 concurrent mark-sweep generation total 1438056K, used 947566K [0x00000000a0000000, 0x00000000f7c5a000, 0x0000000100000000)
 Metaspace       used 29072K, capacity 29860K, committed 30152K, reserved 1075200K
  class space    used 3435K, capacity 3690K, committed 3784K, reserved 1048576K
}
2018-06-17T23:35:36.583+0545: 14.196: Total time for which application threads were stopped: 0.0604184 seconds, Stopping threads took: 0.0000229 seconds
{Heap before GC invocations=43 (full 6):
 par new generation   total 109248K, used 109247K [0x0000000080000000, 0x0000000088000000, 0x00000000a0000000)
  eden space 87424K, 100% used [0x0000000080000000, 0x0000000085560000, 0x0000000085560000)
  from space 21824K,  99% used [0x0000000086ab0000, 0x0000000087fffce0, 0x0000000088000000)
  to   space 21824K,   0% used [0x0000000085560000, 0x0000000085560000, 0x0000000086ab0000)
 concurrent mark-sweep generation total 1438056K, used 947566K [0x00000000a0000000, 0x00000000f7c5a000, 0x0000000100000000)
 Metaspace       used 29072K, capacity 29860K, committed 30152K, reserved 1075200K
  class space    used 3435K, capacity 3690K, committed 3784K, reserved 1048576K
2018-06-17T23:35:36.742+0545: 14.356: [GC (Allocation Failure) 2018-06-17T23:35:36.742+0545: 14.356: [ParNew
Desired survivor size 20112992 bytes, new threshold 3 (max 8)
- age   1:    9541792 bytes,    9541792 total
- age   2:    6836600 bytes,   16378392 total
- age   3:    5968368 bytes,   22346760 total
: 109247K->21823K(109248K), 0.0689880 secs] 1056813K->990574K(1547304K), 0.0690609 secs] [Times: user=0.23 sys=0.00, real=0.07 secs] 
Heap after GC invocations=44 (full 6):
 par new generation   total 109248K, used 21823K [0x0000000080000000, 0x0000000088000000, 0x00000000a0000000)
  eden space 87424K,   0% used [0x0000000080000000, 0x0000000080000000, 0x0000000085560000)
  from space 21824K,  99% used [0x0000000085560000, 0x0000000086aafc60, 0x0000000086ab0000)
  to   space 21824K,   0% used [0x0000000086ab0000, 0x0000000086ab0000, 0x0000000088000000)
 concurrent mark-sweep generation total 1438056K, used 968751K [0x00000000a0000000, 0x00000000f7c5a000, 0x0000000100000000)
 Metaspace       used 29072K, capacity 29860K, committed 30152K, reserved 1075200K
  class space    used 3435K, capacity 3690K, committed 3784K, reserved 1048576K
}
2018-06-17T23:35:36.812+0545: 14.425: Total time for which application threads were stopped: 0.0692415 seconds, Stopping threads took: 0.0000193 seconds
2018-06-17T23:35:37.045+0545: 14.658: [CMS-concurrent-mark: 0.889/1.158 secs] [Times: user=4.23 sys=0.05, real=1.16 secs] 
2018-06-17T23:35:37.045+0545: 14.658: [CMS-concurrent-preclean-start]
{Heap before GC invocations=44 (full 6):
 par new generation   total 109248K, used 109247K [0x0000000080000000, 0x0000000088000000, 0x00000000a0000000)
  eden space 87424K, 100% used [0x0000000080000000, 0x0000000085560000, 0x0000000085560000)
  from space 21824K,  99% used [0x0000000085560000, 0x0000000086aafc60, 0x0000000086ab0000)
  to   space 21824K,   0% used [0x0000000086ab0000, 0x0000000086ab0000, 0x0000000088000000)
 concurrent mark-sweep generation total 1438056K, used 968751K [0x00000000a0000000, 0x00000000f7c5a000, 0x0000000100000000)
 Metaspace       used 29072K, capacity 29860K, committed 30152K, reserved 1075200K
  class space    used 3435K, capacity 3690K, committed 3784K, reserved 1048576K
2018-06-17T23:35:37.048+0545: 14.661: [GC (Allocation Failure) 2018-06-17T23:35:37.048+0545: 14.661: [ParNew
Desired survivor size 20112992 bytes, new threshold 3 (max 8)
- age   1:    8570072 bytes,    8570072 total
- age   2:    6939944 bytes,   15510016 total
- age   3:    6836600 bytes,   22346616 total
: 109247K->21823K(109248K), 0.0649692 secs] 1077998K->1011947K(1547304K), 0.0650255 secs] [Times: user=0.22 sys=0.01, real=0.06 secs] 
Heap after GC invocations=45 (full 6):
 par new generation   total 109248K, used 21823K [0x0000000080000000, 0x0000000088000000, 0x00000000a0000000)
  eden space 87424K,   0% used [0x0000000080000000, 0x0000000080000000, 0x0000000085560000)
  from space 21824K,  99% used [0x0000000086ab0000, 0x0000000087fffc00, 0x0000000088000000)
  to   space 21824K,   0% used [0x0000000085560000, 0x0000000085560000, 0x0000000086ab0000)
 concurrent mark-sweep generation total 1438056K, used 990124K [0x00000000a0000000, 0x00000000f7c5a000, 0x0000000100000000)
 Metaspace       used 29072K, capacity 29860K, committed 30152K, reserved 1075200K
  class space    used 3435K, capacity 3690K, committed 3784K, reserved 1048576K
}
2018-06-17T23:35:37.113+0545: 14.726: Total time for which application threads were stopped: 0.0652135 seconds, Stopping threads took: 0.0000174 seconds
2018-06-17T23:35:37.221+0545: 14.834: [CMS-concurrent-preclean: 0.110/0.175 secs] [Times: user=0.45 sys=0.01, real=0.18 secs] 
2018-06-17T23:35:37.221+0545: 14.834: [CMS-concurrent-abortable-preclean-start]
{Heap before GC invocations=45 (full 6):
 par new generation   total 109248K, used 109247K [0x0000000080000000, 0x0000000088000000, 0x00000000a0000000)
  eden space 87424K, 100% used [0x0000000080000000, 0x0000000085560000, 0x0000000085560000)
  from space 21824K,  99% used [0x0000000086ab0000, 0x0000000087fffc00, 0x0000000088000000)
  to   space 21824K,   0% used [0x0000000085560000, 0x0000000085560000, 0x0000000086ab0000)
 concurrent mark-sweep generation total 1438056K, used 990124K [0x00000000a0000000, 0x00000000f7c5a000, 0x0000000100000000)
 Metaspace       used 29072K, capacity 29860K, committed 30152K, reserved 1075200K
  class space    used 3435K, capacity 3690K, committed 3784K, reserved 1048576K
2018-06-17T23:35:37.227+0545: 14.840: [GC (Allocation Failure) 2018-06-17T23:35:37.227+0545: 14.840: [ParNew
Desired survivor size 20112992 bytes, new threshold 3 (max 8)
- age   1:    9549200 bytes,    9549200 total
- age   2:    7602864 bytes,   17152064 total
- age   3:    5194408 bytes,   22346472 total
: 109247K->21822K(109248K), 0.0712970 secs] 1099371K->1035609K(1547304K), 0.0713461 secs] [Times: user=0.25 sys=0.00, real=0.07 secs] 
Heap after GC invocations=46 (full 6):
 par new generation   total 109248K, used 21822K [0x0000000080000000, 0x0000000088000000, 0x00000000a0000000)
  eden space 87424K,   0% used [0x0000000080000000, 0x0000000080000000, 0x0000000085560000)
  from space 21824K,  99% used [0x0000000085560000, 0x0000000086aafb80, 0x0000000086ab0000)
  to   space 21824K,   0% used [0x0000000086ab0000, 0x0000000086ab0000, 0x0000000088000000)
 concurrent mark-sweep generation total 1438056K, used 1013786K [0x00000000a0000000, 0x00000000f7c5a000, 0x0000000100000000)
 Metaspace       used 29072K, capacity 29860K, committed 30152K, reserved 1075200K
  class space    used 3435K, capacity 3690K, committed 3784K, reserved 1048576K
}
2018-06-17T23:35:37.298+0545: 14.911: Total time for which application threads were stopped: 0.0715055 seconds, Stopping threads took: 0.0000187 seconds
2018-06-17T23:35:37.328+0545: 14.941: [CMS-concurrent-abortable-preclean: 0.035/0.107 secs] [Times: user=0.32 sys=0.00, real=0.10 secs] 
2018-06-17T23:35:37.328+0545: 14.941: [GC (CMS Final Remark) [YG occupancy: 46295 K (109248 K)]{Heap before GC invocations=46 (full 6):
 par new generation   total 109248K, used 46295K [0x0000000080000000, 0x0000000088000000, 0x00000000a0000000)
  eden space 87424K,  27% used [0x0000000080000000, 0x00000000817e62f0, 0x0000000085560000)
  from space 21824K,  99% used [0x0000000085560000, 0x0000000086aafb80, 0x0000000086ab0000)
  to   space 21824K,   0% used [0x0000000086ab0000, 0x0000000086ab0000, 0x0000000088000000)
 concurrent mark-sweep generation total 1438056K, used 1013786K [0x00000000a0000000, 0x00000000f7c5a000, 0x0000000100000000)
 Metaspace       used 29072K, capacity 29860K, committed 30152K, reserved 1075200K
  class space    used 3435K, capacity 3690K, committed 3784K, reserved 1048576K
2018-06-17T23:35:37.328+0545: 14.941: [GC (CMS Final Remark) 2018-06-17T23:35:37.328+0545: 14.941: [ParNew
Desired survivor size 20112992 bytes, new threshold 8 (max 8)
- age   1:    5527864 bytes,    5527864 total
- age   2:    9171904 bytes,   14699768 total
- age   3:    4997816 bytes,   19697584 total
: 46295K->21822K(109248K), 0.0370116 secs] 1060082K->1044129K(1547304K), 0.0370510 secs] [Times: user=0.14 sys=0.00, real=0.04 secs] 
Heap after GC invocations=47 (full 6):
 par new generation   total 109248K, used 21822K [0x0000000080000000, 0x0000000088000000, 0x00000000a0000000)
  eden space 87424K,   0% used [0x0000000080000000, 0x0000000080000000, 0x0000000085560000)
  from space 21824K,  99% used [0x0000000086ab0000, 0x0000000087fffb00, 0x0000000088000000)
  to   space 21824K,   0% used [0x0000000085560000, 0x0000000085560000, 0x0000000086ab0000)
 concurrent mark-sweep generation total 1438056K, used 1022306K [0x00000000a0000000, 0x00000000f7c5a000, 0x0000000100000000)
 Metaspace       used 29072K, capacity 29860K, committed 30152K, reserved 1075200K
  class space    used 3435K, capacity 3690K, committed 3784K, reserved 1048576K
}
2018-06-17T23:35:37.365+0545: 14.978: [Rescan (parallel) , 0.0174031 secs]2018-06-17T23:35:37.383+0545: 14.996: [weak refs processing, 0.0017789 secs]2018-06-17T23:35:37.384+0545: 14.998: [class unloading, 0.0034854 secs]2018-06-17T23:35:37.388+0545: 15.001: [scrub symbol table, 0.0032000 secs]2018-06-17T23:35:37.391+0545: 15.004: [scrub string table, 0.0004298 secs][1 CMS-remark: 1022306K(1438056K)] 1044129K(1547304K), 0.0635846 secs] [Times: user=0.22 sys=0.00, real=0.07 secs] 
2018-06-17T23:35:37.392+0545: 15.005: Total time for which application threads were stopped: 0.0637053 seconds, Stopping threads took: 0.0000231 seconds
2018-06-17T23:35:37.392+0545: 15.005: [CMS-concurrent-sweep-start]
{Heap before GC invocations=47 (full 6):
 par new generation   total 109248K, used 109246K [0x0000000080000000, 0x0000000088000000, 0x00000000a0000000)
  eden space 87424K, 100% used [0x0000000080000000, 0x0000000085560000, 0x0000000085560000)
  from space 21824K,  99% used [0x0000000086ab0000, 0x0000000087fffb00, 0x0000000088000000)
  to   space 21824K,   0% used [0x0000000085560000, 0x0000000085560000, 0x0000000086ab0000)
 concurrent mark-sweep generation total 1438056K, used 1017202K [0x00000000a0000000, 0x00000000f7c5a000, 0x0000000100000000)
 Metaspace       used 29072K, capacity 29860K, committed 30152K, reserved 1075200K
  class space    used 3435K, capacity 3690K, committed 3784K, reserved 1048576K
2018-06-17T23:35:37.496+0545: 15.109: [GC (Allocation Failure) 2018-06-17T23:35:37.496+0545: 15.109: [ParNew
Desired survivor size 20112992 bytes, new threshold 4 (max 8)
- age   1:    4726104 bytes,    4726104 total
- age   2:    5462104 bytes,   10188208 total
- age   3:    8196584 bytes,   18384792 total
- age   4:    3962936 bytes,   22347728 total
: 109246K->21824K(109248K), 0.0573369 secs] 1126449K->1057120K(1547304K), 0.0573941 secs] [Times: user=0.21 sys=0.01, real=0.06 secs] 
Heap after GC invocations=48 (full 6):
 par new generation   total 109248K, used 21824K [0x0000000080000000, 0x0000000088000000, 0x00000000a0000000)
  eden space 87424K,   0% used [0x0000000080000000, 0x0000000080000000, 0x0000000085560000)
  from space 21824K, 100% used [0x0000000085560000, 0x0000000086ab0000, 0x0000000086ab0000)
  to   space 21824K,   0% used [0x0000000086ab0000, 0x0000000086ab0000, 0x0000000088000000)
 concurrent mark-sweep generation total 1438056K, used 1035296K [0x00000000a0000000, 0x00000000f7c5a000, 0x0000000100000000)
 Metaspace       used 29072K, capacity 29860K, committed 30152K, reserved 1075200K
  class space    used 3435K, capacity 3690K, committed 3784K, reserved 1048576K
}
2018-06-17T23:35:37.554+0545: 15.167: Total time for which application threads were stopped: 0.0575481 seconds, Stopping threads took: 0.0000167 seconds
{Heap before GC invocations=48 (full 6):
 par new generation   total 109248K, used 109248K [0x0000000080000000, 0x0000000088000000, 0x00000000a0000000)
  eden space 87424K, 100% used [0x0000000080000000, 0x0000000085560000, 0x0000000085560000)
  from space 21824K, 100% used [0x0000000085560000, 0x0000000086ab0000, 0x0000000086ab0000)
  to   space 21824K,   0% used [0x0000000086ab0000, 0x0000000086ab0000, 0x0000000088000000)
 concurrent mark-sweep generation total 1438056K, used 1030454K [0x00000000a0000000, 0x00000000f7c5a000, 0x0000000100000000)
 Metaspace       used 29072K, capacity 29860K, committed 30152K, reserved 1075200K
  class space    used 3435K, capacity 3690K, committed 3784K, reserved 1048576K
2018-06-17T23:35:37.663+0545: 15.276: [GC (Allocation Failure) 2018-06-17T23:35:37.663+0545: 15.276: [ParNew
Desired survivor size 20112992 bytes, new threshold 4 (max 8)
- age   1:    7546160 bytes,    7546160 total
- age   2:    2930000 bytes,   10476160 total
- age   3:    4778512 bytes,   15254672 total
- age   4:    7092976 bytes,   22347648 total
: 109248K->21824K(109248K), 0.0613479 secs] 1139702K->1072774K(1547304K), 0.0614146 secs] [Times: user=0.21 sys=0.01, real=0.06 secs] 
Heap after GC invocations=49 (full 6):
 par new generation   total 109248K, used 21824K [0x0000000080000000, 0x0000000088000000, 0x00000000a0000000)
  eden space 87424K,   0% used [0x0000000080000000, 0x0000000080000000, 0x0000000085560000)
  from space 21824K, 100% used [0x0000000086ab0000, 0x0000000088000000, 0x0000000088000000)
  to   space 21824K,   0% used [0x0000000085560000, 0x0000000085560000, 0x0000000086ab0000)
 concurrent mark-sweep generation total 1438056K, used 1050950K [0x00000000a0000000, 0x00000000f7c5a000, 0x0000000100000000)
 Metaspace       used 29072K, capacity 29860K, committed 30152K, reserved 1075200K
  class space    used 3435K, capacity 3690K, committed 3784K, reserved 1048576K
}
2018-06-17T23:35:37.725+0545: 15.338: Total time for which application threads were stopped: 0.0615727 seconds, Stopping threads took: 0.0000175 seconds
{Heap before GC invocations=49 (full 6):
 par new generation   total 109248K, used 109248K [0x0000000080000000, 0x0000000088000000, 0x00000000a0000000)
  eden space 87424K, 100% used [0x0000000080000000, 0x0000000085560000, 0x0000000085560000)
  from space 21824K, 100% used [0x0000000086ab0000, 0x0000000088000000, 0x0000000088000000)
  to   space 21824K,   0% used [0x0000000085560000, 0x0000000085560000, 0x0000000086ab0000)
 concurrent mark-sweep generation total 1438056K, used 1007372K [0x00000000a0000000, 0x00000000f7c5a000, 0x0000000100000000)
 Metaspace       used 29072K, capacity 29860K, committed 30152K, reserved 1075200K
  class space    used 3435K, capacity 3690K, committed 3784K, reserved 1048576K
2018-06-17T23:35:37.830+0545: 15.443: [GC (Allocation Failure) 2018-06-17T23:35:37.830+0545: 15.443: [ParNew
Desired survivor size 20112992 bytes, new threshold 4 (max 8)
- age   1:    7097216 bytes,    7097216 total
- age   2:    7542000 bytes,   14639216 total
- age   3:    2930000 bytes,   17569216 total
- age   4:    4778512 bytes,   22347728 total
: 109248K->21824K(109248K), 0.0613721 secs] 1116620K->1050340K(1547304K), 0.0614302 secs] [Times: user=0.21 sys=0.00, real=0.06 secs] 
Heap after GC invocations=50 (full 6):
 par new generation   total 109248K, used 21824K [0x0000000080000000, 0x0000000088000000, 0x00000000a0000000)
  eden space 87424K,   0% used [0x0000000080000000, 0x0000000080000000, 0x0000000085560000)
  from space 21824K, 100% used [0x0000000085560000, 0x0000000086ab0000, 0x0000000086ab0000)
  to   space 21824K,   0% used [0x0000000086ab0000, 0x0000000086ab0000, 0x0000000088000000)
 concurrent mark-sweep generation total 1438056K, used 1028516K [0x00000000a0000000, 0x00000000f7c5a000, 0x0000000100000000)
 Metaspace       used 29072K, capacity 29860K, committed 30152K, reserved 1075200K
  class space    used 3435K, capacity 3690K, committed 3784K, reserved 1048576K
}
2018-06-17T23:35:37.891+0545: 15.504: Total time for which application threads were stopped: 0.0615883 seconds, Stopping threads took: 0.0000178 seconds
2018-06-17T23:35:37.976+0545: 15.589: [CMS-concurrent-sweep: 0.403/0.584 secs] [Times: user=1.42 sys=0.02, real=0.58 secs] 
2018-06-17T23:35:37.976+0545: 15.589: [CMS-concurrent-reset-start]
2018-06-17T23:35:37.979+0545: 15.592: [CMS-concurrent-reset: 0.003/0.003 secs] [Times: user=0.00 sys=0.00, real=0.00 secs] 
{Heap before GC invocations=50 (full 6):
 par new generation   total 109248K, used 109248K [0x0000000080000000, 0x0000000088000000, 0x00000000a0000000)
  eden space 87424K, 100% used [0x0000000080000000, 0x0000000085560000, 0x0000000085560000)
  from space 21824K, 100% used [0x0000000085560000, 0x0000000086ab0000, 0x0000000086ab0000)
  to   space 21824K,   0% used [0x0000000086ab0000, 0x0000000086ab0000, 0x0000000088000000)
 concurrent mark-sweep generation total 1572864K, used 1026447K [0x00000000a0000000, 0x0000000100000000, 0x0000000100000000)
 Metaspace       used 29072K, capacity 29860K, committed 30152K, reserved 1075200K
  class space    used 3435K, capacity 3690K, committed 3784K, reserved 1048576K
2018-06-17T23:35:38.004+0545: 15.617: [GC (Allocation Failure) 2018-06-17T23:35:38.004+0545: 15.617: [ParNew
Desired survivor size 20112992 bytes, new threshold 3 (max 8)
- age   1:   11161040 bytes,   11161040 total
- age   2:    4751336 bytes,   15912376 total
- age   3:    4469496 bytes,   20381872 total
- age   4:    1965792 bytes,   22347664 total
: 109248K->21824K(109248K), 0.0592455 secs] 1135695K->1068640K(1682112K), 0.0593107 secs] [Times: user=0.21 sys=0.00, real=0.06 secs] 
Heap after GC invocations=51 (full 6):
 par new generation   total 109248K, used 21824K [0x0000000080000000, 0x0000000088000000, 0x00000000a0000000)
  eden space 87424K,   0% used [0x0000000080000000, 0x0000000080000000, 0x0000000085560000)
  from space 21824K, 100% used [0x0000000086ab0000, 0x0000000088000000, 0x0000000088000000)
  to   space 21824K,   0% used [0x0000000085560000, 0x0000000085560000, 0x0000000086ab0000)
 concurrent mark-sweep generation total 1572864K, used 1046816K [0x00000000a0000000, 0x0000000100000000, 0x0000000100000000)
 Metaspace       used 29072K, capacity 29860K, committed 30152K, reserved 1075200K
  class space    used 3435K, capacity 3690K, committed 3784K, reserved 1048576K
}
2018-06-17T23:35:38.063+0545: 15.676: Total time for which application threads were stopped: 0.0594818 seconds, Stopping threads took: 0.0000190 seconds
2018-06-17T23:35:38.063+0545: 15.676: [GC (CMS Initial Mark) [1 CMS-initial-mark: 1046816K(1572864K)] 1070388K(1682112K), 0.0092345 secs] [Times: user=0.03 sys=0.00, real=0.01 secs] 
2018-06-17T23:35:38.072+0545: 15.686: Total time for which application threads were stopped: 0.0094327 seconds, Stopping threads took: 0.0000270 seconds
2018-06-17T23:35:38.072+0545: 15.686: [CMS-concurrent-mark-start]
{Heap before GC invocations=51 (full 7):
 par new generation   total 109248K, used 109248K [0x0000000080000000, 0x0000000088000000, 0x00000000a0000000)
  eden space 87424K, 100% used [0x0000000080000000, 0x0000000085560000, 0x0000000085560000)
  from space 21824K, 100% used [0x0000000086ab0000, 0x0000000088000000, 0x0000000088000000)
  to   space 21824K,   0% used [0x0000000085560000, 0x0000000085560000, 0x0000000086ab0000)
 concurrent mark-sweep generation total 1572864K, used 1046816K [0x00000000a0000000, 0x0000000100000000, 0x0000000100000000)
 Metaspace       used 29072K, capacity 29860K, committed 30152K, reserved 1075200K
  class space    used 3435K, capacity 3690K, committed 3784K, reserved 1048576K
2018-06-17T23:35:38.235+0545: 15.848: [GC (Allocation Failure) 2018-06-17T23:35:38.235+0545: 15.848: [ParNew
Desired survivor size 20112992 bytes, new threshold 3 (max 8)
- age   1:   10142664 bytes,   10142664 total
- age   2:    9710888 bytes,   19853552 total
- age   3:    2494056 bytes,   22347608 total
: 109248K->21824K(109248K), 0.0652842 secs] 1156064K->1089713K(1682112K), 0.0653440 secs] [Times: user=0.24 sys=0.01, real=0.07 secs] 
Heap after GC invocations=52 (full 7):
 par new generation   total 109248K, used 21824K [0x0000000080000000, 0x0000000088000000, 0x00000000a0000000)
  eden space 87424K,   0% used [0x0000000080000000, 0x0000000080000000, 0x0000000085560000)
  from space 21824K, 100% used [0x0000000085560000, 0x0000000086ab0000, 0x0000000086ab0000)
  to   space 21824K,   0% used [0x0000000086ab0000, 0x0000000086ab0000, 0x0000000088000000)
 concurrent mark-sweep generation total 1572864K, used 1067889K [0x00000000a0000000, 0x0000000100000000, 0x0000000100000000)
 Metaspace       used 29072K, capacity 29860K, committed 30152K, reserved 1075200K
  class space    used 3435K, capacity 3690K, committed 3784K, reserved 1048576K
}
2018-06-17T23:35:38.300+0545: 15.913: Total time for which application threads were stopped: 0.0655079 seconds, Stopping threads took: 0.0000206 seconds
{Heap before GC invocations=52 (full 7):
 par new generation   total 109248K, used 109248K [0x0000000080000000, 0x0000000088000000, 0x00000000a0000000)
  eden space 87424K, 100% used [0x0000000080000000, 0x0000000085560000, 0x0000000085560000)
  from space 21824K, 100% used [0x0000000085560000, 0x0000000086ab0000, 0x0000000086ab0000)
  to   space 21824K,   0% used [0x0000000086ab0000, 0x0000000086ab0000, 0x0000000088000000)
 concurrent mark-sweep generation total 1572864K, used 1067889K [0x00000000a0000000, 0x0000000100000000, 0x0000000100000000)
 Metaspace       used 29072K, capacity 29860K, committed 30152K, reserved 1075200K
  class space    used 3435K, capacity 3690K, committed 3784K, reserved 1048576K
2018-06-17T23:35:38.469+0545: 16.082: [GC (Allocation Failure) 2018-06-17T23:35:38.469+0545: 16.082: [ParNew
Desired survivor size 20112992 bytes, new threshold 3 (max 8)
- age   1:    7361152 bytes,    7361152 total
- age   2:    7670992 bytes,   15032144 total
- age   3:    7315456 bytes,   22347600 total
: 109248K->21824K(109248K), 0.0663087 secs] 1177137K->1109848K(1682112K), 0.0663754 secs] [Times: user=0.23 sys=0.00, real=0.06 secs] 
Heap after GC invocations=53 (full 7):
 par new generation   total 109248K, used 21824K [0x0000000080000000, 0x0000000088000000, 0x00000000a0000000)
  eden space 87424K,   0% used [0x0000000080000000, 0x0000000080000000, 0x0000000085560000)
  from space 21824K, 100% used [0x0000000086ab0000, 0x0000000088000000, 0x0000000088000000)
  to   space 21824K,   0% used [0x0000000085560000, 0x0000000085560000, 0x0000000086ab0000)
 concurrent mark-sweep generation total 1572864K, used 1088024K [0x00000000a0000000, 0x0000000100000000, 0x0000000100000000)
 Metaspace       used 29072K, capacity 29860K, committed 30152K, reserved 1075200K
  class space    used 3435K, capacity 3690K, committed 3784K, reserved 1048576K
}
2018-06-17T23:35:38.535+0545: 16.148: Total time for which application threads were stopped: 0.0665431 seconds, Stopping threads took: 0.0000212 seconds
{Heap before GC invocations=53 (full 7):
 par new generation   total 109248K, used 109248K [0x0000000080000000, 0x0000000088000000, 0x00000000a0000000)
  eden space 87424K, 100% used [0x0000000080000000, 0x0000000085560000, 0x0000000085560000)
  from space 21824K, 100% used [0x0000000086ab0000, 0x0000000088000000, 0x0000000088000000)
  to   space 21824K,   0% used [0x0000000085560000, 0x0000000085560000, 0x0000000086ab0000)
 concurrent mark-sweep generation total 1572864K, used 1088024K [0x00000000a0000000, 0x0000000100000000, 0x0000000100000000)
 Metaspace       used 29072K, capacity 29860K, committed 30152K, reserved 1075200K
  class space    used 3435K, capacity 3690K, committed 3784K, reserved 1048576K
2018-06-17T23:35:38.699+0545: 16.312: [GC (Allocation Failure) 2018-06-17T23:35:38.699+0545: 16.312: [ParNew
Desired survivor size 20112992 bytes, new threshold 3 (max 8)
- age   1:    7589480 bytes,    7589480 total
- age   2:    7225040 bytes,   14814520 total
- age   3:    7532408 bytes,   22346928 total
: 109248K->21823K(109248K), 0.0612100 secs] 1197272K->1129953K(1682112K), 0.0612672 secs] [Times: user=0.21 sys=0.01, real=0.06 secs] 
Heap after GC invocations=54 (full 7):
 par new generation   total 109248K, used 21823K [0x0000000080000000, 0x0000000088000000, 0x00000000a0000000)
  eden space 87424K,   0% used [0x0000000080000000, 0x0000000080000000, 0x0000000085560000)
  from space 21824K,  99% used [0x0000000085560000, 0x0000000086aafd60, 0x0000000086ab0000)
  to   space 21824K,   0% used [0x0000000086ab0000, 0x0000000086ab0000, 0x0000000088000000)
 concurrent mark-sweep generation total 1572864K, used 1108130K [0x00000000a0000000, 0x0000000100000000, 0x0000000100000000)
 Metaspace       used 29072K, capacity 29860K, committed 30152K, reserved 1075200K
  class space    used 3435K, capacity 3690K, committed 3784K, reserved 1048576K
}
2018-06-17T23:35:38.760+0545: 16.373: Total time for which application threads were stopped: 0.0614399 seconds, Stopping threads took: 0.0000243 seconds
{Heap before GC invocations=54 (full 7):
 par new generation   total 109248K, used 109247K [0x0000000080000000, 0x0000000088000000, 0x00000000a0000000)
  eden space 87424K, 100% used [0x0000000080000000, 0x0000000085560000, 0x0000000085560000)
  from space 21824K,  99% used [0x0000000085560000, 0x0000000086aafd60, 0x0000000086ab0000)
  to   space 21824K,   0% used [0x0000000086ab0000, 0x0000000086ab0000, 0x0000000088000000)
 concurrent mark-sweep generation total 1572864K, used 1108130K [0x00000000a0000000, 0x0000000100000000, 0x0000000100000000)
 Metaspace       used 29072K, capacity 29860K, committed 30152K, reserved 1075200K
  class space    used 3435K, capacity 3690K, committed 3784K, reserved 1048576K
2018-06-17T23:35:38.997+0545: 16.611: [GC (Allocation Failure) 2018-06-17T23:35:38.998+0545: 16.611: [ParNew
Desired survivor size 20112992 bytes, new threshold 3 (max 8)
- age   1:    7812232 bytes,    7812232 total
- age   2:    7411000 bytes,   15223232 total
- age   3:    7123512 bytes,   22346744 total
: 109247K->21823K(109248K), 0.0662329 secs] 1217377K->1150861K(1682112K), 0.0663027 secs] [Times: user=0.23 sys=0.00, real=0.07 secs] 
Heap after GC invocations=55 (full 7):
 par new generation   total 109248K, used 21823K [0x0000000080000000, 0x0000000088000000, 0x00000000a0000000)
  eden space 87424K,   0% used [0x0000000080000000, 0x0000000080000000, 0x0000000085560000)
  from space 21824K,  99% used [0x0000000086ab0000, 0x0000000087fffcc0, 0x0000000088000000)
  to   space 21824K,   0% used [0x0000000085560000, 0x0000000085560000, 0x0000000086ab0000)
 concurrent mark-sweep generation total 1572864K, used 1129038K [0x00000000a0000000, 0x0000000100000000, 0x0000000100000000)
 Metaspace       used 29072K, capacity 29860K, committed 30152K, reserved 1075200K
  class space    used 3435K, capacity 3690K, committed 3784K, reserved 1048576K
}
2018-06-17T23:35:39.064+0545: 16.677: Total time for which application threads were stopped: 0.0664640 seconds, Stopping threads took: 0.0000209 seconds
{Heap before GC invocations=55 (full 7):
 par new generation   total 109248K, used 105752K [0x0000000080000000, 0x0000000088000000, 0x00000000a0000000)
  eden space 87424K,  96% used [0x0000000080000000, 0x00000000851f6350, 0x0000000085560000)
  from space 21824K,  99% used [0x0000000086ab0000, 0x0000000087fffcc0, 0x0000000088000000)
  to   space 21824K,   0% used [0x0000000085560000, 0x0000000085560000, 0x0000000086ab0000)
 concurrent mark-sweep generation total 1572864K, used 1129038K [0x00000000a0000000, 0x0000000100000000, 0x0000000100000000)
 Metaspace       used 29072K, capacity 29860K, committed 30152K, reserved 1075200K
  class space    used 3435K, capacity 3690K, committed 3784K, reserved 1048576K
2018-06-17T23:35:39.249+0545: 16.862: [GC (Allocation Failure) 2018-06-17T23:35:39.249+0545: 16.862: [ParNew
Desired survivor size 20112992 bytes, new threshold 3 (max 8)
- age   1:    7404824 bytes,    7404824 total
- age   2:    7663968 bytes,   15068792 total
- age   3:    7277840 bytes,   22346632 total
: 105752K->21823K(109248K), 0.0631050 secs] 1234790K->1169815K(1682112K), 0.0631608 secs] [Times: user=0.22 sys=0.00, real=0.06 secs] 
Heap after GC invocations=56 (full 7):
 par new generation   total 109248K, used 21823K [0x0000000080000000, 0x0000000088000000, 0x00000000a0000000)
  eden space 87424K,   0% used [0x0000000080000000, 0x0000000080000000, 0x0000000085560000)
  from space 21824K,  99% used [0x0000000085560000, 0x0000000086aafc00, 0x0000000086ab0000)
  to   space 21824K,   0% used [0x0000000086ab0000, 0x0000000086ab0000, 0x0000000088000000)
 concurrent mark-sweep generation total 1572864K, used 1147992K [0x00000000a0000000, 0x0000000100000000, 0x0000000100000000)
 Metaspace       used 29072K, capacity 29860K, committed 30152K, reserved 1075200K
  class space    used 3435K, capacity 3690K, committed 3784K, reserved 1048576K
}
2018-06-17T23:35:39.312+0545: 16.926: Total time for which application threads were stopped: 0.0633188 seconds, Stopping threads took: 0.0000199 seconds
2018-06-17T23:35:39.560+0545: 17.173: [CMS-concurrent-mark: 1.164/1.487 secs] [Times: user=5.44 sys=0.03, real=1.48 secs] 
2018-06-17T23:35:39.560+0545: 17.173: [CMS-concurrent-preclean-start]
{Heap before GC invocations=56 (full 7):
 par new generation   total 109248K, used 109247K [0x0000000080000000, 0x0000000088000000, 0x00000000a0000000)
  eden space 87424K, 100% used [0x0000000080000000, 0x0000000085560000, 0x0000000085560000)
  from space 21824K,  99% used [0x0000000085560000, 0x0000000086aafc00, 0x0000000086ab0000)
  to   space 21824K,   0% used [0x0000000086ab0000, 0x0000000086ab0000, 0x0000000088000000)
 concurrent mark-sweep generation total 1572864K, used 1147992K [0x00000000a0000000, 0x0000000100000000, 0x0000000100000000)
 Metaspace       used 29072K, capacity 29860K, committed 30152K, reserved 1075200K
  class space    used 3435K, capacity 3690K, committed 3784K, reserved 1048576K
2018-06-17T23:35:39.561+0545: 17.174: [GC (Allocation Failure) 2018-06-17T23:35:39.561+0545: 17.174: [ParNew
Desired survivor size 20112992 bytes, new threshold 2 (max 8)
- age   1:   15294880 bytes,   15294880 total
- age   2:    5424512 bytes,   20719392 total
- age   3:    1628296 bytes,   22347688 total
: 109247K->21824K(109248K), 0.0756575 secs] 1257239K->1197669K(1682112K), 0.0757078 secs] [Times: user=0.26 sys=0.02, real=0.07 secs] 
Heap after GC invocations=57 (full 7):
 par new generation   total 109248K, used 21824K [0x0000000080000000, 0x0000000088000000, 0x00000000a0000000)
  eden space 87424K,   0% used [0x0000000080000000, 0x0000000080000000, 0x0000000085560000)
  from space 21824K, 100% used [0x0000000086ab0000, 0x0000000088000000, 0x0000000088000000)
  to   space 21824K,   0% used [0x0000000085560000, 0x0000000085560000, 0x0000000086ab0000)
 concurrent mark-sweep generation total 1572864K, used 1175845K [0x00000000a0000000, 0x0000000100000000, 0x0000000100000000)
 Metaspace       used 29072K, capacity 29860K, committed 30152K, reserved 1075200K
  class space    used 3435K, capacity 3690K, committed 3784K, reserved 1048576K
}
2018-06-17T23:35:39.636+0545: 17.250: Total time for which application threads were stopped: 0.0758605 seconds, Stopping threads took: 0.0000163 seconds
{Heap before GC invocations=57 (full 7):
 par new generation   total 109248K, used 109248K [0x0000000080000000, 0x0000000088000000, 0x00000000a0000000)
  eden space 87424K, 100% used [0x0000000080000000, 0x0000000085560000, 0x0000000085560000)
  from space 21824K, 100% used [0x0000000086ab0000, 0x0000000088000000, 0x0000000088000000)
  to   space 21824K,   0% used [0x0000000085560000, 0x0000000085560000, 0x0000000086ab0000)
 concurrent mark-sweep generation total 1572864K, used 1175845K [0x00000000a0000000, 0x0000000100000000, 0x0000000100000000)
 Metaspace       used 29072K, capacity 29860K, committed 30152K, reserved 1075200K
  class space    used 3435K, capacity 3690K, committed 3784K, reserved 1048576K
2018-06-17T23:35:39.743+0545: 17.356: [GC (Allocation Failure) 2018-06-17T23:35:39.743+0545: 17.356: [ParNew
Desired survivor size 20112992 bytes, new threshold 2 (max 8)
- age   1:   10260008 bytes,   10260008 total
- age   2:   12087656 bytes,   22347664 total
: 109248K->21824K(109248K), 0.0729560 secs] 1285093K->1218063K(1682112K), 0.0730130 secs] [Times: user=0.22 sys=0.01, real=0.07 secs] 
Heap after GC invocations=58 (full 7):
 par new generation   total 109248K, used 21824K [0x0000000080000000, 0x0000000088000000, 0x00000000a0000000)
  eden space 87424K,   0% used [0x0000000080000000, 0x0000000080000000, 0x0000000085560000)
  from space 21824K, 100% used [0x0000000085560000, 0x0000000086ab0000, 0x0000000086ab0000)
  to   space 21824K,   0% used [0x0000000086ab0000, 0x0000000086ab0000, 0x0000000088000000)
 concurrent mark-sweep generation total 1572864K, used 1196239K [0x00000000a0000000, 0x0000000100000000, 0x0000000100000000)
 Metaspace       used 29072K, capacity 29860K, committed 30152K, reserved 1075200K
  class space    used 3435K, capacity 3690K, committed 3784K, reserved 1048576K
}
2018-06-17T23:35:39.816+0545: 17.429: Total time for which application threads were stopped: 0.0731812 seconds, Stopping threads took: 0.0000157 seconds
2018-06-17T23:35:39.861+0545: 17.474: [CMS-concurrent-preclean: 0.151/0.301 secs] [Times: user=0.78 sys=0.03, real=0.31 secs] 
2018-06-17T23:35:39.861+0545: 17.474: [CMS-concurrent-abortable-preclean-start]
{Heap before GC invocations=58 (full 7):
 par new generation   total 109248K, used 109248K [0x0000000080000000, 0x0000000088000000, 0x00000000a0000000)
  eden space 87424K, 100% used [0x0000000080000000, 0x0000000085560000, 0x0000000085560000)
  from space 21824K, 100% used [0x0000000085560000, 0x0000000086ab0000, 0x0000000086ab0000)
  to   space 21824K,   0% used [0x0000000086ab0000, 0x0000000086ab0000, 0x0000000088000000)
 concurrent mark-sweep generation total 1572864K, used 1196239K [0x00000000a0000000, 0x0000000100000000, 0x0000000100000000)
 Metaspace       used 29072K, capacity 29860K, committed 30152K, reserved 1075200K
  class space    used 3435K, capacity 3690K, committed 3784K, reserved 1048576K
2018-06-17T23:35:39.921+0545: 17.534: [GC (Allocation Failure) 2018-06-17T23:35:39.921+0545: 17.534: [ParNew
Desired survivor size 20112992 bytes, new threshold 2 (max 8)
- age   1:   12090720 bytes,   12090720 total
- age   2:   10257520 bytes,   22348240 total
: 109248K->21824K(109248K), 0.0550925 secs] 1305487K->1237941K(1682112K), 0.0551514 secs] [Times: user=0.19 sys=0.00, real=0.05 secs] 
Heap after GC invocations=59 (full 7):
 par new generation   total 109248K, used 21824K [0x0000000080000000, 0x0000000088000000, 0x00000000a0000000)
  eden space 87424K,   0% used [0x0000000080000000, 0x0000000080000000, 0x0000000085560000)
  from space 21824K, 100% used [0x0000000086ab0000, 0x0000000088000000, 0x0000000088000000)
  to   space 21824K,   0% used [0x0000000085560000, 0x0000000085560000, 0x0000000086ab0000)
 concurrent mark-sweep generation total 1572864K, used 1216117K [0x00000000a0000000, 0x0000000100000000, 0x0000000100000000)
 Metaspace       used 29072K, capacity 29860K, committed 30152K, reserved 1075200K
  class space    used 3435K, capacity 3690K, committed 3784K, reserved 1048576K
}
2018-06-17T23:35:39.976+0545: 17.589: Total time for which application threads were stopped: 0.0553148 seconds, Stopping threads took: 0.0000186 seconds
2018-06-17T23:35:40.027+0545: 17.640: [CMS-concurrent-abortable-preclean: 0.111/0.166 secs] [Times: user=0.41 sys=0.01, real=0.16 secs] 
2018-06-17T23:35:40.027+0545: 17.640: [GC (CMS Final Remark) [YG occupancy: 51489 K (109248 K)]{Heap before GC invocations=59 (full 7):
 par new generation   total 109248K, used 51489K [0x0000000080000000, 0x0000000088000000, 0x00000000a0000000)
  eden space 87424K,  33% used [0x0000000080000000, 0x0000000081cf8538, 0x0000000085560000)
  from space 21824K, 100% used [0x0000000086ab0000, 0x0000000088000000, 0x0000000088000000)
  to   space 21824K,   0% used [0x0000000085560000, 0x0000000085560000, 0x0000000086ab0000)
 concurrent mark-sweep generation total 1572864K, used 1216117K [0x00000000a0000000, 0x0000000100000000, 0x0000000100000000)
 Metaspace       used 29072K, capacity 29860K, committed 30152K, reserved 1075200K
  class space    used 3435K, capacity 3690K, committed 3784K, reserved 1048576K
2018-06-17T23:35:40.027+0545: 17.640: [GC (CMS Final Remark) 2018-06-17T23:35:40.027+0545: 17.640: [ParNew
Desired survivor size 20112992 bytes, new threshold 8 (max 8)
- age   1:    6545112 bytes,    6545112 total
- age   2:   11407272 bytes,   17952384 total
: 51489K->21824K(109248K), 0.0417337 secs] 1267606K->1249229K(1682112K), 0.0417826 secs] [Times: user=0.15 sys=0.00, real=0.05 secs] 
Heap after GC invocations=60 (full 7):
 par new generation   total 109248K, used 21824K [0x0000000080000000, 0x0000000088000000, 0x00000000a0000000)
  eden space 87424K,   0% used [0x0000000080000000, 0x0000000080000000, 0x0000000085560000)
  from space 21824K, 100% used [0x0000000085560000, 0x0000000086ab0000, 0x0000000086ab0000)
  to   space 21824K,   0% used [0x0000000086ab0000, 0x0000000086ab0000, 0x0000000088000000)
 concurrent mark-sweep generation total 1572864K, used 1227405K [0x00000000a0000000, 0x0000000100000000, 0x0000000100000000)
 Metaspace       used 29072K, capacity 29860K, committed 30152K, reserved 1075200K
  class space    used 3435K, capacity 3690K, committed 3784K, reserved 1048576K
}
2018-06-17T23:35:40.069+0545: 17.682: [Rescan (parallel) , 0.0193491 secs]2018-06-17T23:35:40.089+0545: 17.702: [weak refs processing, 0.0018270 secs]2018-06-17T23:35:40.090+0545: 17.703: [class unloading, 0.0034386 secs]2018-06-17T23:35:40.094+0545: 17.707: [scrub symbol table, 0.0031978 secs]2018-06-17T23:35:40.097+0545: 17.710: [scrub string table, 0.0004318 secs][1 CMS-remark: 1227405K(1572864K)] 1249229K(1682112K), 0.0702512 secs] [Times: user=0.23 sys=0.00, real=0.07 secs] 
2018-06-17T23:35:40.098+0545: 17.711: Total time for which application threads were stopped: 0.0704630 seconds, Stopping threads took: 0.0001135 seconds
2018-06-17T23:35:40.098+0545: 17.711: [CMS-concurrent-sweep-start]
{Heap before GC invocations=60 (full 7):
 par new generation   total 109248K, used 109248K [0x0000000080000000, 0x0000000088000000, 0x00000000a0000000)
  eden space 87424K, 100% used [0x0000000080000000, 0x0000000085560000, 0x0000000085560000)
  from space 21824K, 100% used [0x0000000085560000, 0x0000000086ab0000, 0x0000000086ab0000)
  to   space 21824K,   0% used [0x0000000086ab0000, 0x0000000086ab0000, 0x0000000088000000)
 concurrent mark-sweep generation total 1572864K, used 1227402K [0x00000000a0000000, 0x0000000100000000, 0x0000000100000000)
 Metaspace       used 29072K, capacity 29860K, committed 30152K, reserved 1075200K
  class space    used 3435K, capacity 3690K, committed 3784K, reserved 1048576K
2018-06-17T23:35:40.229+0545: 17.842: [GC (Allocation Failure) 2018-06-17T23:35:40.229+0545: 17.842: [ParNew
Desired survivor size 20112992 bytes, new threshold 3 (max 8)
- age   1:    8581760 bytes,    8581760 total
- age   2:    3236144 bytes,   11817904 total
- age   3:   10529624 bytes,   22347528 total
: 109248K->21824K(109248K), 0.0719537 secs] 1336650K->1265293K(1682112K), 0.0720066 secs] [Times: user=0.23 sys=0.00, real=0.07 secs] 
Heap after GC invocations=61 (full 7):
 par new generation   total 109248K, used 21824K [0x0000000080000000, 0x0000000088000000, 0x00000000a0000000)
  eden space 87424K,   0% used [0x0000000080000000, 0x0000000080000000, 0x0000000085560000)
  from space 21824K, 100% used [0x0000000086ab0000, 0x0000000088000000, 0x0000000088000000)
  to   space 21824K,   0% used [0x0000000085560000, 0x0000000085560000, 0x0000000086ab0000)
 concurrent mark-sweep generation total 1572864K, used 1243469K [0x00000000a0000000, 0x0000000100000000, 0x0000000100000000)
 Metaspace       used 29072K, capacity 29860K, committed 30152K, reserved 1075200K
  class space    used 3435K, capacity 3690K, committed 3784K, reserved 1048576K
}
2018-06-17T23:35:40.301+0545: 17.914: Total time for which application threads were stopped: 0.0721619 seconds, Stopping threads took: 0.0000185 seconds
{Heap before GC invocations=61 (full 7):
 par new generation   total 109248K, used 109248K [0x0000000080000000, 0x0000000088000000, 0x00000000a0000000)
  eden space 87424K, 100% used [0x0000000080000000, 0x0000000085560000, 0x0000000085560000)
  from space 21824K, 100% used [0x0000000086ab0000, 0x0000000088000000, 0x0000000088000000)
  to   space 21824K,   0% used [0x0000000085560000, 0x0000000085560000, 0x0000000086ab0000)
 concurrent mark-sweep generation total 1572864K, used 1243459K [0x00000000a0000000, 0x0000000100000000, 0x0000000100000000)
 Metaspace       used 29072K, capacity 29860K, committed 30152K, reserved 1075200K
  class space    used 3435K, capacity 3690K, committed 3784K, reserved 1048576K
2018-06-17T23:35:40.414+0545: 18.027: [GC (Allocation Failure) 2018-06-17T23:35:40.414+0545: 18.027: [ParNew
Desired survivor size 20112992 bytes, new threshold 3 (max 8)
- age   1:   12197720 bytes,   12197720 total
- age   2:    7287144 bytes,   19484864 total
- age   3:    2862680 bytes,   22347544 total
: 109248K->21824K(109248K), 0.0675937 secs] 1352707K->1286250K(1682112K), 0.0676746 secs] [Times: user=0.22 sys=0.01, real=0.07 secs] 
Heap after GC invocations=62 (full 7):
 par new generation   total 109248K, used 21824K [0x0000000080000000, 0x0000000088000000, 0x00000000a0000000)
  eden space 87424K,   0% used [0x0000000080000000, 0x0000000080000000, 0x0000000085560000)
  from space 21824K, 100% used [0x0000000085560000, 0x0000000086ab0000, 0x0000000086ab0000)
  to   space 21824K,   0% used [0x0000000086ab0000, 0x0000000086ab0000, 0x0000000088000000)
 concurrent mark-sweep generation total 1572864K, used 1264426K [0x00000000a0000000, 0x0000000100000000, 0x0000000100000000)
 Metaspace       used 29072K, capacity 29860K, committed 30152K, reserved 1075200K
  class space    used 3435K, capacity 3690K, committed 3784K, reserved 1048576K
}
2018-06-17T23:35:40.482+0545: 18.095: Total time for which application threads were stopped: 0.0678648 seconds, Stopping threads took: 0.0000209 seconds
{Heap before GC invocations=62 (full 7):
 par new generation   total 109248K, used 109248K [0x0000000080000000, 0x0000000088000000, 0x00000000a0000000)
  eden space 87424K, 100% used [0x0000000080000000, 0x0000000085560000, 0x0000000085560000)
  from space 21824K, 100% used [0x0000000085560000, 0x0000000086ab0000, 0x0000000086ab0000)
  to   space 21824K,   0% used [0x0000000086ab0000, 0x0000000086ab0000, 0x0000000088000000)
 concurrent mark-sweep generation total 1572864K, used 1264196K [0x00000000a0000000, 0x0000000100000000, 0x0000000100000000)
 Metaspace       used 29072K, capacity 29860K, committed 30152K, reserved 1075200K
  class space    used 3435K, capacity 3690K, committed 3784K, reserved 1048576K
2018-06-17T23:35:40.597+0545: 18.210: [GC (Allocation Failure) 2018-06-17T23:35:40.597+0545: 18.210: [ParNew
Desired survivor size 20112992 bytes, new threshold 3 (max 8)
- age   1:    8402168 bytes,    8402168 total
- age   2:    7150520 bytes,   15552688 total
- age   3:    6794976 bytes,   22347664 total
: 109248K->21824K(109248K), 0.0614324 secs] 1373444K->1306629K(1682112K), 0.0614906 secs] [Times: user=0.22 sys=0.00, real=0.06 secs] 
Heap after GC invocations=63 (full 7):
 par new generation   total 109248K, used 21824K [0x0000000080000000, 0x0000000088000000, 0x00000000a0000000)
  eden space 87424K,   0% used [0x0000000080000000, 0x0000000080000000, 0x0000000085560000)
  from space 21824K, 100% used [0x0000000086ab0000, 0x0000000088000000, 0x0000000088000000)
  to   space 21824K,   0% used [0x0000000085560000, 0x0000000085560000, 0x0000000086ab0000)
 concurrent mark-sweep generation total 1572864K, used 1284805K [0x00000000a0000000, 0x0000000100000000, 0x0000000100000000)
 Metaspace       used 29072K, capacity 29860K, committed 30152K, reserved 1075200K
  class space    used 3435K, capacity 3690K, committed 3784K, reserved 1048576K
}
2018-06-17T23:35:40.658+0545: 18.271: Total time for which application threads were stopped: 0.0616466 seconds, Stopping threads took: 0.0000172 seconds
{Heap before GC invocations=63 (full 7):
 par new generation   total 109248K, used 109248K [0x0000000080000000, 0x0000000088000000, 0x00000000a0000000)
  eden space 87424K, 100% used [0x0000000080000000, 0x0000000085560000, 0x0000000085560000)
  from space 21824K, 100% used [0x0000000086ab0000, 0x0000000088000000, 0x0000000088000000)
  to   space 21824K,   0% used [0x0000000085560000, 0x0000000085560000, 0x0000000086ab0000)
 concurrent mark-sweep generation total 1572864K, used 1282756K [0x00000000a0000000, 0x0000000100000000, 0x0000000100000000)
 Metaspace       used 29072K, capacity 29860K, committed 30152K, reserved 1075200K
  class space    used 3435K, capacity 3690K, committed 3784K, reserved 1048576K
2018-06-17T23:35:40.764+0545: 18.377: [GC (Allocation Failure) 2018-06-17T23:35:40.764+0545: 18.377: [ParNew
Desired survivor size 20112992 bytes, new threshold 3 (max 8)
- age   1:    7991880 bytes,    7991880 total
- age   2:    7842544 bytes,   15834424 total
- age   3:    6513200 bytes,   22347624 total
: 109248K->21824K(109248K), 0.0627260 secs] 1392004K->1325008K(1682112K), 0.0627862 secs] [Times: user=0.21 sys=0.01, real=0.06 secs] 
Heap after GC invocations=64 (full 7):
 par new generation   total 109248K, used 21824K [0x0000000080000000, 0x0000000088000000, 0x00000000a0000000)
  eden space 87424K,   0% used [0x0000000080000000, 0x0000000080000000, 0x0000000085560000)
  from space 21824K, 100% used [0x0000000085560000, 0x0000000086ab0000, 0x0000000086ab0000)
  to   space 21824K,   0% used [0x0000000086ab0000, 0x0000000086ab0000, 0x0000000088000000)
 concurrent mark-sweep generation total 1572864K, used 1303184K [0x00000000a0000000, 0x0000000100000000, 0x0000000100000000)
 Metaspace       used 29072K, capacity 29860K, committed 30152K, reserved 1075200K
  class space    used 3435K, capacity 3690K, committed 3784K, reserved 1048576K
}
2018-06-17T23:35:40.827+0545: 18.440: Total time for which application threads were stopped: 0.0629747 seconds, Stopping threads took: 0.0000186 seconds
2018-06-17T23:35:40.862+0545: 18.475: [CMS-concurrent-sweep: 0.499/0.764 secs] [Times: user=1.88 sys=0.02, real=0.77 secs] 
2018-06-17T23:35:40.862+0545: 18.475: [CMS-concurrent-reset-start]
2018-06-17T23:35:40.864+0545: 18.478: [CMS-concurrent-reset: 0.003/0.003 secs] [Times: user=0.01 sys=0.00, real=0.00 secs] 
{Heap before GC invocations=64 (full 7):
 par new generation   total 109248K, used 109248K [0x0000000080000000, 0x0000000088000000, 0x00000000a0000000)
  eden space 87424K, 100% used [0x0000000080000000, 0x0000000085560000, 0x0000000085560000)
  from space 21824K, 100% used [0x0000000085560000, 0x0000000086ab0000, 0x0000000086ab0000)
  to   space 21824K,   0% used [0x0000000086ab0000, 0x0000000086ab0000, 0x0000000088000000)
 concurrent mark-sweep generation total 1572864K, used 1303184K [0x00000000a0000000, 0x0000000100000000, 0x0000000100000000)
 Metaspace       used 29072K, capacity 29860K, committed 30152K, reserved 1075200K
  class space    used 3435K, capacity 3690K, committed 3784K, reserved 1048576K
2018-06-17T23:35:40.937+0545: 18.550: [GC (Allocation Failure) 2018-06-17T23:35:40.937+0545: 18.550: [ParNew
Desired survivor size 20112992 bytes, new threshold 3 (max 8)
- age   1:    7477432 bytes,    7477432 total
- age   2:    7503456 bytes,   14980888 total
- age   3:    7366648 bytes,   22347536 total
: 109248K->21824K(109248K), 0.0573396 secs] 1412432K->1345365K(1682112K), 0.0573963 secs] [Times: user=0.20 sys=0.00, real=0.06 secs] 
Heap after GC invocations=65 (full 7):
 par new generation   total 109248K, used 21824K [0x0000000080000000, 0x0000000088000000, 0x00000000a0000000)
  eden space 87424K,   0% used [0x0000000080000000, 0x0000000080000000, 0x0000000085560000)
  from space 21824K, 100% used [0x0000000086ab0000, 0x0000000088000000, 0x0000000088000000)
  to   space 21824K,   0% used [0x0000000085560000, 0x0000000085560000, 0x0000000086ab0000)
 concurrent mark-sweep generation total 1572864K, used 1323541K [0x00000000a0000000, 0x0000000100000000, 0x0000000100000000)
 Metaspace       used 29072K, capacity 29860K, committed 30152K, reserved 1075200K
  class space    used 3435K, capacity 3690K, committed 3784K, reserved 1048576K
}
2018-06-17T23:35:40.995+0545: 18.608: Total time for which application threads were stopped: 0.0575668 seconds, Stopping threads took: 0.0000191 seconds
2018-06-17T23:35:40.995+0545: 18.608: [GC (CMS Initial Mark) [1 CMS-initial-mark: 1323541K(1572864K)] 1347113K(1682112K), 0.0091192 secs] [Times: user=0.04 sys=0.00, real=0.01 secs] 
2018-06-17T23:35:41.004+0545: 18.617: Total time for which application threads were stopped: 0.0092398 seconds, Stopping threads took: 0.0000190 seconds
2018-06-17T23:35:41.004+0545: 18.617: [CMS-concurrent-mark-start]
{Heap before GC invocations=65 (full 8):
 par new generation   total 109248K, used 109248K [0x0000000080000000, 0x0000000088000000, 0x00000000a0000000)
  eden space 87424K, 100% used [0x0000000080000000, 0x0000000085560000, 0x0000000085560000)
  from space 21824K, 100% used [0x0000000086ab0000, 0x0000000088000000, 0x0000000088000000)
  to   space 21824K,   0% used [0x0000000085560000, 0x0000000085560000, 0x0000000086ab0000)
 concurrent mark-sweep generation total 1572864K, used 1323541K [0x00000000a0000000, 0x0000000100000000, 0x0000000100000000)
 Metaspace       used 29072K, capacity 29860K, committed 30152K, reserved 1075200K
  class space    used 3435K, capacity 3690K, committed 3784K, reserved 1048576K
2018-06-17T23:35:41.174+0545: 18.787: [GC (Allocation Failure) 2018-06-17T23:35:41.174+0545: 18.787: [ParNew
Desired survivor size 20112992 bytes, new threshold 3 (max 8)
- age   1:    7510656 bytes,    7510656 total
- age   2:    7391952 bytes,   14902608 total
- age   3:    7444928 bytes,   22347536 total
: 109248K->21824K(109248K), 0.0626144 secs] 1432789K->1365980K(1682112K), 0.0626952 secs] [Times: user=0.22 sys=0.00, real=0.06 secs] 
Heap after GC invocations=66 (full 8):
 par new generation   total 109248K, used 21824K [0x0000000080000000, 0x0000000088000000, 0x00000000a0000000)
  eden space 87424K,   0% used [0x0000000080000000, 0x0000000080000000, 0x0000000085560000)
  from space 21824K, 100% used [0x0000000085560000, 0x0000000086ab0000, 0x0000000086ab0000)
  to   space 21824K,   0% used [0x0000000086ab0000, 0x0000000086ab0000, 0x0000000088000000)
 concurrent mark-sweep generation total 1572864K, used 1344156K [0x00000000a0000000, 0x0000000100000000, 0x0000000100000000)
 Metaspace       used 29072K, capacity 29860K, committed 30152K, reserved 1075200K
  class space    used 3435K, capacity 3690K, committed 3784K, reserved 1048576K
}
2018-06-17T23:35:41.237+0545: 18.850: Total time for which application threads were stopped: 0.0628647 seconds, Stopping threads took: 0.0000236 seconds
{Heap before GC invocations=66 (full 8):
 par new generation   total 109248K, used 109248K [0x0000000080000000, 0x0000000088000000, 0x00000000a0000000)
  eden space 87424K, 100% used [0x0000000080000000, 0x0000000085560000, 0x0000000085560000)
  from space 21824K, 100% used [0x0000000085560000, 0x0000000086ab0000, 0x0000000086ab0000)
  to   space 21824K,   0% used [0x0000000086ab0000, 0x0000000086ab0000, 0x0000000088000000)
 concurrent mark-sweep generation total 1572864K, used 1344156K [0x00000000a0000000, 0x0000000100000000, 0x0000000100000000)
 Metaspace       used 29072K, capacity 29860K, committed 30152K, reserved 1075200K
  class space    used 3435K, capacity 3690K, committed 3784K, reserved 1048576K
2018-06-17T23:35:41.404+0545: 19.017: [GC (Allocation Failure) 2018-06-17T23:35:41.404+0545: 19.017: [ParNew
Desired survivor size 20112992 bytes, new threshold 3 (max 8)
- age   1:   11116704 bytes,   11116704 total
- age   2:    5602520 bytes,   16719224 total
- age   3:    5627168 bytes,   22346392 total
: 109248K->21822K(109248K), 0.0637830 secs] 1453404K->1386542K(1682112K), 0.0638433 secs] [Times: user=0.23 sys=0.00, real=0.06 secs] 
Heap after GC invocations=67 (full 8):
 par new generation   total 109248K, used 21822K [0x0000000080000000, 0x0000000088000000, 0x00000000a0000000)
  eden space 87424K,   0% used [0x0000000080000000, 0x0000000080000000, 0x0000000085560000)
  from space 21824K,  99% used [0x0000000086ab0000, 0x0000000087fffb60, 0x0000000088000000)
  to   space 21824K,   0% used [0x0000000085560000, 0x0000000085560000, 0x0000000086ab0000)
 concurrent mark-sweep generation total 1572864K, used 1364719K [0x00000000a0000000, 0x0000000100000000, 0x0000000100000000)
 Metaspace       used 29072K, capacity 29860K, committed 30152K, reserved 1075200K
  class space    used 3435K, capacity 3690K, committed 3784K, reserved 1048576K
}
2018-06-17T23:35:41.468+0545: 19.081: Total time for which application threads were stopped: 0.0640135 seconds, Stopping threads took: 0.0000237 seconds
{Heap before GC invocations=67 (full 8):
 par new generation   total 109248K, used 109246K [0x0000000080000000, 0x0000000088000000, 0x00000000a0000000)
  eden space 87424K, 100% used [0x0000000080000000, 0x0000000085560000, 0x0000000085560000)
  from space 21824K,  99% used [0x0000000086ab0000, 0x0000000087fffb60, 0x0000000088000000)
  to   space 21824K,   0% used [0x0000000085560000, 0x0000000085560000, 0x0000000086ab0000)
 concurrent mark-sweep generation total 1572864K, used 1364719K [0x00000000a0000000, 0x0000000100000000, 0x0000000100000000)
 Metaspace       used 29072K, capacity 29860K, committed 30152K, reserved 1075200K
  class space    used 3435K, capacity 3690K, committed 3784K, reserved 1048576K
2018-06-17T23:35:41.636+0545: 19.249: [GC (Allocation Failure) 2018-06-17T23:35:41.636+0545: 19.249: [ParNew
Desired survivor size 20112992 bytes, new threshold 3 (max 8)
- age   1:    6527544 bytes,    6527544 total
- age   2:   10243000 bytes,   16770544 total
- age   3:    5575720 bytes,   22346264 total
: 109246K->21822K(109248K), 0.0659383 secs] 1473966K->1407623K(1682112K), 0.0660175 secs] [Times: user=0.22 sys=0.00, real=0.07 secs] 
Heap after GC invocations=68 (full 8):
 par new generation   total 109248K, used 21822K [0x0000000080000000, 0x0000000088000000, 0x00000000a0000000)
  eden space 87424K,   0% used [0x0000000080000000, 0x0000000080000000, 0x0000000085560000)
  from space 21824K,  99% used [0x0000000085560000, 0x0000000086aafaa0, 0x0000000086ab0000)
  to   space 21824K,   0% used [0x0000000086ab0000, 0x0000000086ab0000, 0x0000000088000000)
 concurrent mark-sweep generation total 1572864K, used 1385801K [0x00000000a0000000, 0x0000000100000000, 0x0000000100000000)
 Metaspace       used 29072K, capacity 29860K, committed 30152K, reserved 1075200K
  class space    used 3435K, capacity 3690K, committed 3784K, reserved 1048576K
}
2018-06-17T23:35:41.702+0545: 19.315: Total time for which application threads were stopped: 0.0661741 seconds, Stopping threads took: 0.0000198 seconds
{Heap before GC invocations=68 (full 8):
 par new generation   total 109248K, used 109246K [0x0000000080000000, 0x0000000088000000, 0x00000000a0000000)
  eden space 87424K, 100% used [0x0000000080000000, 0x0000000085560000, 0x0000000085560000)
  from space 21824K,  99% used [0x0000000085560000, 0x0000000086aafaa0, 0x0000000086ab0000)
  to   space 21824K,   0% used [0x0000000086ab0000, 0x0000000086ab0000, 0x0000000088000000)
 concurrent mark-sweep generation total 1572864K, used 1385801K [0x00000000a0000000, 0x0000000100000000, 0x0000000100000000)
 Metaspace       used 29072K, capacity 29860K, committed 30152K, reserved 1075200K
  class space    used 3435K, capacity 3690K, committed 3784K, reserved 1048576K
2018-06-17T23:35:41.875+0545: 19.489: [GC (Allocation Failure) 2018-06-17T23:35:41.875+0545: 19.489: [ParNew
Desired survivor size 20112992 bytes, new threshold 3 (max 8)
- age   1:    9881448 bytes,    9881448 total
- age   2:    3762576 bytes,   13644024 total
- age   3:    8702120 bytes,   22346144 total
: 109246K->21822K(109248K), 0.0647238 secs] 1495047K->1428589K(1682112K), 0.0647866 secs] [Times: user=0.22 sys=0.01, real=0.07 secs] 
Heap after GC invocations=69 (full 8):
 par new generation   total 109248K, used 21822K [0x0000000080000000, 0x0000000088000000, 0x00000000a0000000)
  eden space 87424K,   0% used [0x0000000080000000, 0x0000000080000000, 0x0000000085560000)
  from space 21824K,  99% used [0x0000000086ab0000, 0x0000000087fffa20, 0x0000000088000000)
  to   space 21824K,   0% used [0x0000000085560000, 0x0000000085560000, 0x0000000086ab0000)
 concurrent mark-sweep generation total 1572864K, used 1406766K [0x00000000a0000000, 0x0000000100000000, 0x0000000100000000)
 Metaspace       used 29072K, capacity 29860K, committed 30152K, reserved 1075200K
  class space    used 3435K, capacity 3690K, committed 3784K, reserved 1048576K
}
2018-06-17T23:35:41.940+0545: 19.553: Total time for which application threads were stopped: 0.0649468 seconds, Stopping threads took: 0.0000202 seconds
{Heap before GC invocations=69 (full 8):
 par new generation   total 109248K, used 109246K [0x0000000080000000, 0x0000000088000000, 0x00000000a0000000)
  eden space 87424K, 100% used [0x0000000080000000, 0x0000000085560000, 0x0000000085560000)
  from space 21824K,  99% used [0x0000000086ab0000, 0x0000000087fffa20, 0x0000000088000000)
  to   space 21824K,   0% used [0x0000000085560000, 0x0000000085560000, 0x0000000086ab0000)
 concurrent mark-sweep generation total 1572864K, used 1406766K [0x00000000a0000000, 0x0000000100000000, 0x0000000100000000)
 Metaspace       used 29132K, capacity 29944K, committed 30152K, reserved 1075200K
  class space    used 3440K, capacity 3692K, committed 3784K, reserved 1048576K
2018-06-17T23:35:42.379+0545: 19.992: [GC (Allocation Failure) 2018-06-17T23:35:42.379+0545: 19.992: [ParNew
Desired survivor size 20112992 bytes, new threshold 3 (max 8)
- age   1:    9965128 bytes,    9965128 total
- age   2:    8618288 bytes,   18583416 total
- age   3:    3762576 bytes,   22345992 total
: 109246K->21822K(109248K), 0.0668960 secs] 1516013K->1446946K(1682112K), 0.0669661 secs] [Times: user=0.24 sys=0.00, real=0.07 secs] 
Heap after GC invocations=70 (full 8):
 par new generation   total 109248K, used 21822K [0x0000000080000000, 0x0000000088000000, 0x00000000a0000000)
  eden space 87424K,   0% used [0x0000000080000000, 0x0000000080000000, 0x0000000085560000)
  from space 21824K,  99% used [0x0000000085560000, 0x0000000086aaf9c0, 0x0000000086ab0000)
  to   space 21824K,   0% used [0x0000000086ab0000, 0x0000000086ab0000, 0x0000000088000000)
 concurrent mark-sweep generation total 1572864K, used 1425123K [0x00000000a0000000, 0x0000000100000000, 0x0000000100000000)
 Metaspace       used 29132K, capacity 29944K, committed 30152K, reserved 1075200K
  class space    used 3440K, capacity 3692K, committed 3784K, reserved 1048576K
}
2018-06-17T23:35:42.446+0545: 20.059: Total time for which application threads were stopped: 0.0671646 seconds, Stopping threads took: 0.0000243 seconds
{Heap before GC invocations=70 (full 8):
 par new generation   total 109248K, used 109246K [0x0000000080000000, 0x0000000088000000, 0x00000000a0000000)
  eden space 87424K, 100% used [0x0000000080000000, 0x0000000085560000, 0x0000000085560000)
  from space 21824K,  99% used [0x0000000085560000, 0x0000000086aaf9c0, 0x0000000086ab0000)
  to   space 21824K,   0% used [0x0000000086ab0000, 0x0000000086ab0000, 0x0000000088000000)
 concurrent mark-sweep generation total 1572864K, used 1425123K [0x00000000a0000000, 0x0000000100000000, 0x0000000100000000)
 Metaspace       used 29135K, capacity 29944K, committed 30152K, reserved 1075200K
  class space    used 3440K, capacity 3692K, committed 3784K, reserved 1048576K
2018-06-17T23:35:42.596+0545: 20.209: [GC (Allocation Failure) 2018-06-17T23:35:42.596+0545: 20.209: [ParNew
Desired survivor size 20112992 bytes, new threshold 3 (max 8)
- age   1:    9066320 bytes,    9066320 total
- age   2:    5127688 bytes,   14194008 total
- age   3:    8151848 bytes,   22345856 total
: 109246K->21822K(109248K), 0.0821721 secs] 1534370K->1467127K(1682112K), 0.0822421 secs] [Times: user=0.30 sys=0.01, real=0.08 secs] 
Heap after GC invocations=71 (full 8):
 par new generation   total 109248K, used 21822K [0x0000000080000000, 0x0000000088000000, 0x00000000a0000000)
  eden space 87424K,   0% used [0x0000000080000000, 0x0000000080000000, 0x0000000085560000)
  from space 21824K,  99% used [0x0000000086ab0000, 0x0000000087fff920, 0x0000000088000000)
  to   space 21824K,   0% used [0x0000000085560000, 0x0000000085560000, 0x0000000086ab0000)
 concurrent mark-sweep generation total 1572864K, used 1445305K [0x00000000a0000000, 0x0000000100000000, 0x0000000100000000)
 Metaspace       used 29135K, capacity 29944K, committed 30152K, reserved 1075200K
  class space    used 3440K, capacity 3692K, committed 3784K, reserved 1048576K
}
2018-06-17T23:35:42.678+0545: 20.292: Total time for which application threads were stopped: 0.0824191 seconds, Stopping threads took: 0.0000224 seconds
2018-06-17T23:35:42.792+0545: 20.405: [CMS-concurrent-mark: 1.381/1.788 secs] [Times: user=6.68 sys=0.05, real=1.79 secs] 
2018-06-17T23:35:42.792+0545: 20.405: [CMS-concurrent-preclean-start]
{Heap before GC invocations=71 (full 8):
 par new generation   total 109248K, used 109246K [0x0000000080000000, 0x0000000088000000, 0x00000000a0000000)
  eden space 87424K, 100% used [0x0000000080000000, 0x0000000085560000, 0x0000000085560000)
  from space 21824K,  99% used [0x0000000086ab0000, 0x0000000087fff920, 0x0000000088000000)
  to   space 21824K,   0% used [0x0000000085560000, 0x0000000085560000, 0x0000000086ab0000)
 concurrent mark-sweep generation total 1572864K, used 1445305K [0x00000000a0000000, 0x0000000100000000, 0x0000000100000000)
 Metaspace       used 29135K, capacity 29944K, committed 30152K, reserved 1075200K
  class space    used 3440K, capacity 3692K, committed 3784K, reserved 1048576K
2018-06-17T23:35:42.795+0545: 20.408: [GC (Allocation Failure) 2018-06-17T23:35:42.795+0545: 20.408: [ParNew
Desired survivor size 20112992 bytes, new threshold 3 (max 8)
- age   1:   11950064 bytes,   11950064 total
- age   2:    5989432 bytes,   17939496 total
- age   3:    4406184 bytes,   22345680 total
: 109246K->21822K(109248K), 0.0927127 secs] 1554551K->1486698K(1682112K), 0.0927783 secs] [Times: user=0.32 sys=0.00, real=0.09 secs] 
Heap after GC invocations=72 (full 8):
 par new generation   total 109248K, used 21822K [0x0000000080000000, 0x0000000088000000, 0x00000000a0000000)
  eden space 87424K,   0% used [0x0000000080000000, 0x0000000080000000, 0x0000000085560000)
  from space 21824K,  99% used [0x0000000085560000, 0x0000000086aaf8a0, 0x0000000086ab0000)
  to   space 21824K,   0% used [0x0000000086ab0000, 0x0000000086ab0000, 0x0000000088000000)
 concurrent mark-sweep generation total 1572864K, used 1464876K [0x00000000a0000000, 0x0000000100000000, 0x0000000100000000)
 Metaspace       used 29135K, capacity 29944K, committed 30152K, reserved 1075200K
  class space    used 3440K, capacity 3692K, committed 3784K, reserved 1048576K
}
2018-06-17T23:35:42.887+0545: 20.501: Total time for which application threads were stopped: 0.0929411 seconds, Stopping threads took: 0.0000179 seconds
{Heap before GC invocations=72 (full 8):
 par new generation   total 109248K, used 109246K [0x0000000080000000, 0x0000000088000000, 0x00000000a0000000)
  eden space 87424K, 100% used [0x0000000080000000, 0x0000000085560000, 0x0000000085560000)
  from space 21824K,  99% used [0x0000000085560000, 0x0000000086aaf8a0, 0x0000000086ab0000)
  to   space 21824K,   0% used [0x0000000086ab0000, 0x0000000086ab0000, 0x0000000088000000)
 concurrent mark-sweep generation total 1572864K, used 1464876K [0x00000000a0000000, 0x0000000100000000, 0x0000000100000000)
 Metaspace       used 29135K, capacity 29944K, committed 30152K, reserved 1075200K
  class space    used 3440K, capacity 3692K, committed 3784K, reserved 1048576K
2018-06-17T23:35:42.989+0545: 20.602: [GC (Allocation Failure) 2018-06-17T23:35:42.989+0545: 20.602: [ParNew
Desired survivor size 20112992 bytes, new threshold 3 (max 8)
- age   1:    9812408 bytes,    9812408 total
- age   2:    7786808 bytes,   17599216 total
- age   3:    4748360 bytes,   22347576 total
: 109246K->21824K(109248K), 0.1084409 secs] 1574122K->1509222K(1682112K), 0.1085042 secs] [Times: user=0.39 sys=0.01, real=0.10 secs] 
Heap after GC invocations=73 (full 8):
 par new generation   total 109248K, used 21824K [0x0000000080000000, 0x0000000088000000, 0x00000000a0000000)
  eden space 87424K,   0% used [0x0000000080000000, 0x0000000080000000, 0x0000000085560000)
  from space 21824K, 100% used [0x0000000086ab0000, 0x0000000088000000, 0x0000000088000000)
  to   space 21824K,   0% used [0x0000000085560000, 0x0000000085560000, 0x0000000086ab0000)
 concurrent mark-sweep generation total 1572864K, used 1487398K [0x00000000a0000000, 0x0000000100000000, 0x0000000100000000)
 Metaspace       used 29135K, capacity 29944K, committed 30152K, reserved 1075200K
  class space    used 3440K, capacity 3692K, committed 3784K, reserved 1048576K
}
2018-06-17T23:35:43.097+0545: 20.711: Total time for which application threads were stopped: 0.1086648 seconds, Stopping threads took: 0.0000173 seconds
{Heap before GC invocations=73 (full 8):
 par new generation   total 109248K, used 109248K [0x0000000080000000, 0x0000000088000000, 0x00000000a0000000)
  eden space 87424K, 100% used [0x0000000080000000, 0x0000000085560000, 0x0000000085560000)
  from space 21824K, 100% used [0x0000000086ab0000, 0x0000000088000000, 0x0000000088000000)
  to   space 21824K,   0% used [0x0000000085560000, 0x0000000085560000, 0x0000000086ab0000)
 concurrent mark-sweep generation total 1572864K, used 1487398K [0x00000000a0000000, 0x0000000100000000, 0x0000000100000000)
 Metaspace       used 29135K, capacity 29944K, committed 30152K, reserved 1075200K
  class space    used 3440K, capacity 3692K, committed 3784K, reserved 1048576K
2018-06-17T23:35:43.182+0545: 20.795: [GC (Allocation Failure) 2018-06-17T23:35:43.182+0545: 20.795: [ParNew
Desired survivor size 20112992 bytes, new threshold 3 (max 8)
- age   1:   11816608 bytes,   11816608 total
- age   2:    5899856 bytes,   17716464 total
- age   3:    4630480 bytes,   22346944 total
: 109248K->21823K(109248K), 0.1523805 secs] 1596646K->1533642K(1682112K), 0.1524491 secs] [Times: user=0.50 sys=0.01, real=0.15 secs] 
Heap after GC invocations=74 (full 8):
 par new generation   total 109248K, used 21823K [0x0000000080000000, 0x0000000088000000, 0x00000000a0000000)
  eden space 87424K,   0% used [0x0000000080000000, 0x0000000080000000, 0x0000000085560000)
  from space 21824K,  99% used [0x0000000085560000, 0x0000000086aafd40, 0x0000000086ab0000)
  to   space 21824K,   0% used [0x0000000086ab0000, 0x0000000086ab0000, 0x0000000088000000)
 concurrent mark-sweep generation total 1572864K, used 1511819K [0x00000000a0000000, 0x0000000100000000, 0x0000000100000000)
 Metaspace       used 29135K, capacity 29944K, committed 30152K, reserved 1075200K
  class space    used 3440K, capacity 3692K, committed 3784K, reserved 1048576K
}
2018-06-17T23:35:43.335+0545: 20.948: Total time for which application threads were stopped: 0.1526111 seconds, Stopping threads took: 0.0000184 seconds
{Heap before GC invocations=74 (full 8):
 par new generation   total 109248K, used 109247K [0x0000000080000000, 0x0000000088000000, 0x00000000a0000000)
  eden space 87424K, 100% used [0x0000000080000000, 0x0000000085560000, 0x0000000085560000)
  from space 21824K,  99% used [0x0000000085560000, 0x0000000086aafd40, 0x0000000086ab0000)
  to   space 21824K,   0% used [0x0000000086ab0000, 0x0000000086ab0000, 0x0000000088000000)
 concurrent mark-sweep generation total 1572864K, used 1511819K [0x00000000a0000000, 0x0000000100000000, 0x0000000100000000)
 Metaspace       used 29135K, capacity 29944K, committed 30152K, reserved 1075200K
  class space    used 3440K, capacity 3692K, committed 3784K, reserved 1048576K
2018-06-17T23:35:43.436+0545: 21.049: [GC (Allocation Failure) 2018-06-17T23:35:43.436+0545: 21.049: [ParNew
Desired survivor size 20112992 bytes, new threshold 3 (max 8)
- age   1:   10953808 bytes,   10953808 total
- age   2:    6814240 bytes,   17768048 total
- age   3:    4578792 bytes,   22346840 total
: 109247K->21823K(109248K), 0.0977692 secs] 1621066K->1557348K(1682112K), 0.0978270 secs] [Times: user=0.34 sys=0.02, real=0.10 secs] 
Heap after GC invocations=75 (full 8):
 par new generation   total 109248K, used 21823K [0x0000000080000000, 0x0000000088000000, 0x00000000a0000000)
  eden space 87424K,   0% used [0x0000000080000000, 0x0000000080000000, 0x0000000085560000)
  from space 21824K,  99% used [0x0000000086ab0000, 0x0000000087fffce0, 0x0000000088000000)
  to   space 21824K,   0% used [0x0000000085560000, 0x0000000085560000, 0x0000000086ab0000)
 concurrent mark-sweep generation total 1572864K, used 1535525K [0x00000000a0000000, 0x0000000100000000, 0x0000000100000000)
 Metaspace       used 29135K, capacity 29944K, committed 30152K, reserved 1075200K
  class space    used 3440K, capacity 3692K, committed 3784K, reserved 1048576K
}
2018-06-17T23:35:43.534+0545: 21.147: Total time for which application threads were stopped: 0.0979874 seconds, Stopping threads took: 0.0000183 seconds
{Heap before GC invocations=75 (full 8):
 par new generation   total 109248K, used 109247K [0x0000000080000000, 0x0000000088000000, 0x00000000a0000000)
  eden space 87424K, 100% used [0x0000000080000000, 0x0000000085560000, 0x0000000085560000)
  from space 21824K,  99% used [0x0000000086ab0000, 0x0000000087fffce0, 0x0000000088000000)
  to   space 21824K,   0% used [0x0000000085560000, 0x0000000085560000, 0x0000000086ab0000)
 concurrent mark-sweep generation total 1572864K, used 1535525K [0x00000000a0000000, 0x0000000100000000, 0x0000000100000000)
 Metaspace       used 29135K, capacity 29944K, committed 30152K, reserved 1075200K
  class space    used 3440K, capacity 3692K, committed 3784K, reserved 1048576K
2018-06-17T23:35:43.631+0545: 21.244: [GC (Allocation Failure) 2018-06-17T23:35:43.631+0545: 21.244: [ParNew
Desired survivor size 20112992 bytes, new threshold 3 (max 8)
- age   1:   10869080 bytes,   10869080 total
- age   2:    6165528 bytes,   17034608 total
- age   3:    5312152 bytes,   22346760 total
: 109247K->21823K(109248K), 0.1101777 secs] 1644772K->1579799K(1682112K), 0.1102443 secs] [Times: user=0.40 sys=0.00, real=0.11 secs] 
Heap after GC invocations=76 (full 8):
 par new generation   total 109248K, used 21823K [0x0000000080000000, 0x0000000088000000, 0x00000000a0000000)
  eden space 87424K,   0% used [0x0000000080000000, 0x0000000080000000, 0x0000000085560000)
  from space 21824K,  99% used [0x0000000085560000, 0x0000000086aafc60, 0x0000000086ab0000)
  to   space 21824K,   0% used [0x0000000086ab0000, 0x0000000086ab0000, 0x0000000088000000)
 concurrent mark-sweep generation total 1572864K, used 1557976K [0x00000000a0000000, 0x0000000100000000, 0x0000000100000000)
 Metaspace       used 29135K, capacity 29944K, committed 30152K, reserved 1075200K
  class space    used 3440K, capacity 3692K, committed 3784K, reserved 1048576K
}
2018-06-17T23:35:43.741+0545: 21.354: Total time for which application threads were stopped: 0.1104118 seconds, Stopping threads took: 0.0000187 seconds
{Heap before GC invocations=76 (full 8):
 par new generation   total 109248K, used 109247K [0x0000000080000000, 0x0000000088000000, 0x00000000a0000000)
  eden space 87424K, 100% used [0x0000000080000000, 0x0000000085560000, 0x0000000085560000)
  from space 21824K,  99% used [0x0000000085560000, 0x0000000086aafc60, 0x0000000086ab0000)
  to   space 21824K,   0% used [0x0000000086ab0000, 0x0000000086ab0000, 0x0000000088000000)
 concurrent mark-sweep generation total 1572864K, used 1557976K [0x00000000a0000000, 0x0000000100000000, 0x0000000100000000)
 Metaspace       used 29247K, capacity 30048K, committed 30152K, reserved 1075200K
  class space    used 3456K, capacity 3726K, committed 3784K, reserved 1048576K
2018-06-17T23:35:43.951+0545: 21.564: [GC (Allocation Failure) 2018-06-17T23:35:43.951+0545: 21.564: [ParNew: 109247K->109247K(109248K), 0.0000143 secs]2018-06-17T23:35:43.951+0545: 21.564: [CMS2018-06-17T23:35:44.067+0545: 21.680: [CMS-concurrent-preclean: 0.704/1.275 secs] [Times: user=3.40 sys=0.05, real=1.27 secs] 
 (concurrent mode failure): 1557976K->1572863K(1572864K), 4.6229224 secs] 1667223K->1586841K(1682112K), [Metaspace: 29247K->29247K(1075200K)], 4.6233033 secs] [Times: user=4.58 sys=0.03, real=4.62 secs] 
Heap after GC invocations=77 (full 9):
 par new generation   total 436928K, used 13977K [0x0000000080000000, 0x00000000a0000000, 0x00000000a0000000)
  eden space 349568K,   3% used [0x0000000080000000, 0x0000000080da6580, 0x0000000095560000)
  from space 87360K,   0% used [0x0000000095560000, 0x0000000095560000, 0x000000009aab0000)
  to   space 87360K,   0% used [0x000000009aab0000, 0x000000009aab0000, 0x00000000a0000000)
 concurrent mark-sweep generation total 1572864K, used 1572863K [0x00000000a0000000, 0x0000000100000000, 0x0000000100000000)
 Metaspace       used 29247K, capacity 30048K, committed 30152K, reserved 1075200K
  class space    used 3456K, capacity 3726K, committed 3784K, reserved 1048576K
}
2018-06-17T23:35:48.574+0545: 26.187: Total time for which application threads were stopped: 4.6235105 seconds, Stopping threads took: 0.0000212 seconds
2018-06-17T23:35:48.592+0545: 26.205: Total time for which application threads were stopped: 0.0001097 seconds, Stopping threads took: 0.0000200 seconds
2018-06-17T23:35:48.592+0545: 26.205: Total time for which application threads were stopped: 0.0000819 seconds, Stopping threads took: 0.0000113 seconds
2018-06-17T23:35:48.592+0545: 26.205: Total time for which application threads were stopped: 0.0000473 seconds, Stopping threads took: 0.0000087 seconds
2018-06-17T23:35:48.592+0545: 26.205: Total time for which application threads were stopped: 0.0000508 seconds, Stopping threads took: 0.0000105 seconds
2018-06-17T23:35:48.593+0545: 26.206: Total time for which application threads were stopped: 0.0000541 seconds, Stopping threads took: 0.0000084 seconds
2018-06-17T23:35:48.593+0545: 26.206: Total time for which application threads were stopped: 0.0000415 seconds, Stopping threads took: 0.0000082 seconds
2018-06-17T23:35:48.593+0545: 26.206: Total time for which application threads were stopped: 0.0000552 seconds, Stopping threads took: 0.0000195 seconds
2018-06-17T23:35:48.593+0545: 26.206: Total time for which application threads were stopped: 0.0000981 seconds, Stopping threads took: 0.0000403 seconds
2018-06-17T23:35:48.593+0545: 26.206: Total time for which application threads were stopped: 0.0000660 seconds, Stopping threads took: 0.0000210 seconds
2018-06-17T23:35:48.594+0545: 26.207: Total time for which application threads were stopped: 0.0003337 seconds, Stopping threads took: 0.0000130 seconds
2018-06-17T23:35:49.595+0545: 27.208: Total time for which application threads were stopped: 0.0002078 seconds, Stopping threads took: 0.0000410 seconds
2018-06-17T23:35:50.574+0545: 28.187: [GC (CMS Initial Mark) [1 CMS-initial-mark: 1572863K(1572864K)] 1597335K(2009792K), 0.0479379 secs] [Times: user=0.06 sys=0.00, real=0.05 secs] 
2018-06-17T23:35:50.622+0545: 28.235: Total time for which application threads were stopped: 0.0481576 seconds, Stopping threads took: 0.0000394 seconds
2018-06-17T23:35:50.622+0545: 28.235: [CMS-concurrent-mark-start]
2018-06-17T23:35:52.054+0545: 29.667: [CMS-concurrent-mark: 1.432/1.432 secs] [Times: user=5.39 sys=0.03, real=1.43 secs] 
2018-06-17T23:35:52.054+0545: 29.667: [CMS-concurrent-preclean-start]
2018-06-17T23:35:53.584+0545: 31.197: [CMS-concurrent-preclean: 1.530/1.530 secs] [Times: user=1.52 sys=0.00, real=1.53 secs] 
2018-06-17T23:35:53.584+0545: 31.197: [CMS-concurrent-abortable-preclean-start]
2018-06-17T23:35:53.584+0545: 31.197: [CMS-concurrent-abortable-preclean: 0.000/0.000 secs] [Times: user=0.00 sys=0.00, real=0.00 secs] 
2018-06-17T23:35:53.584+0545: 31.197: [GC (CMS Final Remark) [YG occupancy: 24471 K (436928 K)]{Heap before GC invocations=77 (full 10):
 par new generation   total 436928K, used 24471K [0x0000000080000000, 0x00000000a0000000, 0x00000000a0000000)
  eden space 349568K,   7% used [0x0000000080000000, 0x00000000817e5f90, 0x0000000095560000)
  from space 87360K,   0% used [0x0000000095560000, 0x0000000095560000, 0x000000009aab0000)
  to   space 87360K,   0% used [0x000000009aab0000, 0x000000009aab0000, 0x00000000a0000000)
 concurrent mark-sweep generation total 1572864K, used 1572863K [0x00000000a0000000, 0x0000000100000000, 0x0000000100000000)
 Metaspace       used 29488K, capacity 30272K, committed 30408K, reserved 1075200K
  class space    used 3487K, capacity 3758K, committed 3784K, reserved 1048576K
2018-06-17T23:35:53.584+0545: 31.197: [GC (CMS Final Remark) 2018-06-17T23:35:53.584+0545: 31.197: [ParNew: 24471K->24471K(436928K), 0.0000128 secs] 1597335K->1597335K(2009792K), 0.0000348 secs] [Times: user=0.00 sys=0.00, real=0.00 secs] 
Heap after GC invocations=78 (full 10):
 par new generation   total 436928K, used 24471K [0x0000000080000000, 0x00000000a0000000, 0x00000000a0000000)
  eden space 349568K,   7% used [0x0000000080000000, 0x00000000817e5f90, 0x0000000095560000)
  from space 87360K,   0% used [0x0000000095560000, 0x0000000095560000, 0x000000009aab0000)
  to   space 87360K,   0% used [0x000000009aab0000, 0x000000009aab0000, 0x00000000a0000000)
 concurrent mark-sweep generation total 1572864K, used 1572863K [0x00000000a0000000, 0x0000000100000000, 0x0000000100000000)
 Metaspace       used 29488K, capacity 30272K, committed 30408K, reserved 1075200K
  class space    used 3487K, capacity 3758K, committed 3784K, reserved 1048576K
}
2018-06-17T23:35:53.584+0545: 31.197: [Rescan (parallel) , 0.0246909 secs]2018-06-17T23:35:53.609+0545: 31.222: [weak refs processing, 0.0009399 secs]2018-06-17T23:35:53.610+0545: 31.223: [class unloading, 0.0034212 secs]2018-06-17T23:35:53.614+0545: 31.227: [scrub symbol table, 0.0033033 secs]2018-06-17T23:35:53.617+0545: 31.230: [scrub string table, 0.0004368 secs][1 CMS-remark: 1572863K(1572864K)] 1597335K(2009792K), 0.0331075 secs] [Times: user=0.11 sys=0.00, real=0.03 secs] 
2018-06-17T23:35:53.617+0545: 31.231: Total time for which application threads were stopped: 0.0332054 seconds, Stopping threads took: 0.0000149 seconds
2018-06-17T23:35:53.618+0545: 31.231: [CMS-concurrent-sweep-start]
2018-06-17T23:35:54.167+0545: 31.780: [CMS-concurrent-sweep: 0.549/0.549 secs] [Times: user=0.55 sys=0.00, real=0.55 secs] 
2018-06-17T23:35:54.167+0545: 31.780: [CMS-concurrent-reset-start]
2018-06-17T23:35:54.169+0545: 31.782: [CMS-concurrent-reset: 0.002/0.002 secs] [Times: user=0.00 sys=0.00, real=0.01 secs] 
2018-06-17T23:35:56.168+0545: 33.782: [GC (CMS Initial Mark) [1 CMS-initial-mark: 1570830K(1572864K)] 1595302K(2009792K), 0.0480643 secs] [Times: user=0.05 sys=0.01, real=0.04 secs] 
2018-06-17T23:35:56.217+0545: 33.830: Total time for which application threads were stopped: 0.0483384 seconds, Stopping threads took: 0.0000409 seconds
2018-06-17T23:35:56.217+0545: 33.830: [CMS-concurrent-mark-start]
2018-06-17T23:35:57.655+0545: 35.268: [CMS-concurrent-mark: 1.438/1.438 secs] [Times: user=5.46 sys=0.00, real=1.44 secs] 
2018-06-17T23:35:57.655+0545: 35.268: [CMS-concurrent-preclean-start]
2018-06-17T23:35:57.657+0545: 35.270: [CMS-concurrent-preclean: 0.002/0.002 secs] [Times: user=0.00 sys=0.00, real=0.00 secs] 
2018-06-17T23:35:57.657+0545: 35.270: [CMS-concurrent-abortable-preclean-start]
2018-06-17T23:35:57.657+0545: 35.270: [CMS-concurrent-abortable-preclean: 0.000/0.000 secs] [Times: user=0.00 sys=0.00, real=0.00 secs] 
2018-06-17T23:35:57.657+0545: 35.270: [GC (CMS Final Remark) [YG occupancy: 24471 K (436928 K)]{Heap before GC invocations=78 (full 11):
 par new generation   total 436928K, used 24471K [0x0000000080000000, 0x00000000a0000000, 0x00000000a0000000)
  eden space 349568K,   7% used [0x0000000080000000, 0x00000000817e5f90, 0x0000000095560000)
  from space 87360K,   0% used [0x0000000095560000, 0x0000000095560000, 0x000000009aab0000)
  to   space 87360K,   0% used [0x000000009aab0000, 0x000000009aab0000, 0x00000000a0000000)
 concurrent mark-sweep generation total 1572864K, used 1570830K [0x00000000a0000000, 0x0000000100000000, 0x0000000100000000)
 Metaspace       used 29488K, capacity 30272K, committed 30408K, reserved 1075200K
  class space    used 3487K, capacity 3758K, committed 3784K, reserved 1048576K
2018-06-17T23:35:57.657+0545: 35.270: [GC (CMS Final Remark) 2018-06-17T23:35:57.657+0545: 35.270: [ParNew: 24471K->24471K(436928K), 0.0000137 secs] 1595302K->1595302K(2009792K), 0.0000354 secs] [Times: user=0.00 sys=0.00, real=0.00 secs] 
Heap after GC invocations=79 (full 11):
 par new generation   total 436928K, used 24471K [0x0000000080000000, 0x00000000a0000000, 0x00000000a0000000)
  eden space 349568K,   7% used [0x0000000080000000, 0x00000000817e5f90, 0x0000000095560000)
  from space 87360K,   0% used [0x0000000095560000, 0x0000000095560000, 0x000000009aab0000)
  to   space 87360K,   0% used [0x000000009aab0000, 0x000000009aab0000, 0x00000000a0000000)
 concurrent mark-sweep generation total 1572864K, used 1570830K [0x00000000a0000000, 0x0000000100000000, 0x0000000100000000)
 Metaspace       used 29488K, capacity 30272K, committed 30408K, reserved 1075200K
  class space    used 3487K, capacity 3758K, committed 3784K, reserved 1048576K
}
2018-06-17T23:35:57.657+0545: 35.270: [Rescan (parallel) , 0.0254453 secs]2018-06-17T23:35:57.683+0545: 35.296: [weak refs processing, 0.0013295 secs]2018-06-17T23:35:57.684+0545: 35.297: [class unloading, 0.0034310 secs]2018-06-17T23:35:57.688+0545: 35.301: [scrub symbol table, 0.0030791 secs]2018-06-17T23:35:57.691+0545: 35.304: [scrub string table, 0.0004311 secs][1 CMS-remark: 1570830K(1572864K)] 1595302K(2009792K), 0.0339736 secs] [Times: user=0.11 sys=0.00, real=0.04 secs] 
2018-06-17T23:35:57.691+0545: 35.304: Total time for which application threads were stopped: 0.0341065 seconds, Stopping threads took: 0.0000140 seconds
2018-06-17T23:35:57.691+0545: 35.304: [CMS-concurrent-sweep-start]
2018-06-17T23:35:58.242+0545: 35.855: [CMS-concurrent-sweep: 0.551/0.551 secs] [Times: user=0.54 sys=0.00, real=0.55 secs] 
2018-06-17T23:35:58.242+0545: 35.855: [CMS-concurrent-reset-start]
2018-06-17T23:35:58.244+0545: 35.857: [CMS-concurrent-reset: 0.002/0.002 secs] [Times: user=0.00 sys=0.00, real=0.00 secs] 
2018-06-17T23:36:00.243+0545: 37.856: [GC (CMS Initial Mark) [1 CMS-initial-mark: 1570822K(1572864K)] 1595294K(2009792K), 0.0437846 secs] [Times: user=0.05 sys=0.00, real=0.04 secs] 
2018-06-17T23:36:00.287+0545: 37.900: Total time for which application threads were stopped: 0.0440872 seconds, Stopping threads took: 0.0000447 seconds
2018-06-17T23:36:00.287+0545: 37.900: [CMS-concurrent-mark-start]
2018-06-17T23:36:01.841+0545: 39.454: [CMS-concurrent-mark: 1.554/1.554 secs] [Times: user=5.44 sys=0.02, real=1.56 secs] 
2018-06-17T23:36:01.841+0545: 39.454: [CMS-concurrent-preclean-start]
2018-06-17T23:36:01.844+0545: 39.457: [CMS-concurrent-preclean: 0.002/0.002 secs] [Times: user=0.01 sys=0.00, real=0.00 secs] 
2018-06-17T23:36:01.844+0545: 39.457: [CMS-concurrent-abortable-preclean-start]
2018-06-17T23:36:01.844+0545: 39.457: [CMS-concurrent-abortable-preclean: 0.000/0.000 secs] [Times: user=0.00 sys=0.00, real=0.00 secs] 
2018-06-17T23:36:01.844+0545: 39.457: [GC (CMS Final Remark) [YG occupancy: 24471 K (436928 K)]{Heap before GC invocations=79 (full 12):
 par new generation   total 436928K, used 24471K [0x0000000080000000, 0x00000000a0000000, 0x00000000a0000000)
  eden space 349568K,   7% used [0x0000000080000000, 0x00000000817e5f90, 0x0000000095560000)
  from space 87360K,   0% used [0x0000000095560000, 0x0000000095560000, 0x000000009aab0000)
  to   space 87360K,   0% used [0x000000009aab0000, 0x000000009aab0000, 0x00000000a0000000)
 concurrent mark-sweep generation total 1572864K, used 1570822K [0x00000000a0000000, 0x0000000100000000, 0x0000000100000000)
 Metaspace       used 29488K, capacity 30272K, committed 30408K, reserved 1075200K
  class space    used 3487K, capacity 3758K, committed 3784K, reserved 1048576K
2018-06-17T23:36:01.844+0545: 39.457: [GC (CMS Final Remark) 2018-06-17T23:36:01.844+0545: 39.457: [ParNew: 24471K->24471K(436928K), 0.0000142 secs] 1595294K->1595294K(2009792K), 0.0000346 secs] [Times: user=0.00 sys=0.00, real=0.00 secs] 
Heap after GC invocations=80 (full 12):
 par new generation   total 436928K, used 24471K [0x0000000080000000, 0x00000000a0000000, 0x00000000a0000000)
  eden space 349568K,   7% used [0x0000000080000000, 0x00000000817e5f90, 0x0000000095560000)
  from space 87360K,   0% used [0x0000000095560000, 0x0000000095560000, 0x000000009aab0000)
  to   space 87360K,   0% used [0x000000009aab0000, 0x000000009aab0000, 0x00000000a0000000)
 concurrent mark-sweep generation total 1572864K, used 1570822K [0x00000000a0000000, 0x0000000100000000, 0x0000000100000000)
 Metaspace       used 29488K, capacity 30272K, committed 30408K, reserved 1075200K
  class space    used 3487K, capacity 3758K, committed 3784K, reserved 1048576K
}
2018-06-17T23:36:01.844+0545: 39.457: [Rescan (parallel) , 0.0250016 secs]2018-06-17T23:36:01.869+0545: 39.482: [weak refs processing, 0.0015483 secs]2018-06-17T23:36:01.870+0545: 39.484: [class unloading, 0.0041556 secs]2018-06-17T23:36:01.875+0545: 39.488: [scrub symbol table, 0.0065100 secs]2018-06-17T23:36:01.881+0545: 39.494: [scrub string table, 0.0004333 secs][1 CMS-remark: 1570822K(1572864K)] 1595294K(2009792K), 0.0378994 secs] [Times: user=0.09 sys=0.00, real=0.04 secs] 
2018-06-17T23:36:01.882+0545: 39.495: Total time for which application threads were stopped: 0.0380139 seconds, Stopping threads took: 0.0000167 seconds
2018-06-17T23:36:01.882+0545: 39.495: [CMS-concurrent-sweep-start]
2018-06-17T23:36:02.440+0545: 40.053: [CMS-concurrent-sweep: 0.558/0.558 secs] [Times: user=0.56 sys=0.00, real=0.55 secs] 
2018-06-17T23:36:02.440+0545: 40.053: [CMS-concurrent-reset-start]
2018-06-17T23:36:02.442+0545: 40.055: [CMS-concurrent-reset: 0.002/0.002 secs] [Times: user=0.00 sys=0.00, real=0.01 secs] 
2018-06-17T23:36:04.441+0545: 42.054: [GC (CMS Initial Mark) [1 CMS-initial-mark: 1570822K(1572864K)] 1595294K(2009792K), 0.0508248 secs] [Times: user=0.05 sys=0.00, real=0.05 secs] 
2018-06-17T23:36:04.492+0545: 42.105: Total time for which application threads were stopped: 0.0510220 seconds, Stopping threads took: 0.0000271 seconds
2018-06-17T23:36:04.492+0545: 42.105: [CMS-concurrent-mark-start]
2018-06-17T23:36:06.110+0545: 43.723: [CMS-concurrent-mark: 1.618/1.618 secs] [Times: user=5.51 sys=0.01, real=1.62 secs] 
2018-06-17T23:36:06.110+0545: 43.723: [CMS-concurrent-preclean-start]
2018-06-17T23:36:06.112+0545: 43.726: [CMS-concurrent-preclean: 0.002/0.002 secs] [Times: user=0.00 sys=0.00, real=0.00 secs] 
2018-06-17T23:36:06.112+0545: 43.726: [CMS-concurrent-abortable-preclean-start]
2018-06-17T23:36:06.112+0545: 43.726: [CMS-concurrent-abortable-preclean: 0.000/0.000 secs] [Times: user=0.00 sys=0.00, real=0.00 secs] 
2018-06-17T23:36:06.113+0545: 43.726: [GC (CMS Final Remark) [YG occupancy: 24471 K (436928 K)]{Heap before GC invocations=80 (full 13):
 par new generation   total 436928K, used 24471K [0x0000000080000000, 0x00000000a0000000, 0x00000000a0000000)
  eden space 349568K,   7% used [0x0000000080000000, 0x00000000817e5f90, 0x0000000095560000)
  from space 87360K,   0% used [0x0000000095560000, 0x0000000095560000, 0x000000009aab0000)
  to   space 87360K,   0% used [0x000000009aab0000, 0x000000009aab0000, 0x00000000a0000000)
 concurrent mark-sweep generation total 1572864K, used 1570822K [0x00000000a0000000, 0x0000000100000000, 0x0000000100000000)
 Metaspace       used 29488K, capacity 30272K, committed 30408K, reserved 1075200K
  class space    used 3487K, capacity 3758K, committed 3784K, reserved 1048576K
2018-06-17T23:36:06.113+0545: 43.726: [GC (CMS Final Remark) 2018-06-17T23:36:06.113+0545: 43.726: [ParNew: 24471K->24471K(436928K), 0.0000129 secs] 1595294K->1595294K(2009792K), 0.0000343 secs] [Times: user=0.00 sys=0.00, real=0.00 secs] 
Heap after GC invocations=81 (full 13):
 par new generation   total 436928K, used 24471K [0x0000000080000000, 0x00000000a0000000, 0x00000000a0000000)
  eden space 349568K,   7% used [0x0000000080000000, 0x00000000817e5f90, 0x0000000095560000)
  from space 87360K,   0% used [0x0000000095560000, 0x0000000095560000, 0x000000009aab0000)
  to   space 87360K,   0% used [0x000000009aab0000, 0x000000009aab0000, 0x00000000a0000000)
 concurrent mark-sweep generation total 1572864K, used 1570822K [0x00000000a0000000, 0x0000000100000000, 0x0000000100000000)
 Metaspace       used 29488K, capacity 30272K, committed 30408K, reserved 1075200K
  class space    used 3487K, capacity 3758K, committed 3784K, reserved 1048576K
}
2018-06-17T23:36:06.113+0545: 43.726: [Rescan (parallel) , 0.0243341 secs]2018-06-17T23:36:06.137+0545: 43.750: [weak refs processing, 0.0013332 secs]2018-06-17T23:36:06.138+0545: 43.751: [class unloading, 0.0035123 secs]2018-06-17T23:36:06.142+0545: 43.755: [scrub symbol table, 0.0032765 secs]2018-06-17T23:36:06.145+0545: 43.758: [scrub string table, 0.0004410 secs][1 CMS-remark: 1570822K(1572864K)] 1595294K(2009792K), 0.0331449 secs] [Times: user=0.11 sys=0.00, real=0.03 secs] 
2018-06-17T23:36:06.146+0545: 43.759: Total time for which application threads were stopped: 0.0332445 seconds, Stopping threads took: 0.0000160 seconds
2018-06-17T23:36:06.146+0545: 43.759: [CMS-concurrent-sweep-start]
2018-06-17T23:36:06.686+0545: 44.299: [CMS-concurrent-sweep: 0.540/0.540 secs] [Times: user=0.54 sys=0.00, real=0.54 secs] 
2018-06-17T23:36:06.686+0545: 44.299: [CMS-concurrent-reset-start]
2018-06-17T23:36:06.688+0545: 44.301: [CMS-concurrent-reset: 0.003/0.003 secs] [Times: user=0.00 sys=0.00, real=0.01 secs] 
2018-06-17T23:36:08.688+0545: 46.301: [GC (CMS Initial Mark) [1 CMS-initial-mark: 1570822K(1572864K)] 1595294K(2009792K), 0.0473951 secs] [Times: user=0.05 sys=0.00, real=0.05 secs] 
2018-06-17T23:36:08.735+0545: 46.348: Total time for which application threads were stopped: 0.0476417 seconds, Stopping threads took: 0.0000401 seconds
2018-06-17T23:36:08.735+0545: 46.348: [CMS-concurrent-mark-start]
2018-06-17T23:36:10.344+0545: 47.957: [CMS-concurrent-mark: 1.609/1.609 secs] [Times: user=5.58 sys=0.01, real=1.61 secs] 
2018-06-17T23:36:10.344+0545: 47.957: [CMS-concurrent-preclean-start]
2018-06-17T23:36:10.346+0545: 47.959: [CMS-concurrent-preclean: 0.002/0.002 secs] [Times: user=0.00 sys=0.00, real=0.00 secs] 
2018-06-17T23:36:10.346+0545: 47.959: [CMS-concurrent-abortable-preclean-start]
2018-06-17T23:36:10.346+0545: 47.959: [CMS-concurrent-abortable-preclean: 0.000/0.000 secs] [Times: user=0.00 sys=0.00, real=0.00 secs] 
2018-06-17T23:36:10.347+0545: 47.960: [GC (CMS Final Remark) [YG occupancy: 24471 K (436928 K)]{Heap before GC invocations=81 (full 14):
 par new generation   total 436928K, used 24471K [0x0000000080000000, 0x00000000a0000000, 0x00000000a0000000)
  eden space 349568K,   7% used [0x0000000080000000, 0x00000000817e5f90, 0x0000000095560000)
  from space 87360K,   0% used [0x0000000095560000, 0x0000000095560000, 0x000000009aab0000)
  to   space 87360K,   0% used [0x000000009aab0000, 0x000000009aab0000, 0x00000000a0000000)
 concurrent mark-sweep generation total 1572864K, used 1570822K [0x00000000a0000000, 0x0000000100000000, 0x0000000100000000)
 Metaspace       used 29488K, capacity 30272K, committed 30408K, reserved 1075200K
  class space    used 3487K, capacity 3758K, committed 3784K, reserved 1048576K
2018-06-17T23:36:10.347+0545: 47.960: [GC (CMS Final Remark) 2018-06-17T23:36:10.347+0545: 47.960: [ParNew: 24471K->24471K(436928K), 0.0000126 secs] 1595294K->1595294K(2009792K), 0.0000329 secs] [Times: user=0.00 sys=0.00, real=0.00 secs] 
Heap after GC invocations=82 (full 14):
 par new generation   total 436928K, used 24471K [0x0000000080000000, 0x00000000a0000000, 0x00000000a0000000)
  eden space 349568K,   7% used [0x0000000080000000, 0x00000000817e5f90, 0x0000000095560000)
  from space 87360K,   0% used [0x0000000095560000, 0x0000000095560000, 0x000000009aab0000)
  to   space 87360K,   0% used [0x000000009aab0000, 0x000000009aab0000, 0x00000000a0000000)
 concurrent mark-sweep generation total 1572864K, used 1570822K [0x00000000a0000000, 0x0000000100000000, 0x0000000100000000)
 Metaspace       used 29488K, capacity 30272K, committed 30408K, reserved 1075200K
  class space    used 3487K, capacity 3758K, committed 3784K, reserved 1048576K
}
2018-06-17T23:36:10.347+0545: 47.960: [Rescan (parallel) , 0.0263325 secs]2018-06-17T23:36:10.373+0545: 47.986: [weak refs processing, 0.0021481 secs]2018-06-17T23:36:10.375+0545: 47.988: [class unloading, 0.0036016 secs]2018-06-17T23:36:10.379+0545: 47.992: [scrub symbol table, 0.0033500 secs]2018-06-17T23:36:10.382+0545: 47.995: [scrub string table, 0.0005400 secs][1 CMS-remark: 1570822K(1572864K)] 1595294K(2009792K), 0.0362436 secs] [Times: user=0.11 sys=0.00, real=0.04 secs] 
2018-06-17T23:36:10.383+0545: 47.996: Total time for which application threads were stopped: 0.0363609 seconds, Stopping threads took: 0.0000200 seconds
2018-06-17T23:36:10.383+0545: 47.996: [CMS-concurrent-sweep-start]
2018-06-17T23:36:10.964+0545: 48.577: [CMS-concurrent-sweep: 0.581/0.581 secs] [Times: user=0.58 sys=0.01, real=0.58 secs] 
2018-06-17T23:36:10.964+0545: 48.577: [CMS-concurrent-reset-start]
2018-06-17T23:36:10.966+0545: 48.579: [CMS-concurrent-reset: 0.002/0.002 secs] [Times: user=0.00 sys=0.00, real=0.00 secs] 
2018-06-17T23:36:12.965+0545: 50.578: [GC (CMS Initial Mark) [1 CMS-initial-mark: 1570822K(1572864K)] 1595294K(2009792K), 0.0481318 secs] [Times: user=0.05 sys=0.00, real=0.05 secs] 
2018-06-17T23:36:13.014+0545: 50.627: Total time for which application threads were stopped: 0.0483987 seconds, Stopping threads took: 0.0000412 seconds
2018-06-17T23:36:13.014+0545: 50.627: [CMS-concurrent-mark-start]
2018-06-17T23:36:14.014+0545: 51.627: Total time for which application threads were stopped: 0.0000903 seconds, Stopping threads took: 0.0000228 seconds
2018-06-17T23:36:14.487+0545: 52.100: [CMS-concurrent-mark: 1.472/1.473 secs] [Times: user=5.38 sys=0.01, real=1.47 secs] 
2018-06-17T23:36:14.487+0545: 52.100: [CMS-concurrent-preclean-start]
2018-06-17T23:36:14.489+0545: 52.102: [CMS-concurrent-preclean: 0.002/0.002 secs] [Times: user=0.00 sys=0.00, real=0.01 secs] 
2018-06-17T23:36:14.489+0545: 52.102: [CMS-concurrent-abortable-preclean-start]
2018-06-17T23:36:14.489+0545: 52.102: [CMS-concurrent-abortable-preclean: 0.000/0.000 secs] [Times: user=0.00 sys=0.00, real=0.00 secs] 
2018-06-17T23:36:14.489+0545: 52.102: [GC (CMS Final Remark) [YG occupancy: 26802 K (436928 K)]{Heap before GC invocations=82 (full 15):
 par new generation   total 436928K, used 26802K [0x0000000080000000, 0x00000000a0000000, 0x00000000a0000000)
  eden space 349568K,   7% used [0x0000000080000000, 0x0000000081a2ca28, 0x0000000095560000)
  from space 87360K,   0% used [0x0000000095560000, 0x0000000095560000, 0x000000009aab0000)
  to   space 87360K,   0% used [0x000000009aab0000, 0x000000009aab0000, 0x00000000a0000000)
 concurrent mark-sweep generation total 1572864K, used 1570822K [0x00000000a0000000, 0x0000000100000000, 0x0000000100000000)
 Metaspace       used 29496K, capacity 30272K, committed 30408K, reserved 1075200K
  class space    used 3488K, capacity 3758K, committed 3784K, reserved 1048576K
2018-06-17T23:36:14.489+0545: 52.102: [GC (CMS Final Remark) 2018-06-17T23:36:14.489+0545: 52.102: [ParNew: 26802K->26802K(436928K), 0.0000129 secs] 1597624K->1597624K(2009792K), 0.0000333 secs] [Times: user=0.00 sys=0.00, real=0.00 secs] 
Heap after GC invocations=83 (full 15):
 par new generation   total 436928K, used 26802K [0x0000000080000000, 0x00000000a0000000, 0x00000000a0000000)
  eden space 349568K,   7% used [0x0000000080000000, 0x0000000081a2ca28, 0x0000000095560000)
  from space 87360K,   0% used [0x0000000095560000, 0x0000000095560000, 0x000000009aab0000)
  to   space 87360K,   0% used [0x000000009aab0000, 0x000000009aab0000, 0x00000000a0000000)
 concurrent mark-sweep generation total 1572864K, used 1570822K [0x00000000a0000000, 0x0000000100000000, 0x0000000100000000)
 Metaspace       used 29496K, capacity 30272K, committed 30408K, reserved 1075200K
  class space    used 3488K, capacity 3758K, committed 3784K, reserved 1048576K
}
2018-06-17T23:36:14.489+0545: 52.102: [Rescan (parallel) , 0.0312130 secs]2018-06-17T23:36:14.521+0545: 52.134: [weak refs processing, 0.0034449 secs]2018-06-17T23:36:14.524+0545: 52.137: [class unloading, 0.0036798 secs]2018-06-17T23:36:14.528+0545: 52.141: [scrub symbol table, 0.0032716 secs]2018-06-17T23:36:14.531+0545: 52.144: [scrub string table, 0.0004534 secs][1 CMS-remark: 1570822K(1572864K)] 1597624K(2009792K), 0.0423267 secs] [Times: user=0.12 sys=0.00, real=0.04 secs] 
2018-06-17T23:36:14.532+0545: 52.145: Total time for which application threads were stopped: 0.0424320 seconds, Stopping threads took: 0.0000189 seconds
2018-06-17T23:36:14.532+0545: 52.145: [CMS-concurrent-sweep-start]
2018-06-17T23:36:15.086+0545: 52.699: [CMS-concurrent-sweep: 0.554/0.554 secs] [Times: user=0.55 sys=0.00, real=0.55 secs] 
2018-06-17T23:36:15.086+0545: 52.699: [CMS-concurrent-reset-start]
2018-06-17T23:36:15.089+0545: 52.702: [CMS-concurrent-reset: 0.003/0.003 secs] [Times: user=0.00 sys=0.00, real=0.01 secs] 
2018-06-17T23:36:17.088+0545: 54.701: [GC (CMS Initial Mark) [1 CMS-initial-mark: 1570822K(1572864K)] 1597624K(2009792K), 0.0450250 secs] [Times: user=0.05 sys=0.00, real=0.05 secs] 
2018-06-17T23:36:17.133+0545: 54.746: Total time for which application threads were stopped: 0.0452984 seconds, Stopping threads took: 0.0000652 seconds
2018-06-17T23:36:17.133+0545: 54.746: [CMS-concurrent-mark-start]
2018-06-17T23:36:18.656+0545: 56.269: [CMS-concurrent-mark: 1.523/1.523 secs] [Times: user=5.44 sys=0.01, real=1.52 secs] 
2018-06-17T23:36:18.656+0545: 56.269: [CMS-concurrent-preclean-start]
2018-06-17T23:36:18.659+0545: 56.272: [CMS-concurrent-preclean: 0.002/0.002 secs] [Times: user=0.01 sys=0.00, real=0.00 secs] 
2018-06-17T23:36:18.659+0545: 56.272: [CMS-concurrent-abortable-preclean-start]
2018-06-17T23:36:18.659+0545: 56.272: [CMS-concurrent-abortable-preclean: 0.000/0.000 secs] [Times: user=0.00 sys=0.00, real=0.00 secs] 
2018-06-17T23:36:18.659+0545: 56.272: [GC (CMS Final Remark) [YG occupancy: 26802 K (436928 K)]{Heap before GC invocations=83 (full 16):
 par new generation   total 436928K, used 26802K [0x0000000080000000, 0x00000000a0000000, 0x00000000a0000000)
  eden space 349568K,   7% used [0x0000000080000000, 0x0000000081a2ca28, 0x0000000095560000)
  from space 87360K,   0% used [0x0000000095560000, 0x0000000095560000, 0x000000009aab0000)
  to   space 87360K,   0% used [0x000000009aab0000, 0x000000009aab0000, 0x00000000a0000000)
 concurrent mark-sweep generation total 1572864K, used 1570822K [0x00000000a0000000, 0x0000000100000000, 0x0000000100000000)
 Metaspace       used 29496K, capacity 30272K, committed 30408K, reserved 1075200K
  class space    used 3488K, capacity 3758K, committed 3784K, reserved 1048576K
2018-06-17T23:36:18.659+0545: 56.272: [GC (CMS Final Remark) 2018-06-17T23:36:18.659+0545: 56.272: [ParNew: 26802K->26802K(436928K), 0.0000125 secs] 1597624K->1597624K(2009792K), 0.0000330 secs] [Times: user=0.00 sys=0.00, real=0.00 secs] 
Heap after GC invocations=84 (full 16):
 par new generation   total 436928K, used 26802K [0x0000000080000000, 0x00000000a0000000, 0x00000000a0000000)
  eden space 349568K,   7% used [0x0000000080000000, 0x0000000081a2ca28, 0x0000000095560000)
  from space 87360K,   0% used [0x0000000095560000, 0x0000000095560000, 0x000000009aab0000)
  to   space 87360K,   0% used [0x000000009aab0000, 0x000000009aab0000, 0x00000000a0000000)
 concurrent mark-sweep generation total 1572864K, used 1570822K [0x00000000a0000000, 0x0000000100000000, 0x0000000100000000)
 Metaspace       used 29496K, capacity 30272K, committed 30408K, reserved 1075200K
  class space    used 3488K, capacity 3758K, committed 3784K, reserved 1048576K
}
2018-06-17T23:36:18.659+0545: 56.272: [Rescan (parallel) , 0.0254541 secs]2018-06-17T23:36:18.684+0545: 56.297: [weak refs processing, 0.0014414 secs]2018-06-17T23:36:18.686+0545: 56.299: [class unloading, 0.0034934 secs]2018-06-17T23:36:18.689+0545: 56.302: [scrub symbol table, 0.0039743 secs]2018-06-17T23:36:18.693+0545: 56.306: [scrub string table, 0.0004367 secs][1 CMS-remark: 1570822K(1572864K)] 1597624K(2009792K), 0.0350393 secs] [Times: user=0.11 sys=0.00, real=0.04 secs] 
2018-06-17T23:36:18.694+0545: 56.307: Total time for which application threads were stopped: 0.0351467 seconds, Stopping threads took: 0.0000167 seconds
2018-06-17T23:36:18.694+0545: 56.307: [CMS-concurrent-sweep-start]
2018-06-17T23:36:19.255+0545: 56.868: [CMS-concurrent-sweep: 0.561/0.561 secs] [Times: user=0.56 sys=0.00, real=0.56 secs] 
2018-06-17T23:36:19.255+0545: 56.868: [CMS-concurrent-reset-start]
2018-06-17T23:36:19.257+0545: 56.870: [CMS-concurrent-reset: 0.002/0.002 secs] [Times: user=0.00 sys=0.00, real=0.00 secs] 
2018-06-17T23:36:21.256+0545: 58.869: [GC (CMS Initial Mark) [1 CMS-initial-mark: 1570822K(1572864K)] 1597624K(2009792K), 0.0241644 secs] [Times: user=0.02 sys=0.01, real=0.03 secs] 
2018-06-17T23:36:21.280+0545: 58.893: Total time for which application threads were stopped: 0.0242995 seconds, Stopping threads took: 0.0000155 seconds
2018-06-17T23:36:21.280+0545: 58.894: [CMS-concurrent-mark-start]
2018-06-17T23:36:22.997+0545: 60.610: [CMS-concurrent-mark: 1.717/1.717 secs] [Times: user=5.18 sys=0.03, real=1.71 secs] 
2018-06-17T23:36:22.997+0545: 60.610: [CMS-concurrent-preclean-start]
2018-06-17T23:36:23.000+0545: 60.613: [CMS-concurrent-preclean: 0.002/0.002 secs] [Times: user=0.00 sys=0.00, real=0.00 secs] 
2018-06-17T23:36:23.000+0545: 60.613: [CMS-concurrent-abortable-preclean-start]
2018-06-17T23:36:23.000+0545: 60.613: [CMS-concurrent-abortable-preclean: 0.000/0.000 secs] [Times: user=0.00 sys=0.00, real=0.00 secs] 
2018-06-17T23:36:23.000+0545: 60.613: [GC (CMS Final Remark) [YG occupancy: 26802 K (436928 K)]{Heap before GC invocations=84 (full 17):
 par new generation   total 436928K, used 26802K [0x0000000080000000, 0x00000000a0000000, 0x00000000a0000000)
  eden space 349568K,   7% used [0x0000000080000000, 0x0000000081a2ca28, 0x0000000095560000)
  from space 87360K,   0% used [0x0000000095560000, 0x0000000095560000, 0x000000009aab0000)
  to   space 87360K,   0% used [0x000000009aab0000, 0x000000009aab0000, 0x00000000a0000000)
 concurrent mark-sweep generation total 1572864K, used 1570822K [0x00000000a0000000, 0x0000000100000000, 0x0000000100000000)
 Metaspace       used 29496K, capacity 30272K, committed 30408K, reserved 1075200K
  class space    used 3488K, capacity 3758K, committed 3784K, reserved 1048576K
2018-06-17T23:36:23.000+0545: 60.613: [GC (CMS Final Remark) 2018-06-17T23:36:23.000+0545: 60.613: [ParNew: 26802K->26802K(436928K), 0.0000144 secs] 1597624K->1597624K(2009792K), 0.0000447 secs] [Times: user=0.00 sys=0.00, real=0.00 secs] 
Heap after GC invocations=85 (full 17):
 par new generation   total 436928K, used 26802K [0x0000000080000000, 0x00000000a0000000, 0x00000000a0000000)
  eden space 349568K,   7% used [0x0000000080000000, 0x0000000081a2ca28, 0x0000000095560000)
  from space 87360K,   0% used [0x0000000095560000, 0x0000000095560000, 0x000000009aab0000)
  to   space 87360K,   0% used [0x000000009aab0000, 0x000000009aab0000, 0x00000000a0000000)
 concurrent mark-sweep generation total 1572864K, used 1570822K [0x00000000a0000000, 0x0000000100000000, 0x0000000100000000)
 Metaspace       used 29496K, capacity 30272K, committed 30408K, reserved 1075200K
  class space    used 3488K, capacity 3758K, committed 3784K, reserved 1048576K
}
2018-06-17T23:36:23.000+0545: 60.613: [Rescan (parallel) , 0.0290054 secs]2018-06-17T23:36:23.029+0545: 60.642: [weak refs processing, 0.0019946 secs]2018-06-17T23:36:23.031+0545: 60.644: [class unloading, 0.0035111 secs]2018-06-17T23:36:23.035+0545: 60.648: [scrub symbol table, 0.0042769 secs]2018-06-17T23:36:23.039+0545: 60.652: [scrub string table, 0.0013416 secs][1 CMS-remark: 1570822K(1572864K)] 1597624K(2009792K), 0.0409349 secs] [Times: user=0.12 sys=0.00, real=0.05 secs] 
2018-06-17T23:36:23.041+0545: 60.654: Total time for which application threads were stopped: 0.0412888 seconds, Stopping threads took: 0.0000158 seconds
2018-06-17T23:36:23.041+0545: 60.654: [CMS-concurrent-sweep-start]
2018-06-17T23:36:23.633+0545: 61.246: [CMS-concurrent-sweep: 0.591/0.591 secs] [Times: user=0.59 sys=0.00, real=0.59 secs] 
2018-06-17T23:36:23.633+0545: 61.246: [CMS-concurrent-reset-start]
2018-06-17T23:36:23.639+0545: 61.252: [CMS-concurrent-reset: 0.006/0.006 secs] [Times: user=0.01 sys=0.00, real=0.00 secs] 
2018-06-17T23:36:25.638+0545: 63.251: [GC (CMS Initial Mark) [1 CMS-initial-mark: 1570822K(1572864K)] 1597624K(2009792K), 0.0521211 secs] [Times: user=0.05 sys=0.00, real=0.06 secs] 
2018-06-17T23:36:25.690+0545: 63.303: Total time for which application threads were stopped: 0.0524267 seconds, Stopping threads took: 0.0000497 seconds
2018-06-17T23:36:25.690+0545: 63.304: [CMS-concurrent-mark-start]
2018-06-17T23:36:27.119+0545: 64.732: [CMS-concurrent-mark: 1.429/1.429 secs] [Times: user=5.44 sys=0.01, real=1.42 secs] 
2018-06-17T23:36:27.119+0545: 64.732: [CMS-concurrent-preclean-start]
2018-06-17T23:36:27.121+0545: 64.734: [CMS-concurrent-preclean: 0.002/0.002 secs] [Times: user=0.01 sys=0.00, real=0.01 secs] 
2018-06-17T23:36:27.121+0545: 64.734: [CMS-concurrent-abortable-preclean-start]
2018-06-17T23:36:27.121+0545: 64.734: [CMS-concurrent-abortable-preclean: 0.000/0.000 secs] [Times: user=0.00 sys=0.00, real=0.00 secs] 
2018-06-17T23:36:27.121+0545: 64.735: [GC (CMS Final Remark) [YG occupancy: 26802 K (436928 K)]{Heap before GC invocations=85 (full 18):
 par new generation   total 436928K, used 26802K [0x0000000080000000, 0x00000000a0000000, 0x00000000a0000000)
  eden space 349568K,   7% used [0x0000000080000000, 0x0000000081a2ca28, 0x0000000095560000)
  from space 87360K,   0% used [0x0000000095560000, 0x0000000095560000, 0x000000009aab0000)
  to   space 87360K,   0% used [0x000000009aab0000, 0x000000009aab0000, 0x00000000a0000000)
 concurrent mark-sweep generation total 1572864K, used 1570822K [0x00000000a0000000, 0x0000000100000000, 0x0000000100000000)
 Metaspace       used 29496K, capacity 30272K, committed 30408K, reserved 1075200K
  class space    used 3488K, capacity 3758K, committed 3784K, reserved 1048576K
2018-06-17T23:36:27.122+0545: 64.735: [GC (CMS Final Remark) 2018-06-17T23:36:27.122+0545: 64.735: [ParNew: 26802K->26802K(436928K), 0.0000132 secs] 1597624K->1597624K(2009792K), 0.0000430 secs] [Times: user=0.00 sys=0.00, real=0.00 secs] 
Heap after GC invocations=86 (full 18):
 par new generation   total 436928K, used 26802K [0x0000000080000000, 0x00000000a0000000, 0x00000000a0000000)
  eden space 349568K,   7% used [0x0000000080000000, 0x0000000081a2ca28, 0x0000000095560000)
  from space 87360K,   0% used [0x0000000095560000, 0x0000000095560000, 0x000000009aab0000)
  to   space 87360K,   0% used [0x000000009aab0000, 0x000000009aab0000, 0x00000000a0000000)
 concurrent mark-sweep generation total 1572864K, used 1570822K [0x00000000a0000000, 0x0000000100000000, 0x0000000100000000)
 Metaspace       used 29496K, capacity 30272K, committed 30408K, reserved 1075200K
  class space    used 3488K, capacity 3758K, committed 3784K, reserved 1048576K
}
2018-06-17T23:36:27.122+0545: 64.735: [Rescan (parallel) , 0.0254790 secs]2018-06-17T23:36:27.147+0545: 64.760: [weak refs processing, 0.0019448 secs]2018-06-17T23:36:27.149+0545: 64.762: [class unloading, 0.0037376 secs]2018-06-17T23:36:27.153+0545: 64.766: [scrub symbol table, 0.0032026 secs]2018-06-17T23:36:27.156+0545: 64.769: [scrub string table, 0.0004485 secs][1 CMS-remark: 1570822K(1572864K)] 1597624K(2009792K), 0.0350560 secs] [Times: user=0.11 sys=0.00, real=0.03 secs] 
2018-06-17T23:36:27.157+0545: 64.770: Total time for which application threads were stopped: 0.0351549 seconds, Stopping threads took: 0.0000153 seconds
2018-06-17T23:36:27.157+0545: 64.770: [CMS-concurrent-sweep-start]
2018-06-17T23:36:27.698+0545: 65.311: [CMS-concurrent-sweep: 0.542/0.542 secs] [Times: user=0.54 sys=0.00, real=0.54 secs] 
2018-06-17T23:36:27.698+0545: 65.311: [CMS-concurrent-reset-start]
2018-06-17T23:36:27.700+0545: 65.313: [CMS-concurrent-reset: 0.002/0.002 secs] [Times: user=0.00 sys=0.00, real=0.00 secs] 
2018-06-17T23:36:29.699+0545: 67.312: [GC (CMS Initial Mark) [1 CMS-initial-mark: 1570822K(1572864K)] 1597624K(2009792K), 0.0424133 secs] [Times: user=0.05 sys=0.00, real=0.05 secs] 
2018-06-17T23:36:29.742+0545: 67.355: Total time for which application threads were stopped: 0.0425777 seconds, Stopping threads took: 0.0000258 seconds
2018-06-17T23:36:29.742+0545: 67.355: [CMS-concurrent-mark-start]
2018-06-17T23:36:31.158+0545: 68.771: [CMS-concurrent-mark: 1.416/1.416 secs] [Times: user=5.47 sys=0.00, real=1.41 secs] 
2018-06-17T23:36:31.158+0545: 68.771: [CMS-concurrent-preclean-start]
2018-06-17T23:36:31.160+0545: 68.773: [CMS-concurrent-preclean: 0.002/0.002 secs] [Times: user=0.01 sys=0.00, real=0.00 secs] 
2018-06-17T23:36:31.160+0545: 68.773: [CMS-concurrent-abortable-preclean-start]
2018-06-17T23:36:31.160+0545: 68.773: [CMS-concurrent-abortable-preclean: 0.000/0.000 secs] [Times: user=0.00 sys=0.00, real=0.00 secs] 
2018-06-17T23:36:31.160+0545: 68.773: [GC (CMS Final Remark) [YG occupancy: 26802 K (436928 K)]{Heap before GC invocations=86 (full 19):
 par new generation   total 436928K, used 26802K [0x0000000080000000, 0x00000000a0000000, 0x00000000a0000000)
  eden space 349568K,   7% used [0x0000000080000000, 0x0000000081a2ca28, 0x0000000095560000)
  from space 87360K,   0% used [0x0000000095560000, 0x0000000095560000, 0x000000009aab0000)
  to   space 87360K,   0% used [0x000000009aab0000, 0x000000009aab0000, 0x00000000a0000000)
 concurrent mark-sweep generation total 1572864K, used 1570822K [0x00000000a0000000, 0x0000000100000000, 0x0000000100000000)
 Metaspace       used 29496K, capacity 30272K, committed 30408K, reserved 1075200K
  class space    used 3488K, capacity 3758K, committed 3784K, reserved 1048576K
2018-06-17T23:36:31.160+0545: 68.773: [GC (CMS Final Remark) 2018-06-17T23:36:31.160+0545: 68.773: [ParNew: 26802K->26802K(436928K), 0.0000219 secs] 1597624K->1597624K(2009792K), 0.0000436 secs] [Times: user=0.00 sys=0.00, real=0.00 secs] 
Heap after GC invocations=87 (full 19):
 par new generation   total 436928K, used 26802K [0x0000000080000000, 0x00000000a0000000, 0x00000000a0000000)
  eden space 349568K,   7% used [0x0000000080000000, 0x0000000081a2ca28, 0x0000000095560000)
  from space 87360K,   0% used [0x0000000095560000, 0x0000000095560000, 0x000000009aab0000)
  to   space 87360K,   0% used [0x000000009aab0000, 0x000000009aab0000, 0x00000000a0000000)
 concurrent mark-sweep generation total 1572864K, used 1570822K [0x00000000a0000000, 0x0000000100000000, 0x0000000100000000)
 Metaspace       used 29496K, capacity 30272K, committed 30408K, reserved 1075200K
  class space    used 3488K, capacity 3758K, committed 3784K, reserved 1048576K
}
2018-06-17T23:36:31.160+0545: 68.773: [Rescan (parallel) , 0.0223908 secs]2018-06-17T23:36:31.183+0545: 68.796: [weak refs processing, 0.0019246 secs]2018-06-17T23:36:31.185+0545: 68.798: [class unloading, 0.0034489 secs]2018-06-17T23:36:31.188+0545: 68.801: [scrub symbol table, 0.0031589 secs]2018-06-17T23:36:31.191+0545: 68.804: [scrub string table, 0.0004319 secs][1 CMS-remark: 1570822K(1572864K)] 1597624K(2009792K), 0.0316329 secs] [Times: user=0.09 sys=0.00, real=0.03 secs] 
2018-06-17T23:36:31.192+0545: 68.805: Total time for which application threads were stopped: 0.0317433 seconds, Stopping threads took: 0.0000155 seconds
2018-06-17T23:36:31.192+0545: 68.805: [CMS-concurrent-sweep-start]
2018-06-17T23:36:31.727+0545: 69.340: [CMS-concurrent-sweep: 0.535/0.535 secs] [Times: user=0.53 sys=0.00, real=0.53 secs] 
2018-06-17T23:36:31.727+0545: 69.341: [CMS-concurrent-reset-start]
2018-06-17T23:36:31.731+0545: 69.345: [CMS-concurrent-reset: 0.004/0.004 secs] [Times: user=0.01 sys=0.00, real=0.01 secs] 
2018-06-17T23:36:33.731+0545: 71.344: [GC (CMS Initial Mark) [1 CMS-initial-mark: 1570822K(1572864K)] 1597624K(2009792K), 0.0463171 secs] [Times: user=0.05 sys=0.00, real=0.04 secs] 
2018-06-17T23:36:33.777+0545: 71.390: Total time for which application threads were stopped: 0.0465442 seconds, Stopping threads took: 0.0000370 seconds
2018-06-17T23:36:33.777+0545: 71.390: [CMS-concurrent-mark-start]
2018-06-17T23:36:35.348+0545: 72.961: [CMS-concurrent-mark: 1.571/1.571 secs] [Times: user=5.38 sys=0.01, real=1.58 secs] 
2018-06-17T23:36:35.348+0545: 72.961: [CMS-concurrent-preclean-start]
2018-06-17T23:36:35.351+0545: 72.964: [CMS-concurrent-preclean: 0.002/0.002 secs] [Times: user=0.00 sys=0.00, real=0.00 secs] 
2018-06-17T23:36:35.351+0545: 72.964: [CMS-concurrent-abortable-preclean-start]
2018-06-17T23:36:35.351+0545: 72.964: [CMS-concurrent-abortable-preclean: 0.000/0.000 secs] [Times: user=0.00 sys=0.00, real=0.00 secs] 
2018-06-17T23:36:35.351+0545: 72.964: [GC (CMS Final Remark) [YG occupancy: 26802 K (436928 K)]{Heap before GC invocations=87 (full 20):
 par new generation   total 436928K, used 26802K [0x0000000080000000, 0x00000000a0000000, 0x00000000a0000000)
  eden space 349568K,   7% used [0x0000000080000000, 0x0000000081a2ca28, 0x0000000095560000)
  from space 87360K,   0% used [0x0000000095560000, 0x0000000095560000, 0x000000009aab0000)
  to   space 87360K,   0% used [0x000000009aab0000, 0x000000009aab0000, 0x00000000a0000000)
 concurrent mark-sweep generation total 1572864K, used 1570822K [0x00000000a0000000, 0x0000000100000000, 0x0000000100000000)
 Metaspace       used 29496K, capacity 30272K, committed 30408K, reserved 1075200K
  class space    used 3488K, capacity 3758K, committed 3784K, reserved 1048576K
2018-06-17T23:36:35.351+0545: 72.964: [GC (CMS Final Remark) 2018-06-17T23:36:35.351+0545: 72.964: [ParNew: 26802K->26802K(436928K), 0.0000157 secs] 1597624K->1597624K(2009792K), 0.0000405 secs] [Times: user=0.00 sys=0.00, real=0.00 secs] 
Heap after GC invocations=88 (full 20):
 par new generation   total 436928K, used 26802K [0x0000000080000000, 0x00000000a0000000, 0x00000000a0000000)
  eden space 349568K,   7% used [0x0000000080000000, 0x0000000081a2ca28, 0x0000000095560000)
  from space 87360K,   0% used [0x0000000095560000, 0x0000000095560000, 0x000000009aab0000)
  to   space 87360K,   0% used [0x000000009aab0000, 0x000000009aab0000, 0x00000000a0000000)
 concurrent mark-sweep generation total 1572864K, used 1570822K [0x00000000a0000000, 0x0000000100000000, 0x0000000100000000)
 Metaspace       used 29496K, capacity 30272K, committed 30408K, reserved 1075200K
  class space    used 3488K, capacity 3758K, committed 3784K, reserved 1048576K
}
2018-06-17T23:36:35.351+0545: 72.964: [Rescan (parallel) , 0.0285817 secs]2018-06-17T23:36:35.380+0545: 72.993: [weak refs processing, 0.0035947 secs]2018-06-17T23:36:35.383+0545: 72.996: [class unloading, 0.0042942 secs]2018-06-17T23:36:35.388+0545: 73.001: [scrub symbol table, 0.0042872 secs]2018-06-17T23:36:35.392+0545: 73.005: [scrub string table, 0.0004462 secs][1 CMS-remark: 1570822K(1572864K)] 1597624K(2009792K), 0.0416806 secs] [Times: user=0.11 sys=0.00, real=0.04 secs] 
2018-06-17T23:36:35.393+0545: 73.006: Total time for which application threads were stopped: 0.0418093 seconds, Stopping threads took: 0.0000216 seconds
2018-06-17T23:36:35.393+0545: 73.006: [CMS-concurrent-sweep-start]
2018-06-17T23:36:35.964+0545: 73.577: [CMS-concurrent-sweep: 0.572/0.572 secs] [Times: user=0.57 sys=0.00, real=0.57 secs] 
2018-06-17T23:36:35.964+0545: 73.577: [CMS-concurrent-reset-start]
2018-06-17T23:36:35.967+0545: 73.580: [CMS-concurrent-reset: 0.002/0.002 secs] [Times: user=0.01 sys=0.00, real=0.00 secs] 
2018-06-17T23:36:37.966+0545: 75.579: [GC (CMS Initial Mark) [1 CMS-initial-mark: 1570822K(1572864K)] 1597624K(2009792K), 0.0302519 secs] [Times: user=0.02 sys=0.01, real=0.03 secs] 
2018-06-17T23:36:37.996+0545: 75.609: Total time for which application threads were stopped: 0.0303994 seconds, Stopping threads took: 0.0000172 seconds
2018-06-17T23:36:37.996+0545: 75.609: [CMS-concurrent-mark-start]
2018-06-17T23:36:39.783+0545: 77.396: [CMS-concurrent-mark: 1.787/1.787 secs] [Times: user=5.54 sys=0.01, real=1.79 secs] 
2018-06-17T23:36:39.783+0545: 77.396: [CMS-concurrent-preclean-start]
2018-06-17T23:36:39.786+0545: 77.399: [CMS-concurrent-preclean: 0.003/0.003 secs] [Times: user=0.00 sys=0.00, real=0.00 secs] 
2018-06-17T23:36:39.786+0545: 77.399: [CMS-concurrent-abortable-preclean-start]
2018-06-17T23:36:39.786+0545: 77.399: [CMS-concurrent-abortable-preclean: 0.000/0.000 secs] [Times: user=0.00 sys=0.00, real=0.00 secs] 
2018-06-17T23:36:39.786+0545: 77.399: [GC (CMS Final Remark) [YG occupancy: 26802 K (436928 K)]{Heap before GC invocations=88 (full 21):
 par new generation   total 436928K, used 26802K [0x0000000080000000, 0x00000000a0000000, 0x00000000a0000000)
  eden space 349568K,   7% used [0x0000000080000000, 0x0000000081a2ca28, 0x0000000095560000)
  from space 87360K,   0% used [0x0000000095560000, 0x0000000095560000, 0x000000009aab0000)
  to   space 87360K,   0% used [0x000000009aab0000, 0x000000009aab0000, 0x00000000a0000000)
 concurrent mark-sweep generation total 1572864K, used 1570822K [0x00000000a0000000, 0x0000000100000000, 0x0000000100000000)
 Metaspace       used 29496K, capacity 30272K, committed 30408K, reserved 1075200K
  class space    used 3488K, capacity 3758K, committed 3784K, reserved 1048576K
2018-06-17T23:36:39.786+0545: 77.399: [GC (CMS Final Remark) 2018-06-17T23:36:39.786+0545: 77.399: [ParNew: 26802K->26802K(436928K), 0.0000178 secs] 1597624K->1597624K(2009792K), 0.0000475 secs] [Times: user=0.00 sys=0.00, real=0.00 secs] 
Heap after GC invocations=89 (full 21):
 par new generation   total 436928K, used 26802K [0x0000000080000000, 0x00000000a0000000, 0x00000000a0000000)
  eden space 349568K,   7% used [0x0000000080000000, 0x0000000081a2ca28, 0x0000000095560000)
  from space 87360K,   0% used [0x0000000095560000, 0x0000000095560000, 0x000000009aab0000)
  to   space 87360K,   0% used [0x000000009aab0000, 0x000000009aab0000, 0x00000000a0000000)
 concurrent mark-sweep generation total 1572864K, used 1570822K [0x00000000a0000000, 0x0000000100000000, 0x0000000100000000)
 Metaspace       used 29496K, capacity 30272K, committed 30408K, reserved 1075200K
  class space    used 3488K, capacity 3758K, committed 3784K, reserved 1048576K
}
2018-06-17T23:36:39.786+0545: 77.400: [Rescan (parallel) , 0.0697363 secs]2018-06-17T23:36:39.856+0545: 77.469: [weak refs processing, 0.0082972 secs]2018-06-17T23:36:39.865+0545: 77.478: [class unloading, 0.0064447 secs]2018-06-17T23:36:39.871+0545: 77.484: [scrub symbol table, 0.0061856 secs]2018-06-17T23:36:39.877+0545: 77.490: [scrub string table, 0.0006126 secs][1 CMS-remark: 1570822K(1572864K)] 1597624K(2009792K), 0.0916980 secs] [Times: user=0.18 sys=0.00, real=0.09 secs] 
2018-06-17T23:36:39.878+0545: 77.491: Total time for which application threads were stopped: 0.0918456 seconds, Stopping threads took: 0.0000301 seconds
2018-06-17T23:36:39.878+0545: 77.491: [CMS-concurrent-sweep-start]
2018-06-17T23:36:40.621+0545: 78.234: [CMS-concurrent-sweep: 0.743/0.743 secs] [Times: user=0.74 sys=0.00, real=0.75 secs] 
2018-06-17T23:36:40.621+0545: 78.234: [CMS-concurrent-reset-start]
2018-06-17T23:36:40.625+0545: 78.238: [CMS-concurrent-reset: 0.004/0.004 secs] [Times: user=0.01 sys=0.00, real=0.00 secs] 
2018-06-17T23:36:42.625+0545: 80.238: [GC (CMS Initial Mark) [1 CMS-initial-mark: 1570822K(1572864K)] 1597624K(2009792K), 0.0589120 secs] [Times: user=0.06 sys=0.00, real=0.06 secs] 
2018-06-17T23:36:42.684+0545: 80.297: Total time for which application threads were stopped: 0.0591862 seconds, Stopping threads took: 0.0000416 seconds
2018-06-17T23:36:42.684+0545: 80.297: [CMS-concurrent-mark-start]
2018-06-17T23:36:44.348+0545: 81.961: [CMS-concurrent-mark: 1.664/1.664 secs] [Times: user=5.28 sys=0.02, real=1.66 secs] 
2018-06-17T23:36:44.348+0545: 81.961: [CMS-concurrent-preclean-start]
2018-06-17T23:36:44.350+0545: 81.964: [CMS-concurrent-preclean: 0.002/0.002 secs] [Times: user=0.00 sys=0.00, real=0.01 secs] 
2018-06-17T23:36:44.351+0545: 81.964: [CMS-concurrent-abortable-preclean-start]
2018-06-17T23:36:44.351+0545: 81.964: [CMS-concurrent-abortable-preclean: 0.000/0.000 secs] [Times: user=0.00 sys=0.00, real=0.00 secs] 
2018-06-17T23:36:44.351+0545: 81.964: [GC (CMS Final Remark) [YG occupancy: 26802 K (436928 K)]{Heap before GC invocations=89 (full 22):
 par new generation   total 436928K, used 26802K [0x0000000080000000, 0x00000000a0000000, 0x00000000a0000000)
  eden space 349568K,   7% used [0x0000000080000000, 0x0000000081a2ca28, 0x0000000095560000)
  from space 87360K,   0% used [0x0000000095560000, 0x0000000095560000, 0x000000009aab0000)
  to   space 87360K,   0% used [0x000000009aab0000, 0x000000009aab0000, 0x00000000a0000000)
 concurrent mark-sweep generation total 1572864K, used 1570822K [0x00000000a0000000, 0x0000000100000000, 0x0000000100000000)
 Metaspace       used 29496K, capacity 30272K, committed 30408K, reserved 1075200K
  class space    used 3488K, capacity 3758K, committed 3784K, reserved 1048576K
2018-06-17T23:36:44.351+0545: 81.964: [GC (CMS Final Remark) 2018-06-17T23:36:44.351+0545: 81.964: [ParNew: 26802K->26802K(436928K), 0.0000191 secs] 1597624K->1597624K(2009792K), 0.0000498 secs] [Times: user=0.00 sys=0.00, real=0.00 secs] 
Heap after GC invocations=90 (full 22):
 par new generation   total 436928K, used 26802K [0x0000000080000000, 0x00000000a0000000, 0x00000000a0000000)
  eden space 349568K,   7% used [0x0000000080000000, 0x0000000081a2ca28, 0x0000000095560000)
  from space 87360K,   0% used [0x0000000095560000, 0x0000000095560000, 0x000000009aab0000)
  to   space 87360K,   0% used [0x000000009aab0000, 0x000000009aab0000, 0x00000000a0000000)
 concurrent mark-sweep generation total 1572864K, used 1570822K [0x00000000a0000000, 0x0000000100000000, 0x0000000100000000)
 Metaspace       used 29496K, capacity 30272K, committed 30408K, reserved 1075200K
  class space    used 3488K, capacity 3758K, committed 3784K, reserved 1048576K
}
2018-06-17T23:36:44.351+0545: 81.964: [Rescan (parallel) , 0.0264781 secs]2018-06-17T23:36:44.377+0545: 81.990: [weak refs processing, 0.0007626 secs]2018-06-17T23:36:44.378+0545: 81.991: [class unloading, 0.0034660 secs]2018-06-17T23:36:44.382+0545: 81.995: [scrub symbol table, 0.0039871 secs]2018-06-17T23:36:44.386+0545: 81.999: [scrub string table, 0.0004357 secs][1 CMS-remark: 1570822K(1572864K)] 1597624K(2009792K), 0.0354289 secs] [Times: user=0.10 sys=0.00, real=0.03 secs] 
2018-06-17T23:36:44.386+0545: 81.999: Total time for which application threads were stopped: 0.0355509 seconds, Stopping threads took: 0.0000199 seconds
2018-06-17T23:36:44.386+0545: 81.999: [CMS-concurrent-sweep-start]
2018-06-17T23:36:44.929+0545: 82.542: [CMS-concurrent-sweep: 0.542/0.542 secs] [Times: user=0.54 sys=0.00, real=0.55 secs] 
2018-06-17T23:36:44.929+0545: 82.542: [CMS-concurrent-reset-start]
2018-06-17T23:36:44.931+0545: 82.544: [CMS-concurrent-reset: 0.002/0.002 secs] [Times: user=0.00 sys=0.00, real=0.00 secs] 
2018-06-17T23:36:46.930+0545: 84.543: [GC (CMS Initial Mark) [1 CMS-initial-mark: 1570822K(1572864K)] 1597624K(2009792K), 0.0848629 secs] [Times: user=0.09 sys=0.00, real=0.08 secs] 
2018-06-17T23:36:47.015+0545: 84.628: Total time for which application threads were stopped: 0.0851488 seconds, Stopping threads took: 0.0000459 seconds
2018-06-17T23:36:47.015+0545: 84.628: [CMS-concurrent-mark-start]
2018-06-17T23:36:48.510+0545: 86.123: [CMS-concurrent-mark: 1.495/1.495 secs] [Times: user=5.61 sys=0.00, real=1.50 secs] 
2018-06-17T23:36:48.510+0545: 86.123: [CMS-concurrent-preclean-start]
2018-06-17T23:36:48.512+0545: 86.125: [CMS-concurrent-preclean: 0.002/0.002 secs] [Times: user=0.00 sys=0.00, real=0.00 secs] 
2018-06-17T23:36:48.512+0545: 86.125: [CMS-concurrent-abortable-preclean-start]
2018-06-17T23:36:48.512+0545: 86.125: [CMS-concurrent-abortable-preclean: 0.000/0.000 secs] [Times: user=0.00 sys=0.00, real=0.00 secs] 
2018-06-17T23:36:48.512+0545: 86.125: [GC (CMS Final Remark) [YG occupancy: 26802 K (436928 K)]{Heap before GC invocations=90 (full 23):
 par new generation   total 436928K, used 26802K [0x0000000080000000, 0x00000000a0000000, 0x00000000a0000000)
  eden space 349568K,   7% used [0x0000000080000000, 0x0000000081a2ca28, 0x0000000095560000)
  from space 87360K,   0% used [0x0000000095560000, 0x0000000095560000, 0x000000009aab0000)
  to   space 87360K,   0% used [0x000000009aab0000, 0x000000009aab0000, 0x00000000a0000000)
 concurrent mark-sweep generation total 1572864K, used 1570822K [0x00000000a0000000, 0x0000000100000000, 0x0000000100000000)
 Metaspace       used 29496K, capacity 30272K, committed 30408K, reserved 1075200K
  class space    used 3488K, capacity 3758K, committed 3784K, reserved 1048576K
2018-06-17T23:36:48.512+0545: 86.125: [GC (CMS Final Remark) 2018-06-17T23:36:48.512+0545: 86.125: [ParNew: 26802K->26802K(436928K), 0.0000131 secs] 1597624K->1597624K(2009792K), 0.0000344 secs] [Times: user=0.00 sys=0.00, real=0.00 secs] 
Heap after GC invocations=91 (full 23):
 par new generation   total 436928K, used 26802K [0x0000000080000000, 0x00000000a0000000, 0x00000000a0000000)
  eden space 349568K,   7% used [0x0000000080000000, 0x0000000081a2ca28, 0x0000000095560000)
  from space 87360K,   0% used [0x0000000095560000, 0x0000000095560000, 0x000000009aab0000)
  to   space 87360K,   0% used [0x000000009aab0000, 0x000000009aab0000, 0x00000000a0000000)
 concurrent mark-sweep generation total 1572864K, used 1570822K [0x00000000a0000000, 0x0000000100000000, 0x0000000100000000)
 Metaspace       used 29496K, capacity 30272K, committed 30408K, reserved 1075200K
  class space    used 3488K, capacity 3758K, committed 3784K, reserved 1048576K
}
2018-06-17T23:36:48.512+0545: 86.125: [Rescan (parallel) , 0.0318169 secs]2018-06-17T23:36:48.544+0545: 86.157: [weak refs processing, 0.0023093 secs]2018-06-17T23:36:48.547+0545: 86.160: [class unloading, 0.0041665 secs]2018-06-17T23:36:48.551+0545: 86.164: [scrub symbol table, 0.0044369 secs]2018-06-17T23:36:48.555+0545: 86.168: [scrub string table, 0.0004346 secs][1 CMS-remark: 1570822K(1572864K)] 1597624K(2009792K), 0.0434798 secs] [Times: user=0.12 sys=0.00, real=0.04 secs] 
2018-06-17T23:36:48.556+0545: 86.169: Total time for which application threads were stopped: 0.0435850 seconds, Stopping threads took: 0.0000160 seconds
2018-06-17T23:36:48.556+0545: 86.169: [CMS-concurrent-sweep-start]
2018-06-17T23:36:49.173+0545: 86.786: [CMS-concurrent-sweep: 0.617/0.617 secs] [Times: user=0.62 sys=0.00, real=0.62 secs] 
2018-06-17T23:36:49.173+0545: 86.786: [CMS-concurrent-reset-start]
2018-06-17T23:36:49.175+0545: 86.788: [CMS-concurrent-reset: 0.002/0.002 secs] [Times: user=0.00 sys=0.00, real=0.00 secs] 
2018-06-17T23:36:51.174+0545: 88.787: [GC (CMS Initial Mark) [1 CMS-initial-mark: 1570822K(1572864K)] 1597624K(2009792K), 0.0469086 secs] [Times: user=0.05 sys=0.00, real=0.05 secs] 
2018-06-17T23:36:51.221+0545: 88.834: Total time for which application threads were stopped: 0.0471426 seconds, Stopping threads took: 0.0000385 seconds
2018-06-17T23:36:51.221+0545: 88.834: [CMS-concurrent-mark-start]
2018-06-17T23:36:52.671+0545: 90.284: [CMS-concurrent-mark: 1.450/1.450 secs] [Times: user=5.46 sys=0.00, real=1.45 secs] 
2018-06-17T23:36:52.671+0545: 90.284: [CMS-concurrent-preclean-start]
2018-06-17T23:36:52.673+0545: 90.286: [CMS-concurrent-preclean: 0.002/0.002 secs] [Times: user=0.00 sys=0.00, real=0.00 secs] 
2018-06-17T23:36:52.673+0545: 90.286: [CMS-concurrent-abortable-preclean-start]
2018-06-17T23:36:52.673+0545: 90.286: [CMS-concurrent-abortable-preclean: 0.000/0.000 secs] [Times: user=0.00 sys=0.00, real=0.00 secs] 
2018-06-17T23:36:52.673+0545: 90.286: [GC (CMS Final Remark) [YG occupancy: 26802 K (436928 K)]{Heap before GC invocations=91 (full 24):
 par new generation   total 436928K, used 26802K [0x0000000080000000, 0x00000000a0000000, 0x00000000a0000000)
  eden space 349568K,   7% used [0x0000000080000000, 0x0000000081a2ca28, 0x0000000095560000)
  from space 87360K,   0% used [0x0000000095560000, 0x0000000095560000, 0x000000009aab0000)
  to   space 87360K,   0% used [0x000000009aab0000, 0x000000009aab0000, 0x00000000a0000000)
 concurrent mark-sweep generation total 1572864K, used 1570822K [0x00000000a0000000, 0x0000000100000000, 0x0000000100000000)
 Metaspace       used 29497K, capacity 30272K, committed 30408K, reserved 1075200K
  class space    used 3488K, capacity 3758K, committed 3784K, reserved 1048576K
2018-06-17T23:36:52.673+0545: 90.287: [GC (CMS Final Remark) 2018-06-17T23:36:52.673+0545: 90.287: [ParNew: 26802K->26802K(436928K), 0.0000123 secs] 1597624K->1597624K(2009792K), 0.0000331 secs] [Times: user=0.00 sys=0.00, real=0.00 secs] 
Heap after GC invocations=92 (full 24):
 par new generation   total 436928K, used 26802K [0x0000000080000000, 0x00000000a0000000, 0x00000000a0000000)
  eden space 349568K,   7% used [0x0000000080000000, 0x0000000081a2ca28, 0x0000000095560000)
  from space 87360K,   0% used [0x0000000095560000, 0x0000000095560000, 0x000000009aab0000)
  to   space 87360K,   0% used [0x000000009aab0000, 0x000000009aab0000, 0x00000000a0000000)
 concurrent mark-sweep generation total 1572864K, used 1570822K [0x00000000a0000000, 0x0000000100000000, 0x0000000100000000)
 Metaspace       used 29497K, capacity 30272K, committed 30408K, reserved 1075200K
  class space    used 3488K, capacity 3758K, committed 3784K, reserved 1048576K
}
2018-06-17T23:36:52.673+0545: 90.287: [Rescan (parallel) , 0.0256119 secs]2018-06-17T23:36:52.699+0545: 90.312: [weak refs processing, 0.0031776 secs]2018-06-17T23:36:52.702+0545: 90.315: [class unloading, 0.0034815 secs]2018-06-17T23:36:52.706+0545: 90.319: [scrub symbol table, 0.0039223 secs]2018-06-17T23:36:52.710+0545: 90.323: [scrub string table, 0.0004356 secs][1 CMS-remark: 1570822K(1572864K)] 1597624K(2009792K), 0.0369237 secs] [Times: user=0.10 sys=0.00, real=0.04 secs] 
2018-06-17T23:36:52.710+0545: 90.323: Total time for which application threads were stopped: 0.0370221 seconds, Stopping threads took: 0.0000145 seconds
2018-06-17T23:36:52.710+0545: 90.324: [CMS-concurrent-sweep-start]
2018-06-17T23:36:53.326+0545: 90.939: [CMS-concurrent-sweep: 0.616/0.616 secs] [Times: user=0.62 sys=0.00, real=0.61 secs] 
2018-06-17T23:36:53.326+0545: 90.939: [CMS-concurrent-reset-start]
2018-06-17T23:36:53.328+0545: 90.941: [CMS-concurrent-reset: 0.002/0.002 secs] [Times: user=0.00 sys=0.00, real=0.01 secs] 
2018-06-17T23:36:55.328+0545: 92.941: [GC (CMS Initial Mark) [1 CMS-initial-mark: 1570821K(1572864K)] 1597624K(2009792K), 0.0842957 secs] [Times: user=0.09 sys=0.00, real=0.09 secs] 
2018-06-17T23:36:55.412+0545: 93.025: Total time for which application threads were stopped: 0.0846028 seconds, Stopping threads took: 0.0000417 seconds
2018-06-17T23:36:55.412+0545: 93.025: [CMS-concurrent-mark-start]
2018-06-17T23:36:57.049+0545: 94.662: [CMS-concurrent-mark: 1.637/1.637 secs] [Times: user=5.49 sys=0.03, real=1.64 secs] 
2018-06-17T23:36:57.049+0545: 94.662: [CMS-concurrent-preclean-start]
2018-06-17T23:36:57.052+0545: 94.665: [CMS-concurrent-preclean: 0.003/0.003 secs] [Times: user=0.01 sys=0.00, real=0.00 secs] 
2018-06-17T23:36:57.052+0545: 94.665: [CMS-concurrent-abortable-preclean-start]
2018-06-17T23:36:57.052+0545: 94.665: [CMS-concurrent-abortable-preclean: 0.000/0.000 secs] [Times: user=0.00 sys=0.00, real=0.00 secs] 
2018-06-17T23:36:57.052+0545: 94.665: [GC (CMS Final Remark) [YG occupancy: 26802 K (436928 K)]{Heap before GC invocations=92 (full 25):
 par new generation   total 436928K, used 26802K [0x0000000080000000, 0x00000000a0000000, 0x00000000a0000000)
  eden space 349568K,   7% used [0x0000000080000000, 0x0000000081a2ca28, 0x0000000095560000)
  from space 87360K,   0% used [0x0000000095560000, 0x0000000095560000, 0x000000009aab0000)
  to   space 87360K,   0% used [0x000000009aab0000, 0x000000009aab0000, 0x00000000a0000000)
 concurrent mark-sweep generation total 1572864K, used 1570821K [0x00000000a0000000, 0x0000000100000000, 0x0000000100000000)
 Metaspace       used 29497K, capacity 30272K, committed 30408K, reserved 1075200K
  class space    used 3488K, capacity 3758K, committed 3784K, reserved 1048576K
2018-06-17T23:36:57.052+0545: 94.665: [GC (CMS Final Remark) 2018-06-17T23:36:57.052+0545: 94.665: [ParNew: 26802K->26802K(436928K), 0.0000238 secs] 1597624K->1597624K(2009792K), 0.0000588 secs] [Times: user=0.00 sys=0.00, real=0.00 secs] 
Heap after GC invocations=93 (full 25):
 par new generation   total 436928K, used 26802K [0x0000000080000000, 0x00000000a0000000, 0x00000000a0000000)
  eden space 349568K,   7% used [0x0000000080000000, 0x0000000081a2ca28, 0x0000000095560000)
  from space 87360K,   0% used [0x0000000095560000, 0x0000000095560000, 0x000000009aab0000)
  to   space 87360K,   0% used [0x000000009aab0000, 0x000000009aab0000, 0x00000000a0000000)
 concurrent mark-sweep generation total 1572864K, used 1570821K [0x00000000a0000000, 0x0000000100000000, 0x0000000100000000)
 Metaspace       used 29497K, capacity 30272K, committed 30408K, reserved 1075200K
  class space    used 3488K, capacity 3758K, committed 3784K, reserved 1048576K
}
2018-06-17T23:36:57.052+0545: 94.665: [Rescan (parallel) , 0.0246459 secs]2018-06-17T23:36:57.077+0545: 94.690: [weak refs processing, 0.0009722 secs]2018-06-17T23:36:57.078+0545: 94.691: [class unloading, 0.0034760 secs]2018-06-17T23:36:57.081+0545: 94.694: [scrub symbol table, 0.0034944 secs]2018-06-17T23:36:57.085+0545: 94.698: [scrub string table, 0.0004358 secs][1 CMS-remark: 1570821K(1572864K)] 1597624K(2009792K), 0.0333441 secs] [Times: user=0.10 sys=0.00, real=0.03 secs] 
2018-06-17T23:36:57.085+0545: 94.698: Total time for which application threads were stopped: 0.0334985 seconds, Stopping threads took: 0.0000244 seconds
2018-06-17T23:36:57.085+0545: 94.698: [CMS-concurrent-sweep-start]
2018-06-17T23:36:57.623+0545: 95.236: [CMS-concurrent-sweep: 0.538/0.538 secs] [Times: user=0.54 sys=0.00, real=0.54 secs] 
2018-06-17T23:36:57.623+0545: 95.236: [CMS-concurrent-reset-start]
2018-06-17T23:36:57.625+0545: 95.238: [CMS-concurrent-reset: 0.002/0.002 secs] [Times: user=0.00 sys=0.00, real=0.00 secs] 
2018-06-17T23:36:59.625+0545: 97.238: [GC (CMS Initial Mark) [1 CMS-initial-mark: 1570821K(1572864K)] 1597624K(2009792K), 0.0593970 secs] [Times: user=0.06 sys=0.00, real=0.06 secs] 
2018-06-17T23:36:59.684+0545: 97.297: Total time for which application threads were stopped: 0.0596479 seconds, Stopping threads took: 0.0000439 seconds
2018-06-17T23:36:59.684+0545: 97.297: [CMS-concurrent-mark-start]
2018-06-17T23:37:01.133+0545: 98.746: [CMS-concurrent-mark: 1.449/1.449 secs] [Times: user=4.97 sys=0.00, real=1.45 secs] 
2018-06-17T23:37:01.133+0545: 98.746: [CMS-concurrent-preclean-start]
2018-06-17T23:37:01.135+0545: 98.748: [CMS-concurrent-preclean: 0.002/0.002 secs] [Times: user=0.00 sys=0.00, real=0.00 secs] 
2018-06-17T23:37:01.135+0545: 98.748: [CMS-concurrent-abortable-preclean-start]
2018-06-17T23:37:01.135+0545: 98.748: [CMS-concurrent-abortable-preclean: 0.000/0.000 secs] [Times: user=0.00 sys=0.00, real=0.00 secs] 
2018-06-17T23:37:01.135+0545: 98.748: [GC (CMS Final Remark) [YG occupancy: 26802 K (436928 K)]{Heap before GC invocations=93 (full 26):
 par new generation   total 436928K, used 26802K [0x0000000080000000, 0x00000000a0000000, 0x00000000a0000000)
  eden space 349568K,   7% used [0x0000000080000000, 0x0000000081a2ca28, 0x0000000095560000)
  from space 87360K,   0% used [0x0000000095560000, 0x0000000095560000, 0x000000009aab0000)
  to   space 87360K,   0% used [0x000000009aab0000, 0x000000009aab0000, 0x00000000a0000000)
 concurrent mark-sweep generation total 1572864K, used 1570821K [0x00000000a0000000, 0x0000000100000000, 0x0000000100000000)
 Metaspace       used 29497K, capacity 30272K, committed 30408K, reserved 1075200K
  class space    used 3488K, capacity 3758K, committed 3784K, reserved 1048576K
2018-06-17T23:37:01.135+0545: 98.748: [GC (CMS Final Remark) 2018-06-17T23:37:01.135+0545: 98.748: [ParNew: 26802K->26802K(436928K), 0.0000122 secs] 1597624K->1597624K(2009792K), 0.0000323 secs] [Times: user=0.00 sys=0.00, real=0.00 secs] 
Heap after GC invocations=94 (full 26):
 par new generation   total 436928K, used 26802K [0x0000000080000000, 0x00000000a0000000, 0x00000000a0000000)
  eden space 349568K,   7% used [0x0000000080000000, 0x0000000081a2ca28, 0x0000000095560000)
  from space 87360K,   0% used [0x0000000095560000, 0x0000000095560000, 0x000000009aab0000)
  to   space 87360K,   0% used [0x000000009aab0000, 0x000000009aab0000, 0x00000000a0000000)
 concurrent mark-sweep generation total 1572864K, used 1570821K [0x00000000a0000000, 0x0000000100000000, 0x0000000100000000)
 Metaspace       used 29497K, capacity 30272K, committed 30408K, reserved 1075200K
  class space    used 3488K, capacity 3758K, committed 3784K, reserved 1048576K
}
2018-06-17T23:37:01.135+0545: 98.748: [Rescan (parallel) , 0.0236811 secs]2018-06-17T23:37:01.159+0545: 98.772: [weak refs processing, 0.0007598 secs]2018-06-17T23:37:01.160+0545: 98.773: [class unloading, 0.0036198 secs]2018-06-17T23:37:01.163+0545: 98.777: [scrub symbol table, 0.0035681 secs]2018-06-17T23:37:01.167+0545: 98.780: [scrub string table, 0.0004391 secs][1 CMS-remark: 1570821K(1572864K)] 1597624K(2009792K), 0.0323345 secs] [Times: user=0.10 sys=0.00, real=0.03 secs] 
2018-06-17T23:37:01.168+0545: 98.781: Total time for which application threads were stopped: 0.0324334 seconds, Stopping threads took: 0.0000154 seconds
2018-06-17T23:37:01.168+0545: 98.781: [CMS-concurrent-sweep-start]
2018-06-17T23:37:01.737+0545: 99.350: [CMS-concurrent-sweep: 0.570/0.570 secs] [Times: user=0.57 sys=0.01, real=0.57 secs] 
2018-06-17T23:37:01.737+0545: 99.351: [CMS-concurrent-reset-start]
2018-06-17T23:37:01.739+0545: 99.352: [CMS-concurrent-reset: 0.002/0.002 secs] [Times: user=0.00 sys=0.00, real=0.00 secs] 
2018-06-17T23:37:03.739+0545: 101.352: [GC (CMS Initial Mark) [1 CMS-initial-mark: 1570821K(1572864K)] 1597624K(2009792K), 0.0457384 secs] [Times: user=0.05 sys=0.00, real=0.05 secs] 
2018-06-17T23:37:03.784+0545: 101.398: Total time for which application threads were stopped: 0.0459708 seconds, Stopping threads took: 0.0000395 seconds
2018-06-17T23:37:03.784+0545: 101.398: [CMS-concurrent-mark-start]
2018-06-17T23:37:05.236+0545: 102.849: [CMS-concurrent-mark: 1.451/1.451 secs] [Times: user=5.33 sys=0.02, real=1.45 secs] 
2018-06-17T23:37:05.236+0545: 102.849: [CMS-concurrent-preclean-start]
2018-06-17T23:37:05.238+0545: 102.851: [CMS-concurrent-preclean: 0.002/0.002 secs] [Times: user=0.01 sys=0.00, real=0.00 secs] 
2018-06-17T23:37:05.238+0545: 102.851: [CMS-concurrent-abortable-preclean-start]
2018-06-17T23:37:05.238+0545: 102.851: [CMS-concurrent-abortable-preclean: 0.000/0.000 secs] [Times: user=0.00 sys=0.00, real=0.00 secs] 
2018-06-17T23:37:05.238+0545: 102.851: [GC (CMS Final Remark) [YG occupancy: 26802 K (436928 K)]{Heap before GC invocations=94 (full 27):
 par new generation   total 436928K, used 26802K [0x0000000080000000, 0x00000000a0000000, 0x00000000a0000000)
  eden space 349568K,   7% used [0x0000000080000000, 0x0000000081a2cba8, 0x0000000095560000)
  from space 87360K,   0% used [0x0000000095560000, 0x0000000095560000, 0x000000009aab0000)
  to   space 87360K,   0% used [0x000000009aab0000, 0x000000009aab0000, 0x00000000a0000000)
 concurrent mark-sweep generation total 1572864K, used 1570821K [0x00000000a0000000, 0x0000000100000000, 0x0000000100000000)
 Metaspace       used 29497K, capacity 30272K, committed 30408K, reserved 1075200K
  class space    used 3488K, capacity 3758K, committed 3784K, reserved 1048576K
2018-06-17T23:37:05.238+0545: 102.851: [GC (CMS Final Remark) 2018-06-17T23:37:05.238+0545: 102.851: [ParNew: 26802K->26802K(436928K), 0.0000130 secs] 1597624K->1597624K(2009792K), 0.0000360 secs] [Times: user=0.00 sys=0.00, real=0.00 secs] 
Heap after GC invocations=95 (full 27):
 par new generation   total 436928K, used 26802K [0x0000000080000000, 0x00000000a0000000, 0x00000000a0000000)
  eden space 349568K,   7% used [0x0000000080000000, 0x0000000081a2cba8, 0x0000000095560000)
  from space 87360K,   0% used [0x0000000095560000, 0x0000000095560000, 0x000000009aab0000)
  to   space 87360K,   0% used [0x000000009aab0000, 0x000000009aab0000, 0x00000000a0000000)
 concurrent mark-sweep generation total 1572864K, used 1570821K [0x00000000a0000000, 0x0000000100000000, 0x0000000100000000)
 Metaspace       used 29497K, capacity 30272K, committed 30408K, reserved 1075200K
  class space    used 3488K, capacity 3758K, committed 3784K, reserved 1048576K
}
2018-06-17T23:37:05.238+0545: 102.851: [Rescan (parallel) , 0.0242999 secs]2018-06-17T23:37:05.263+0545: 102.876: [weak refs processing, 0.0007715 secs]2018-06-17T23:37:05.263+0545: 102.877: [class unloading, 0.0035842 secs]2018-06-17T23:37:05.267+0545: 102.880: [scrub symbol table, 0.0032053 secs]2018-06-17T23:37:05.270+0545: 102.883: [scrub string table, 0.0004337 secs][1 CMS-remark: 1570821K(1572864K)] 1597624K(2009792K), 0.0326144 secs] [Times: user=0.10 sys=0.00, real=0.04 secs] 
2018-06-17T23:37:05.271+0545: 102.884: Total time for which application threads were stopped: 0.0327125 seconds, Stopping threads took: 0.0000156 seconds
2018-06-17T23:37:05.271+0545: 102.884: [CMS-concurrent-sweep-start]
2018-06-17T23:37:05.307+0545: 102.920: Total time for which application threads were stopped: 0.0001186 seconds, Stopping threads took: 0.0000230 seconds
2018-06-17T23:37:05.848+0545: 103.461: [CMS-concurrent-sweep: 0.577/0.577 secs] [Times: user=0.58 sys=0.00, real=0.57 secs] 
2018-06-17T23:37:05.848+0545: 103.461: [CMS-concurrent-reset-start]
2018-06-17T23:37:05.850+0545: 103.464: [CMS-concurrent-reset: 0.003/0.003 secs] [Times: user=0.00 sys=0.00, real=0.01 secs] 
2018-06-17T23:37:07.850+0545: 105.463: [GC (CMS Initial Mark) [1 CMS-initial-mark: 1570821K(1572864K)] 1601120K(2009792K), 0.0482714 secs] [Times: user=0.05 sys=0.00, real=0.04 secs] 
2018-06-17T23:37:07.898+0545: 105.511: Total time for which application threads were stopped: 0.0485399 seconds, Stopping threads took: 0.0000503 seconds
2018-06-17T23:37:07.898+0545: 105.511: [CMS-concurrent-mark-start]
2018-06-17T23:37:08.104+0545: 105.717: Total time for which application threads were stopped: 0.0008734 seconds, Stopping threads took: 0.0000173 seconds
2018-06-17T23:37:09.338+0545: 106.951: [CMS-concurrent-mark: 1.438/1.439 secs] [Times: user=5.18 sys=0.01, real=1.44 secs] 
2018-06-17T23:37:09.338+0545: 106.951: [CMS-concurrent-preclean-start]
2018-06-17T23:37:09.340+0545: 106.953: [CMS-concurrent-preclean: 0.002/0.002 secs] [Times: user=0.00 sys=0.00, real=0.00 secs] 
2018-06-17T23:37:09.340+0545: 106.953: [CMS-concurrent-abortable-preclean-start]
2018-06-17T23:37:09.340+0545: 106.953: [CMS-concurrent-abortable-preclean: 0.000/0.000 secs] [Times: user=0.00 sys=0.00, real=0.00 secs] 
2018-06-17T23:37:09.340+0545: 106.953: [GC (CMS Final Remark) [YG occupancy: 37289 K (436928 K)]{Heap before GC invocations=95 (full 28):
 par new generation   total 436928K, used 37289K [0x0000000080000000, 0x00000000a0000000, 0x00000000a0000000)
  eden space 349568K,  10% used [0x0000000080000000, 0x000000008246a7f8, 0x0000000095560000)
  from space 87360K,   0% used [0x0000000095560000, 0x0000000095560000, 0x000000009aab0000)
  to   space 87360K,   0% used [0x000000009aab0000, 0x000000009aab0000, 0x00000000a0000000)
 concurrent mark-sweep generation total 1572864K, used 1570821K [0x00000000a0000000, 0x0000000100000000, 0x0000000100000000)
 Metaspace       used 29497K, capacity 30272K, committed 30408K, reserved 1075200K
  class space    used 3488K, capacity 3758K, committed 3784K, reserved 1048576K
2018-06-17T23:37:09.340+0545: 106.953: [GC (CMS Final Remark) 2018-06-17T23:37:09.340+0545: 106.953: [ParNew: 37289K->37289K(436928K), 0.0000130 secs] 1608111K->1608111K(2009792K), 0.0000342 secs] [Times: user=0.00 sys=0.00, real=0.00 secs] 
Heap after GC invocations=96 (full 28):
 par new generation   total 436928K, used 37289K [0x0000000080000000, 0x00000000a0000000, 0x00000000a0000000)
  eden space 349568K,  10% used [0x0000000080000000, 0x000000008246a7f8, 0x0000000095560000)
  from space 87360K,   0% used [0x0000000095560000, 0x0000000095560000, 0x000000009aab0000)
  to   space 87360K,   0% used [0x000000009aab0000, 0x000000009aab0000, 0x00000000a0000000)
 concurrent mark-sweep generation total 1572864K, used 1570821K [0x00000000a0000000, 0x0000000100000000, 0x0000000100000000)
 Metaspace       used 29497K, capacity 30272K, committed 30408K, reserved 1075200K
  class space    used 3488K, capacity 3758K, committed 3784K, reserved 1048576K
}
2018-06-17T23:37:09.340+0545: 106.953: [Rescan (parallel) , 0.0272325 secs]2018-06-17T23:37:09.368+0545: 106.981: [weak refs processing, 0.0008771 secs]2018-06-17T23:37:09.368+0545: 106.981: [class unloading, 0.0034508 secs]2018-06-17T23:37:09.372+0545: 106.985: [scrub symbol table, 0.0033472 secs]2018-06-17T23:37:09.375+0545: 106.988: [scrub string table, 0.0005380 secs][1 CMS-remark: 1570821K(1572864K)] 1608111K(2009792K), 0.0357577 secs] [Times: user=0.11 sys=0.00, real=0.03 secs] 
2018-06-17T23:37:09.376+0545: 106.989: Total time for which application threads were stopped: 0.0358644 seconds, Stopping threads took: 0.0000152 seconds
2018-06-17T23:37:09.376+0545: 106.989: [CMS-concurrent-sweep-start]
2018-06-17T23:37:09.918+0545: 107.532: [CMS-concurrent-sweep: 0.542/0.542 secs] [Times: user=0.55 sys=0.00, real=0.54 secs] 
2018-06-17T23:37:09.919+0545: 107.532: [CMS-concurrent-reset-start]
2018-06-17T23:37:09.920+0545: 107.533: [CMS-concurrent-reset: 0.002/0.002 secs] [Times: user=0.00 sys=0.00, real=0.01 secs] 
2018-06-17T23:37:11.920+0545: 109.533: [GC (CMS Initial Mark) [1 CMS-initial-mark: 1570820K(1572864K)] 1608110K(2009792K), 0.0455497 secs] [Times: user=0.05 sys=0.00, real=0.05 secs] 
2018-06-17T23:37:11.965+0545: 109.578: Total time for which application threads were stopped: 0.0458373 seconds, Stopping threads took: 0.0000846 seconds
2018-06-17T23:37:11.965+0545: 109.579: [CMS-concurrent-mark-start]
2018-06-17T23:37:13.385+0545: 110.999: [CMS-concurrent-mark: 1.420/1.420 secs] [Times: user=5.20 sys=0.01, real=1.42 secs] 
2018-06-17T23:37:13.385+0545: 110.999: [CMS-concurrent-preclean-start]
2018-06-17T23:37:13.388+0545: 111.001: [CMS-concurrent-preclean: 0.002/0.002 secs] [Times: user=0.00 sys=0.00, real=0.00 secs] 
2018-06-17T23:37:13.388+0545: 111.001: [CMS-concurrent-abortable-preclean-start]
2018-06-17T23:37:13.388+0545: 111.001: [CMS-concurrent-abortable-preclean: 0.000/0.000 secs] [Times: user=0.00 sys=0.00, real=0.00 secs] 
2018-06-17T23:37:13.388+0545: 111.001: [GC (CMS Final Remark) [YG occupancy: 37289 K (436928 K)]{Heap before GC invocations=96 (full 29):
 par new generation   total 436928K, used 37289K [0x0000000080000000, 0x00000000a0000000, 0x00000000a0000000)
  eden space 349568K,  10% used [0x0000000080000000, 0x000000008246a7f8, 0x0000000095560000)
  from space 87360K,   0% used [0x0000000095560000, 0x0000000095560000, 0x000000009aab0000)
  to   space 87360K,   0% used [0x000000009aab0000, 0x000000009aab0000, 0x00000000a0000000)
 concurrent mark-sweep generation total 1572864K, used 1570820K [0x00000000a0000000, 0x0000000100000000, 0x0000000100000000)
 Metaspace       used 29497K, capacity 30272K, committed 30408K, reserved 1075200K
  class space    used 3488K, capacity 3758K, committed 3784K, reserved 1048576K
2018-06-17T23:37:13.388+0545: 111.001: [GC (CMS Final Remark) 2018-06-17T23:37:13.388+0545: 111.001: [ParNew: 37289K->37289K(436928K), 0.0000188 secs] 1608110K->1608110K(2009792K), 0.0000587 secs] [Times: user=0.00 sys=0.00, real=0.00 secs] 
Heap after GC invocations=97 (full 29):
 par new generation   total 436928K, used 37289K [0x0000000080000000, 0x00000000a0000000, 0x00000000a0000000)
  eden space 349568K,  10% used [0x0000000080000000, 0x000000008246a7f8, 0x0000000095560000)
  from space 87360K,   0% used [0x0000000095560000, 0x0000000095560000, 0x000000009aab0000)
  to   space 87360K,   0% used [0x000000009aab0000, 0x000000009aab0000, 0x00000000a0000000)
 concurrent mark-sweep generation total 1572864K, used 1570820K [0x00000000a0000000, 0x0000000100000000, 0x0000000100000000)
 Metaspace       used 29497K, capacity 30272K, committed 30408K, reserved 1075200K
  class space    used 3488K, capacity 3758K, committed 3784K, reserved 1048576K
}
2018-06-17T23:37:13.388+0545: 111.001: [Rescan (parallel) , 0.0281974 secs]2018-06-17T23:37:13.416+0545: 111.029: [weak refs processing, 0.0030117 secs]2018-06-17T23:37:13.419+0545: 111.032: [class unloading, 0.0036436 secs]2018-06-17T23:37:13.423+0545: 111.036: [scrub symbol table, 0.0044798 secs]2018-06-17T23:37:13.428+0545: 111.041: [scrub string table, 0.0004441 secs][1 CMS-remark: 1570820K(1572864K)] 1608110K(2009792K), 0.0401004 secs] [Times: user=0.10 sys=0.00, real=0.04 secs] 
2018-06-17T23:37:13.428+0545: 111.041: Total time for which application threads were stopped: 0.0402148 seconds, Stopping threads took: 0.0000170 seconds
2018-06-17T23:37:13.428+0545: 111.041: [CMS-concurrent-sweep-start]
2018-06-17T23:37:14.017+0545: 111.630: [CMS-concurrent-sweep: 0.589/0.589 secs] [Times: user=0.58 sys=0.00, real=0.58 secs] 
2018-06-17T23:37:14.017+0545: 111.630: [CMS-concurrent-reset-start]
2018-06-17T23:37:14.019+0545: 111.632: [CMS-concurrent-reset: 0.002/0.002 secs] [Times: user=0.00 sys=0.00, real=0.00 secs] 
2018-06-17T23:37:16.018+0545: 113.631: [GC (CMS Initial Mark) [1 CMS-initial-mark: 1570820K(1572864K)] 1608110K(2009792K), 0.0459729 secs] [Times: user=0.05 sys=0.00, real=0.05 secs] 
2018-06-17T23:37:16.064+0545: 113.677: Total time for which application threads were stopped: 0.0462075 seconds, Stopping threads took: 0.0000408 seconds
2018-06-17T23:37:16.064+0545: 113.677: [CMS-concurrent-mark-start]
2018-06-17T23:37:16.494+0545: 114.107: Total time for which application threads were stopped: 0.0001050 seconds, Stopping threads took: 0.0000329 seconds
2018-06-17T23:37:16.494+0545: 114.107: Total time for which application threads were stopped: 0.0000589 seconds, Stopping threads took: 0.0000165 seconds
2018-06-17T23:37:16.494+0545: 114.107: Total time for which application threads were stopped: 0.0000416 seconds, Stopping threads took: 0.0000154 seconds
2018-06-17T23:37:16.496+0545: 114.109: Total time for which application threads were stopped: 0.0001164 seconds, Stopping threads took: 0.0000342 seconds
2018-06-17T23:37:16.496+0545: 114.109: Total time for which application threads were stopped: 0.0000953 seconds, Stopping threads took: 0.0000377 seconds
Heap
 par new generation   total 436928K, used 88502K [0x0000000080000000, 0x00000000a0000000, 0x00000000a0000000)
  eden space 349568K,  25% used [0x0000000080000000, 0x000000008566d900, 0x0000000095560000)
  from space 87360K,   0% used [0x0000000095560000, 0x0000000095560000, 0x000000009aab0000)
  to   space 87360K,   0% used [0x000000009aab0000, 0x000000009aab0000, 0x00000000a0000000)
 concurrent mark-sweep generation total 1572864K, used 1570820K [0x00000000a0000000, 0x0000000100000000, 0x0000000100000000)
 Metaspace       used 29544K, capacity 30402K, committed 30664K, reserved 1077248K
  class space    used 3497K, capacity 3759K, committed 3784K, reserved 1048576K
